有向预计算：走向已定 94079/209442 (44.9%) | 无向判定率 46.1% -> 59.0% (48316 -> 61799 / 104721 边)
有向预计算：走向已定 94687/209442 (45.2%) | 无向判定率 59.0% -> 59.3% (61799 -> 62068 / 104721 边)
有向预计算：走向已定 94687/209442 (45.2%) | 无向判定率 59.3% -> 59.3% (62068 -> 62073 / 104721 边)
有向预计算：走向已定 94687/209442 (45.2%) | 无向判定率 59.3% -> 59.3% (62073 -> 62073 / 104721 边)
全局阶段：固定 62073 条边，起点候选 114 / 73470 (0.2%)
adaptive PROPDEPTH=999999 (fixed 62073 / 104721 edges; 第一层存活率>=SURVDEEP%再升深层)
shard 0: swarm 模式（114 个候选全员上，随机顺序）
shard 1: swarm 模式（114 个候选全员上，随机顺序）
shard 2: swarm 模式（114 个候选全员上，随机顺序）
shard 3: swarm 模式（114 个候选全员上，随机顺序）
shard 8: swarm 模式（114 个候选全员上，随机顺序）
shard 4: swarm 模式（114 个候选全员上，随机顺序）
shard 5: swarm 模式（114 个候选全员上，随机顺序）
shard 6: swarm 模式（114 个候选全员上，随机顺序）
shard 7: swarm 模式（114 个候选全员上，随机顺序）
shard 9: swarm 模式（114 个候选全员上，随机顺序）
shard 10: swarm 模式（114 个候选全员上，随机顺序）
shard 11: swarm 模式（114 个候选全员上，随机顺序）
shard 12: swarm 模式（114 个候选全员上，随机顺序）
shard 13: swarm 模式（114 个候选全员上，随机顺序）
shard 14: swarm 模式（114 个候选全员上，随机顺序）
shard 15: swarm 模式（114 个候选全员上，随机顺序）
shard 16: swarm 模式（114 个候选全员上，随机顺序）
shard 17: swarm 模式（114 个候选全员上，随机顺序）
shard 18: swarm 模式（114 个候选全员上，随机顺序）
shard 19: swarm 模式（114 个候选全员上，随机顺序）
FRANK shard4: F降序
shard 4: 第一层存活 9/6 = 150%%, 第二层 开
FRANK shard16: F降序
shard 16: 第一层存活 9/5 = 180%%, 第二层 开
FRANK shard1: F降序
shard 1: 第一层存活 9/6 = 150%%, 第二层 开
FRANK shard11: F降序
shard 11: 第一层存活 9/6 = 150%%, 第二层 开
FRANK shard14: F降序
shard 14: 第一层存活 9/5 = 180%%, 第二层 开
FRANK shard7: F降序
shard 7: 第一层存活 9/6 = 150%%, 第二层 开
FRANK shard10: F降序
shard 10: 第一层存活 9/6 = 150%%, 第二层 开
FRANK shard8: F降序
shard 8: 第一层存活 9/6 = 150%%, 第二层 开
FRANK shard15: F降序
shard 15: 第一层存活 9/5 = 180%%, 第二层 开
FRANK shard13: F降序
shard 13: 第一层存活 9/6 = 150%%, 第二层 开
FRANK shard12: F降序
shard 12: 第一层存活 9/6 = 150%%, 第二层 开
FRANK shard0: F降序
shard 0: 第一层存活 9/6 = 150%%, 第二层 开
FRANK shard19: F降序
shard 19: 第一层存活 9/5 = 180%%, 第二层 开
FRANK shard5: F降序
shard 5: 第一层存活 9/6 = 150%%, 第二层 开
FRANK shard17: F降序
shard 17: 第一层存活 9/5 = 180%%, 第二层 开
FRANK shard6: F降序
shard 6: 第一层存活 9/6 = 150%%, 第二层 开
FRANK shard3: F降序
shard 3: 第一层存活 9/6 = 150%%, 第二层 开
FRANK shard2: F降序
shard 2: 第一层存活 9/6 = 150%%, 第二层 开
FRANK shard9: F降序
shard 9: 第一层存活 9/6 = 150%%, 第二层 开
FRANK shard18: F降序
shard 18: 第一层存活 9/5 = 180%%, 第二层 开
probe[t=35s]: 105/114 起点被证伪，剩 9
DYN shard4: 14757 calls, 2916 refuted (20%)
probe[t=35s]: 105/114 起点被证伪，剩 9
DYN shard5: 13747 calls, 4856 refuted (35%)
probe[t=36s]: 105/114 起点被证伪，剩 9
DYN shard7: 15301 calls, 3011 refuted (20%)
probe[t=37s]: 105/114 起点被证伪，剩 9
DYN shard15: 13723 calls, 3713 refuted (27%)
probe[t=38s]: 105/114 起点被证伪，剩 9
DYN shard11: 14923 calls, 5518 refuted (37%)
probe[t=39s]: 105/114 起点被证伪，剩 9
DYN shard1: 14859 calls, 2809 refuted (19%)
probe[t=39s]: 105/114 起点被证伪，剩 9
DYN shard2: 14459 calls, 5060 refuted (35%)
probe[t=40s]: 105/114 起点被证伪，剩 9
DYN shard14: 14737 calls, 5641 refuted (38%)
probe[t=40s]: 105/114 起点被证伪，剩 9
DYN shard8: 14211 calls, 5391 refuted (38%)
probe[t=41s]: 105/114 起点被证伪，剩 9
DYN shard16: 15317 calls, 3286 refuted (21%)
probe[t=42s]: 105/114 起点被证伪，剩 9
DYN shard12: 15815 calls, 4478 refuted (28%)
probe[t=43s]: 105/114 起点被证伪，剩 9
DYN shard17: 14341 calls, 5363 refuted (37%)
probe[t=48s]: 105/114 起点被证伪，剩 9
DYN shard6: 15505 calls, 4245 refuted (27%)
probe[t=50s]: 105/114 起点被证伪，剩 9
DYN shard0: 16345 calls, 4666 refuted (29%)
probe[t=52s]: 105/114 起点被证伪，剩 9
DYN shard19: 15137 calls, 3001 refuted (20%)
probe[t=62s]: 105/114 起点被证伪，剩 9
DYN shard3: 15387 calls, 4109 refuted (27%)
probe[t=62s]: 105/114 起点被证伪，剩 9
DYN shard10: 15539 calls, 3156 refuted (20%)
probe[t=63s]: 105/114 起点被证伪，剩 9
DYN shard13: 15047 calls, 3102 refuted (21%)
STATS {"solved":1,"shard":2,"wall_s":67,"nodes_total":871276,"nodes_win":564260,"dth_liveend":0,"dth_estate":115575,"dth_reach":49023,"dth_dyn":17592,"dth_flow":0,"dth_geom":4746,"maxrss_kb":45880,"start_x":187,"start_y":184}
WINNER shard 2 tier 2 nodes 564260
