有向预计算：走向已定 89079/210730 (42.3%) | 无向判定率 46.4% -> 58.5% (48879 -> 61686 / 105365 边)
有向预计算：走向已定 89264/210730 (42.4%) | 无向判定率 58.5% -> 58.7% (61686 -> 61852 / 105365 边)
有向预计算：走向已定 89264/210730 (42.4%) | 无向判定率 58.7% -> 58.7% (61852 -> 61855 / 105365 边)
有向预计算：走向已定 89264/210730 (42.4%) | 无向判定率 58.7% -> 58.7% (61855 -> 61855 / 105365 边)
全局阶段：固定 61855 条边，起点候选 165 / 74082 (0.2%)
adaptive PROPDEPTH=999999 (fixed 61855 / 105365 edges; 第一层存活率>=SURVDEEP%再升深层)
FRANK shard3: F降序
shard 3: 第一层存活 0/9 = 0%%, 第二层 跳过
probe[t=0s]: 165/165 起点被证伪，剩 0
no solution found
STATS {"solved":0,"shard":3,"wall_s":0,"nodes_total":0,"nodes_win":-1,"dth_liveend":0,"dth_estate":0,"dth_reach":0,"dth_dyn":0,"dth_flow":0,"dth_geom":0,"maxrss_kb":17980,"start_x":-1,"start_y":-1}
FRANK shard9: F降序
shard 9: 第一层存活 0/8 = 0%%, 第二层 跳过
probe[t=0s]: 165/165 起点被证伪，剩 0
no solution found
STATS {"solved":0,"shard":9,"wall_s":0,"nodes_total":0,"nodes_win":-1,"dth_liveend":0,"dth_estate":0,"dth_reach":0,"dth_dyn":0,"dth_flow":0,"dth_geom":0,"maxrss_kb":19100,"start_x":-1,"start_y":-1}
FRANK shard4: F降序
shard 4: 第一层存活 0/9 = 0%%, 第二层 跳过
probe[t=0s]: 165/165 起点被证伪，剩 0
no solution found
STATS {"solved":0,"shard":4,"wall_s":0,"nodes_total":0,"nodes_win":-1,"dth_liveend":0,"dth_estate":0,"dth_reach":0,"dth_dyn":0,"dth_flow":0,"dth_geom":0,"maxrss_kb":18648,"start_x":-1,"start_y":-1}
FRANK shard15: F降序
shard 15: 第一层存活 0/8 = 0%%, 第二层 跳过
probe[t=0s]: 165/165 起点被证伪，剩 0
FRANK shard16: F降序
shard 16: 第一层存活 0/8 = 0%%, 第二层 跳过
no solution found
STATS {"solved":0,"shard":15,"wall_s":0,"nodes_total":0,"nodes_win":-1,"dth_liveend":0,"dth_estate":0,"dth_reach":0,"dth_dyn":0,probe[t=0s]: 165/165 起点被证伪，剩 0
no solution found
"dth_flow":0,"dth_geom":0,"maxrss_kb":18872,"start_x":-1,"start_y":-1}
FRANK shard14: F降序
shard 14: 第一层存活 0/8 = 0%%, 第二层 跳过
STATS {"solved":0,"shard":16,"wall_s":0,"nodes_total":0,"nodes_win":-1,"dth_liveend":0,"dth_estate":0,"dth_reach":0,"dth_dyn":0,"dth_flow":0,"dth_geom":0,"maxrss_kb":19100,"start_x":-1,"start_y":-1}
probe[t=0s]: 165/165 起点被证伪，剩 0
no solution found
STATS {"solved":0,"shard":14,"wall_s":0,"nodes_total":0,"nodes_win":-1,"dth_liveend":0,"dth_estate":0,"dth_reach":0,"dth_dyn":0,"dth_flow":0,"dth_geom":0,"maxrss_kb":19100,"start_x":-1,"start_y":-1}
FRANK shard19: F降序
shard 19: 第一层存活 0/8 = 0%%, 第二层 跳过
probe[t=0s]: 165/165 起点被证伪，剩 0
no solution found
STATS {"solved":0,"shard":19,"wall_s":0,"nodes_total":190,"nodes_win":-1,"dth_liveend":0,"dth_estate":33,"dth_reach":19,"dth_dyn":2,"dth_flow":0,"dth_geom":5,"maxrss_kb":25860,"start_x":-1,"start_y":-1}
FRANK shard17: F降序
shard 17: 第一层存活 0/8 = 0%%, 第二层 跳过
probe[t=0s]: 165/165 起点被证伪，剩 0
no solution found
STATS {"solved":0,"shard":17,"wall_s":0,"nodes_total":0,"nodes_win":-1,"dth_liveend":0,"dth_estate":0,"dth_reach":0,"dth_dyn":0,"dth_flow":0,"dth_geom":0,"maxrss_kb":18872,"start_x":-1,"start_y":-1}
FRANK shard18: F降序
shard 18: 第一层存活 0/8 = 0%%, 第二层 跳过
probe[t=0s]: 165/165 起点被证伪，剩 0
no solution found
STATS {"solved":0,"shard":18,"wall_s":0,"nodes_total":5,"nodes_win":-1,"dth_liveend":0,"dth_estate":3,"dth_reach":1,"dth_dyn":0,"dth_flow":0,"dth_geom":1,"maxrss_kb":20004,"start_x":-1,"start_y":-1}
FRANK shard13: F降序
shard 13: 第一层存活 0/8 = 0%%, 第二层 跳过
probe[t=0s]: 165/165 起点被证伪，剩 0
no solution found
STATS {"solved":0,"shard":13,"wall_s":0,"nodes_total":0,"nodes_win":-1,"dth_liveend":0,"dth_estate":0,"dth_reach":0,"dth_dyn":0,"dth_flow":0,"dth_geom":0,"maxrss_kb":18872,"start_x":-1,"start_y":-1}
FRANK shard12: F降序
shard 12: 第一层存活 0/8 = 0%%, 第二层 跳过
FRANK shard0: F降序
shard 0: 第一层存活 0/9 = 0%%, 第二层 跳过
probe[t=0s]: 165/165 起点被证伪，剩 0
no solution found
probe[t=0s]: 165/165 起点被证伪，剩 0
FRANK shard7: F降序
shard 7: 第一层存活 0/8 = 0%%, 第二层 跳过
STATS {"solved":0,"shard":12,"wall_s":0,"nodes_total":0,"nodes_win":-1,"dth_liveend":0,"dth_estate":0,"dth_reach":0,"dth_dyn":0,"dth_flow":0,"dth_geom":0,"maxrss_kb":19100,"start_x":-1,"start_y":-1}
no solution found
STATS {"solved":0,"shard":0,"wall_s":0,"nodes_total":248,"nodes_win":-1,"dth_liveend":0,"dth_estate":43,"dth_reach":26,"dth_dyn"probe[t=0s]: 165/165 起点被证伪，剩 0
no solution found
:5,"dth_flow":0,"dth_geom":7,"maxrss_kb":25412,"start_x":-1,"start_y":-1}
STATS {"solved":0,"shard":7,"wall_s":0,"nodes_total":0,"nodes_win":-1,"dth_liveend":0,"dth_estate":0,"dth_reach":0,"dth_dyn":0,"dth_flow":0,"dth_geom":0,"maxrss_kb":19100,"start_x":-1,"start_y":-1}
FRANK shard6: F降序
shard 6: 第一层存活 0/8 = 0%%, 第二层 跳过
probe[t=0s]: 165/165 起点被证伪，剩 0
no solution found
STATS {"solved":0,"shard":6,"wall_s":0,"nodes_total":0,"nodes_win":-1,"dth_liveend":0,"dth_estate":0,"dth_reach":0,"dth_dyn":0,"dth_flow":0,"dth_geom":0,"maxrss_kb":18872,"start_x":-1,"start_y":-1}
FRANK shard11: F降序
shard 11: 第一层存活 0/8 = 0%%, 第二层 跳过
probe[t=0s]: 165/165 起点被证伪，剩 0
no solution found
STATS {"solved":0,"shard":11,"wall_s":0,"nodes_total":161,"nodes_win":-1,"dth_liveend":0,"dth_estate":32,"dth_reach":16,"dth_dyn":5,"dth_flow":0,"dth_geom":4,"maxrss_kb":25604,"start_x":-1,"start_y":-1}
FRANK shard2: F降序
shard 2: 第一层存活 1/9 = 11%%, 第二层 跳过
probe[t=0s]: 164/165 起点被证伪，剩 1
DYN shard2: 85 calls, 34 refuted (40%)
FRANK shard5: F降序
shard 5: 第一层存活 1/8 = 12%%, 第二层 跳过
probe[t=0s]: 164/165 起点被证伪，剩 1
DYN shard5: 94 calls, 37 refuted (39%)
FRANK shard1: F降序
shard 1: 第一层存活 1/9 = 11%%, 第二层 跳过
probe[t=0s]: 164/165 起点被证伪，剩 1
DYN shard1: 94 calls, 23 refuted (24%)
FRANK shard8: F降序
shard 8: 第一层存活 1/8 = 12%%, 第二层 跳过
probe[t=0s]: 164/165 起点被证伪，剩 1
DYN shard8: 82 calls, 34 refuted (41%)
FRANK shard10: F降序
shard 10: 第一层存活 1/8 = 12%%, 第二层 跳过
probe[t=1s]: 164/165 起点被证伪，剩 1
DYN shard10: 95 calls, 23 refuted (24%)
no solution found
STATS {"solved":0,"shard":5,"wall_s":2,"nodes_total":12786,"nodes_win":-1,"dth_liveend":0,"dth_estate":1744,"dth_reach":655,"dth_dyn":290,"dth_flow":0,"dth_geom":57,"maxrss_kb":27868,"start_x":-1,"start_y":-1}
no solution found
STATS {"solved":0,"shard":8,"wall_s":2,"nodes_total":12787,"nodes_win":-1,"dth_liveend":0,"dth_estate":1737,"dth_reach":632,"dth_dyn":288,"dth_flow":0,"dth_geom":50,"maxrss_kb":27868,"start_x":-1,"start_y":-1}
no solution found
STATS {"solved":0,"shard":1,"wall_s":4,"nodes_total":16217,"nodes_win":-1,"dth_liveend":0,"dth_estate":2358,"dth_reach":972,"dth_dyn":260,"dth_flow":0,"dth_geom":139,"maxrss_kb":28100,"start_x":-1,"start_y":-1}
no solution found
STATS {"solved":0,"shard":2,"wall_s":4,"nodes_total":25908,"nodes_win":-1,"dth_liveend":0,"dth_estate":3501,"dth_reach":1336,"dth_dyn":596,"dth_flow":0,"dth_geom":111,"maxrss_kb":28324,"start_x":-1,"start_y":-1}
STATS {"solved":1,"shard":10,"wall_s":7,"nodes_total":98423,"nodes_win":96422,"dth_liveend":0,"dth_estate":12838,"dth_reach":5203,"dth_dyn":1267,"dth_flow":0,"dth_geom":595,"maxrss_kb":41732,"start_x":90,"start_y":34}
