有向预计算：走向已定 72067/169018 (42.6%) | 无向判定率 46.1% -> 58.6% (38971 -> 49497 / 84509 边)
有向预计算：走向已定 72424/169018 (42.8%) | 无向判定率 58.6% -> 58.8% (49497 -> 49671 / 84509 边)
有向预计算：走向已定 72424/169018 (42.8%) | 无向判定率 58.8% -> 58.8% (49671 -> 49679 / 84509 边)
有向预计算：走向已定 72424/169018 (42.8%) | 无向判定率 58.8% -> 58.8% (49679 -> 49679 / 84509 边)
全局阶段：固定 49679 条边，起点候选 151 / 59416 (0.3%)
adaptive PROPDEPTH=999999 (fixed 49679 / 84509 edges; 第一层存活率>=SURVDEEP%再升深层)
STARTORD: F 升序就位（66 起点，证伪剔除 0）
T1 sh0 cell=(104,231) PROBE0 nodes=4
T1 sh1 cell=(109,232) PROBE0 nodes=3
T1 sh3 cell=(114,235) PROBE0 nodes=3
T1 sh6 cell=(115,240) PROBE0 nodes=7
T1 sh3 cell=(105,252) PROPKILL
T1 sh4 cell=(111,238) PROBE0 nodes=395
T1 sh3 cell=(109,234) PROBE0 nodes=22
T1 sh4 cell=(125,259) PROBE0 nodes=4
T1 sh4 cell=(104,235) PROBE0 nodes=24
T1 sh2 cell=(111,234) PROBE0 nodes=409
T1 sh2 cell=(105,250) PROBE0 nodes=25
T1 sh2 cell=(103,234) PROBE0 nodes=2
T1 sh6 cell=(105,232) PROBE0 nodes=551
T1 sh2 cell=(114,237) PROBE0 nodes=6
T1 sh1 cell=(108,233) PROBE0 nodes=403
T1 sh2 cell=(111,240) PROBE0 nodes=5
T1 sh1 cell=(110,237) PROBE0 nodes=6
T1 sh1 cell=(105,240) PROBE0 nodes=2
T1 sh5 cell=(103,232) PROBE0 nodes=3
T1 sh4 cell=(108,245) PROBE0 nodes=6
T1 sh5 cell=(106,235) PROBE0 nodes=407
T1 sh0 cell=(107,232) PROBE0 nodes=548
T1 sh0 cell=(113,236) PROBE0 nodes=6
T1 sh4 cell=(106,241) PROBE0 nodes=11
FRANK shard4: F降序
shard 4: 第一层存活 4/9 = 44%%, 第二层 开
T1 sh1 cell=(104,233) PROBE0 nodes=1201
T1 sh0 cell=(114,239) PROBE0 nodes=558
T1 sh6 cell=(112,239) PROBE0 nodes=560
FRANK shard1: F降序
shard 1: 第一层存活 5/10 = 50%%, 第二层 开
T1 sh5 cell=(107,242) PROBE0 nodes=7
T1 sh6 cell=(106,243) PROBE0 nodes=5
T1 sh5 cell=(99,246) PROPKILL
T1 sh6 cell=(101,246) PROBE0 nodes=41
T1 sh5 cell=(102,249) PROBE0 nodes=15
T1 sh5 cell=(108,235) PROBE0 nodes=5
T1 sh3 cell=(100,245) PROBE0 nodes=2
T1 sh2 cell=(106,233) PROBE0 nodes=794
T1 sh2 cell=(113,238) PROBE0 nodes=7
FRANK shard5: F降序
shard 5: 第一层存活 3/9 = 33%%, 第二层 开
T1 sh3 cell=(105,234) PROBE0 nodes=573
T1 sh6 cell=(112,235) PROBE0 nodes=587
T1 sh6 cell=(105,242) PROBE0 nodes=6
FRANK shard6: F降序
shard 6: 第一层存活 2/9 = 22%%, 第二层 跳过
probe[t=1s]: 64/66 起点被证伪，剩 2
DYN shard6: 408 calls, 107 refuted (26%)
FRANK shard2: F降序
shard 2: 第一层存活 3/10 = 30%%, 第二层 跳过
probe[t=1s]: 63/66 起点被证伪，剩 3
DYN shard2: 433 calls, 150 refuted (35%)
FRANK shard3: F降序
shard 3: 第一层存活 4/9 = 44%%, 第二层 开
T1 sh0 cell=(109,242) PROBE0 nodes=16
FRANK shard0: F降序
shard 0: 第一层存活 5/10 = 50%%, 第二层 开
probe[t=6s]: 63/66 起点被证伪，剩 3
DYN shard5: 5119 calls, 2065 refuted (40%)
probe[t=7s]: 62/66 起点被证伪，剩 4
DYN shard4: 7237 calls, 1949 refuted (27%)
probe[t=11s]: 61/66 起点被证伪，剩 5
DYN shard1: 9074 calls, 2411 refuted (27%)
probe[t=22s]: 62/66 起点被证伪，剩 4
DYN shard3: 7088 calls, 1603 refuted (23%)
probe[t=26s]: 61/66 起点被证伪，剩 5
DYN shard0: 8815 calls, 1988 refuted (23%)
T3[t=599s] shard2 r0 #0 cell=(107,244) sc=55745 nodes=10551697 r=0
T3[t=601s] shard2 r0 #1 cell=(102,247) sc=55786 nodes=20293 r=0
T3[t=618s] shard5 r0 #0 cell=(110,239) sc=56069 nodes=10584464 r=0
T3[t=632s] shard4 r0 #0 cell=(105,248) sc=56138 nodes=12384073 r=0
T3[t=634s] shard1 r0 #0 cell=(110,243) sc=56439 nodes=12384073 r=0
T3[t=918s] shard2 r0 #2 cell=(103,248) sc=56054 nodes=5300007 r=0
sweep shard2 round0 done (budget 16000000)
sweep shard2 round1 done (budget 16000000)
sweep shard2 round2 done (budget 32000000)
sweep shard2 round3 done (budget 16000000)
sweep shard2 round4 done (budget 16000000)
sweep shard2 round5 done (budget 32000000)
sweep shard2 round6 done (budget 64000000)
sweep shard2 round7 done (budget 16000000)
sweep shard2 round8 done (budget 16000000)
sweep shard2 round9 done (budget 32000000)
sweep shard2 round10 done (budget 16000000)
sweep shard2 round11 done (budget 4611686018427387904)
no solution found
STATS {"solved":0,"shard":2,"wall_s":918,"nodes_total":15879248,"nodes_win":-1,"dth_liveend":0,"dth_estate":2162718,"dth_reach":967304,"dth_dyn":358966,"dth_flow":0,"dth_geom":109441,"maxrss_kb":34692,"start_x":-1,"start_y":-1}
