有向预计算：走向已定 86012/197500 (43.6%) | 无向判定率 46.4% -> 59.1% (45773 -> 58324 / 98750 边)
有向预计算：走向已定 86544/197500 (43.8%) | 无向判定率 59.1% -> 59.3% (58324 -> 58536 / 98750 边)
有向预计算：走向已定 86551/197500 (43.8%) | 无向判定率 59.3% -> 59.3% (58536 -> 58545 / 98750 边)
有向预计算：走向已定 86551/197500 (43.8%) | 无向判定率 59.3% -> 59.3% (58545 -> 58545 / 98750 边)
全局阶段：固定 58545 条边，起点候选 11 / 69386 (0.0%)
adaptive PROPDEPTH=999999 (fixed 58545 / 98750 edges; 第一层存活率>=SURVDEEP%再升深层)
shard 0: swarm 模式（11 个候选全员上，随机顺序）
shard 1: swarm 模式（11 个候选全员上，随机顺序）
shard 2: swarm 模式（11 个候选全员上，随机顺序）
shard 3: swarm 模式（11 个候选全员上，随机顺序）
shard 4: swarm 模式（11 个候选全员上，随机顺序）
shard 5: swarm 模式（11 个候选全员上，随机顺序）
shard 6: swarm 模式（11 个候选全员上，随机顺序）
shard 7: swarm 模式（11 个候选全员上，随机顺序）
shard 8: swarm 模式（11 个候选全员上，随机顺序）
shard 9: swarm 模式（11 个候选全员上，随机顺序）
shard 10: swarm 模式（11 个候选全员上，随机顺序）
FRANK shard4: F降序
shard 4: 第一层存活 1/1 = 100%%, 第二层 开
FRANK shard7: F降序
shard 7: 第一层存活 1/1 = 100%%, 第二层 开
FRANK shard1: F降序
shard 1: 第一层存活 1/1 = 100%%, 第二层 开
FRANK shard10: F降序
shard 10: 第一层存活 1/1 = 100%%, 第二层 开
FRANK shard2: F降序
shard 2: 第一层存活 1/1 = 100%%, 第二层 开
FRANK shard5: F降序
shard 5: 第一层存活 1/1 = 100%%, 第二层 开
FRANK shard8: F降序
shard 8: 第一层存活 1/1 = 100%%, 第二层 开
FRANK shard0: F降序
shard 0: 第一层存活 1/1 = 100%%, 第二层 开
FRANK shard3: F降序
shard 3: 第一层存活 1/1 = 100%%, 第二层 开
FRANK shard6: F降序
shard 6: 第一层存活 1/1 = 100%%, 第二层 开
FRANK shard9: F降序
shard 9: 第一层存活 1/1 = 100%%, 第二层 开
probe[t=2s]: 10/11 起点被证伪，剩 1
DYN shard7: 1680 calls, 476 refuted (28%)
probe[t=2s]: 10/11 起点被证伪，剩 1
DYN shard4: 1688 calls, 476 refuted (28%)
probe[t=3s]: 10/11 起点被证伪，剩 1
DYN shard2: 1576 calls, 581 refuted (37%)
probe[t=3s]: 10/11 起点被证伪，剩 1
DYN shard8: 1550 calls, 572 refuted (37%)
probe[t=3s]: 10/11 起点被证伪，剩 1
DYN shard5: 1544 calls, 584 refuted (38%)
probe[t=3s]: 10/11 起点被证伪，剩 1
DYN shard10: 1710 calls, 472 refuted (28%)
probe[t=3s]: 10/11 起点被证伪，剩 1
DYN shard1: 1642 calls, 462 refuted (28%)
probe[t=3s]: 10/11 起点被证伪，剩 1
DYN shard9: 1490 calls, 359 refuted (24%)
probe[t=3s]: 10/11 起点被证伪，剩 1
DYN shard6: 1538 calls, 363 refuted (24%)
probe[t=3s]: 10/11 起点被证伪，剩 1
DYN shard0: 1698 calls, 430 refuted (25%)
probe[t=3s]: 10/11 起点被证伪，剩 1
DYN shard3: 1676 calls, 389 refuted (23%)
STATS {"solved":1,"shard":4,"wall_s":5,"nodes_total":185964,"nodes_win":151279,"dth_liveend":0,"dth_estate":24009,"dth_reach":11547,"dth_dyn":2599,"dth_flow":0,"dth_geom":1609,"maxrss_kb":39484,"start_x":215,"start_y":108}
WINNER shard 4 tier 0 nodes 151279
