有向预计算：走向已定 91776/215318 (42.6%) | 无向判定率 47.1% -> 59.3% (50662 -> 63813 / 107659 边)
有向预计算：走向已定 93050/215318 (43.2%) | 无向判定率 59.3% -> 59.6% (63813 -> 64212 / 107659 边)
有向预计算：走向已定 93051/215318 (43.2%) | 无向判定率 59.6% -> 59.6% (64212 -> 64213 / 107659 边)
有向预计算：走向已定 93051/215318 (43.2%) | 无向判定率 59.6% -> 59.6% (64213 -> 64213 / 107659 边)
全局阶段：固定 64213 条边，起点候选 47 / 75749 (0.1%)
adaptive PROPDEPTH=999999 (fixed 64213 / 107659 edges; 第一层存活率>=SURVDEEP%再升深层)
shard 0: swarm 模式（47 个候选全员上，随机顺序）
shard 1: swarm 模式（47 个候选全员上，随机顺序）
shard 2: swarm 模式（47 个候选全员上，随机顺序）
shard 7: swarm 模式（47 个候选全员上，随机顺序）
shard 3: swarm 模式（47 个候选全员上，随机顺序）
shard 4: swarm 模式（47 个候选全员上，随机顺序）
shard 5: swarm 模式（47 个候选全员上，随机顺序）
shard 6: swarm 模式（47 个候选全员上，随机顺序）
shard 14: swarm 模式（47 个候选全员上，随机顺序）
shard 8: swarm 模式（47 个候选全员上，随机顺序）
shard 9: swarm 模式（47 个候选全员上，随机顺序）
shard 10: swarm 模式（47 个候选全员上，随机顺序）
shard 11: swarm 模式（47 个候选全员上，随机顺序）
shard 12: swarm 模式（47 个候选全员上，随机顺序）
shard 13: swarm 模式（47 个候选全员上，随机顺序）
shard 15: swarm 模式（47 个候选全员上，随机顺序）
shard 16: swarm 模式（47 个候选全员上，随机顺序）
shard 17: swarm 模式（47 个候选全员上，随机顺序）
shard 18: swarm 模式（47 个候选全员上，随机顺序）
shard 19: swarm 模式（47 个候选全员上，随机顺序）
FRANK shard7: F降序
shard 7: 第一层存活 2/2 = 100%%, 第二层 开
FRANK shard4: F降序
shard 4: 第一层存活 2/3 = 66%%, 第二层 开
FRANK shard13: F降序
shard 13: 第一层存活 2/2 = 100%%, 第二层 开
FRANK shard10: F降序
shard 10: 第一层存活 2/2 = 100%%, 第二层 开
FRANK shard1: F降序
shard 1: 第一层存活 2/3 = 66%%, 第二层 开
FRANK shard17: F降序
shard 17: 第一层存活 2/2 = 100%%, 第二层 开
FRANK shard14: F降序
shard 14: 第一层存活 2/2 = 100%%, 第二层 开
FRANK shard2: F降序
shard 2: 第一层存活 2/3 = 66%%, 第二层 开
FRANK shard12: F降序
shard 12: 第一层存活 2/2 = 100%%, 第二层 开
FRANK shard5: F降序
shard 5: 第一层存活 2/3 = 66%%, 第二层 开
FRANK shard8: F降序
shard 8: 第一层存活 2/2 = 100%%, 第二层 开
FRANK shard11: F降序
shard 11: 第一层存活 2/2 = 100%%, 第二层 开
FRANK shard18: F降序
shard 18: 第一层存活 2/2 = 100%%, 第二层 开
FRANK shard3: F降序
shard 3: 第一层存活 2/3 = 66%%, 第二层 开
FRANK shard19: F降序
shard 19: 第一层存活 2/2 = 100%%, 第二层 开
FRANK shard16: F降序
shard 16: 第一层存活 2/2 = 100%%, 第二层 开
FRANK shard6: F降序
shard 6: 第一层存活 2/3 = 66%%, 第二层 开
FRANK shard9: F降序
shard 9: 第一层存活 2/2 = 100%%, 第二层 开
FRANK shard0: F降序
shard 0: 第一层存活 2/3 = 66%%, 第二层 开
FRANK shard15: F降序
shard 15: 第一层存活 2/2 = 100%%, 第二层 开
probe[t=5s]: 45/47 起点被证伪，剩 2
DYN shard7: 3556 calls, 798 refuted (22%)
probe[t=6s]: 45/47 起点被证伪，剩 2
DYN shard4: 3358 calls, 709 refuted (21%)
probe[t=6s]: 45/47 起点被证伪，剩 2
DYN shard10: 3116 calls, 683 refuted (22%)
probe[t=6s]: 45/47 起点被证伪，剩 2
DYN shard1: 3738 calls, 818 refuted (22%)
probe[t=7s]: 45/47 起点被证伪，剩 2
DYN shard16: 3364 calls, 721 refuted (21%)
probe[t=8s]: 45/47 起点被证伪，剩 2
DYN shard11: 3196 calls, 1269 refuted (40%)
probe[t=8s]: 45/47 起点被证伪，剩 2
DYN shard17: 3226 calls, 1186 refuted (37%)
probe[t=8s]: 45/47 起点被证伪，剩 2
DYN shard5: 3236 calls, 1287 refuted (40%)
probe[t=8s]: 45/47 起点被证伪，剩 2
DYN shard13: 3156 calls, 653 refuted (21%)
probe[t=8s]: 45/47 起点被证伪，剩 2
DYN shard2: 3360 calls, 1336 refuted (40%)
probe[t=8s]: 45/47 起点被证伪，剩 2
DYN shard14: 3200 calls, 1276 refuted (40%)
probe[t=8s]: 45/47 起点被证伪，剩 2
DYN shard8: 3202 calls, 1291 refuted (40%)
probe[t=9s]: 45/47 起点被证伪，剩 2
DYN shard3: 2996 calls, 858 refuted (29%)
probe[t=9s]: 45/47 起点被证伪，剩 2
DYN shard12: 3328 calls, 927 refuted (28%)
probe[t=10s]: 45/47 起点被证伪，剩 2
DYN shard19: 3308 calls, 689 refuted (21%)
STATS {"solved":1,"shard":1,"wall_s":10,"nodes_total":160354,"nodes_win":90698,"dth_liveend":0,"dth_estate":22018,"dth_reach":9976,"dth_dyn":1913,"dth_flow":0,"dth_geom":1701,"maxrss_kb":42516,"start_x":76,"start_y":289}
WINNER shard 1 tier 1 nodes 90698
