  分治：12 块 144 对，可行 47 对，整块淘汰掉 0 格
有向预计算：走向已定 0/48556 (0.0%) | 无向判定率 0.0% -> 0.0% (0 -> 0 / 24278 边)
有向预计算：走向已定 0/48556 (0.0%) | 无向判定率 0.0% -> 0.0% (0 -> 0 / 24278 边)
全局阶段：固定 0 条边，起点候选 17192 / 17192 (100.0%)
adaptive PROPDEPTH=2 (fixed 0 / 24278 edges; 第一层存活率>=SURVDEEP%再升深层)
FRANK shard1: F升序
shard 1: 第一层存活 95% >= 38%，升深度传播(PD=16)
FRANK shard4: F升序
shard 4: 第一层存活 95% >= 38%，升深度传播(PD=16)
FRANK shard2: F升序
shard 2: 第一层存活 94% >= 38%，升深度传播(PD=16)
FRANK shard0: F升序
shard 0: 第一层存活 95% >= 38%，升深度传播(PD=16)
FRANK shard3: F升序
shard 3: 第一层存活 95% >= 38%，升深度传播(PD=16)
shard 1: 1.5 层深层重探后剩 3262
shard 1: 第一层存活 3262/3439 = 94%%, 第二层 开
shard 4: 1.5 层深层重探后剩 3274
shard 4: 第一层存活 3274/3438 = 95%%, 第二层 开
shard 2: 1.5 层深层重探后剩 3245
shard 2: 第一层存活 3245/3438 = 94%%, 第二层 开
shard 0: 1.5 层深层重探后剩 3274
shard 0: 第一层存活 3274/3439 = 95%%, 第二层 开
shard 3: 1.5 层深层重探后剩 3273
shard 3: 第一层存活 3273/3438 = 95%%, 第二层 开
probe[t=281s]: 17063/17192 起点被证伪，剩 129
DYN shard2: 310114 calls, 99450 refuted (32%)
probe[t=294s]: 17056/17192 起点被证伪，剩 136
DYN shard1: 320840 calls, 101337 refuted (32%)
probe[t=302s]: 17033/17192 起点被证伪，剩 159
DYN shard4: 328872 calls, 104863 refuted (32%)
STATS {"solved":1,"shard":1,"wall_s":313,"nodes_total":10098713,"nodes_win":228195,"dth_liveend":0,"dth_estate":1040150,"dth_reach":1091344,"dth_dyn":104372,"dth_flow":0,"dth_geom":203971,"maxrss_kb":434596,"start_x":2,"start_y":106}
