  分治：12 块 144 对，可行 42 对，整块淘汰掉 0 格
有向预计算：走向已定 0/136802 (0.0%) | 无向判定率 0.0% -> 0.0% (0 -> 0 / 68401 边)
有向预计算：走向已定 0/136802 (0.0%) | 无向判定率 0.0% -> 0.0% (0 -> 0 / 68401 边)
全局阶段：固定 0 条边，起点候选 48222 / 48222 (100.0%)
adaptive PROPDEPTH=2 (fixed 0 / 68401 edges; 第一层存活率>=SURVDEEP%再升深层)
FRANK shard2: F降序
shard 2: 第一层存活 9/9644 = 0%%, 第二层 跳过
probe[t=372s]: 48213/48222 起点被证伪，剩 9
FRANK shard3: F降序
shard 3: 第一层存活 21/9644 = 0%%, 第二层 跳过
probe[t=380s]: 48201/48222 起点被证伪，剩 21
DYN shard3: 94 calls, 3 refuted (3%)
FRANK shard1: F降序
shard 1: 第一层存活 13/9645 = 0%%, 第二层 跳过
probe[t=381s]: 48209/48222 起点被证伪，剩 13
DYN shard1: 57 calls, 4 refuted (7%)
FRANK shard0: F降序
shard 0: 第一层存活 13/9645 = 0%%, 第二层 跳过
probe[t=386s]: 48209/48222 起点被证伪，剩 13
FRANK shard4: F降序
shard 4: 第一层存活 16/9644 = 0%%, 第二层 跳过
probe[t=502s]: 48206/48222 起点被证伪，剩 16
DYN shard4: 65 calls, 10 refuted (15%)
STATS {"solved":1,"shard":2,"wall_s":688,"nodes_total":8608168,"nodes_win":363090,"dth_liveend":0,"dth_estate":1050008,"dth_reach":748866,"dth_dyn":11,"dth_flow":0,"dth_geom":196087,"maxrss_kb":30772,"start_x":133,"start_y":121}
