有向预计算：走向已定 184533/477076 (38.7%) | 无向判定率 52.2% -> 62.8% (124528 -> 149874 / 238538 边)
有向预计算：走向已定 184887/477076 (38.8%) | 无向判定率 62.8% -> 62.9% (149874 -> 150094 / 238538 边)
有向预计算：走向已定 184887/477076 (38.8%) | 无向判定率 62.9% -> 62.9% (150094 -> 150094 / 238538 边)
全局阶段：固定 150094 条边，起点候选 37 / 173077 (0.0%)
adaptive PROPDEPTH=999999 (fixed 150094 / 238538 edges; 第一层存活率>=SURVDEEP%再升深层)
FRANK shard0: F降序
shard 0: 第一层存活 0/10 = 0%%, 第二层 跳过
probe[t=1s]: 37/37 起点被证伪，剩 0
no solution found
STATS {"solved":0,"shard":0,"wall_s":1,"nodes_total":35,"nodes_win":-1,"dth_liveend":0,"dth_estate":10,"dth_reach":13,"dth_dyn":0,"dth_flow":0,"dth_geom":6,"maxrss_kb":46352,"start_x":-1,"start_y":-1}
FRANK shard2: F降序
shard 2: 第一层存活 0/9 = 0%%, 第二层 跳过
probe[t=1s]: 37/37 起点被证伪，剩 0
no solution found
STATS {"solved":0,"shard":2,"wall_s":1,"nodes_total":418,"nodes_win":-1,"dth_liveend":0,"dth_estate":100,"dth_reach":43,"dth_dyn":17,"dth_flow":0,"dth_geom":11,"maxrss_kb":55536,"start_x":-1,"start_y":-1}
FRANK shard1: F降序
shard 1: 第一层存活 1/9 = 11%%, 第二层 跳过
probe[t=2s]: 36/37 起点被证伪，剩 1
DYN shard1: 172 calls, 39 refuted (23%)
FRANK shard3: F降序
shard 3: 第一层存活 1/9 = 11%%, 第二层 跳过
probe[t=3s]: 36/37 起点被证伪，剩 1
DYN shard3: 170 calls, 57 refuted (34%)
