有向预计算：走向已定 73211/170622 (42.9%) | 无向判定率 46.3% -> 58.6% (39467 -> 50019 / 85311 边)
有向预计算：走向已定 73415/170622 (43.0%) | 无向判定率 58.6% -> 58.8% (50019 -> 50136 / 85311 边)
有向预计算：走向已定 73415/170622 (43.0%) | 无向判定率 58.8% -> 58.8% (50136 -> 50136 / 85311 边)
全局阶段：固定 50136 条边，起点候选 103 / 60008 (0.2%)
adaptive PROPDEPTH=999999 (fixed 50136 / 85311 edges; 第一层存活率>=SURVDEEP%再升深层)
shard 0: swarm 模式（103 个候选全员上，随机顺序）
shard 1: swarm 模式（103 个候选全员上，随机顺序）
shard 3: swarm 模式（103 个候选全员上，随机顺序）
shard 2: swarm 模式（103 个候选全员上，随机顺序）
shard 4: swarm 模式（103 个候选全员上，随机顺序）
shard 5: swarm 模式（103 个候选全员上，随机顺序）
shard 11: swarm 模式（103 个候选全员上，随机顺序）
shard 6: swarm 模式（103 个候选全员上，随机顺序）
shard 7: swarm 模式（103 个候选全员上，随机顺序）
shard 8: swarm 模式（103 个候选全员上，随机顺序）
shard 18: swarm 模式（103 个候选全员上，随机顺序）
shard 9: swarm 模式（103 个候选全员上，随机顺序）
shard 10: swarm 模式（103 个候选全员上，随机顺序）
shard 13: swarm 模式（103 个候选全员上，随机顺序）
shard 14: swarm 模式（103 个候选全员上，随机顺序）
shard 15: swarm 模式（103 个候选全员上，随机顺序）
shard 16: swarm 模式（103 个候选全员上，随机顺序）
shard 17: swarm 模式（103 个候选全员上，随机顺序）
shard 19: swarm 模式（103 个候选全员上，随机顺序）
shard 12: swarm 模式（103 个候选全员上，随机顺序）
FRANK shard7: F降序
shard 7: 第一层存活 12/5 = 240%%, 第二层 开
FRANK shard1: F降序
shard 1: 第一层存活 11/6 = 183%%, 第二层 开
FRANK shard16: F降序
shard 16: 第一层存活 11/5 = 220%%, 第二层 开
FRANK shard8: F降序
shard 8: 第一层存活 7/5 = 140%%, 第二层 开
FRANK shard3: F降序
shard 3: 第一层存活 7/5 = 140%%, 第二层 开
FRANK shard12: F降序
shard 12: 第一层存活 7/5 = 140%%, 第二层 开
FRANK shard9: F降序
shard 9: 第一层存活 7/5 = 140%%, 第二层 开
FRANK shard0: F降序
shard 0: 第一层存活 7/6 = 116%%, 第二层 开
FRANK shard17: F降序
shard 17: 第一层存活 7/5 = 140%%, 第二层 开
FRANK shard6: F降序
shard 6: 第一层存活 7/5 = 140%%, 第二层 开
FRANK shard18: F降序
shard 18: 第一层存活 7/5 = 140%%, 第二层 开
FRANK shard14: F降序
shard 14: 第一层存活 7/5 = 140%%, 第二层 开
FRANK shard11: F降序
shard 11: 第一层存活 7/5 = 140%%, 第二层 开
FRANK shard15: F降序
shard 15: 第一层存活 7/5 = 140%%, 第二层 开
FRANK shard2: F降序
shard 2: 第一层存活 7/6 = 116%%, 第二层 开
FRANK shard19: F降序
shard 19: 第一层存活 9/5 = 180%%, 第二层 开
FRANK shard5: F降序
shard 5: 第一层存活 7/5 = 140%%, 第二层 开
FRANK shard4: F降序
shard 4: 第一层存活 7/5 = 140%%, 第二层 开
FRANK shard10: F降序
shard 10: 第一层存活 7/5 = 140%%, 第二层 开
FRANK shard13: F降序
shard 13: 第一层存活 7/5 = 140%%, 第二层 开
probe[t=23s]: 98/103 起点被证伪，剩 5
DYN shard16: 12201 calls, 2777 refuted (23%)
probe[t=24s]: 98/103 起点被证伪，剩 5
DYN shard4: 11292 calls, 2542 refuted (23%)
probe[t=25s]: 98/103 起点被证伪，剩 5
DYN shard19: 11885 calls, 2952 refuted (25%)
probe[t=26s]: 98/103 起点被证伪，剩 5
DYN shard2: 10958 calls, 3737 refuted (34%)
probe[t=27s]: 98/103 起点被证伪，剩 5
DYN shard11: 10326 calls, 3651 refuted (35%)
probe[t=27s]: 96/103 起点被证伪，剩 7
DYN shard18: 8822 calls, 2402 refuted (27%)
probe[t=28s]: 98/103 起点被证伪，剩 5
DYN shard17: 11590 calls, 3829 refuted (33%)
probe[t=31s]: 98/103 起点被证伪，剩 5
DYN shard1: 12621 calls, 3017 refuted (24%)
probe[t=32s]: 96/103 起点被证伪，剩 7
DYN shard3: 9228 calls, 2475 refuted (27%)
probe[t=33s]: 98/103 起点被证伪，剩 5
DYN shard13: 12816 calls, 2502 refuted (20%)
probe[t=35s]: 98/103 起点被证伪，剩 5
DYN shard14: 11322 calls, 3777 refuted (33%)
probe[t=35s]: 98/103 起点被证伪，剩 5
DYN shard5: 9776 calls, 3480 refuted (36%)
probe[t=36s]: 98/103 起点被证伪，剩 5
DYN shard8: 11024 calls, 3712 refuted (34%)
probe[t=37s]: 96/103 起点被证伪，剩 7
DYN shard6: 8216 calls, 2280 refuted (28%)
probe[t=41s]: 98/103 起点被证伪，剩 5
DYN shard10: 12428 calls, 2477 refuted (20%)
probe[t=41s]: 98/103 起点被证伪，剩 5
DYN shard7: 12684 calls, 2810 refuted (22%)
probe[t=43s]: 96/103 起点被证伪，剩 7
DYN shard0: 8228 calls, 2268 refuted (28%)
probe[t=46s]: 96/103 起点被证伪，剩 7
DYN shard9: 11580 calls, 3039 refuted (26%)
probe[t=48s]: 96/103 起点被证伪，剩 7
DYN shard15: 8194 calls, 2331 refuted (28%)
probe[t=51s]: 96/103 起点被证伪，剩 7
DYN shard12: 8174 calls, 2243 refuted (27%)
STATS {"solved":1,"shard":8,"wall_s":54,"nodes_total":533761,"nodes_win":325266,"dth_liveend":0,"dth_estate":64872,"dth_reach":36646,"dth_dyn":9059,"dth_flow":0,"dth_geom":4778,"maxrss_kb":36384,"start_x":277,"start_y":171}
WINNER shard 8 tier 0 nodes 325266
