有向预计算：走向已定 77154/184650 (41.8%) | 无向判定率 46.6% -> 58.5% (43069 -> 54044 / 92325 边)
有向预计算：走向已定 77257/184650 (41.8%) | 无向判定率 58.5% -> 58.7% (54044 -> 54185 / 92325 边)
有向预计算：走向已定 77257/184650 (41.8%) | 无向判定率 58.7% -> 58.7% (54185 -> 54185 / 92325 边)
全局阶段：固定 54185 条边，起点候选 37 / 64920 (0.1%)
adaptive PROPDEPTH=999999 (fixed 54185 / 92325 edges; 第一层存活率>=SURVDEEP%再升深层)
shard 0: swarm 模式（37 个候选全员上，随机顺序）
shard 1: swarm 模式（37 个候选全员上，随机顺序）
shard 3: swarm 模式（37 个候选全员上，随机顺序）
shard 2: swarm 模式（37 个候选全员上，随机顺序）
shard 9: swarm 模式（37 个候选全员上，随机顺序）
shard 4: swarm 模式（37 个候选全员上，随机顺序）
shard 5: swarm 模式（37 个候选全员上，随机顺序）
shard 6: swarm 模式（37 个候选全员上，随机顺序）
shard 15: swarm 模式（37 个候选全员上，随机顺序）
shard 7: swarm 模式（37 个候选全员上，随机顺序）
shard 18: swarm 模式（37 个候选全员上，随机顺序）
shard 8: swarm 模式（37 个候选全员上，随机顺序）
shard 10: swarm 模式（37 个候选全员上，随机顺序）
shard 11: swarm 模式（37 个候选全员上，随机顺序）
shard 12: swarm 模式（37 个候选全员上，随机顺序）
shard 13: swarm 模式（37 个候选全员上，随机顺序）
shard 14: swarm 模式（37 个候选全员上，随机顺序）
shard 16: swarm 模式（37 个候选全员上，随机顺序）
shard 17: swarm 模式（37 个候选全员上，随机顺序）
shard 19: swarm 模式（37 个候选全员上，随机顺序）
FRANK shard16: F降序
shard 16: 第一层存活 2/2 = 100%%, 第二层 开
FRANK shard1: F降序
shard 1: 第一层存活 2/2 = 100%%, 第二层 开
FRANK shard13: F降序
shard 13: 第一层存活 2/2 = 100%%, 第二层 开
FRANK shard7: F降序
shard 7: 第一层存活 2/2 = 100%%, 第二层 开
FRANK shard10: F降序
shard 10: 第一层存活 2/2 = 100%%, 第二层 开
FRANK shard19: F降序
shard 19: 第一层存活 2/1 = 200%%, 第二层 开
FRANK shard4: F降序
shard 4: 第一层存活 2/2 = 100%%, 第二层 开
FRANK shard8: F降序
shard 8: 第一层存活 2/2 = 100%%, 第二层 开
FRANK shard2: F降序
shard 2: 第一层存活 2/2 = 100%%, 第二层 开
FRANK shard14: F降序
shard 14: 第一层存活 2/2 = 100%%, 第二层 开
FRANK shard12: F降序
shard 12: 第一层存活 2/2 = 100%%, 第二层 开
FRANK shard9: F降序
shard 9: 第一层存活 2/2 = 100%%, 第二层 开
FRANK shard18: F降序
shard 18: 第一层存活 2/1 = 200%%, 第二层 开
FRANK shard11: F降序
shard 11: 第一层存活 2/2 = 100%%, 第二层 开
FRANK shard5: F降序
shard 5: 第一层存活 2/2 = 100%%, 第二层 开
FRANK shard17: F降序
shard 17: 第一层存活 2/1 = 200%%, 第二层 开
FRANK shard3: F降序
shard 3: 第一层存活 2/2 = 100%%, 第二层 开
FRANK shard0: F降序
shard 0: 第一层存活 2/2 = 100%%, 第二层 开
FRANK shard6: F降序
shard 6: 第一层存活 2/2 = 100%%, 第二层 开
FRANK shard15: F降序
shard 15: 第一层存活 2/2 = 100%%, 第二层 开
probe[t=2s]: 35/37 起点被证伪，剩 2
DYN shard7: 3272 calls, 752 refuted (23%)
probe[t=2s]: 35/37 起点被证伪，剩 2
DYN shard1: 3234 calls, 757 refuted (23%)
probe[t=3s]: 35/37 起点被证伪，剩 2
DYN shard10: 3150 calls, 738 refuted (23%)
probe[t=3s]: 35/37 起点被证伪，剩 2
DYN shard16: 3298 calls, 765 refuted (23%)
probe[t=4s]: 35/37 起点被证伪，剩 2
DYN shard4: 3200 calls, 754 refuted (24%)
probe[t=4s]: 35/37 起点被证伪，剩 2
DYN shard19: 3196 calls, 787 refuted (25%)
probe[t=5s]: 35/37 起点被证伪，剩 2
DYN shard13: 3346 calls, 757 refuted (23%)
probe[t=6s]: 35/37 起点被证伪，剩 2
DYN shard14: 3212 calls, 1111 refuted (35%)
probe[t=6s]: 35/37 起点被证伪，剩 2
DYN shard8: 3204 calls, 1117 refuted (35%)
probe[t=6s]: 35/37 起点被证伪，剩 2
DYN shard17: 3186 calls, 1075 refuted (34%)
probe[t=7s]: 35/37 起点被证伪，剩 2
DYN shard2: 3324 calls, 1090 refuted (33%)
probe[t=7s]: 35/37 起点被证伪，剩 2
DYN shard11: 3248 calls, 1071 refuted (33%)
probe[t=7s]: 35/37 起点被证伪，剩 2
DYN shard5: 3330 calls, 1087 refuted (33%)
probe[t=7s]: 35/37 起点被证伪，剩 2
DYN shard12: 3176 calls, 746 refuted (23%)
probe[t=7s]: 35/37 起点被证伪，剩 2
DYN shard15: 3210 calls, 756 refuted (24%)
probe[t=7s]: 35/37 起点被证伪，剩 2
DYN shard0: 3200 calls, 744 refuted (23%)
probe[t=7s]: 35/37 起点被证伪，剩 2
DYN shard6: 3174 calls, 727 refuted (23%)
probe[t=8s]: 35/37 起点被证伪，剩 2
DYN shard3: 3060 calls, 764 refuted (25%)
probe[t=8s]: 35/37 起点被证伪，剩 2
DYN shard18: 3268 calls, 679 refuted (21%)
probe[t=11s]: 35/37 起点被证伪，剩 2
DYN shard9: 3622 calls, 691 refuted (19%)
STATS {"solved":1,"shard":4,"wall_s":13,"nodes_total":298247,"nodes_win":230243,"dth_liveend":0,"dth_estate":38737,"dth_reach":21304,"dth_dyn":3408,"dth_flow":0,"dth_geom":3212,"maxrss_kb":37428,"start_x":7,"start_y":221}
WINNER shard 4 tier 0 nodes 230243
