有向预计算：走向已定 80226/189240 (42.4%) | 无向判定率 46.7% -> 58.7% (44221 -> 55564 / 94620 边)
有向预计算：走向已定 80352/189240 (42.5%) | 无向判定率 58.7% -> 58.8% (55564 -> 55670 / 94620 边)
有向预计算：走向已定 80352/189240 (42.5%) | 无向判定率 58.8% -> 58.8% (55670 -> 55670 / 94620 边)
全局阶段：固定 55670 条边，起点候选 41 / 66602 (0.1%)
adaptive PROPDEPTH=999999 (fixed 55670 / 94620 edges; 第一层存活率>=SURVDEEP%再升深层)
shard 0: swarm 模式（41 个候选全员上，随机顺序）
shard 1: swarm 模式（41 个候选全员上，随机顺序）
shard 2: swarm 模式（41 个候选全员上，随机顺序）
shard 3: swarm 模式（41 个候选全员上，随机顺序）
shard 4: swarm 模式（41 个候选全员上，随机顺序）
shard 5: swarm 模式（41 个候选全员上，随机顺序）
shard 6: swarm 模式（41 个候选全员上，随机顺序）
shard 7: swarm 模式（41 个候选全员上，随机顺序）
shard 8: swarm 模式（41 个候选全员上，随机顺序）
shard 9: swarm 模式（41 个候选全员上，随机顺序）
shard 10: swarm 模式（41 个候选全员上，随机顺序）
shard 13: swarm 模式（41 个候选全员上，随机顺序）
shard 11: swarm 模式（41 个候选全员上，随机顺序）
shard 12: swarm 模式（41 个候选全员上，随机顺序）
shard 14: swarm 模式（41 个候选全员上，随机顺序）
shard 15: swarm 模式（41 个候选全员上，随机顺序）
shard 16: swarm 模式（41 个候选全员上，随机顺序）
shard 17: swarm 模式（41 个候选全员上，随机顺序）
shard 18: swarm 模式（41 个候选全员上，随机顺序）
shard 19: swarm 模式（41 个候选全员上，随机顺序）
FRANK shard4: F降序
shard 4: 第一层存活 1/2 = 50%%, 第二层 开
FRANK shard10: F降序
shard 10: 第一层存活 1/2 = 50%%, 第二层 开
FRANK shard16: F降序
shard 16: 第一层存活 1/2 = 50%%, 第二层 开
FRANK shard19: F降序
shard 19: 第一层存活 1/2 = 50%%, 第二层 开
FRANK shard7: F降序
shard 7: 第一层存活 1/2 = 50%%, 第二层 开
FRANK shard1: F降序
shard 1: 第一层存活 1/2 = 50%%, 第二层 开
FRANK shard13: F降序
shard 13: 第一层存活 1/2 = 50%%, 第二层 开
FRANK shard14: F降序
shard 14: 第一层存活 1/2 = 50%%, 第二层 开
FRANK shard5: F降序
shard 5: 第一层存活 1/2 = 50%%, 第二层 开
FRANK shard17: F降序
shard 17: 第一层存活 1/2 = 50%%, 第二层 开
FRANK shard6: F降序
shard 6: 第一层存活 1/2 = 50%%, 第二层 开
FRANK shard15: F降序
shard 15: 第一层存活 1/2 = 50%%, 第二层 开
FRANK shard18: F降序
shard 18: 第一层存活 1/2 = 50%%, 第二层 开
FRANK shard11: F降序
shard 11: 第一层存活 1/2 = 50%%, 第二层 开
FRANK shard2: F降序
shard 2: 第一层存活 1/2 = 50%%, 第二层 开
FRANK shard8: F降序
shard 8: 第一层存活 1/2 = 50%%, 第二层 开
FRANK shard3: F降序
shard 3: 第一层存活 1/2 = 50%%, 第二层 开
FRANK shard0: F降序
shard 0: 第一层存活 1/3 = 33%%, 第二层 开
FRANK shard9: F降序
shard 9: 第一层存活 1/2 = 50%%, 第二层 开
FRANK shard12: F降序
shard 12: 第一层存活 1/2 = 50%%, 第二层 开
probe[t=2s]: 40/41 起点被证伪，剩 1
DYN shard4: 1498 calls, 341 refuted (23%)
probe[t=3s]: 40/41 起点被证伪，剩 1
DYN shard5: 1522 calls, 526 refuted (35%)
probe[t=4s]: 40/41 起点被证伪，剩 1
DYN shard17: 1644 calls, 582 refuted (35%)
probe[t=4s]: 40/41 起点被证伪，剩 1
DYN shard2: 1688 calls, 607 refuted (36%)
probe[t=4s]: 40/41 起点被证伪，剩 1
DYN shard11: 1622 calls, 574 refuted (35%)
probe[t=4s]: 40/41 起点被证伪，剩 1
DYN shard8: 1750 calls, 648 refuted (37%)
probe[t=5s]: 40/41 起点被证伪，剩 1
DYN shard6: 1974 calls, 485 refuted (25%)
probe[t=5s]: 40/41 起点被证伪，剩 1
DYN shard14: 1644 calls, 574 refuted (35%)
probe[t=5s]: 40/41 起点被证伪，剩 1
DYN shard12: 1666 calls, 392 refuted (24%)
probe[t=5s]: 40/41 起点被证伪，剩 1
DYN shard0: 1828 calls, 485 refuted (27%)
probe[t=5s]: 40/41 起点被证伪，剩 1
DYN shard18: 1844 calls, 434 refuted (24%)
probe[t=5s]: 40/41 起点被证伪，剩 1
DYN shard15: 1864 calls, 437 refuted (23%)
probe[t=5s]: 40/41 起点被证伪，剩 1
DYN shard3: 2000 calls, 484 refuted (24%)
probe[t=5s]: 40/41 起点被证伪，剩 1
DYN shard9: 1554 calls, 332 refuted (21%)
probe[t=5s]: 40/41 起点被证伪，剩 1
DYN shard1: 1578 calls, 346 refuted (22%)
probe[t=6s]: 40/41 起点被证伪，剩 1
DYN shard10: 1606 calls, 378 refuted (24%)
probe[t=6s]: 40/41 起点被证伪，剩 1
DYN shard13: 1572 calls, 360 refuted (23%)
probe[t=7s]: 40/41 起点被证伪，剩 1
DYN shard7: 1790 calls, 412 refuted (23%)
probe[t=8s]: 40/41 起点被证伪，剩 1
DYN shard16: 1580 calls, 358 refuted (23%)
probe[t=8s]: 40/41 起点被证伪，剩 1
DYN shard19: 1830 calls, 427 refuted (23%)
STATS {"solved":1,"shard":5,"wall_s":17,"nodes_total":261402,"nodes_win":227400,"dth_liveend":0,"dth_estate":34408,"dth_reach":14996,"dth_dyn":4771,"dth_flow":0,"dth_geom":1557,"maxrss_kb":38016,"start_x":60,"start_y":4}
WINNER shard 5 tier 1 nodes 227400
