有向预计算：走向已定 238526/617120 (38.7%) | 无向判定率 51.9% -> 62.7% (160141 -> 193530 / 308560 边)
有向预计算：走向已定 239430/617120 (38.8%) | 无向判定率 62.7% -> 62.9% (193530 -> 193944 / 308560 边)
有向预计算：走向已定 239429/617120 (38.8%) | 无向判定率 62.9% -> 62.9% (193944 -> 193945 / 308560 边)
有向预计算：走向已定 239429/617120 (38.8%) | 无向判定率 62.9% -> 62.9% (193945 -> 193945 / 308560 边)
全局阶段：固定 193945 条边，起点候选 60 / 223807 (0.0%)
adaptive PROPDEPTH=999999 (fixed 193945 / 308560 edges; 第一层存活率>=SURVDEEP%再升深层)
FRANK shard1: F降序
shard 1: 第一层存活 1/15 = 6%%, 第二层 跳过
probe[t=3s]: 59/60 起点被证伪，剩 1
DYN shard1: 199 calls, 56 refuted (28%)
FRANK shard2: F降序
shard 2: 第一层存活 3/15 = 20%%, 第二层 跳过
probe[t=6s]: 57/60 起点被证伪，剩 3
DYN shard2: 519 calls, 206 refuted (40%)
FRANK shard0: F降序
shard 0: 第一层存活 3/15 = 20%%, 第二层 跳过
probe[t=10s]: 57/60 起点被证伪，剩 3
DYN shard0: 550 calls, 173 refuted (31%)
FRANK shard3: F降序
shard 3: 第一层存活 3/15 = 20%%, 第二层 跳过
probe[t=10s]: 57/60 起点被证伪，剩 3
DYN shard3: 546 calls, 168 refuted (31%)
no solution found
STATS {"solved":0,"shard":1,"wall_s":10,"nodes_total":7445,"nodes_win":-1,"dth_liveend":0,"dth_estate":1250,"dth_reach":525,"dth_dyn":189,"dth_flow":0,"dth_geom":80,"maxrss_kb":74500,"start_x":-1,"start_y":-1}
no solution found
STATS {"solved":0,"shard":3,"wall_s":316,"nodes_total":213490,"nodes_win":-1,"dth_liveend":0,"dth_estate":35353,"dth_reach":11976,"dth_dyn":4447,"dth_flow":0,"dth_geom":1785,"maxrss_kb":76960,"start_x":-1,"start_y":-1}
no solution found
STATS {"solved":0,"shard":0,"wall_s":562,"nodes_total":406295,"nodes_win":-1,"dth_liveend":0,"dth_estate":67089,"dth_reach":22571,"dth_dyn":8346,"dth_flow":0,"dth_geom":3351,"maxrss_kb":76896,"start_x":-1,"start_y":-1}
