有向预计算：走向已定 78872/181936 (43.4%) | 无向判定率 45.6% -> 58.2% (41513 -> 52956 / 90968 边)
有向预计算：走向已定 79414/181936 (43.6%) | 无向判定率 58.2% -> 58.5% (52956 -> 53191 / 90968 边)
有向预计算：走向已定 79415/181936 (43.6%) | 无向判定率 58.5% -> 58.5% (53191 -> 53195 / 90968 边)
有向预计算：走向已定 79415/181936 (43.6%) | 无向判定率 58.5% -> 58.5% (53195 -> 53195 / 90968 边)
全局阶段：固定 53195 条边，起点候选 29 / 63842 (0.0%)
adaptive PROPDEPTH=999999 (fixed 53195 / 90968 edges; 第一层存活率>=SURVDEEP%再升深层)
shard 0: swarm 模式（29 个候选全员上，随机顺序）
shard 1: swarm 模式（29 个候选全员上，随机顺序）
shard 2: swarm 模式（29 个候选全员上，随机顺序）
shard 7: swarm 模式（29 个候选全员上，随机顺序）
shard 3: swarm 模式（29 个候选全员上，随机顺序）
shard 4: swarm 模式（29 个候选全员上，随机顺序）
shard 5: swarm 模式（29 个候选全员上，随机顺序）
shard 12: swarm 模式（29 个候选全员上，随机顺序）
shard 6: swarm 模式（29 个候选全员上，随机顺序）
shard 8: swarm 模式（29 个候选全员上，随机顺序）
shard 9: swarm 模式（29 个候选全员上，随机顺序）
shard 17: swarm 模式（29 个候选全员上，随机顺序）
shard 10: swarm 模式（29 个候选全员上，随机顺序）
shard 11: swarm 模式（29 个候选全员上，随机顺序）
shard 13: swarm 模式（29 个候选全员上，随机顺序）
shard 14: swarm 模式（29 个候选全员上，随机顺序）
shard 15: swarm 模式（29 个候选全员上，随机顺序）
shard 16: swarm 模式（29 个候选全员上，随机顺序）
shard 18: swarm 模式（29 个候选全员上，随机顺序）
shard 19: swarm 模式（29 个候选全员上，随机顺序）
FRANK shard16: F降序
shard 16: 第一层存活 1/1 = 100%%, 第二层 开
FRANK shard13: F降序
shard 13: 第一层存活 1/1 = 100%%, 第二层 开
FRANK shard4: F降序
shard 4: 第一层存活 1/2 = 50%%, 第二层 开
FRANK shard0: F降序
shard 0: 第一层存活 1/2 = 50%%, 第二层 开
FRANK shard14: F降序
shard 14: 第一层存活 1/1 = 100%%, 第二层 开
FRANK shard18: F降序
shard 18: 第一层存活 1/1 = 100%%, 第二层 开
FRANK shard8: F降序
shard 8: 第一层存活 1/2 = 50%%, 第二层 开
FRANK shard5: F降序
shard 5: 第一层存活 1/2 = 50%%, 第二层 开
FRANK shard15: F降序
shard 15: 第一层存活 1/1 = 100%%, 第二层 开
FRANK shard7: F降序
shard 7: 第一层存活 1/2 = 50%%, 第二层 开
FRANK shard11: F降序
shard 11: 第一层存活 1/1 = 100%%, 第二层 开
FRANK shard12: F降序
shard 12: 第一层存活 1/1 = 100%%, 第二层 开
FRANK shard17: F降序
shard 17: 第一层存活 1/1 = 100%%, 第二层 开
FRANK shard2: F降序
shard 2: 第一层存活 1/2 = 50%%, 第二层 开
FRANK shard9: F降序
shard 9: 第一层存活 1/1 = 100%%, 第二层 开
FRANK shard3: F降序
shard 3: 第一层存活 1/2 = 50%%, 第二层 开
FRANK shard6: F降序
shard 6: 第一层存活 1/2 = 50%%, 第二层 开
FRANK shard10: F降序
shard 10: 第一层存活 1/1 = 100%%, 第二层 开
FRANK shard19: F降序
shard 19: 第一层存活 1/1 = 100%%, 第二层 开
FRANK shard1: F降序
shard 1: 第一层存活 1/2 = 50%%, 第二层 开
probe[t=3s]: 28/29 起点被证伪，剩 1
DYN shard8: 1588 calls, 512 refuted (32%)
probe[t=4s]: 28/29 起点被证伪，剩 1
DYN shard7: 2100 calls, 434 refuted (21%)
probe[t=4s]: 28/29 起点被证伪，剩 1
DYN shard19: 2150 calls, 485 refuted (23%)
probe[t=4s]: 28/29 起点被证伪，剩 1
DYN shard10: 2226 calls, 498 refuted (22%)
probe[t=4s]: 28/29 起点被证伪，剩 1
DYN shard13: 2112 calls, 440 refuted (21%)
probe[t=4s]: 28/29 起点被证伪，剩 1
DYN shard1: 2192 calls, 498 refuted (23%)
probe[t=4s]: 28/29 起点被证伪，剩 1
DYN shard2: 2086 calls, 696 refuted (33%)
probe[t=4s]: 28/29 起点被证伪，剩 1
DYN shard14: 2020 calls, 717 refuted (35%)
probe[t=4s]: 28/29 起点被证伪，剩 1
DYN shard17: 2088 calls, 740 refuted (35%)
probe[t=5s]: 28/29 起点被证伪，剩 1
DYN shard11: 2094 calls, 713 refuted (34%)
probe[t=5s]: 28/29 起点被证伪，剩 1
DYN shard5: 2136 calls, 704 refuted (33%)
probe[t=5s]: 28/29 起点被证伪，剩 1
DYN shard4: 2048 calls, 415 refuted (20%)
probe[t=5s]: 28/29 起点被证伪，剩 1
DYN shard0: 2222 calls, 592 refuted (27%)
probe[t=5s]: 28/29 起点被证伪，剩 1
DYN shard3: 2208 calls, 585 refuted (26%)
probe[t=5s]: 28/29 起点被证伪，剩 1
DYN shard15: 2204 calls, 582 refuted (26%)
probe[t=5s]: 28/29 起点被证伪，剩 1
DYN shard16: 2130 calls, 486 refuted (23%)
probe[t=5s]: 28/29 起点被证伪，剩 1
DYN shard18: 2228 calls, 574 refuted (26%)
probe[t=5s]: 28/29 起点被证伪，剩 1
DYN shard6: 2234 calls, 588 refuted (26%)
probe[t=5s]: 28/29 起点被证伪，剩 1
DYN shard9: 2244 calls, 593 refuted (26%)
probe[t=5s]: 28/29 起点被证伪，剩 1
DYN shard12: 2274 calls, 591 refuted (26%)
STATS {"solved":1,"shard":5,"wall_s":26,"nodes_total":712605,"nodes_win":677832,"dth_liveend":0,"dth_estate":89683,"dth_reach":44189,"dth_dyn":11474,"dth_flow":0,"dth_geom":4884,"maxrss_kb":36368,"start_x":34,"start_y":181}
WINNER shard 5 tier 1 nodes 677832
