有向预计算：走向已定 62935/146004 (43.1%) | 无向判定率 47.3% -> 59.6% (34511 -> 43507 / 73002 边)
有向预计算：走向已定 63350/146004 (43.4%) | 无向判定率 59.6% -> 59.8% (43507 -> 43684 / 73002 边)
有向预计算：走向已定 63349/146004 (43.4%) | 无向判定率 59.8% -> 59.8% (43684 -> 43684 / 73002 边)
全局阶段：固定 43684 条边，起点候选 96 / 51486 (0.2%)
adaptive PROPDEPTH=999999 (fixed 43684 / 73002 edges; 第一层存活率>=SURVDEEP%再升深层)
shard 0: swarm 模式（96 个候选全员上，随机顺序）
shard 1: swarm 模式（96 个候选全员上，随机顺序）
shard 2: swarm 模式（96 个候选全员上，随机顺序）
shard 3: swarm 模式（96 个候选全员上，随机顺序）
shard 4: swarm 模式（96 个候选全员上，随机顺序）
shard 5: swarm 模式（96 个候选全员上，随机顺序）
shard 15: swarm 模式（96 个候选全员上，随机顺序）
shard 6: swarm 模式（96 个候选全员上，随机顺序）
shard 18: swarm 模式（96 个候选全员上，随机顺序）
shard 7: swarm 模式（96 个候选全员上，随机顺序）
shard 8: swarm 模式（96 个候选全员上，随机顺序）
shard 9: swarm 模式（96 个候选全员上，随机顺序）
shard 10: swarm 模式（96 个候选全员上，随机顺序）
shard 11: swarm 模式（96 个候选全员上，随机顺序）
shard 12: swarm 模式（96 个候选全员上，随机顺序）
shard 13: swarm 模式（96 个候选全员上，随机顺序）
shard 14: swarm 模式（96 个候选全员上，随机顺序）
shard 16: swarm 模式（96 个候选全员上，随机顺序）
shard 17: swarm 模式（96 个候选全员上，随机顺序）
shard 19: swarm 模式（96 个候选全员上，随机顺序）
FRANK shard10: F降序
shard 10: 第一层存活 6/5 = 120%%, 第二层 开
FRANK shard4: F降序
shard 4: 第一层存活 5/5 = 100%%, 第二层 开
FRANK shard1: F降序
shard 1: 第一层存活 6/5 = 120%%, 第二层 开
FRANK shard19: F降序
shard 19: 第一层存活 6/4 = 150%%, 第二层 开
FRANK shard7: F降序
shard 7: 第一层存活 6/5 = 120%%, 第二层 开
FRANK shard17: F降序
shard 17: 第一层存活 5/4 = 125%%, 第二层 开
FRANK shard8: F降序
shard 8: 第一层存活 5/5 = 100%%, 第二层 开
FRANK shard11: F降序
shard 11: 第一层存活 5/5 = 100%%, 第二层 开
FRANK shard14: F降序
shard 14: 第一层存活 5/5 = 100%%, 第二层 开
FRANK shard2: F降序
shard 2: 第一层存活 5/5 = 100%%, 第二层 开
FRANK shard0: F降序
shard 0: 第一层存活 5/5 = 100%%, 第二层 开
FRANK shard12: F降序
shard 12: 第一层存活 5/5 = 100%%, 第二层 开
FRANK shard13: F降序
shard 13: 第一层存活 6/5 = 120%%, 第二层 开
FRANK shard5: F降序
shard 5: 第一层存活 5/5 = 100%%, 第二层 开
FRANK shard6: F降序
shard 6: 第一层存活 5/5 = 100%%, 第二层 开
FRANK shard9: F降序
shard 9: 第一层存活 5/5 = 100%%, 第二层 开
FRANK shard18: F降序
shard 18: 第一层存活 5/4 = 125%%, 第二层 开
FRANK shard16: F降序
shard 16: 第一层存活 6/4 = 150%%, 第二层 开
FRANK shard15: F降序
shard 15: 第一层存活 5/5 = 100%%, 第二层 开
FRANK shard3: F降序
shard 3: 第一层存活 5/5 = 100%%, 第二层 开
probe[t=6s]: 95/96 起点被证伪，剩 1
DYN shard4: 3042 calls, 647 refuted (21%)
probe[t=7s]: 95/96 起点被证伪，剩 1
DYN shard10: 3131 calls, 713 refuted (23%)
probe[t=8s]: 95/96 起点被证伪，剩 1
DYN shard11: 2472 calls, 1005 refuted (41%)
probe[t=8s]: 95/96 起点被证伪，剩 1
DYN shard16: 3171 calls, 683 refuted (22%)
probe[t=8s]: 95/96 起点被证伪，剩 1
DYN shard5: 2646 calls, 1073 refuted (41%)
probe[t=8s]: 95/96 起点被证伪，剩 1
DYN shard14: 2580 calls, 1062 refuted (41%)
probe[t=8s]: 95/96 起点被证伪，剩 1
DYN shard1: 3239 calls, 731 refuted (23%)
probe[t=9s]: 95/96 起点被证伪，剩 1
DYN shard17: 2590 calls, 1054 refuted (41%)
probe[t=9s]: 95/96 起点被证伪，剩 1
DYN shard19: 3121 calls, 704 refuted (23%)
probe[t=9s]: 95/96 起点被证伪，剩 1
DYN shard12: 2810 calls, 1041 refuted (37%)
probe[t=9s]: 95/96 起点被证伪，剩 1
DYN shard6: 2708 calls, 1008 refuted (37%)
probe[t=10s]: 95/96 起点被证伪，剩 1
DYN shard13: 3139 calls, 680 refuted (22%)
probe[t=10s]: 95/96 起点被证伪，剩 1
DYN shard7: 3023 calls, 660 refuted (22%)
probe[t=10s]: 95/96 起点被证伪，剩 1
DYN shard8: 2536 calls, 1031 refuted (41%)
probe[t=10s]: 95/96 起点被证伪，剩 1
DYN shard18: 2716 calls, 1004 refuted (37%)
probe[t=12s]: 95/96 起点被证伪，剩 1
DYN shard3: 2686 calls, 989 refuted (37%)
STATS {"solved":1,"shard":11,"wall_s":12,"nodes_total":150262,"nodes_win":85776,"dth_liveend":0,"dth_estate":18546,"dth_reach":6884,"dth_dyn":2474,"dth_flow":0,"dth_geom":469,"maxrss_kb":29616,"start_x":273,"start_y":132}
WINNER shard 11 tier 3 nodes 85776
