有向预计算：走向已定 65803/161170 (40.8%) | 无向判定率 46.4% -> 58.2% (37382 -> 46915 / 80585 边)
有向预计算：走向已定 65926/161170 (40.9%) | 无向判定率 58.2% -> 58.3% (46915 -> 46990 / 80585 边)
有向预计算：走向已定 65926/161170 (40.9%) | 无向判定率 58.3% -> 58.3% (46990 -> 46990 / 80585 边)
全局阶段：固定 46990 条边，起点候选 20 / 56663 (0.0%)
adaptive PROPDEPTH=999999 (fixed 46990 / 80585 edges; 第一层存活率>=SURVDEEP%再升深层)
shard 0: swarm 模式（20 个候选全员上，随机顺序）
shard 1: swarm 模式（20 个候选全员上，随机顺序）
shard 3: swarm 模式（20 个候选全员上，随机顺序）
shard 2: swarm 模式（20 个候选全员上，随机顺序）
shard 4: swarm 模式（20 个候选全员上，随机顺序）
shard 5: swarm 模式（20 个候选全员上，随机顺序）
shard 6: swarm 模式（20 个候选全员上，随机顺序）
shard 7: swarm 模式（20 个候选全员上，随机顺序）
shard 8: swarm 模式（20 个候选全员上，随机顺序）
shard 9: swarm 模式（20 个候选全员上，随机顺序）
shard 10: swarm 模式（20 个候选全员上，随机顺序）
shard 11: swarm 模式（20 个候选全员上，随机顺序）
shard 12: swarm 模式（20 个候选全员上，随机顺序）
shard 13: swarm 模式（20 个候选全员上，随机顺序）
shard 14: swarm 模式（20 个候选全员上，随机顺序）
shard 15: swarm 模式（20 个候选全员上，随机顺序）
shard 16: swarm 模式（20 个候选全员上，随机顺序）
shard 17: swarm 模式（20 个候选全员上，随机顺序）
shard 18: swarm 模式（20 个候选全员上，随机顺序）
shard 19: swarm 模式（20 个候选全员上，随机顺序）
FRANK shard4: F降序
shard 4: 第一层存活 2/1 = 200%%, 第二层 开
FRANK shard7: F降序
shard 7: 第一层存活 2/1 = 200%%, 第二层 开
FRANK shard13: F降序
shard 13: 第一层存活 2/1 = 200%%, 第二层 开
FRANK shard16: F降序
shard 16: 第一层存活 2/1 = 200%%, 第二层 开
FRANK shard1: F降序
shard 1: 第一层存活 2/1 = 200%%, 第二层 开
FRANK shard10: F降序
shard 10: 第一层存活 2/1 = 200%%, 第二层 开
FRANK shard19: F降序
shard 19: 第一层存活 2/1 = 200%%, 第二层 开
FRANK shard0: F降序
shard 0: 第一层存活 2/1 = 200%%, 第二层 开
FRANK shard12: F降序
shard 12: 第一层存活 2/1 = 200%%, 第二层 开
FRANK shard6: F降序
shard 6: 第一层存活 2/1 = 200%%, 第二层 开
FRANK shard3: F降序
shard 3: 第一层存活 2/1 = 200%%, 第二层 开
FRANK shard18: F降序
shard 18: 第一层存活 2/1 = 200%%, 第二层 开
FRANK shard11: F降序
shard 11: 第一层存活 2/1 = 200%%, 第二层 开
FRANK shard8: F降序
shard 8: 第一层存活 2/1 = 200%%, 第二层 开
FRANK shard2: F降序
shard 2: 第一层存活 2/1 = 200%%, 第二层 开
FRANK shard5: F降序
shard 5: 第一层存活 2/1 = 200%%, 第二层 开
FRANK shard17: F降序
shard 17: 第一层存活 2/1 = 200%%, 第二层 开
FRANK shard14: F降序
shard 14: 第一层存活 2/1 = 200%%, 第二层 开
FRANK shard9: F降序
shard 9: 第一层存活 2/1 = 200%%, 第二层 开
FRANK shard15: F降序
shard 15: 第一层存活 2/1 = 200%%, 第二层 开
probe[t=5s]: 18/20 起点被证伪，剩 2
DYN shard10: 3680 calls, 1042 refuted (28%)
probe[t=7s]: 18/20 起点被证伪，剩 2
DYN shard4: 3592 calls, 1025 refuted (29%)
probe[t=7s]: 18/20 起点被证伪，剩 2
DYN shard7: 3628 calls, 1038 refuted (29%)
probe[t=7s]: 18/20 起点被证伪，剩 2
DYN shard1: 3760 calls, 1071 refuted (28%)
probe[t=8s]: 18/20 起点被证伪，剩 2
DYN shard13: 3668 calls, 1061 refuted (29%)
probe[t=8s]: 18/20 起点被证伪，剩 2
DYN shard19: 3680 calls, 1047 refuted (28%)
probe[t=8s]: 18/20 起点被证伪，剩 2
DYN shard16: 3710 calls, 1053 refuted (28%)
probe[t=8s]: 18/20 起点被证伪，剩 2
DYN shard8: 3628 calls, 1544 refuted (43%)
probe[t=8s]: 18/20 起点被证伪，剩 2
DYN shard2: 3612 calls, 1526 refuted (42%)
probe[t=8s]: 18/20 起点被证伪，剩 2
DYN shard5: 3626 calls, 1533 refuted (42%)
probe[t=8s]: 18/20 起点被证伪，剩 2
DYN shard11: 3798 calls, 1578 refuted (42%)
probe[t=9s]: 18/20 起点被证伪，剩 2
DYN shard17: 3766 calls, 1590 refuted (42%)
probe[t=9s]: 18/20 起点被证伪，剩 2
DYN shard14: 3752 calls, 1601 refuted (43%)
STATS {"solved":1,"shard":10,"wall_s":10,"nodes_total":160005,"nodes_win":91855,"dth_liveend":0,"dth_estate":20769,"dth_reach":10218,"dth_dyn":2316,"dth_flow":0,"dth_geom":1179,"maxrss_kb":32168,"start_x":145,"start_y":208}
WINNER shard 10 tier 2 nodes 91855
