有向预计算：走向已定 185868/676028 (27.5%) | 无向判定率 47.1% -> 55.2% (159138 -> 186690 / 338014 边)
有向预计算：走向已定 185933/676028 (27.5%) | 无向判定率 55.2% -> 55.3% (186690 -> 186834 / 338014 边)
有向预计算：走向已定 186287/676028 (27.6%) | 无向判定率 55.3% -> 55.3% (186834 -> 186899 / 338014 边)
有向预计算：走向已定 186287/676028 (27.6%) | 无向判定率 55.3% -> 55.3% (186899 -> 186899 / 338014 边)
全局阶段：固定 186899 条边，起点候选 53 / 242210 (0.0%)
adaptive PROPDEPTH=999999 (fixed 186899 / 338014 edges; 第一层存活率>=SURVDEEP%再升深层)
FRANK shard1: F降序
shard 1: 第一层存活 9/13 = 69%%, 第二层 开
FRANK shard2: F降序
shard 2: 第一层存活 2/13 = 15%%, 第二层 跳过
probe[t=6s]: 51/53 起点被证伪，剩 2
DYN shard2: 373 calls, 151 refuted (40%)
FRANK shard3: F降序
shard 3: 第一层存活 5/13 = 38%%, 第二层 开
FRANK shard0: F降序
shard 0: 第一层存活 8/14 = 57%%, 第二层 开
probe[t=132s]: 47/53 起点被证伪，剩 6
DYN shard1: 16748 calls, 6187 refuted (37%)
probe[t=239s]: 48/53 起点被证伪，剩 5
DYN shard3: 11622 calls, 3988 refuted (34%)
probe[t=424s]: 45/53 起点被证伪，剩 8
DYN shard0: 18542 calls, 6380 refuted (34%)
