有向预计算：走向已定 83050/200564 (41.4%) | 无向判定率 45.9% -> 58.0% (46020 -> 58202 / 100282 边)
有向预计算：走向已定 83266/200564 (41.5%) | 无向判定率 58.0% -> 58.2% (58202 -> 58351 / 100282 边)
有向预计算：走向已定 83266/200564 (41.5%) | 无向判定率 58.2% -> 58.2% (58351 -> 58351 / 100282 边)
全局阶段：固定 58351 条边，起点候选 43 / 70368 (0.1%)
adaptive PROPDEPTH=999999 (fixed 58351 / 100282 edges; 第一层存活率>=SURVDEEP%再升深层)
shard 0: swarm 模式（43 个候选全员上，随机顺序）
shard 1: swarm 模式（43 个候选全员上，随机顺序）
shard 2: swarm 模式（43 个候选全员上，随机顺序）
shard 3: swarm 模式（43 个候选全员上，随机顺序）
shard 8: swarm 模式（43 个候选全员上，随机顺序）
shard 4: swarm 模式（43 个候选全员上，随机顺序）
shard 5: swarm 模式（43 个候选全员上，随机顺序）
shard 6: swarm 模式（43 个候选全员上，随机顺序）
shard 7: swarm 模式（43 个候选全员上，随机顺序）
shard 9: swarm 模式（43 个候选全员上，随机顺序）
shard 10: swarm 模式（43 个候选全员上，随机顺序）
shard 11: swarm 模式（43 个候选全员上，随机顺序）
shard 12: swarm 模式（43 个候选全员上，随机顺序）
shard 13: swarm 模式（43 个候选全员上，随机顺序）
shard 14: swarm 模式（43 个候选全员上，随机顺序）
shard 15: swarm 模式（43 个候选全员上，随机顺序）
shard 16: swarm 模式（43 个候选全员上，随机顺序）
shard 17: swarm 模式（43 个候选全员上，随机顺序）
shard 18: swarm 模式（43 个候选全员上，随机顺序）
shard 19: swarm 模式（43 个候选全员上，随机顺序）
FRANK shard19: F降序
shard 19: 第一层存活 1/2 = 50%%, 第二层 开
FRANK shard5: F降序
shard 5: 第一层存活 1/2 = 50%%, 第二层 开
FRANK shard13: F降序
shard 13: 第一层存活 1/2 = 50%%, 第二层 开
FRANK shard6: F降序
shard 6: 第一层存活 1/2 = 50%%, 第二层 开
FRANK shard4: F降序
shard 4: 第一层存活 1/2 = 50%%, 第二层 开
FRANK shard9: F降序
shard 9: 第一层存活 1/2 = 50%%, 第二层 开
FRANK shard17: F降序
shard 17: 第一层存活 1/2 = 50%%, 第二层 开
FRANK shard1: F降序
shard 1: 第一层存活 1/3 = 33%%, 第二层 开
FRANK shard2: F降序
shard 2: 第一层存活 1/3 = 33%%, 第二层 开
FRANK shard10: F降序
shard 10: 第一层存活 1/2 = 50%%, 第二层 开
FRANK shard7: F降序
shard 7: 第一层存活 1/2 = 50%%, 第二层 开
FRANK shard11: F降序
shard 11: 第一层存活 1/2 = 50%%, 第二层 开
FRANK shard15: F降序
shard 15: 第一层存活 1/2 = 50%%, 第二层 开
FRANK shard14: F降序
shard 14: 第一层存活 1/2 = 50%%, 第二层 开
FRANK shard8: F降序
shard 8: 第一层存活 1/2 = 50%%, 第二层 开
FRANK shard18: F降序
shard 18: 第一层存活 1/2 = 50%%, 第二层 开
FRANK shard16: F降序
shard 16: 第一层存活 1/2 = 50%%, 第二层 开
FRANK shard3: F降序
shard 3: 第一层存活 1/2 = 50%%, 第二层 开
FRANK shard0: F降序
shard 0: 第一层存活 1/3 = 33%%, 第二层 开
FRANK shard12: F降序
shard 12: 第一层存活 1/2 = 50%%, 第二层 开
probe[t=3s]: 42/43 起点被证伪，剩 1
DYN shard4: 1588 calls, 432 refuted (27%)
probe[t=3s]: 42/43 起点被证伪，剩 1
DYN shard13: 1712 calls, 484 refuted (28%)
probe[t=5s]: 42/43 起点被证伪，剩 1
DYN shard7: 1476 calls, 399 refuted (27%)
probe[t=5s]: 42/43 起点被证伪，剩 1
DYN shard19: 1582 calls, 428 refuted (27%)
probe[t=5s]: 42/43 起点被证伪，剩 1
DYN shard6: 1416 calls, 539 refuted (38%)
probe[t=5s]: 42/43 起点被证伪，剩 1
DYN shard1: 1494 calls, 375 refuted (25%)
probe[t=6s]: 42/43 起点被证伪，剩 1
DYN shard8: 1594 calls, 636 refuted (40%)
probe[t=6s]: 42/43 起点被证伪，剩 1
DYN shard9: 1502 calls, 575 refuted (38%)
probe[t=6s]: 42/43 起点被证伪，剩 1
DYN shard16: 1568 calls, 385 refuted (25%)
probe[t=6s]: 42/43 起点被证伪，剩 1
DYN shard2: 1710 calls, 666 refuted (39%)
probe[t=6s]: 42/43 起点被证伪，剩 1
DYN shard18: 1512 calls, 586 refuted (39%)
probe[t=6s]: 42/43 起点被证伪，剩 1
DYN shard3: 1420 calls, 537 refuted (38%)
probe[t=6s]: 42/43 起点被证伪，剩 1
DYN shard5: 1528 calls, 587 refuted (38%)
probe[t=6s]: 42/43 起点被证伪，剩 1
DYN shard17: 1524 calls, 593 refuted (39%)
probe[t=6s]: 42/43 起点被证伪，剩 1
DYN shard0: 1432 calls, 509 refuted (36%)
probe[t=7s]: 42/43 起点被证伪，剩 1
DYN shard12: 1508 calls, 540 refuted (36%)
probe[t=7s]: 42/43 起点被证伪，剩 1
DYN shard14: 1524 calls, 588 refuted (39%)
probe[t=7s]: 42/43 起点被证伪，剩 1
DYN shard15: 1510 calls, 538 refuted (36%)
probe[t=8s]: 42/43 起点被证伪，剩 1
DYN shard11: 1558 calls, 606 refuted (39%)
probe[t=10s]: 42/43 起点被证伪，剩 1
DYN shard10: 1664 calls, 423 refuted (25%)
STATS {"solved":1,"shard":8,"wall_s":34,"nodes_total":409460,"nodes_win":375418,"dth_liveend":0,"dth_estate":54498,"dth_reach":19982,"dth_dyn":8171,"dth_flow":0,"dth_geom":1610,"maxrss_kb":39900,"start_x":321,"start_y":136}
WINNER shard 8 tier 0 nodes 375418
