有向预计算：走向已定 73498/167246 (43.9%) | 无向判定率 46.1% -> 58.7% (38579 -> 49120 / 83623 边)
有向预计算：走向已定 74032/167246 (44.3%) | 无向判定率 58.7% -> 59.0% (49120 -> 49339 / 83623 边)
有向预计算：走向已定 74032/167246 (44.3%) | 无向判定率 59.0% -> 59.0% (49339 -> 49341 / 83623 边)
有向预计算：走向已定 74032/167246 (44.3%) | 无向判定率 59.0% -> 59.0% (49341 -> 49341 / 83623 边)
全局阶段：固定 49341 条边，起点候选 149 / 58645 (0.3%)
adaptive PROPDEPTH=999999 (fixed 49341 / 83623 edges; 第一层存活率>=SURVDEEP%再升深层)
FRANK shard11: F降序
shard 11: 第一层存活 0/7 = 0%%, 第二层 跳过
probe[t=0s]: 149/149 起点被证伪，剩 0
no solution found
STATS {"solved":0,"shard":11,"wall_s":0,"nodes_total":2,"nodes_win":-1,"dth_liveend":0,"dth_estate":3,"dth_reach":1,"dth_dyn":0,"dth_flow":0,"dth_geom":1,"maxrss_kb":15544,"start_x":-1,"start_y":-1}
FRANK shard6: F降序
shard 6: 第一层存活 0/8 = 0%%, 第二层 跳过
probe[t=0s]: 149/149 起点被证伪，剩 0
no solution found
STATS {"solved":0,"shard":6,"wall_s":0,"nodes_total":11,"nodes_win":-1,"dth_liveend":0,"dth_estate":7,"dth_reach":0,"dth_dyn":3,"dth_flow":0,"dth_geom":0,"maxrss_kb":16664,"start_x":-1,"start_y":-1}
FRANK shard13: F降序
shard 13: 第一层存活 0/7 = 0%%, 第二层 跳过
probe[t=0s]: 149/149 起点被证伪，剩 0
no solution found
STATS {"solved":0,"shard":13,"wall_s":0,"nodes_total":5,"nodes_win":-1,"dth_liveend":0,"dth_estate":5,"dth_reach":0,"dth_dyn":0,"dth_flow":0,"dth_geom":1,"maxrss_kb":15544,"start_x":-1,"start_y":-1}
FRANK shard9: F降序
shard 9: 第一层存活 0/7 = 0%%, 第二层 跳过
probe[t=0s]: 149/149 起点被证伪，剩 0
no solution found
STATS {"solved":0,"shard":9,"wall_s":0,"nodes_total":8,"nodes_win":-1,"dth_liveend":0,"dth_estate":5,"dth_reach":2,"dth_dyn":2,"dth_flow":0,"dth_geom":1,"maxrss_kb":16404,"start_x":-1,"start_y":-1}
FRANK shard0: F降序
shard 0: 第一层存活 0/8 = 0%%, 第二层 跳过
probe[t=0s]: 149/149 起点被证伪，剩 0
no solution found
STATS {"solved":0,"shard":0,"wall_s":0,"nodes_total":55,"nodes_win":-1,"dth_liveend":0,"dth_estate":12,"dth_reach":9,"dth_dyn":3,"dth_flow":0,"dth_geom":3,"maxrss_kb":16888,"start_x":-1,"start_y":-1}
FRANK shard19: F降序
shard 19: 第一层存活 0/7 = 0%%, 第二层 跳过
probe[t=0s]: 149/149 起点被证伪，剩 0
DYN shard19: 149 calls, 34 refuted (23%)
no solution found
STATS {"solved":0,"shard":19,"wall_s":0,"nodes_total":1269,"nodes_win":-1,"dth_liveend":0,"dth_estate":186,"dth_reach":147,"dth_dyn":34,"dth_flow":0,"dth_geom":34,"maxrss_kb":20248,"start_x":-1,"start_y":-1}
FRANK shard10: F降序
shard 10: 第一层存活 1/7 = 14%%, 第二层 跳过
probe[t=0s]: 148/149 起点被证伪，剩 1
DYN shard10: 180 calls, 40 refuted (22%)
FRANK shard4: F降序
shard 4: 第一层存活 1/8 = 12%%, 第二层 跳过
probe[t=0s]: 148/149 起点被证伪，剩 1
DYN shard4: 114 calls, 25 refuted (22%)
FRANK shard7: F降序
shard 7: 第一层存活 0/8 = 0%%, 第二层 跳过
probe[t=0s]: 149/149 起点被证伪，剩 0
DYN shard7: 202 calls, 43 refuted (21%)
no solution found
STATS {"solved":0,"shard":7,"wall_s":0,"nodes_total":1912,"nodes_win":-1,"dth_liveend":0,"dth_estate":301,"dth_reach":216,"dth_dyn":43,"dth_flow":0,"dth_geom":49,"maxrss_kb":20248,"start_x":-1,"start_y":-1}
FRANK shard2: F降序
shard 2: 第一层存活 0/8 = 0%%, 第二层 跳过
probe[t=0s]: 149/149 起点被证伪，剩 0
DYN shard2: 92 calls, 23 refuted (25%)
no solution found
STATS {"solved":0,"shard":2,"wall_s":0,"nodes_total":836,"nodes_win":-1,"dth_liveend":0,"dth_estate":119,"dth_reach":91,"dth_dyn":23,"dth_flow":0,"dth_geom":23,"maxrss_kb":20248,"start_x":-1,"start_y":-1}
FRANK shard5: F降序
shard 5: 第一层存活 0/8 = 0%%, 第二层 跳过
probe[t=0s]: 149/149 起点被证伪，剩 0
DYN shard5: 108 calls, 31 refuted (29%)
no solution found
STATS {"solved":0,"shard":5,"wall_s":0,"nodes_total":856,"nodes_win":-1,"dth_liveend":0,"dth_estate":115,"dth_reach":98,"dth_dyn":31,"dth_flow":0,"dth_geom":25,"maxrss_kb":20248,"start_x":-1,"start_y":-1}
FRANK shard14: F降序
shard 14: 第一层存活 1/7 = 14%%, 第二层 跳过
probe[t=0s]: 148/149 起点被证伪，剩 1
DYN shard14: 128 calls, 50 refuted (39%)
FRANK shard17: F降序
shard 17: 第一层存活 0/7 = 0%%, 第二层 跳过
probe[t=1s]: 149/149 起点被证伪，剩 0
DYN shard17: 181 calls, 56 refuted (31%)
no solution found
STATS {"solved":0,"shard":17,"wall_s":1,"nodes_total":1299,"nodes_win":-1,"dth_liveend":0,"dth_estate":176,"dth_reach":151,"dth_dyn":56,"dth_flow":0,"dth_geom":34,"maxrss_kb":20248,"start_x":-1,"start_y":-1}
FRANK shard3: F降序
shard 3: 第一层存活 0/8 = 0%%, 第二层 跳过
probe[t=1s]: 149/149 起点被证伪，剩 0
DYN shard3: 189 calls, 44 refuted (23%)
no solution found
STATS {"solved":0,"shard":3,"wall_s":1,"nodes_total":1498,"nodes_win":-1,"dth_liveend":0,"dth_estate":191,"dth_reach":192,"dth_dyn":44,"dth_flow":0,"dth_geom":52,"maxrss_kb":20024,"start_x":-1,"start_y":-1}
no solution found
STATS {"solved":0,"shard":4,"wall_s":1,"nodes_total":9560,"nodes_win":-1,"dth_liveend":0,"dth_estate":1318,"dth_reach":624,"dth_dyn":119,"dth_flow":0,"dth_geom":110,"maxrss_kb":21368,"start_x":-1,"start_y":-1}
FRANK shard8: F降序
shard 8: 第一层存活 2/8 = 25%%, 第二层 跳过
probe[t=1s]: 147/149 起点被证伪，剩 2
DYN shard8: 320 calls, 111 refuted (35%)
FRANK shard1: F降序
shard 1: 第一层存活 0/8 = 0%%, 第二层 跳过
probe[t=1s]: 149/149 起点被证伪，剩 0
DYN shard1: 293 calls, 71 refuted (24%)
no solution found
STATS {"solved":0,"shard":1,"wall_s":1,"nodes_total":2560,"nodes_win":-1,"dth_liveend":0,"dth_estate":405,"dth_reach":284,"dth_dyn":71,"dth_flow":0,"dth_geom":63,"maxrss_kb":20248,"start_x":-1,"start_y":-1}
FRANK shard16: F降序
shard 16: 第一层存活 2/7 = 28%%, 第二层 跳过
probe[t=1s]: 147/149 起点被证伪，剩 2
DYN shard16: 317 calls, 69 refuted (22%)
FRANK shard12: F降序
shard 12: 第一层存活 2/7 = 28%%, 第二层 跳过
probe[t=1s]: 147/149 起点被证伪，剩 2
DYN shard12: 322 calls, 96 refuted (30%)
FRANK shard15: F降序
shard 15: 第一层存活 2/7 = 28%%, 第二层 跳过
probe[t=1s]: 147/149 起点被证伪，剩 2
DYN shard15: 254 calls, 97 refuted (38%)
FRANK shard18: F降序
shard 18: 第一层存活 1/7 = 14%%, 第二层 跳过
probe[t=1s]: 148/149 起点被证伪，剩 1
DYN shard18: 287 calls, 77 refuted (27%)
no solution found
STATS {"solved":0,"shard":14,"wall_s":1,"nodes_total":8561,"nodes_win":-1,"dth_liveend":0,"dth_estate":1171,"dth_reach":471,"dth_dyn":183,"dth_flow":0,"dth_geom":57,"maxrss_kb":21368,"start_x":-1,"start_y":-1}
no solution found
STATS {"solved":0,"shard":16,"wall_s":3,"nodes_total":18309,"nodes_win":-1,"dth_liveend":0,"dth_estate":2589,"dth_reach":1284,"dth_dyn":274,"dth_flow":0,"dth_geom":230,"maxrss_kb":21816,"start_x":-1,"start_y":-1}
no solution found
STATS {"solved":0,"shard":15,"wall_s":3,"nodes_total":22859,"nodes_win":-1,"dth_liveend":0,"dth_estate":3160,"dth_reach":1254,"dth_dyn":453,"dth_flow":0,"dth_geom":150,"maxrss_kb":21592,"start_x":-1,"start_y":-1}
no solution found
STATS {"solved":0,"shard":18,"wall_s":4,"nodes_total":9277,"nodes_win":-1,"dth_liveend":0,"dth_estate":1257,"dth_reach":705,"dth_dyn":213,"dth_flow":0,"dth_geom":136,"maxrss_kb":21144,"start_x":-1,"start_y":-1}
STATS {"solved":1,"shard":8,"wall_s":6,"nodes_total":153301,"nodes_win":148497,"dth_liveend":0,"dth_estate":19457,"dth_reach":8294,"dth_dyn":2510,"dth_flow":0,"dth_geom":764,"maxrss_kb":33240,"start_x":100,"start_y":34}
