有向预计算：走向已定 76492/177522 (43.1%) | 无向判定率 46.7% -> 59.3% (41418 -> 52654 / 88761 边)
有向预计算：走向已定 77362/177522 (43.6%) | 无向判定率 59.3% -> 59.6% (52654 -> 52945 / 88761 边)
有向预计算：走向已定 77365/177522 (43.6%) | 无向判定率 59.6% -> 59.7% (52945 -> 52951 / 88761 边)
有向预计算：走向已定 77365/177522 (43.6%) | 无向判定率 59.7% -> 59.7% (52951 -> 52951 / 88761 边)
全局阶段：固定 52951 条边，起点候选 59 / 62392 (0.1%)
adaptive PROPDEPTH=999999 (fixed 52951 / 88761 edges; 第一层存活率>=SURVDEEP%再升深层)
shard 0: swarm 模式（59 个候选全员上，随机顺序）
shard 1: swarm 模式（59 个候选全员上，随机顺序）
shard 2: swarm 模式（59 个候选全员上，随机顺序）
shard 3: swarm 模式（59 个候选全员上，随机顺序）
shard 4: swarm 模式（59 个候选全员上，随机顺序）
shard 10: swarm 模式（59 个候选全员上，随机顺序）
shard 5: swarm 模式（59 个候选全员上，随机顺序）
shard 6: swarm 模式（59 个候选全员上，随机顺序）
shard 15: swarm 模式（59 个候选全员上，随机顺序）
shard 8: swarm 模式（59 个候选全员上，随机顺序）
shard 9: swarm 模式（59 个候选全员上，随机顺序）
shard 11: swarm 模式（59 个候选全员上，随机顺序）
shard 12: swarm 模式（59 个候选全员上，随机顺序）
shard 13: swarm 模式（59 个候选全员上，随机顺序）
shard 14: swarm 模式（59 个候选全员上，随机顺序）
shard 16: swarm 模式（59 个候选全员上，随机顺序）
shard 17: swarm 模式（59 个候选全员上，随机顺序）
shard 7: swarm 模式（59 个候选全员上，随机顺序）
shard 18: swarm 模式（59 个候选全员上，随机顺序）
shard 19: swarm 模式（59 个候选全员上，随机顺序）
FRANK shard8: F降序
shard 8: 第一层存活 16/3 = 533%%, 第二层 开
FRANK shard5: F降序
shard 5: 第一层存活 16/3 = 533%%, 第二层 开
FRANK shard2: F降序
shard 2: 第一层存活 16/3 = 533%%, 第二层 开
FRANK shard14: F降序
shard 14: 第一层存活 16/3 = 533%%, 第二层 开
FRANK shard17: F降序
shard 17: 第一层存活 16/3 = 533%%, 第二层 开
FRANK shard11: F降序
shard 11: 第一层存活 16/3 = 533%%, 第二层 开
FRANK shard0: F降序
shard 0: 第一层存活 17/3 = 566%%, 第二层 开
FRANK shard12: F降序
shard 12: 第一层存活 17/3 = 566%%, 第二层 开
FRANK shard18: F降序
shard 18: 第一层存活 17/3 = 566%%, 第二层 开
FRANK shard15: F降序
shard 15: 第一层存活 17/3 = 566%%, 第二层 开
FRANK shard9: F降序
shard 9: 第一层存活 17/3 = 566%%, 第二层 开
FRANK shard3: F降序
shard 3: 第一层存活 17/3 = 566%%, 第二层 开
FRANK shard6: F降序
shard 6: 第一层存活 17/3 = 566%%, 第二层 开
FRANK shard10: F降序
shard 10: 第一层存活 17/3 = 566%%, 第二层 开
FRANK shard16: F降序
shard 16: 第一层存活 17/3 = 566%%, 第二层 开
FRANK shard4: F降序
shard 4: 第一层存活 19/3 = 633%%, 第二层 开
FRANK shard19: F降序
shard 19: 第一层存活 18/2 = 900%%, 第二层 开
FRANK shard13: F降序
shard 13: 第一层存活 18/3 = 600%%, 第二层 开
FRANK shard7: F降序
shard 7: 第一层存活 17/3 = 566%%, 第二层 开
FRANK shard1: F降序
shard 1: 第一层存活 18/3 = 600%%, 第二层 开
probe[t=38s]: 43/59 起点被证伪，剩 16
DYN shard4: 29248 calls, 5649 refuted (19%)
probe[t=41s]: 43/59 起点被证伪，剩 16
DYN shard5: 25040 calls, 8559 refuted (34%)
probe[t=42s]: 43/59 起点被证伪，剩 16
DYN shard7: 29196 calls, 5855 refuted (20%)
probe[t=43s]: 43/59 起点被证伪，剩 16
DYN shard19: 30494 calls, 6503 refuted (21%)
probe[t=45s]: 43/59 起点被证伪，剩 16
DYN shard2: 25428 calls, 8831 refuted (35%)
probe[t=47s]: 43/59 起点被证伪，剩 16
DYN shard1: 30038 calls, 5614 refuted (19%)
probe[t=49s]: 43/59 起点被证伪，剩 16
DYN shard11: 26088 calls, 9505 refuted (36%)
probe[t=50s]: 43/59 起点被证伪，剩 16
DYN shard10: 29344 calls, 6001 refuted (20%)
probe[t=52s]: 43/59 起点被证伪，剩 16
DYN shard0: 27186 calls, 7355 refuted (27%)
probe[t=53s]: 43/59 起点被证伪，剩 16
DYN shard17: 25898 calls, 9907 refuted (38%)
probe[t=55s]: 43/59 起点被证伪，剩 16
DYN shard14: 25150 calls, 9654 refuted (38%)
probe[t=56s]: 43/59 起点被证伪，剩 16
DYN shard16: 30930 calls, 7042 refuted (23%)
probe[t=56s]: 43/59 起点被证伪，剩 16
DYN shard8: 26964 calls, 10560 refuted (39%)
probe[t=57s]: 43/59 起点被证伪，剩 16
DYN shard15: 27110 calls, 7189 refuted (27%)
probe[t=58s]: 43/59 起点被证伪，剩 16
DYN shard13: 29706 calls, 5614 refuted (19%)
probe[t=59s]: 43/59 起点被证伪，剩 16
DYN shard3: 26182 calls, 6709 refuted (26%)
probe[t=62s]: 43/59 起点被证伪，剩 16
DYN shard12: 27268 calls, 7054 refuted (26%)
probe[t=66s]: 43/59 起点被证伪，剩 16
DYN shard6: 26386 calls, 6727 refuted (25%)
probe[t=73s]: 43/59 起点被证伪，剩 16
DYN shard18: 27628 calls, 7564 refuted (27%)
probe[t=77s]: 43/59 起点被证伪，剩 16
DYN shard9: 26862 calls, 7081 refuted (26%)
STATS {"solved":1,"shard":2,"wall_s":129,"nodes_total":3001453,"nodes_win":2453548,"dth_liveend":0,"dth_estate":411370,"dth_reach":182199,"dth_dyn":57947,"dth_flow":0,"dth_geom":26463,"maxrss_kb":42544,"start_x":167,"start_y":187}
WINNER shard 2 tier 2 nodes 2453548
