  分治：12 块 144 对，可行 37 对，整块淘汰掉 0 格
有向预计算：走向已定 0/202468 (0.0%) | 无向判定率 0.0% -> 0.0% (0 -> 0 / 101234 边)
有向预计算：走向已定 0/202468 (0.0%) | 无向判定率 0.0% -> 0.0% (0 -> 0 / 101234 边)
全局阶段：固定 0 条边，起点候选 71004 / 71004 (100.0%)
adaptive PROPDEPTH=2 (fixed 0 / 101234 edges; 第一层存活率>=SURVDEEP%再升深层)
FRANK shard16: F降序
shard 16: 第一层存活 95% >= 38%，升深度传播(PD=64)
FRANK shard19: F降序
shard 19: 第一层存活 95% >= 38%，升深度传播(PD=64)
FRANK shard1: F降序
shard 1: 第一层存活 95% >= 38%，升深度传播(PD=64)
FRANK shard7: F降序
shard 7: 第一层存活 96% >= 38%，升深度传播(PD=64)
FRANK shard13: F降序
shard 13: 第一层存活 95% >= 38%，升深度传播(PD=64)
FRANK shard10: F降序
shard 10: 第一层存活 95% >= 38%，升深度传播(PD=64)
FRANK shard4: F降序
shard 4: 第一层存活 95% >= 38%，升深度传播(PD=64)
FRANK shard22: F降序
shard 22: 第一层存活 95% >= 38%，升深度传播(PD=64)
FRANK shard2: F降序
shard 2: 第一层存活 94% >= 38%，升深度传播(PD=64)
FRANK shard20: F降序
shard 20: 第一层存活 95% >= 38%，升深度传播(PD=64)
FRANK shard18: F降序
shard 18: 第一层存活 95% >= 38%，升深度传播(PD=64)
FRANK shard15: F降序
shard 15: 第一层存活 95% >= 38%，升深度传播(PD=64)
shard 16: 1.5 层深层重探后剩 2821
shard 16: 第一层存活 2821/2958 = 95%%, 第二层 开
shard 7: 1.5 层深层重探后剩 2827
shard 7: 第一层存活 2827/2959 = 95%%, 第二层 开
shard 1: 1.5 层深层重探后剩 2821
shard 1: 第一层存活 2821/2959 = 95%%, 第二层 开
shard 19: 1.5 层深层重探后剩 2828
shard 19: 第一层存活 2828/2958 = 95%%, 第二层 开
shard 13: 1.5 层深层重探后剩 2817
shard 13: 第一层存活 2817/2958 = 95%%, 第二层 开
FRANK shard23: F降序
shard 23: 第一层存活 94% >= 38%，升深度传播(PD=64)
FRANK shard17: F降序
shard 17: 第一层存活 96% >= 38%，升深度传播(PD=64)
FRANK shard8: F降序
shard 8: 第一层存活 95% >= 38%，升深度传播(PD=64)
FRANK shard11: F降序
shard 11: 第一层存活 95% >= 38%，升深度传播(PD=64)
FRANK shard14: F降序
shard 14: 第一层存活 95% >= 38%，升深度传播(PD=64)
FRANK shard21: F降序
shard 21: 第一层存活 95% >= 38%，升深度传播(PD=64)
FRANK shard0: F降序
shard 0: 第一层存活 95% >= 38%，升深度传播(PD=64)
FRANK shard3: F降序
shard 3: 第一层存活 94% >= 38%，升深度传播(PD=64)
FRANK shard5: F降序
shard 5: 第一层存活 94% >= 38%，升深度传播(PD=64)
FRANK shard6: F降序
shard 6: 第一层存活 95% >= 38%，升深度传播(PD=64)
FRANK shard9: F降序
shard 9: 第一层存活 95% >= 38%，升深度传播(PD=64)
FRANK shard12: F降序
shard 12: 第一层存活 95% >= 38%，升深度传播(PD=64)
shard 10: 1.5 层深层重探后剩 2824
shard 10: 第一层存活 2824/2959 = 95%%, 第二层 开
shard 4: 1.5 层深层重探后剩 2803
shard 4: 第一层存活 2803/2959 = 94%%, 第二层 开
shard 22: 1.5 层深层重探后剩 2811
shard 22: 第一层存活 2811/2958 = 95%%, 第二层 开
shard 2: 1.5 层深层重探后剩 2806
shard 2: 第一层存活 2806/2959 = 94%%, 第二层 开
shard 20: 1.5 层深层重探后剩 2833
shard 20: 第一层存活 2833/2958 = 95%%, 第二层 开
shard 18: 1.5 层深层重探后剩 2824
shard 18: 第一层存活 2824/2958 = 95%%, 第二层 开
shard 15: 1.5 层深层重探后剩 2827
shard 15: 第一层存活 2827/2958 = 95%%, 第二层 开
shard 23: 1.5 层深层重探后剩 2809
shard 23: 第一层存活 2809/2958 = 94%%, 第二层 开
shard 17: 1.5 层深层重探后剩 2845
shard 17: 第一层存活 2845/2958 = 96%%, 第二层 开
shard 8: 1.5 层深层重探后剩 2821
shard 8: 第一层存活 2821/2959 = 95%%, 第二层 开
shard 14: 1.5 层深层重探后剩 2814
shard 14: 第一层存活 2814/2958 = 95%%, 第二层 开
shard 11: 1.5 层深层重探后剩 2818
shard 11: 第一层存活 2818/2959 = 95%%, 第二层 开
shard 5: 1.5 层深层重探后剩 2805
shard 5: 第一层存活 2805/2959 = 94%%, 第二层 开
shard 21: 1.5 层深层重探后剩 2820
shard 21: 第一层存活 2820/2958 = 95%%, 第二层 开
shard 3: 1.5 层深层重探后剩 2805
shard 3: 第一层存活 2805/2959 = 94%%, 第二层 开
shard 0: 1.5 层深层重探后剩 2834
shard 0: 第一层存活 2834/2959 = 95%%, 第二层 开
shard 6: 1.5 层深层重探后剩 2836
shard 6: 第一层存活 2836/2959 = 95%%, 第二层 开
shard 9: 1.5 层深层重探后剩 2818
shard 9: 第一层存活 2818/2959 = 95%%, 第二层 开
shard 12: 1.5 层深层重探后剩 2826
shard 12: 第一层存活 2826/2958 = 95%%, 第二层 开
probe[t=1339s]: 70933/71004 起点被证伪，剩 71
DYN shard13: 356855 calls, 127163 refuted (36%)
probe[t=1360s]: 70928/71004 起点被证伪，剩 76
DYN shard16: 359680 calls, 128141 refuted (36%)
probe[t=1403s]: 70920/71004 起点被证伪，剩 84
DYN shard20: 361150 calls, 130980 refuted (36%)
probe[t=1405s]: 70924/71004 起点被证伪，剩 80
DYN shard11: 352303 calls, 126294 refuted (36%)
probe[t=1411s]: 70927/71004 起点被证伪，剩 77
DYN shard17: 363474 calls, 130878 refuted (36%)
probe[t=1419s]: 70916/71004 起点被证伪，剩 88
DYN shard1: 372297 calls, 133710 refuted (36%)
probe[t=1420s]: 70916/71004 起点被证伪，剩 88
DYN shard2: 371587 calls, 134016 refuted (36%)
probe[t=1423s]: 70923/71004 起点被证伪，剩 81
DYN shard19: 378983 calls, 136113 refuted (36%)
probe[t=1426s]: 70925/71004 起点被证伪，剩 79
DYN shard22: 366846 calls, 132062 refuted (36%)
probe[t=1427s]: 70912/71004 起点被证伪，剩 92
DYN shard7: 378829 calls, 136576 refuted (36%)
probe[t=1443s]: 70920/71004 起点被证伪，剩 84
DYN shard14: 372554 calls, 134658 refuted (36%)
probe[t=1464s]: 70913/71004 起点被证伪，剩 91
DYN shard4: 385356 calls, 139424 refuted (36%)
probe[t=1468s]: 70915/71004 起点被证伪，剩 89
DYN shard8: 371478 calls, 134902 refuted (36%)
probe[t=1480s]: 70914/71004 起点被证伪，剩 90
DYN shard23: 376695 calls, 136866 refuted (36%)
probe[t=1486s]: 70911/71004 起点被证伪，剩 93
DYN shard5: 382107 calls, 138424 refuted (36%)
probe[t=1490s]: 70910/71004 起点被证伪，剩 94
DYN shard10: 386512 calls, 139797 refuted (36%)
probe[t=2035s]: 70889/71004 起点被证伪，剩 115
DYN shard12: 457596 calls, 137769 refuted (30%)
probe[t=2112s]: 70886/71004 起点被证伪，剩 118
DYN shard15: 488335 calls, 143781 refuted (29%)
probe[t=2129s]: 70885/71004 起点被证伪，剩 119
DYN shard18: 487906 calls, 146728 refuted (30%)
probe[t=2165s]: 70876/71004 起点被证伪，剩 128
DYN shard6: 503768 calls, 150499 refuted (30%)
probe[t=2170s]: 70862/71004 起点被证伪，剩 142
DYN shard3: 513991 calls, 153818 refuted (30%)
probe[t=2201s]: 70874/71004 起点被证伪，剩 130
DYN shard21: 499670 calls, 149849 refuted (30%)
probe[t=2214s]: 70879/71004 起点被证伪，剩 125
DYN shard0: 514572 calls, 154587 refuted (30%)
probe[t=2264s]: 70869/71004 起点被证伪，剩 135
DYN shard9: 524182 calls, 157508 refuted (30%)
STATS {"solved":1,"shard":1,"wall_s":2308,"nodes_total":11293129,"nodes_win":923658,"dth_liveend":0,"dth_estate":1434442,"dth_reach":901335,"dth_dyn":192962,"dth_flow":0,"dth_geom":148841,"maxrss_kb":1514204,"start_x":262,"start_y":136}
