有向预计算：走向已定 65228/147922 (44.1%) | 无向判定率 46.9% -> 59.7% (34723 -> 44131 / 73961 边)
有向预计算：走向已定 65617/147922 (44.4%) | 无向判定率 59.7% -> 59.9% (44131 -> 44273 / 73961 边)
有向预计算：走向已定 65672/147922 (44.4%) | 无向判定率 59.9% -> 59.9% (44273 -> 44282 / 73961 边)
有向预计算：走向已定 65672/147922 (44.4%) | 无向判定率 59.9% -> 59.9% (44282 -> 44282 / 73961 边)
全局阶段：固定 44282 条边，起点候选 40 / 52081 (0.1%)
adaptive PROPDEPTH=999999 (fixed 44282 / 73961 edges; 第一层存活率>=SURVDEEP%再升深层)
shard 0: swarm 模式（40 个候选全员上，随机顺序）
shard 1: swarm 模式（40 个候选全员上，随机顺序）
shard 2: swarm 模式（40 个候选全员上，随机顺序）
shard 3: swarm 模式（40 个候选全员上，随机顺序）
shard 4: swarm 模式（40 个候选全员上，随机顺序）
shard 5: swarm 模式（40 个候选全员上，随机顺序）
shard 6: swarm 模式（40 个候选全员上，随机顺序）
shard 7: swarm 模式（40 个候选全员上，随机顺序）
shard 8: swarm 模式（40 个候选全员上，随机顺序）
shard 9: swarm 模式（40 个候选全员上，随机顺序）
shard 10: swarm 模式（40 个候选全员上，随机顺序）
shard 11: swarm 模式（40 个候选全员上，随机顺序）
shard 12: swarm 模式（40 个候选全员上，随机顺序）
shard 13: swarm 模式（40 个候选全员上，随机顺序）
shard 14: swarm 模式（40 个候选全员上，随机顺序）
shard 15: swarm 模式（40 个候选全员上，随机顺序）
shard 16: swarm 模式（40 个候选全员上，随机顺序）
shard 17: swarm 模式（40 个候选全员上，随机顺序）
shard 18: swarm 模式（40 个候选全员上，随机顺序）
shard 19: swarm 模式（40 个候选全员上，随机顺序）
FRANK shard1: F降序
shard 1: 第一层存活 9/2 = 450%%, 第二层 开
FRANK shard10: F降序
shard 10: 第一层存活 9/2 = 450%%, 第二层 开
FRANK shard4: F降序
shard 4: 第一层存活 9/2 = 450%%, 第二层 开
FRANK shard16: F降序
shard 16: 第一层存活 9/2 = 450%%, 第二层 开
FRANK shard19: F降序
shard 19: 第一层存活 10/2 = 500%%, 第二层 开
FRANK shard2: F降序
shard 2: 第一层存活 9/2 = 450%%, 第二层 开
FRANK shard8: F降序
shard 8: 第一层存活 9/2 = 450%%, 第二层 开
FRANK shard17: F降序
shard 17: 第一层存活 9/2 = 450%%, 第二层 开
FRANK shard11: F降序
shard 11: 第一层存活 9/2 = 450%%, 第二层 开
FRANK shard7: F降序
shard 7: 第一层存活 9/2 = 450%%, 第二层 开
FRANK shard0: F降序
shard 0: 第一层存活 9/2 = 450%%, 第二层 开
FRANK shard6: F降序
shard 6: 第一层存活 9/2 = 450%%, 第二层 开
FRANK shard14: F降序
shard 14: 第一层存活 9/2 = 450%%, 第二层 开
FRANK shard9: F降序
shard 9: 第一层存活 9/2 = 450%%, 第二层 开
FRANK shard18: F降序
shard 18: 第一层存活 9/2 = 450%%, 第二层 开
FRANK shard12: F降序
shard 12: 第一层存活 9/2 = 450%%, 第二层 开
FRANK shard5: F降序
shard 5: 第一层存活 9/2 = 450%%, 第二层 开
FRANK shard13: F降序
shard 13: 第一层存活 9/2 = 450%%, 第二层 开
FRANK shard15: F降序
shard 15: 第一层存活 9/2 = 450%%, 第二层 开
FRANK shard3: F降序
shard 3: 第一层存活 9/2 = 450%%, 第二层 开
probe[t=9s]: 36/40 起点被证伪，剩 4
DYN shard7: 13786 calls, 3659 refuted (27%)
probe[t=13s]: 36/40 起点被证伪，剩 4
DYN shard1: 14012 calls, 3657 refuted (26%)
probe[t=14s]: 36/40 起点被证伪，剩 4
DYN shard10: 13870 calls, 3778 refuted (27%)
probe[t=16s]: 36/40 起点被证伪，剩 4
DYN shard16: 13446 calls, 3456 refuted (26%)
probe[t=17s]: 36/40 起点被证伪，剩 4
DYN shard4: 13720 calls, 3586 refuted (26%)
STATS {"solved":1,"shard":7,"wall_s":17,"nodes_total":671191,"nodes_win":374908,"dth_liveend":0,"dth_estate":90318,"dth_reach":42825,"dth_dyn":9907,"dth_flow":0,"dth_geom":7672,"maxrss_kb":30784,"start_x":7,"start_y":163}
WINNER shard 7 tier 3 nodes 374908
