有向预计算：走向已定 60957/146006 (41.7%) | 无向判定率 45.8% -> 58.0% (33426 -> 42359 / 73003 边)
有向预计算：走向已定 61560/146006 (42.2%) | 无向判定率 58.0% -> 58.3% (42359 -> 42547 / 73003 边)
有向预计算：走向已定 61560/146006 (42.2%) | 无向判定率 58.3% -> 58.3% (42547 -> 42554 / 73003 边)
有向预计算：走向已定 61560/146006 (42.2%) | 无向判定率 58.3% -> 58.3% (42554 -> 42554 / 73003 边)
全局阶段：固定 42554 条边，起点候选 28 / 51288 (0.1%)
adaptive PROPDEPTH=999999 (fixed 42554 / 73003 edges; 第一层存活率>=SURVDEEP%再升深层)
shard 0: swarm 模式（28 个候选全员上，随机顺序）
shard 2: swarm 模式（28 个候选全员上，随机顺序）
shard 1: swarm 模式（28 个候选全员上，随机顺序）
shard 10: swarm 模式（28 个候选全员上，随机顺序）
shard 3: swarm 模式（28 个候选全员上，随机顺序）
shard 4: swarm 模式（28 个候选全员上，随机顺序）
shard 5: swarm 模式（28 个候选全员上，随机顺序）
shard 6: swarm 模式（28 个候选全员上，随机顺序）
shard 7: swarm 模式（28 个候选全员上，随机顺序）
shard 8: swarm 模式（28 个候选全员上，随机顺序）
shard 9: swarm 模式（28 个候选全员上，随机顺序）
shard 11: swarm 模式（28 个候选全员上，随机顺序）
shard 12: swarm 模式（28 个候选全员上，随机顺序）
shard 13: swarm 模式（28 个候选全员上，随机顺序）
shard 14: swarm 模式（28 个候选全员上，随机顺序）
shard 15: swarm 模式（28 个候选全员上，随机顺序）
shard 16: swarm 模式（28 个候选全员上，随机顺序）
shard 17: swarm 模式（28 个候选全员上，随机顺序）
shard 18: swarm 模式（28 个候选全员上，随机顺序）
shard 19: swarm 模式（28 个候选全员上，随机顺序）
FRANK shard7: F降序
shard 7: 第一层存活 4/2 = 200%%, 第二层 开
FRANK shard4: F降序
shard 4: 第一层存活 4/2 = 200%%, 第二层 开
FRANK shard19: F降序
shard 19: 第一层存活 4/1 = 400%%, 第二层 开
FRANK shard1: F降序
shard 1: 第一层存活 4/2 = 200%%, 第二层 开
FRANK shard13: F降序
shard 13: 第一层存活 4/1 = 400%%, 第二层 开
FRANK shard10: F降序
shard 10: 第一层存活 4/1 = 400%%, 第二层 开
FRANK shard16: F降序
shard 16: 第一层存活 4/1 = 400%%, 第二层 开
FRANK shard8: F降序
shard 8: 第一层存活 4/1 = 400%%, 第二层 开
FRANK shard2: F降序
shard 2: 第一层存活 4/2 = 200%%, 第二层 开
FRANK shard17: F降序
shard 17: 第一层存活 4/1 = 400%%, 第二层 开
FRANK shard5: F降序
shard 5: 第一层存活 4/2 = 200%%, 第二层 开
FRANK shard14: F降序
shard 14: 第一层存活 4/1 = 400%%, 第二层 开
FRANK shard15: F降序
shard 15: 第一层存活 4/1 = 400%%, 第二层 开
FRANK shard12: F降序
FRANK shard9: F降序
shard 9: 第一层存活 4/1 = 400%%, 第二层 开
shard 12: 第一层存活 4/1 = 400%%, 第二层 开
FRANK shard11: F降序
shard 11: 第一层存活 4/1 = 400%%, 第二层 开
FRANK shard0: F降序
shard 0: 第一层存活 4/2 = 200%%, 第二层 开
FRANK shard3: F降序
shard 3: 第一层存活 4/2 = 200%%, 第二层 开
FRANK shard6: F降序
shard 6: 第一层存活 4/2 = 200%%, 第二层 开
FRANK shard18: F降序
shard 18: 第一层存活 4/1 = 400%%, 第二层 开
probe[t=2s]: 24/28 起点被证伪，剩 4
DYN shard4: 6862 calls, 1823 refuted (27%)
probe[t=3s]: 24/28 起点被证伪，剩 4
DYN shard1: 6402 calls, 1569 refuted (25%)
probe[t=5s]: 24/28 起点被证伪，剩 4
DYN shard19: 6618 calls, 1754 refuted (27%)
probe[t=6s]: 24/28 起点被证伪，剩 4
DYN shard7: 6288 calls, 1544 refuted (25%)
probe[t=6s]: 24/28 起点被证伪，剩 4
DYN shard13: 6766 calls, 1777 refuted (26%)
probe[t=7s]: 24/28 起点被证伪，剩 4
DYN shard16: 6438 calls, 1603 refuted (25%)
probe[t=9s]: 24/28 起点被证伪，剩 4
DYN shard10: 6648 calls, 1765 refuted (27%)
STATS {"solved":1,"shard":1,"wall_s":10,"nodes_total":516942,"nodes_win":379321,"dth_liveend":0,"dth_estate":70785,"dth_reach":32833,"dth_dyn":7149,"dth_flow":0,"dth_geom":5266,"maxrss_kb":30852,"start_x":266,"start_y":242}
WINNER shard 1 tier 1 nodes 379321
