1,0 no
2,0 no
3,0 no
4,0 no
5,0 no
6,0 no
7,0 no
9,0 no
10,0 no
11,0 no
12,0 no
14,0 no
15,0 no
17,0 no
18,0 no
19,0 no
20,0 no
21,0 no
22,0 no
23,0 no
24,0 no
28,0 no
29,0 no
30,0 no
32,0 no
33,0 no
34,0 no
0,1 no
1,1 no
5,1 no
6,1 no
7,1 no
9,1 no
12,1 no
14,1 no
15,1 no
16,1 no
17,1 no
19,1 no
20,1 no
21,1 no
22,1 no
23,1 no
24,1 no
25,1 no
26,1 no
28,1 no
30,1 no
31,1 no
32,1 no
34,1 no
35,1 no
0,2 no
1,2 no
2,2 no
5,2 no
6,2 no
8,2 no
9,2 no
12,2 no
13,2 no
14,2 no
18,2 no
19,2 no
20,2 no
21,2 no
22,2 no
23,2 no
25,2 no
26,2 no
27,2 no
28,2 no
31,2 no
32,2 no
35,2 no
2,3 no
3,3 no
4,3 no
6,3 no
7,3 no
8,3 no
15,3 no
16,3 no
17,3 no
18,3 no
20,3 no
21,3 no
22,3 no
23,3 no
24,3 no
25,3 no
29,3 no
30,3 no
31,3 no
32,3 no
35,3 no
0,4 no
1,4 no
4,4 no
6,4 no
7,4 no
11,4 no
12,4 no
13,4 no
14,4 no
15,4 no
16,4 no
17,4 no
22,4 no
23,4 no
24,4 no
25,4 no
26,4 no
27,4 no
28,4 no
29,4 no
30,4 no
32,4 no
33,4 no
34,4 no
35,4 no
0,5 no
1,5 no
2,5 no
4,5 no
5,5 no
6,5 no
7,5 no
11,5 no
12,5 no
13,5 no
14,5 no
15,5 no
16,5 no
17,5 no
19,5 no
20,5 no
22,5 no
23,5 no
24,5 no
25,5 no
26,5 no
28,5 no
30,5 no
31,5 no
32,5 no
33,5 no
34,5 no
0,6 no
2,6 no
3,6 no
4,6 no
5,6 no
13,6 no
14,6 no
15,6 no
16,6 no
17,6 no
19,6 no
20,6 no
21,6 no
22,6 no
25,6 no
26,6 no
28,6 no
29,6 no
30,6 no
31,6 no
34,6 no
0,7 no
2,7 no
3,7 no
5,7 no
6,7 no
7,7 no
8,7 no
9,7 no
10,7 no
11,7 no
12,7 no
13,7 no
14,7 no
15,7 no
16,7 no
17,7 no
18,7 no
19,7 no
23,7 no
24,7 no
25,7 no
27,7 no
28,7 no
29,7 no
31,7 no
32,7 no
33,7 no
34,7 no
0,8 no
1,8 no
2,8 no
3,8 no
4,8 no
5,8 no
6,8 no
7,8 no
8,8 no
9,8 no
12,8 no
13,8 no
14,8 no
15,8 no
16,8 no
20,8 no
21,8 no
22,8 no
23,8 no
27,8 no
28,8 no
29,8 no
30,8 no
31,8 no
32,8 no
4,9 no
5,9 no
6,9 no
8,9 no
9,9 no
12,9 no
13,9 no
14,9 no
16,9 no
17,9 no
18,9 no
19,9 no
20,9 no
22,9 no
23,9 no
25,9 no
26,9 no
27,9 no
28,9 no
29,9 no
30,9 no
32,9 no
33,9 no
34,9 no
35,9 no
0,10 no
1,10 no
3,10 no
4,10 no
5,10 no
6,10 no
8,10 no
14,10 no
15,10 no
16,10 no
19,10 no
20,10 no
22,10 no
23,10 no
24,10 no
25,10 no
27,10 no
28,10 no
29,10 no
30,10 no
31,10 no
33,10 no
34,10 no
35,10 no
0,11 no
1,11 no
2,11 no
3,11 no
6,11 no
7,11 no
8,11 no
9,11 no
10,11 no
11,11 no
12,11 no
13,11 no
14,11 no
15,11 no
19,11 no
20,11 no
21,11 no
22,11 no
24,11 no
25,11 no
26,11 no
27,11 no
28,11 no
29,11 no
31,11 no
32,11 no
33,11 no
34,11 no
0,12 no
1,12 no
2,12 no
3,12 no
4,12 no
5,12 no
6,12 no
7,12 no
10,12 no
11,12 no
12,12 no
13,12 no
14,12 no
15,12 no
16,12 no
17,12 no
19,12 no
20,12 no
21,12 no
22,12 no
23,12 no
24,12 no
25,12 no
26,12 no
28,12 no
29,12 no
30,12 no
31,12 no
32,12 no
34,12 no
0,13 no
1,13 no
2,13 no
5,13 no
6,13 no
7,13 no
10,13 no
11,13 no
12,13 no
14,13 no
15,13 no
16,13 no
17,13 no
18,13 no
19,13 no
20,13 no
21,13 no
23,13 no
24,13 no
25,13 no
26,13 no
27,13 no
28,13 no
30,13 no
32,13 no
33,13 no
34,13 no
35,13 no
0,14 no
2,14 no
7,14 no
8,14 no
10,14 no
11,14 no
12,14 no
16,14 no
17,14 no
18,14 no
19,14 no
20,14 no
21,14 no
23,14 no
27,14 no
28,14 no
30,14 no
31,14 no
32,14 no
33,14 no
35,14 no
0,15 no
2,15 no
3,15 no
6,15 no
7,15 no
8,15 no
10,15 no
11,15 no
12,15 no
13,15 no
14,15 SOLVABLE
15,15 no
16,15 no
17,15 no
18,15 no
19,15 no
20,15 no
21,15 no
23,15 no
27,15 no
28,15 no
33,15 no
34,15 no
35,15 no
0,16 no
3,16 no
4,16 no
5,16 no
6,16 no
10,16 no
11,16 no
12,16 no
13,16 no
14,16 no
15,16 no
23,16 no
25,16 no
26,16 no
27,16 no
28,16 no
31,16 no
32,16 no
33,16 no
34,16 no
35,16 no
0,17 no
1,17 no
2,17 no
3,17 no
4,17 no
6,17 no
7,17 no
11,17 no
12,17 no
13,17 no
14,17 no
15,17 no
16,17 no
18,17 no
19,17 no
20,17 no
21,17 no
22,17 no
23,17 no
25,17 no
26,17 no
27,17 no
28,17 no
31,17 no
32,17 no
33,17 no
34,17 no
35,17 no
2,18 no
3,18 no
4,18 no
5,18 no
6,18 no
7,18 no
9,18 no
10,18 no
11,18 no
13,18 no
14,18 no
16,18 no
17,18 no
18,18 no
19,18 no
20,18 no
21,18 no
25,18 no
26,18 no
27,18 no
0,19 no
1,19 no
2,19 no
3,19 no
4,19 no
7,19 no
8,19 no
9,19 no
12,19 no
13,19 no
14,19 no
15,19 no
16,19 no
17,19 no
18,19 no
19,19 no
21,19 no
22,19 no
25,19 no
27,19 no
28,19 no
29,19 no
30,19 no
31,19 no
32,19 no
33,19 no
34,19 no
35,19 no
0,20 no
4,20 no
5,20 no
6,20 no
7,20 no
8,20 no
9,20 no
12,20 no
14,20 no
15,20 no
22,20 no
23,20 no
24,20 no
25,20 no
31,20 no
32,20 no
33,20 no
34,20 no
35,20 no
0,21 no
2,21 no
3,21 no
4,21 no
5,21 no
7,21 no
8,21 no
9,21 no
10,21 no
11,21 no
12,21 no
18,21 no
19,21 no
24,21 no
25,21 no
26,21 no
27,21 no
28,21 no
29,21 no
31,21 no
32,21 no
33,21 no
34,21 no
0,22 no
1,22 no
2,22 no
3,22 no
5,22 no
6,22 no
7,22 no
8,22 no
10,22 no
11,22 no
12,22 no
13,22 no
16,22 no
17,22 no
18,22 no
19,22 no
21,22 no
22,22 no
24,22 no
25,22 no
26,22 no
27,22 no
28,22 no
29,22 no
32,22 no
33,22 no
34,22 no
1,23 no
3,23 no
4,23 no
5,23 no
6,23 no
8,23 no
13,23 no
14,23 no
15,23 no
16,23 no
17,23 no
19,23 no
20,23 no
21,23 no
22,23 no
25,23 no
26,23 no
27,23 no
28,23 no
29,23 no
31,23 no
32,23 no
33,23 no
34,23 no
1,24 no
2,24 no
3,24 no
4,24 no
5,24 no
6,24 no
7,24 no
8,24 no
9,24 no
11,24 no
12,24 no
13,24 no
14,24 no
15,24 no
17,24 no
18,24 no
19,24 no
20,24 no
22,24 no
23,24 no
25,24 no
26,24 no
27,24 no
29,24 no
30,24 no
31,24 no
33,24 no
34,24 no
0,25 no
1,25 no
2,25 no
7,25 no
9,25 no
10,25 no
11,25 no
13,25 no
14,25 no
15,25 no
16,25 no
17,25 no
18,25 no
20,25 no
21,25 no
22,25 no
23,25 no
27,25 no
28,25 no
29,25 no
30,25 no
33,25 no
34,25 no
0,26 no
2,26 no
3,26 no
4,26 no
5,26 no
6,26 no
7,26 no
9,26 no
10,26 no
11,26 no
12,26 no
13,26 no
14,26 no
15,26 no
16,26 no
18,26 no
19,26 no
20,26 no
21,26 no
24,26 no
25,26 no
26,26 no
30,26 no
31,26 no
32,26 no
33,26 no
0,27 no
2,27 no
3,27 no
7,27 no
8,27 no
9,27 no
10,27 no
11,27 no
12,27 no
14,27 no
15,27 no
16,27 no
19,27 no
20,27 no
21,27 no
23,27 no
24,27 no
26,27 no
28,27 no
29,27 no
30,27 no
31,27 no
33,27 no
0,28 no
2,28 no
3,28 no
4,28 no
5,28 no
6,28 no
7,28 no
8,28 no
11,28 no
12,28 no
13,28 no
14,28 no
17,28 no
18,28 no
19,28 no
21,28 no
22,28 no
23,28 no
26,28 no
27,28 no
28,28 no
29,28 no
31,28 no
33,28 no
0,29 no
1,29 no
2,29 no
3,29 no
8,29 no
9,29 no
11,29 no
13,29 no
14,29 no
16,29 no
17,29 no
19,29 no
20,29 no
21,29 no
24,29 no
25,29 no
26,29 no
27,29 no
29,29 no
30,29 no
31,29 no
33,29 no
34,29 no
35,29 no
1,30 no
3,30 no
4,30 no
5,30 no
6,30 no
7,30 no
9,30 no
10,30 no
11,30 no
12,30 no
13,30 no
15,30 no
16,30 no
19,30 no
20,30 no
21,30 no
24,30 no
25,30 no
26,30 no
27,30 no
28,30 no
30,30 no
31,30 no
32,30 no
34,30 no
35,30 no
1,31 no
3,31 no
4,31 no
6,31 no
7,31 no
8,31 no
9,31 no
10,31 no
13,31 no
15,31 no
16,31 no
17,31 no
18,31 no
19,31 no
20,31 no
21,31 no
23,31 no
24,31 no
25,31 no
26,31 no
28,31 no
29,31 no
30,31 no
32,31 no
33,31 no
34,31 no
1,32 no
5,32 no
6,32 no
8,32 no
9,32 no
10,32 no
11,32 no
12,32 no
13,32 no
18,32 no
19,32 no
20,32 no
21,32 no
22,32 no
23,32 no
26,32 no
27,32 no
29,32 no
30,32 no
31,32 no
32,32 no
33,32 no
34,32 no
35,32 no
0,33 no
1,33 no
3,33 no
4,33 no
5,33 no
7,33 no
8,33 no
12,33 no
13,33 no
14,33 no
15,33 no
16,33 no
17,33 no
18,33 no
20,33 no
21,33 no
22,33 no
27,33 no
28,33 no
29,33 no
31,33 no
32,33 no
33,33 no
35,33 no
0,34 no
1,34 no
2,34 no
3,34 no
4,34 no
5,34 no
7,34 no
8,34 no
9,34 no
10,34 no
11,34 no
12,34 no
15,34 no
16,34 no
17,34 no
18,34 no
19,34 no
20,34 no
21,34 no
22,34 no
26,34 no
27,34 no
28,34 no
29,34 no
30,34 no
31,34 no
33,34 no
34,34 no
35,34 no
4,35 no
5,35 no
7,35 no
8,35 no
9,35 no
10,35 no
11,35 no
12,35 no
13,35 no
14,35 no
15,35 no
17,35 no
18,35 no
19,35 no
20,35 no
21,35 no
22,35 no
23,35 no
24,35 no
25,35 no
26,35 no
30,35 no
31,35 no
34,35 no
35,35 no
ALLDONE
