1,0 pdead
2,0 pdead
3,0 pdead
4,0 pdead
5,0 pdead
6,0 pdead
7,0 pdead
9,0 pdead
10,0 pdead
11,0 pdead
12,0 pdead
14,0 pdead
15,0 pdead
17,0 pdead
18,0 pdead
19,0 pdead
20,0 pdead
21,0 pdead
22,0 pdead
23,0 pdead
24,0 pdead
28,0 pdead
29,0 pdead
30,0 pdead
32,0 pdead
33,0 pdead
34,0 pdead
0,1 pdead
1,1 pdead
5,1 pdead
6,1 pdead
7,1 pdead
9,1 pdead
12,1 pdead
14,1 pdead
15,1 pdead
16,1 pdead
17,1 pdead
19,1 pdead
20,1 PSURV
21,1 PSURV
22,1 pdead
23,1 PSURV
24,1 pdead
25,1 pdead
26,1 pdead
28,1 pdead
30,1 pdead
31,1 pdead
32,1 pdead
34,1 pdead
35,1 pdead
0,2 pdead
1,2 pdead
2,2 pdead
5,2 pdead
6,2 pdead
8,2 pdead
9,2 pdead
12,2 pdead
13,2 pdead
14,2 pdead
18,2 pdead
19,2 pdead
20,2 PSURV
21,2 PSURV
22,2 PSURV
23,2 PSURV
25,2 PSURV
26,2 pdead
27,2 pdead
28,2 pdead
31,2 pdead
32,2 PSURV
35,2 pdead
2,3 pdead
3,3 pdead
4,3 pdead
6,3 pdead
7,3 pdead
8,3 pdead
15,3 pdead
16,3 pdead
17,3 pdead
18,3 pdead
20,3 pdead
21,3 pdead
22,3 pdead
23,3 PSURV
24,3 PSURV
25,3 pdead
29,3 PSURV
30,3 pdead
31,3 pdead
32,3 pdead
35,3 pdead
0,4 pdead
1,4 pdead
4,4 pdead
6,4 pdead
7,4 pdead
11,4 pdead
12,4 pdead
13,4 pdead
14,4 pdead
15,4 pdead
16,4 pdead
17,4 pdead
22,4 pdead
23,4 PSURV
24,4 PSURV
25,4 PSURV
26,4 PSURV
27,4 pdead
28,4 pdead
29,4 pdead
30,4 pdead
32,4 PSURV
33,4 PSURV
34,4 pdead
35,4 pdead
0,5 pdead
1,5 pdead
2,5 pdead
4,5 pdead
5,5 pdead
6,5 pdead
7,5 pdead
11,5 pdead
12,5 pdead
13,5 pdead
14,5 PSURV
15,5 pdead
16,5 PSURV
17,5 pdead
19,5 pdead
20,5 pdead
22,5 PSURV
23,5 PSURV
24,5 PSURV
25,5 PSURV
26,5 PSURV
28,5 pdead
30,5 pdead
31,5 PSURV
32,5 pdead
33,5 PSURV
34,5 pdead
0,6 pdead
2,6 pdead
3,6 pdead
4,6 pdead
5,6 pdead
13,6 pdead
14,6 pdead
15,6 pdead
16,6 pdead
17,6 pdead
19,6 pdead
20,6 pdead
21,6 pdead
22,6 pdead
25,6 PSURV
26,6 PSURV
28,6 PSURV
29,6 pdead
30,6 PSURV
31,6 pdead
34,6 pdead
0,7 pdead
2,7 pdead
3,7 pdead
5,7 pdead
6,7 pdead
7,7 pdead
8,7 pdead
9,7 pdead
10,7 pdead
11,7 pdead
12,7 pdead
13,7 pdead
14,7 pdead
15,7 pdead
16,7 pdead
17,7 pdead
18,7 pdead
19,7 pdead
23,7 PSURV
24,7 PSURV
25,7 pdead
27,7 PSURV
28,7 pdead
29,7 PSURV
31,7 PSURV
32,7 pdead
33,7 pdead
34,7 pdead
0,8 pdead
1,8 pdead
2,8 pdead
3,8 pdead
4,8 pdead
5,8 pdead
6,8 pdead
7,8 pdead
8,8 pdead
9,8 pdead
12,8 pdead
13,8 pdead
14,8 pdead
15,8 pdead
16,8 pdead
20,8 PSURV
21,8 PSURV
22,8 PSURV
23,8 PSURV
27,8 pdead
28,8 PSURV
29,8 pdead
30,8 PSURV
31,8 pdead
32,8 pdead
4,9 pdead
5,9 pdead
6,9 pdead
8,9 pdead
9,9 pdead
12,9 pdead
13,9 pdead
14,9 pdead
16,9 pdead
17,9 pdead
18,9 pdead
19,9 pdead
20,9 PSURV
22,9 PSURV
23,9 PSURV
25,9 PSURV
26,9 pdead
27,9 PSURV
28,9 pdead
29,9 PSURV
30,9 pdead
32,9 pdead
33,9 pdead
34,9 pdead
35,9 pdead
0,10 pdead
1,10 pdead
3,10 pdead
4,10 pdead
5,10 pdead
6,10 pdead
8,10 pdead
14,10 pdead
15,10 pdead
16,10 pdead
19,10 PSURV
20,10 PSURV
22,10 PSURV
23,10 PSURV
24,10 PSURV
25,10 pdead
27,10 pdead
28,10 PSURV
29,10 pdead
30,10 pdead
31,10 pdead
33,10 pdead
34,10 pdead
35,10 pdead
0,11 pdead
1,11 pdead
2,11 pdead
3,11 pdead
6,11 pdead
7,11 pdead
8,11 pdead
9,11 pdead
10,11 pdead
11,11 pdead
12,11 pdead
13,11 PSURV
14,11 pdead
15,11 pdead
19,11 PSURV
20,11 PSURV
21,11 PSURV
22,11 PSURV
24,11 PSURV
25,11 PSURV
26,11 PSURV
27,11 PSURV
28,11 pdead
29,11 PSURV
31,11 pdead
32,11 pdead
33,11 pdead
34,11 pdead
0,12 pdead
1,12 pdead
2,12 pdead
3,12 pdead
4,12 pdead
5,12 pdead
6,12 pdead
7,12 pdead
10,12 PSURV
11,12 pdead
12,12 pdead
13,12 pdead
14,12 PSURV
15,12 PSURV
16,12 PSURV
17,12 PSURV
19,12 PSURV
20,12 PSURV
21,12 PSURV
22,12 PSURV
23,12 PSURV
24,12 PSURV
25,12 PSURV
26,12 PSURV
28,12 pdead
29,12 pdead
30,12 pdead
31,12 pdead
32,12 pdead
34,12 pdead
0,13 pdead
1,13 pdead
2,13 pdead
5,13 pdead
6,13 pdead
7,13 pdead
10,13 pdead
11,13 PSURV
12,13 pdead
14,13 pdead
15,13 pdead
16,13 PSURV
17,13 PSURV
18,13 PSURV
19,13 PSURV
20,13 PSURV
21,13 PSURV
23,13 pdead
24,13 pdead
25,13 pdead
26,13 pdead
27,13 pdead
28,13 pdead
30,13 pdead
32,13 pdead
33,13 pdead
34,13 pdead
35,13 pdead
0,14 pdead
2,14 pdead
7,14 pdead
8,14 pdead
10,14 PSURV
11,14 pdead
12,14 pdead
16,14 PSURV
17,14 PSURV
18,14 PSURV
19,14 PSURV
20,14 PSURV
21,14 PSURV
23,14 pdead
27,14 pdead
28,14 pdead
30,14 pdead
31,14 pdead
32,14 pdead
33,14 pdead
35,14 pdead
0,15 pdead
2,15 pdead
3,15 pdead
6,15 pdead
7,15 pdead
8,15 pdead
10,15 PSURV
11,15 PSURV
12,15 PSURV
13,15 PSURV
14,15 PSURV
15,15 PSURV
16,15 PSURV
17,15 PSURV
18,15 PSURV
19,15 PSURV
20,15 PSURV
21,15 PSURV
23,15 pdead
27,15 pdead
28,15 pdead
33,15 pdead
34,15 pdead
35,15 pdead
0,16 pdead
3,16 pdead
4,16 pdead
5,16 pdead
6,16 pdead
10,16 PSURV
11,16 pdead
12,16 PSURV
13,16 PSURV
14,16 PSURV
15,16 PSURV
23,16 pdead
25,16 pdead
26,16 pdead
27,16 pdead
28,16 pdead
31,16 pdead
32,16 pdead
33,16 pdead
34,16 pdead
35,16 pdead
0,17 pdead
1,17 pdead
2,17 pdead
3,17 pdead
4,17 pdead
6,17 pdead
7,17 pdead
11,17 pdead
12,17 pdead
13,17 PSURV
14,17 PSURV
15,17 PSURV
16,17 pdead
18,17 pdead
19,17 pdead
20,17 pdead
21,17 pdead
22,17 pdead
23,17 pdead
25,17 pdead
26,17 pdead
27,17 pdead
28,17 pdead
31,17 pdead
32,17 pdead
33,17 pdead
34,17 pdead
35,17 pdead
2,18 pdead
3,18 pdead
4,18 pdead
5,18 pdead
6,18 pdead
7,18 pdead
9,18 pdead
10,18 pdead
11,18 pdead
13,18 PSURV
14,18 PSURV
16,18 pdead
17,18 pdead
18,18 pdead
19,18 pdead
20,18 pdead
21,18 pdead
25,18 pdead
26,18 pdead
27,18 pdead
0,19 pdead
1,19 pdead
2,19 pdead
3,19 pdead
4,19 pdead
7,19 pdead
8,19 pdead
9,19 pdead
12,19 pdead
13,19 pdead
14,19 pdead
15,19 pdead
16,19 pdead
17,19 pdead
18,19 pdead
19,19 pdead
21,19 pdead
22,19 pdead
25,19 pdead
27,19 pdead
28,19 pdead
29,19 pdead
30,19 pdead
31,19 pdead
32,19 pdead
33,19 pdead
34,19 pdead
35,19 pdead
0,20 pdead
4,20 pdead
5,20 pdead
6,20 pdead
7,20 pdead
8,20 pdead
9,20 pdead
12,20 pdead
14,20 pdead
15,20 pdead
22,20 pdead
23,20 pdead
24,20 pdead
25,20 pdead
31,20 pdead
32,20 pdead
33,20 pdead
34,20 pdead
35,20 pdead
0,21 pdead
2,21 pdead
3,21 pdead
4,21 pdead
5,21 pdead
7,21 pdead
8,21 pdead
9,21 pdead
10,21 pdead
11,21 pdead
12,21 pdead
18,21 pdead
19,21 pdead
24,21 pdead
25,21 pdead
26,21 pdead
27,21 pdead
28,21 pdead
29,21 pdead
31,21 pdead
32,21 pdead
33,21 pdead
34,21 pdead
0,22 pdead
1,22 pdead
2,22 pdead
3,22 pdead
5,22 pdead
6,22 pdead
7,22 pdead
8,22 pdead
10,22 pdead
11,22 pdead
12,22 pdead
13,22 pdead
16,22 pdead
17,22 pdead
18,22 pdead
19,22 pdead
21,22 pdead
22,22 pdead
24,22 pdead
25,22 pdead
26,22 pdead
27,22 pdead
28,22 pdead
29,22 pdead
32,22 pdead
33,22 pdead
34,22 pdead
1,23 pdead
3,23 pdead
4,23 pdead
5,23 pdead
6,23 pdead
8,23 pdead
13,23 pdead
14,23 pdead
15,23 pdead
16,23 pdead
17,23 pdead
19,23 pdead
20,23 pdead
21,23 pdead
22,23 pdead
25,23 pdead
26,23 pdead
27,23 pdead
28,23 pdead
29,23 pdead
31,23 pdead
32,23 pdead
33,23 pdead
34,23 pdead
1,24 pdead
2,24 pdead
3,24 pdead
4,24 pdead
5,24 pdead
6,24 pdead
7,24 pdead
8,24 pdead
9,24 pdead
11,24 pdead
12,24 pdead
13,24 pdead
14,24 pdead
15,24 pdead
17,24 pdead
18,24 pdead
19,24 pdead
20,24 pdead
22,24 pdead
23,24 pdead
25,24 pdead
26,24 pdead
27,24 pdead
29,24 pdead
30,24 pdead
31,24 pdead
33,24 pdead
34,24 pdead
0,25 pdead
1,25 pdead
2,25 pdead
7,25 pdead
9,25 pdead
10,25 pdead
11,25 pdead
13,25 pdead
14,25 pdead
15,25 pdead
16,25 pdead
17,25 pdead
18,25 pdead
20,25 pdead
21,25 pdead
22,25 pdead
23,25 pdead
27,25 pdead
28,25 pdead
29,25 pdead
30,25 pdead
33,25 pdead
34,25 pdead
0,26 pdead
2,26 pdead
3,26 pdead
4,26 pdead
5,26 pdead
6,26 pdead
7,26 pdead
9,26 pdead
10,26 pdead
11,26 pdead
12,26 pdead
13,26 pdead
14,26 pdead
15,26 pdead
16,26 pdead
18,26 pdead
19,26 pdead
20,26 pdead
21,26 pdead
24,26 pdead
25,26 pdead
26,26 pdead
30,26 pdead
31,26 pdead
32,26 pdead
33,26 pdead
0,27 pdead
2,27 pdead
3,27 pdead
7,27 pdead
8,27 pdead
9,27 pdead
10,27 pdead
11,27 pdead
12,27 pdead
14,27 pdead
15,27 pdead
16,27 pdead
19,27 pdead
20,27 pdead
21,27 pdead
23,27 pdead
24,27 pdead
26,27 pdead
28,27 pdead
29,27 pdead
30,27 pdead
31,27 pdead
33,27 pdead
0,28 pdead
2,28 pdead
3,28 pdead
4,28 pdead
5,28 pdead
6,28 pdead
7,28 pdead
8,28 pdead
11,28 pdead
12,28 pdead
13,28 pdead
14,28 pdead
17,28 pdead
18,28 pdead
19,28 pdead
21,28 pdead
22,28 pdead
23,28 pdead
26,28 pdead
27,28 pdead
28,28 pdead
29,28 pdead
31,28 pdead
33,28 pdead
0,29 pdead
1,29 pdead
2,29 pdead
3,29 pdead
8,29 pdead
9,29 pdead
11,29 pdead
13,29 pdead
14,29 pdead
16,29 pdead
17,29 pdead
19,29 pdead
20,29 pdead
21,29 pdead
24,29 pdead
25,29 pdead
26,29 pdead
27,29 pdead
29,29 pdead
30,29 pdead
31,29 pdead
33,29 pdead
34,29 pdead
35,29 pdead
1,30 pdead
3,30 pdead
4,30 pdead
5,30 pdead
6,30 pdead
7,30 pdead
9,30 pdead
10,30 pdead
11,30 pdead
12,30 pdead
13,30 pdead
15,30 pdead
16,30 pdead
19,30 pdead
20,30 pdead
21,30 pdead
24,30 pdead
25,30 pdead
26,30 PSURV
27,30 pdead
28,30 pdead
30,30 pdead
31,30 pdead
32,30 pdead
34,30 pdead
35,30 pdead
1,31 pdead
3,31 pdead
4,31 pdead
6,31 pdead
7,31 pdead
8,31 pdead
9,31 pdead
10,31 pdead
13,31 pdead
15,31 pdead
16,31 pdead
17,31 pdead
18,31 pdead
19,31 pdead
20,31 PSURV
21,31 pdead
23,31 pdead
24,31 pdead
25,31 pdead
26,31 pdead
28,31 pdead
29,31 pdead
30,31 pdead
32,31 pdead
33,31 pdead
34,31 pdead
1,32 pdead
5,32 pdead
6,32 pdead
8,32 pdead
9,32 pdead
10,32 pdead
11,32 pdead
12,32 pdead
13,32 pdead
18,32 pdead
19,32 pdead
20,32 pdead
21,32 PSURV
22,32 pdead
23,32 pdead
26,32 pdead
27,32 pdead
29,32 pdead
30,32 pdead
31,32 pdead
32,32 pdead
33,32 pdead
34,32 pdead
35,32 pdead
0,33 pdead
1,33 pdead
3,33 pdead
4,33 pdead
5,33 pdead
7,33 pdead
8,33 pdead
12,33 pdead
13,33 pdead
14,33 pdead
15,33 pdead
16,33 pdead
17,33 pdead
18,33 pdead
20,33 pdead
21,33 pdead
22,33 pdead
27,33 pdead
28,33 pdead
29,33 pdead
31,33 pdead
32,33 pdead
33,33 pdead
35,33 pdead
0,34 pdead
1,34 pdead
2,34 pdead
3,34 pdead
4,34 pdead
5,34 pdead
7,34 pdead
8,34 pdead
9,34 pdead
10,34 pdead
11,34 pdead
12,34 pdead
15,34 pdead
16,34 pdead
17,34 pdead
18,34 pdead
19,34 pdead
20,34 pdead
21,34 PSURV
22,34 pdead
26,34 pdead
27,34 pdead
28,34 pdead
29,34 pdead
30,34 pdead
31,34 pdead
33,34 pdead
34,34 pdead
35,34 pdead
4,35 pdead
5,35 pdead
7,35 pdead
8,35 pdead
9,35 pdead
10,35 pdead
11,35 pdead
12,35 pdead
13,35 pdead
14,35 pdead
15,35 pdead
17,35 pdead
18,35 pdead
19,35 pdead
20,35 pdead
21,35 pdead
22,35 pdead
23,35 pdead
24,35 pdead
25,35 pdead
26,35 pdead
30,35 pdead
31,35 pdead
34,35 pdead
35,35 pdead
ALLDONE
