L2 4x3 solvable-starts=4: 1,0 1,1 2,1 2,2
L3 5x3 solvable-starts=3: 4,0 3,1 4,2
L4 4x4 solvable-starts=7: 0,0 1,0 3,0 1,1 2,1 0,2 1,3
L5 5x4 solvable-starts=11: 0,0 1,0 1,1 2,1 0,2 1,2 2,2 4,2 0,3 2,3 3,3
L6 6x4 solvable-starts=20: 0,0 1,0 2,0 4,0 5,0 0,1 2,1 3,1 4,1 5,1 0,2 1,2 2,2 3,2 5,2 0,3 1,3 3,3 4,3 5,3
L7 5x5 solvable-starts=13: 1,0 0,1 0,2 1,2 2,2 3,2 1,3 2,3 3,3 4,3 0,4 2,4 4,4
L8 6x5 solvable-starts=22: 0,0 1,0 2,0 3,0 4,0 0,1 1,1 2,1 3,1 4,1 0,2 1,2 3,2 4,2 5,2 1,3 2,3 3,3 0,4 1,4 2,4 4,4
L9 7x5 solvable-starts=3: 4,0 6,0 6,2
L10 6x6 solvable-starts=3: 2,1 1,2 2,2
L11 7x6 solvable-starts=2: 0,0 1,1
L12 8x6 solvable-starts=7: 0,0 2,0 6,0 1,1 3,1 5,1 6,2
L13 7x7 solvable-starts=1: 6,0
L14 8x7 solvable-starts=2: 6,4 6,6
L15 9x7 solvable-starts=2: 2,3 2,5
L16 8x8 solvable-starts=1: 1,1
L17 9x8 solvable-starts=13: 1,0 3,0 2,1 3,1 3,2 4,2 2,3 3,3 4,3 5,3 3,4 4,4 2,5
L18 10x8 solvable-starts=1: 3,6
L19 9x9 solvable-starts=3: 6,6 5,7 0,8
L20 10x9 solvable-starts=3: 4,4 8,6 8,8
L21 11x9 solvable-starts=2: 9,7 10,8
L22 10x10 solvable-starts=1: 8,1
L23 11x10 solvable-starts=1: 8,8
L24 12x10 solvable-starts=1: 11,6
L25 11x11 solvable-starts=42: 9,0 8,1 9,1 10,1 7,2 8,2 9,2 10,2 5,3 6,3 7,3 8,3 9,3 10,3 5,4 6,4 8,4 9,4 10,4 6,5 7,5 10,5 7,6 9,6 10,6 5,7 6,7 7,7 8,7 9,7 5,8 6,8 8,8 9,8 10,8 6,9 7,9 8,9 10,9 8,10 9,10 10,10
L26 12x11 solvable-starts=6: 0,7 1,8 0,9 1,9 0,10 2,10
L27 13x11 solvable-starts=1: 2,4
L28 12x12 solvable-starts=5: 8,0 7,1 8,1 9,2 7,3
L29 13x12 solvable-starts=1: 8,2
L30 14x12 solvable-starts=1: 11,10
L31 13x13 solvable-starts=6: 8,9 8,10 9,10 9,11 8,12 9,12
L32 14x13 solvable-starts=7: 0,0 2,0 1,1 0,5 2,5 1,6 2,7
L33 15x13 solvable-starts=1: 10,11
L34 14x14 solvable-starts=1: 3,12
L35 15x14 solvable-starts=2: 11,10 11,11
L36 16x14 solvable-starts=2: 4,0 6,0
L37 15x15 solvable-starts=2: 0,6 1,9
L38 16x15 solvable-starts=1: 0,14
L39 17x15 solvable-starts=2: 6,3 6,5
L40 16x16 solvable-starts=3: 15,8 14,9 15,10
ALLDONE
