有向预计算：走向已定 158467/405616 (39.1%) | 无向判定率 52.1% -> 62.8% (105562 -> 127268 / 202808 边)
有向预计算：走向已定 159158/405616 (39.2%) | 无向判定率 62.8% -> 62.9% (127268 -> 127542 / 202808 边)
有向预计算：走向已定 159262/405616 (39.3%) | 无向判定率 62.9% -> 62.9% (127542 -> 127560 / 202808 边)
有向预计算：走向已定 159262/405616 (39.3%) | 无向判定率 62.9% -> 62.9% (127560 -> 127561 / 202808 边)
全局阶段：固定 127561 条边，起点候选 154 / 147158 (0.1%)
adaptive PROPDEPTH=999999 (fixed 127561 / 202808 edges; 第一层存活率>=SURVDEEP%再升深层)
FRANK shard2: F降序
shard 2: 第一层存活 0/38 = 0%%, 第二层 跳过
probe[t=0s]: 154/154 起点被证伪，剩 0
no solution found
STATS {"solved":0,"shard":2,"wall_s":0,"nodes_total":0,"nodes_win":-1,"dth_liveend":0,"dth_estate":0,"dth_reach":0,"dth_dyn":0,"dth_flow":0,"dth_geom":0,"maxrss_kb":33428,"start_x":-1,"start_y":-1}
FRANK shard3: F降序
shard 3: 第一层存活 0/38 = 0%%, 第二层 跳过
probe[t=0s]: 154/154 起点被证伪，剩 0
no solution found
STATS {"solved":0,"shard":3,"wall_s":0,"nodes_total":0,"nodes_win":-1,"dth_liveend":0,"dth_estate":0,"dth_reach":0,"dth_dyn":0,"dth_flow":0,"dth_geom":0,"maxrss_kb":36592,"start_x":-1,"start_y":-1}
FRANK shard1: F降序
shard 1: 第一层存活 0/39 = 0%%, 第二层 跳过
probe[t=0s]: 154/154 起点被证伪，剩 0
no solution found
STATS {"solved":0,"shard":1,"wall_s":0,"nodes_total":8,"nodes_win":-1,"dth_liveend":0,"dth_estate":3,"dth_reach":2,"dth_dyn":0,"dth_flow":0,"dth_geom":2,"maxrss_kb":41312,"start_x":-1,"start_y":-1}
FRANK shard0: F降序
shard 0: 第一层存活 1/39 = 2%%, 第二层 跳过
probe[t=2s]: 153/154 起点被证伪，剩 1
DYN shard0: 190 calls, 47 refuted (25%)
