有向预计算：走向已定 132593/339814 (39.0%) | 无向判定率 52.3% -> 63.0% (88914 -> 107094 / 169907 边)
有向预计算：走向已定 132848/339814 (39.1%) | 无向判定率 63.0% -> 63.1% (107094 -> 107266 / 169907 边)
有向预计算：走向已定 132848/339814 (39.1%) | 无向判定率 63.1% -> 63.1% (107266 -> 107266 / 169907 边)
全局阶段：固定 107266 条边，起点候选 23 / 123365 (0.0%)
adaptive PROPDEPTH=999999 (fixed 107266 / 169907 edges; 第一层存活率>=SURVDEEP%再升深层)
shard 0: swarm 模式（23 个候选全员上，随机顺序）
shard 1: swarm 模式（23 个候选全员上，随机顺序）
shard 2: swarm 模式（23 个候选全员上，随机顺序）
shard 3: swarm 模式（23 个候选全员上，随机顺序）
FRANK shard1: F降序
shard 1: 第一层存活 3/6 = 50%%, 第二层 开
FRANK shard2: F降序
shard 2: 第一层存活 3/6 = 50%%, 第二层 开
FRANK shard0: F降序
shard 0: 第一层存活 3/6 = 50%%, 第二层 开
FRANK shard3: F降序
shard 3: 第一层存活 3/5 = 60%%, 第二层 开
probe[t=14s]: 20/23 起点被证伪，剩 3
DYN shard1: 7114 calls, 2679 refuted (38%)
probe[t=24s]: 20/23 起点被证伪，剩 3
DYN shard2: 6734 calls, 2893 refuted (43%)
probe[t=56s]: 20/23 起点被证伪，剩 3
DYN shard0: 6844 calls, 2390 refuted (35%)
probe[t=65s]: 20/23 起点被证伪，剩 3
DYN shard3: 7268 calls, 2562 refuted (35%)
