有向预计算：走向已定 77390/185422 (41.7%) | 无向判定率 46.1% -> 58.3% (42771 -> 54075 / 92711 边)
有向预计算：走向已定 77782/185422 (41.9%) | 无向判定率 58.3% -> 58.5% (54075 -> 54229 / 92711 边)
有向预计算：走向已定 77782/185422 (41.9%) | 无向判定率 58.5% -> 58.5% (54229 -> 54229 / 92711 边)
全局阶段：固定 54229 条边，起点候选 95 / 65116 (0.1%)
adaptive PROPDEPTH=999999 (fixed 54229 / 92711 edges; 第一层存活率>=SURVDEEP%再升深层)
shard 0: swarm 模式（95 个候选全员上，随机顺序）
shard 1: swarm 模式（95 个候选全员上，随机顺序）
shard 3: swarm 模式（95 个候选全员上，随机顺序）
shard 2: swarm 模式（95 个候选全员上，随机顺序）
shard 4: swarm 模式（95 个候选全员上，随机顺序）
shard 5: swarm 模式（95 个候选全员上，随机顺序）
shard 6: swarm 模式（95 个候选全员上，随机顺序）
shard 7: swarm 模式（95 个候选全员上，随机顺序）
shard 8: swarm 模式（95 个候选全员上，随机顺序）
shard 9: swarm 模式（95 个候选全员上，随机顺序）
shard 16: swarm 模式（95 个候选全员上，随机顺序）
shard 10: swarm 模式（95 个候选全员上，随机顺序）
shard 11: swarm 模式（95 个候选全员上，随机顺序）
shard 12: swarm 模式（95 个候选全员上，随机顺序）
shard 13: swarm 模式（95 个候选全员上，随机顺序）
shard 14: swarm 模式（95 个候选全员上，随机顺序）
shard 15: swarm 模式（95 个候选全员上，随机顺序）
shard 17: swarm 模式（95 个候选全员上，随机顺序）
shard 18: swarm 模式（95 个候选全员上，随机顺序）
shard 19: swarm 模式（95 个候选全员上，随机顺序）
FRANK shard16: F降序
shard 16: 第一层存活 2/4 = 50%%, 第二层 开
FRANK shard4: F降序
shard 4: 第一层存活 2/5 = 40%%, 第二层 开
FRANK shard7: F降序
shard 7: 第一层存活 2/5 = 40%%, 第二层 开
FRANK shard19: F降序
shard 19: 第一层存活 2/4 = 50%%, 第二层 开
FRANK shard1: F降序
shard 1: 第一层存活 2/5 = 40%%, 第二层 开
FRANK shard10: F降序
shard 10: 第一层存活 2/5 = 40%%, 第二层 开
FRANK shard13: F降序
shard 13: 第一层存活 2/5 = 40%%, 第二层 开
FRANK shard5: F降序
shard 5: 第一层存活 2/5 = 40%%, 第二层 开
FRANK shard11: F降序
shard 11: 第一层存活 2/5 = 40%%, 第二层 开
FRANK shard17: F降序
shard 17: 第一层存活 2/4 = 50%%, 第二层 开
FRANK shard0: F降序
shard 0: 第一层存活 2/5 = 40%%, 第二层 开
FRANK shard6: F降序
shard 6: 第一层存活 2/5 = 40%%, 第二层 开
FRANK shard2: F降序
shard 2: 第一层存活 2/5 = 40%%, 第二层 开
FRANK shard14: F降序
shard 14: 第一层存活 2/5 = 40%%, 第二层 开
FRANK shard8: F降序
shard 8: 第一层存活 2/5 = 40%%, 第二层 开
FRANK shard3: F降序
shard 3: 第一层存活 2/5 = 40%%, 第二层 开
FRANK shard18: F降序
shard 18: 第一层存活 2/4 = 50%%, 第二层 开
FRANK shard12: F降序
shard 12: 第一层存活 2/5 = 40%%, 第二层 开
FRANK shard9: F降序
shard 9: 第一层存活 2/5 = 40%%, 第二层 开
FRANK shard15: F降序
shard 15: 第一层存活 2/4 = 50%%, 第二层 开
probe[t=6s]: 93/95 起点被证伪，剩 2
DYN shard8: 3158 calls, 1226 refuted (39%)
probe[t=6s]: 93/95 起点被证伪，剩 2
DYN shard17: 3370 calls, 1217 refuted (36%)
probe[t=7s]: 93/95 起点被证伪，剩 2
DYN shard5: 3372 calls, 1145 refuted (34%)
probe[t=7s]: 93/95 起点被证伪，剩 2
DYN shard14: 3516 calls, 1169 refuted (33%)
probe[t=7s]: 93/95 起点被证伪，剩 2
DYN shard19: 3528 calls, 824 refuted (23%)
probe[t=7s]: 93/95 起点被证伪，剩 2
DYN shard11: 3522 calls, 1188 refuted (34%)
probe[t=7s]: 93/95 起点被证伪，剩 2
DYN shard2: 3478 calls, 1195 refuted (34%)
probe[t=7s]: 93/95 起点被证伪，剩 2
DYN shard0: 3594 calls, 1128 refuted (31%)
probe[t=8s]: 93/95 起点被证伪，剩 2
DYN shard12: 3606 calls, 1044 refuted (29%)
probe[t=8s]: 93/95 起点被证伪，剩 2
DYN shard15: 3608 calls, 1042 refuted (29%)
probe[t=8s]: 93/95 起点被证伪，剩 2
DYN shard3: 3462 calls, 1016 refuted (29%)
probe[t=9s]: 93/95 起点被证伪，剩 2
DYN shard1: 3588 calls, 760 refuted (21%)
probe[t=9s]: 93/95 起点被证伪，剩 2
DYN shard10: 3614 calls, 802 refuted (22%)
probe[t=9s]: 93/95 起点被证伪，剩 2
DYN shard16: 3588 calls, 776 refuted (22%)
probe[t=9s]: 93/95 起点被证伪，剩 2
DYN shard18: 3686 calls, 1067 refuted (29%)
probe[t=10s]: 93/95 起点被证伪，剩 2
DYN shard13: 3702 calls, 808 refuted (22%)
probe[t=10s]: 93/95 起点被证伪，剩 2
DYN shard7: 3660 calls, 707 refuted (19%)
probe[t=11s]: 93/95 起点被证伪，剩 2
DYN shard4: 3624 calls, 723 refuted (20%)
probe[t=14s]: 93/95 起点被证伪，剩 2
DYN shard6: 3444 calls, 1011 refuted (29%)
probe[t=14s]: 93/95 起点被证伪，剩 2
DYN shard9: 3760 calls, 1148 refuted (31%)
STATS {"solved":1,"shard":5,"wall_s":32,"nodes_total":624333,"nodes_win":556304,"dth_liveend":0,"dth_estate":76156,"dth_reach":33098,"dth_dyn":11330,"dth_flow":0,"dth_geom":2955,"maxrss_kb":37456,"start_x":19,"start_y":54}
WINNER shard 5 tier 1 nodes 556304
