有向预计算：走向已定 73877/173990 (42.5%) | 无向判定率 46.2% -> 58.4% (40160 -> 50825 / 86995 边)
有向预计算：走向已定 74673/173990 (42.9%) | 无向判定率 58.4% -> 58.7% (50825 -> 51077 / 86995 边)
有向预计算：走向已定 74752/173990 (43.0%) | 无向判定率 58.7% -> 58.7% (51077 -> 51092 / 86995 边)
有向预计算：走向已定 74752/173990 (43.0%) | 无向判定率 58.7% -> 58.7% (51092 -> 51092 / 86995 边)
全局阶段：固定 51092 条边，起点候选 57 / 61062 (0.1%)
adaptive PROPDEPTH=999999 (fixed 51092 / 86995 edges; 第一层存活率>=SURVDEEP%再升深层)
shard 0: swarm 模式（57 个候选全员上，随机顺序）
shard 1: swarm 模式（57 个候选全员上，随机顺序）
shard 2: swarm 模式（57 个候选全员上，随机顺序）
shard 3: swarm 模式（57 个候选全员上，随机顺序）
shard 4: swarm 模式（57 个候选全员上，随机顺序）
shard 5: swarm 模式（57 个候选全员上，随机顺序）
shard 6: swarm 模式（57 个候选全员上，随机顺序）
shard 7: swarm 模式（57 个候选全员上，随机顺序）
shard 8: swarm 模式（57 个候选全员上，随机顺序）
shard 9: swarm 模式（57 个候选全员上，随机顺序）
shard 10: swarm 模式（57 个候选全员上，随机顺序）
shard 11: swarm 模式（57 个候选全员上，随机顺序）
shard 12: swarm 模式（57 个候选全员上，随机顺序）
shard 13: swarm 模式（57 个候选全员上，随机顺序）
shard 14: swarm 模式（57 个候选全员上，随机顺序）
shard 15: swarm 模式（57 个候选全员上，随机顺序）
shard 16: swarm 模式（57 个候选全员上，随机顺序）
shard 17: swarm 模式（57 个候选全员上，随机顺序）
shard 18: swarm 模式（57 个候选全员上，随机顺序）
shard 19: swarm 模式（57 个候选全员上，随机顺序）
FRANK shard5: F降序
shard 5: 第一层存活 6/3 = 200%%, 第二层 开
FRANK shard10: F降序
shard 10: 第一层存活 6/3 = 200%%, 第二层 开
FRANK shard14: F降序
shard 14: 第一层存活 6/3 = 200%%, 第二层 开
FRANK shard3: F降序
shard 3: 第一层存活 6/3 = 200%%, 第二层 开
FRANK shard17: F降序
shard 17: 第一层存活 6/2 = 300%%, 第二层 开
FRANK shard9: F降序
shard 9: 第一层存活 6/3 = 200%%, 第二层 开
FRANK shard2: F降序
shard 2: 第一层存活 6/3 = 200%%, 第二层 开
FRANK shard6: F降序
shard 6: 第一层存活 6/3 = 200%%, 第二层 开
FRANK shard15: F降序
shard 15: 第一层存活 6/3 = 200%%, 第二层 开
FRANK shard7: F降序
shard 7: 第一层存活 6/3 = 200%%, 第二层 开
FRANK shard11: F降序
shard 11: 第一层存活 6/3 = 200%%, 第二层 开
FRANK shard12: F降序
shard 12: 第一层存活 6/3 = 200%%, 第二层 开
FRANK shard18: F降序
shard 18: 第一层存活 6/2 = 300%%, 第二层 开
FRANK shard19: F降序
shard 19: 第一层存活 6/2 = 300%%, 第二层 开
FRANK shard0: F降序
shard 0: 第一层存活 6/3 = 200%%, 第二层 开
FRANK shard13: F降序
shard 13: 第一层存活 6/3 = 200%%, 第二层 开
FRANK shard8: F降序
shard 8: 第一层存活 6/3 = 200%%, 第二层 开
FRANK shard4: F降序
shard 4: 第一层存活 6/3 = 200%%, 第二层 开
FRANK shard1: F降序
shard 1: 第一层存活 6/3 = 200%%, 第二层 开
FRANK shard16: F降序
shard 16: 第一层存活 9/3 = 300%%, 第二层 开
probe[t=9s]: 56/57 起点被证伪，剩 1
DYN shard10: 4332 calls, 1095 refuted (25%)
probe[t=9s]: 56/57 起点被证伪，剩 1
DYN shard14: 3906 calls, 1408 refuted (36%)
probe[t=9s]: 56/57 起点被证伪，剩 1
DYN shard5: 4124 calls, 1545 refuted (37%)
probe[t=10s]: 56/57 起点被证伪，剩 1
DYN shard2: 3856 calls, 1405 refuted (36%)
probe[t=10s]: 56/57 起点被证伪，剩 1
DYN shard1: 4350 calls, 1058 refuted (24%)
probe[t=10s]: 56/57 起点被证伪，剩 1
DYN shard17: 4028 calls, 1513 refuted (38%)
probe[t=10s]: 56/57 起点被证伪，剩 1
DYN shard4: 4316 calls, 1051 refuted (24%)
probe[t=10s]: 56/57 起点被证伪，剩 1
DYN shard11: 4112 calls, 1542 refuted (38%)
probe[t=10s]: 56/57 起点被证伪，剩 1
DYN shard13: 4230 calls, 1016 refuted (24%)
probe[t=10s]: 56/57 起点被证伪，剩 1
DYN shard8: 3874 calls, 1465 refuted (38%)
probe[t=11s]: 56/57 起点被证伪，剩 1
DYN shard7: 4334 calls, 1053 refuted (24%)
probe[t=11s]: 56/57 起点被证伪，剩 1
DYN shard19: 3946 calls, 861 refuted (22%)
probe[t=11s]: 56/57 起点被证伪，剩 1
DYN shard6: 4376 calls, 1447 refuted (33%)
probe[t=11s]: 56/57 起点被证伪，剩 1
DYN shard15: 4234 calls, 1382 refuted (33%)
probe[t=12s]: 56/57 起点被证伪，剩 1
DYN shard12: 4576 calls, 1495 refuted (33%)
probe[t=13s]: 56/57 起点被证伪，剩 1
DYN shard0: 4584 calls, 1512 refuted (33%)
probe[t=14s]: 56/57 起点被证伪，剩 1
DYN shard18: 4500 calls, 1482 refuted (33%)
probe[t=17s]: 56/57 起点被证伪，剩 1
DYN shard16: 5843 calls, 1548 refuted (26%)
probe[t=17s]: 56/57 起点被证伪，剩 1
DYN shard9: 4522 calls, 1492 refuted (33%)
probe[t=19s]: 56/57 起点被证伪，剩 1
DYN shard3: 4634 calls, 1524 refuted (33%)
STATS {"solved":1,"shard":1,"wall_s":26,"nodes_total":473596,"nodes_win":402880,"dth_liveend":0,"dth_estate":65032,"dth_reach":32799,"dth_dyn":5745,"dth_flow":0,"dth_geom":5470,"maxrss_kb":35040,"start_x":191,"start_y":245}
WINNER shard 1 tier 1 nodes 402880
