有向预计算：走向已定 91176/214764 (42.5%) | 无向判定率 47.0% -> 59.1% (50475 -> 63508 / 107382 边)
有向预计算：走向已定 91804/214764 (42.7%) | 无向判定率 59.1% -> 59.4% (63508 -> 63772 / 107382 边)
有向预计算：走向已定 91712/214764 (42.7%) | 无向判定率 59.4% -> 59.4% (63772 -> 63773 / 107382 边)
有向预计算：走向已定 91712/214764 (42.7%) | 无向判定率 59.4% -> 59.4% (63773 -> 63773 / 107382 边)
全局阶段：固定 63773 条边，起点候选 44 / 75523 (0.1%)
adaptive PROPDEPTH=999999 (fixed 63773 / 107382 edges; 第一层存活率>=SURVDEEP%再升深层)
shard 0: swarm 模式（44 个候选全员上，随机顺序）
shard 1: swarm 模式（44 个候选全员上，随机顺序）
shard 2: swarm 模式（44 个候选全员上，随机顺序）
shard 3: swarm 模式（44 个候选全员上，随机顺序）
shard 10: swarm 模式（44 个候选全员上，随机顺序）
shard 4: swarm 模式（44 个候选全员上，随机顺序）
shard 5: swarm 模式（44 个候选全员上，随机顺序）
shard 6: swarm 模式（44 个候选全员上，随机顺序）
shard 7: swarm 模式（44 个候选全员上，随机顺序）
shard 8: swarm 模式（44 个候选全员上，随机顺序）
shard 9: swarm 模式（44 个候选全员上，随机顺序）
shard 13: swarm 模式（44 个候选全员上，随机顺序）
shard 11: swarm 模式（44 个候选全员上，随机顺序）
shard 12: swarm 模式（44 个候选全员上，随机顺序）
shard 14: swarm 模式（44 个候选全员上，随机顺序）
shard 15: swarm 模式（44 个候选全员上，随机顺序）
shard 16: swarm 模式（44 个候选全员上，随机顺序）
shard 17: swarm 模式（44 个候选全员上，随机顺序）
shard 18: swarm 模式（44 个候选全员上，随机顺序）
shard 19: swarm 模式（44 个候选全员上，随机顺序）
FRANK shard13: F降序
shard 13: 第一层存活 1/2 = 50%%, 第二层 开
FRANK shard16: F降序
shard 16: 第一层存活 1/2 = 50%%, 第二层 开
FRANK shard1: F降序
shard 1: 第一层存活 1/3 = 33%%, 第二层 开
FRANK shard7: F降序
shard 7: 第一层存活 1/2 = 50%%, 第二层 开
FRANK shard4: F降序
shard 4: 第一层存活 1/2 = 50%%, 第二层 开
FRANK shard8: F降序
shard 8: 第一层存活 1/2 = 50%%, 第二层 开
FRANK shard5: F降序
shard 5: 第一层存活 1/2 = 50%%, 第二层 开
FRANK shard2: F降序
shard 2: 第一层存活 1/3 = 33%%, 第二层 开
FRANK shard18: F降序
shard 18: 第一层存活 1/2 = 50%%, 第二层 开
FRANK shard15: F降序
shard 15: 第一层存活 1/2 = 50%%, 第二层 开
FRANK shard14: F降序
shard 14: 第一层存活 1/2 = 50%%, 第二层 开
FRANK shard10: F降序
shard 10: 第一层存活 1/2 = 50%%, 第二层 开
FRANK shard0: F降序
shard 0: 第一层存活 1/3 = 33%%, 第二层 开
FRANK shard3: F降序
shard 3: 第一层存活 1/3 = 33%%, 第二层 开
FRANK shard6: F降序
shard 6: 第一层存活 1/2 = 50%%, 第二层 开
FRANK shard9: F降序
shard 9: 第一层存活 1/2 = 50%%, 第二层 开
FRANK shard19: F降序
shard 19: 第一层存活 1/2 = 50%%, 第二层 开
FRANK shard11: F降序
shard 11: 第一层存活 1/2 = 50%%, 第二层 开
FRANK shard17: F降序
shard 17: 第一层存活 1/2 = 50%%, 第二层 开
FRANK shard12: F降序
shard 12: 第一层存活 1/2 = 50%%, 第二层 开
probe[t=2s]: 43/44 起点被证伪，剩 1
DYN shard13: 1936 calls, 395 refuted (20%)
probe[t=3s]: 43/44 起点被证伪，剩 1
DYN shard4: 1740 calls, 332 refuted (19%)
probe[t=3s]: 43/44 起点被证伪，剩 1
DYN shard10: 1816 calls, 375 refuted (21%)
probe[t=3s]: 43/44 起点被证伪，剩 1
DYN shard7: 1784 calls, 343 refuted (19%)
probe[t=4s]: 43/44 起点被证伪，剩 1
DYN shard16: 1612 calls, 417 refuted (26%)
probe[t=4s]: 43/44 起点被证伪，剩 1
DYN shard1: 1626 calls, 312 refuted (19%)
probe[t=4s]: 43/44 起点被证伪，剩 1
DYN shard6: 1548 calls, 428 refuted (28%)
probe[t=4s]: 43/44 起点被证伪，剩 1
DYN shard3: 1536 calls, 417 refuted (27%)
probe[t=4s]: 43/44 起点被证伪，剩 1
DYN shard15: 1510 calls, 402 refuted (27%)
probe[t=4s]: 43/44 起点被证伪，剩 1
DYN shard14: 1706 calls, 613 refuted (36%)
probe[t=4s]: 43/44 起点被证伪，剩 1
DYN shard11: 1728 calls, 588 refuted (34%)
probe[t=5s]: 43/44 起点被证伪，剩 1
DYN shard2: 1712 calls, 638 refuted (37%)
probe[t=5s]: 43/44 起点被证伪，剩 1
DYN shard0: 1560 calls, 371 refuted (24%)
probe[t=5s]: 43/44 起点被证伪，剩 1
DYN shard8: 1774 calls, 614 refuted (35%)
probe[t=5s]: 43/44 起点被证伪，剩 1
DYN shard19: 1750 calls, 330 refuted (19%)
probe[t=6s]: 43/44 起点被证伪，剩 1
DYN shard9: 1874 calls, 567 refuted (30%)
probe[t=6s]: 43/44 起点被证伪，剩 1
DYN shard17: 1608 calls, 608 refuted (38%)
probe[t=6s]: 43/44 起点被证伪，剩 1
DYN shard5: 1470 calls, 494 refuted (34%)
probe[t=6s]: 43/44 起点被证伪，剩 1
DYN shard18: 1980 calls, 582 refuted (29%)
probe[t=7s]: 43/44 起点被证伪，剩 1
DYN shard12: 1780 calls, 502 refuted (28%)
STATS {"solved":1,"shard":19,"wall_s":41,"nodes_total":362915,"nodes_win":328913,"dth_liveend":0,"dth_estate":50560,"dth_reach":19778,"dth_dyn":4066,"dth_flow":0,"dth_geom":3099,"maxrss_kb":42100,"start_x":128,"start_y":283}
WINNER shard 19 tier 3 nodes 328913
