有向预计算：走向已定 90512/205676 (44.0%) | 无向判定率 46.8% -> 59.5% (48091 -> 61189 / 102838 边)
有向预计算：走向已定 91026/205676 (44.3%) | 无向判定率 59.5% -> 59.7% (61189 -> 61407 / 102838 边)
有向预计算：走向已定 91396/205676 (44.4%) | 无向判定率 59.7% -> 59.8% (61407 -> 61507 / 102838 边)
有向预计算：走向已定 91396/205676 (44.4%) | 无向判定率 59.8% -> 59.8% (61507 -> 61510 / 102838 边)
全局阶段：固定 61510 条边，起点候选 31 / 72380 (0.0%)
adaptive PROPDEPTH=999999 (fixed 61510 / 102838 edges; 第一层存活率>=SURVDEEP%再升深层)
shard 0: swarm 模式（31 个候选全员上，随机顺序）
shard 1: swarm 模式（31 个候选全员上，随机顺序）
shard 2: swarm 模式（31 个候选全员上，随机顺序）
shard 3: swarm 模式（31 个候选全员上，随机顺序）
shard 4: swarm 模式（31 个候选全员上，随机顺序）
shard 10: swarm 模式（31 个候选全员上，随机顺序）
shard 5: swarm 模式（31 个候选全员上，随机顺序）
shard 6: swarm 模式（31 个候选全员上，随机顺序）
shard 7: swarm 模式（31 个候选全员上，随机顺序）
shard 8: swarm 模式（31 个候选全员上，随机顺序）
shard 9: swarm 模式（31 个候选全员上，随机顺序）
shard 18: swarm 模式（31 个候选全员上，随机顺序）
shard 11: swarm 模式（31 个候选全员上，随机顺序）
shard 12: swarm 模式（31 个候选全员上，随机顺序）
shard 13: swarm 模式（31 个候选全员上，随机顺序）
shard 14: swarm 模式（31 个候选全员上，随机顺序）
shard 15: swarm 模式（31 个候选全员上，随机顺序）
shard 16: swarm 模式（31 个候选全员上，随机顺序）
shard 17: swarm 模式（31 个候选全员上，随机顺序）
shard 19: swarm 模式（31 个候选全员上，随机顺序）
FRANK shard4: F降序
shard 4: 第一层存活 3/2 = 150%%, 第二层 开
FRANK shard10: F降序
shard 10: 第一层存活 3/2 = 150%%, 第二层 开
FRANK shard7: F降序
shard 7: 第一层存活 2/2 = 100%%, 第二层 开
FRANK shard19: F降序
shard 19: 第一层存活 2/1 = 200%%, 第二层 开
FRANK shard0: F降序
shard 0: 第一层存活 2/2 = 100%%, 第二层 开
FRANK shard13: F降序
shard 13: 第一层存活 2/1 = 200%%, 第二层 开
FRANK shard5: F降序
shard 5: 第一层存活 2/2 = 100%%, 第二层 开
FRANK shard9: F降序
shard 9: 第一层存活 2/2 = 100%%, 第二层 开
FRANK shard17: F降序
shard 17: 第一层存活 2/1 = 200%%, 第二层 开
FRANK shard15: F降序
shard 15: 第一层存活 2/1 = 200%%, 第二层 开
FRANK shard8: F降序
shard 8: 第一层存活 2/2 = 100%%, 第二层 开
FRANK shard11: F降序
shard 11: 第一层存活 2/1 = 200%%, 第二层 开
FRANK shard3: F降序
shard 3: 第一层存活 2/2 = 100%%, 第二层 开
FRANK shard1: F降序
shard 1: 第一层存活 2/2 = 100%%, 第二层 开
FRANK shard14: F降序
shard 14: 第一层存活 2/1 = 200%%, 第二层 开
FRANK shard2: F降序
shard 2: 第一层存活 2/2 = 100%%, 第二层 开
FRANK shard16: F降序
shard 16: 第一层存活 2/1 = 200%%, 第二层 开
FRANK shard12: F降序
shard 12: 第一层存活 2/1 = 200%%, 第二层 开
FRANK shard18: F降序
shard 18: 第一层存活 2/1 = 200%%, 第二层 开
FRANK shard6: F降序
shard 6: 第一层存活 2/2 = 100%%, 第二层 开
probe[t=4s]: 29/31 起点被证伪，剩 2
DYN shard10: 3626 calls, 1037 refuted (29%)
probe[t=4s]: 29/31 起点被证伪，剩 2
DYN shard19: 3504 calls, 995 refuted (28%)
probe[t=5s]: 29/31 起点被证伪，剩 2
DYN shard4: 4176 calls, 1169 refuted (28%)
probe[t=6s]: 29/31 起点被证伪，剩 2
DYN shard1: 3630 calls, 1024 refuted (28%)
probe[t=7s]: 29/31 起点被证伪，剩 2
DYN shard7: 3230 calls, 940 refuted (29%)
probe[t=7s]: 29/31 起点被证伪，剩 2
DYN shard5: 2886 calls, 1088 refuted (38%)
probe[t=8s]: 29/31 起点被证伪，剩 2
DYN shard16: 4064 calls, 1117 refuted (27%)
probe[t=8s]: 29/31 起点被证伪，剩 2
DYN shard17: 3122 calls, 1140 refuted (37%)
probe[t=8s]: 29/31 起点被证伪，剩 2
DYN shard13: 3560 calls, 1012 refuted (28%)
probe[t=9s]: 29/31 起点被证伪，剩 2
DYN shard0: 3276 calls, 824 refuted (25%)
probe[t=9s]: 29/31 起点被证伪，剩 2
DYN shard8: 3322 calls, 1192 refuted (36%)
probe[t=9s]: 29/31 起点被证伪，剩 2
DYN shard2: 3462 calls, 1238 refuted (36%)
probe[t=9s]: 29/31 起点被证伪，剩 2
DYN shard9: 3286 calls, 783 refuted (24%)
probe[t=9s]: 29/31 起点被证伪，剩 2
DYN shard11: 3498 calls, 1258 refuted (36%)
probe[t=9s]: 29/31 起点被证伪，剩 2
DYN shard3: 3094 calls, 798 refuted (26%)
probe[t=9s]: 29/31 起点被证伪，剩 2
DYN shard14: 3324 calls, 1184 refuted (36%)
probe[t=11s]: 29/31 起点被证伪，剩 2
DYN shard6: 3408 calls, 851 refuted (25%)
probe[t=11s]: 29/31 起点被证伪，剩 2
DYN shard12: 3778 calls, 943 refuted (25%)
probe[t=22s]: 29/31 起点被证伪，剩 2
DYN shard15: 3204 calls, 796 refuted (25%)
probe[t=26s]: 29/31 起点被证伪，剩 2
DYN shard18: 3104 calls, 783 refuted (25%)
STATS {"solved":1,"shard":11,"wall_s":48,"nodes_total":712222,"nodes_win":644115,"dth_liveend":0,"dth_estate":94496,"dth_reach":40606,"dth_dyn":12913,"dth_flow":0,"dth_geom":4047,"maxrss_kb":41596,"start_x":139,"start_y":216}
WINNER shard 11 tier 3 nodes 644115
