有向预计算：走向已定 73740/164334 (44.9%) | 无向判定率 46.6% -> 59.7% (38250 -> 49052 / 82167 边)
有向预计算：走向已定 74255/164334 (45.2%) | 无向判定率 59.7% -> 59.9% (49052 -> 49254 / 82167 边)
有向预计算：走向已定 74289/164334 (45.2%) | 无向判定率 59.9% -> 60.0% (49254 -> 49274 / 82167 边)
有向预计算：走向已定 74289/164334 (45.2%) | 无向判定率 60.0% -> 60.0% (49274 -> 49274 / 82167 边)
全局阶段：固定 49274 条边，起点候选 43 / 57832 (0.1%)
adaptive PROPDEPTH=999999 (fixed 49274 / 82167 edges; 第一层存活率>=SURVDEEP%再升深层)
shard 0: swarm 模式（43 个候选全员上，随机顺序）
shard 1: swarm 模式（43 个候选全员上，随机顺序）
shard 10: swarm 模式（43 个候选全员上，随机顺序）
shard 2: swarm 模式（43 个候选全员上，随机顺序）
shard 14: swarm 模式（43 个候选全员上，随机顺序）
shard 3: swarm 模式（43 个候选全员上，随机顺序）
shard 4: swarm 模式（43 个候选全员上，随机顺序）
shard 18: swarm 模式（43 个候选全员上，随机顺序）
shard 5: swarm 模式（43 个候选全员上，随机顺序）
shard 6: swarm 模式（43 个候选全员上，随机顺序）
shard 7: swarm 模式（43 个候选全员上，随机顺序）
shard 8: swarm 模式（43 个候选全员上，随机顺序）
shard 9: swarm 模式（43 个候选全员上，随机顺序）
shard 11: swarm 模式（43 个候选全员上，随机顺序）
shard 12: swarm 模式（43 个候选全员上，随机顺序）
shard 13: swarm 模式（43 个候选全员上，随机顺序）
shard 15: swarm 模式（43 个候选全员上，随机顺序）
shard 16: swarm 模式（43 个候选全员上，随机顺序）
shard 17: swarm 模式（43 个候选全员上，随机顺序）
shard 19: swarm 模式（43 个候选全员上，随机顺序）
FRANK shard7: F降序
shard 7: 第一层存活 2/2 = 100%%, 第二层 开
FRANK shard10: F降序
shard 10: 第一层存活 2/2 = 100%%, 第二层 开
FRANK shard1: F降序
shard 1: 第一层存活 2/3 = 66%%, 第二层 开
FRANK shard13: F降序
shard 13: 第一层存活 2/2 = 100%%, 第二层 开
FRANK shard17: F降序
shard 17: 第一层存活 2/2 = 100%%, 第二层 开
FRANK shard8: F降序
shard 8: 第一层存活 2/2 = 100%%, 第二层 开
FRANK shard18: F降序
shard 18: 第一层存活 2/2 = 100%%, 第二层 开
FRANK shard0: F降序
shard 0: 第一层存活 2/3 = 66%%, 第二层 开
FRANK shard14: F降序
shard 14: 第一层存活 2/2 = 100%%, 第二层 开
FRANK shard9: F降序
shard 9: 第一层存活 2/2 = 100%%, 第二层 开
FRANK shard5: F降序
shard 5: 第一层存活 2/2 = 100%%, 第二层 开
FRANK shard15: F降序
shard 15: 第一层存活 2/2 = 100%%, 第二层 开
FRANK shard11: F降序
shard 11: 第一层存活 2/2 = 100%%, 第二层 开
FRANK shard4: F降序
shard 4: 第一层存活 2/2 = 100%%, 第二层 开
FRANK shard6: F降序
shard 6: 第一层存活 2/2 = 100%%, 第二层 开
FRANK shard16: F降序
shard 16: 第一层存活 2/2 = 100%%, 第二层 开
FRANK shard12: F降序
shard 12: 第一层存活 2/2 = 100%%, 第二层 开
FRANK shard2: F降序
shard 2: 第一层存活 2/3 = 66%%, 第二层 开
FRANK shard3: F降序
shard 3: 第一层存活 2/2 = 100%%, 第二层 开
FRANK shard19: F降序
shard 19: 第一层存活 2/2 = 100%%, 第二层 开
probe[t=7s]: 41/43 起点被证伪，剩 2
DYN shard4: 3631 calls, 990 refuted (27%)
probe[t=8s]: 41/43 起点被证伪，剩 2
DYN shard1: 3801 calls, 1021 refuted (27%)
probe[t=9s]: 41/43 起点被证伪，剩 2
DYN shard0: 3087 calls, 904 refuted (29%)
probe[t=10s]: 41/43 起点被证伪，剩 2
DYN shard7: 3699 calls, 998 refuted (27%)
probe[t=11s]: 41/43 起点被证伪，剩 2
DYN shard10: 3921 calls, 1044 refuted (27%)
probe[t=12s]: 41/43 起点被证伪，剩 2
DYN shard13: 4059 calls, 1061 refuted (26%)
probe[t=12s]: 41/43 起点被证伪，剩 2
DYN shard16: 3953 calls, 1074 refuted (27%)
STATS {"solved":1,"shard":1,"wall_s":13,"nodes_total":155525,"nodes_win":86934,"dth_liveend":0,"dth_estate":19367,"dth_reach":9228,"dth_dyn":2049,"dth_flow":0,"dth_geom":1136,"maxrss_kb":33768,"start_x":214,"start_y":78}
WINNER shard 1 tier 1 nodes 86934
