有向预计算：走向已定 84825/208476 (40.7%) | 无向判定率 45.6% -> 57.5% (47541 -> 59953 / 104238 边)
有向预计算：走向已定 85097/208476 (40.8%) | 无向判定率 57.5% -> 57.7% (59953 -> 60134 / 104238 边)
有向预计算：走向已定 85148/208476 (40.8%) | 无向判定率 57.7% -> 57.7% (60134 -> 60142 / 104238 边)
有向预计算：走向已定 85151/208476 (40.8%) | 无向判定率 57.7% -> 57.7% (60142 -> 60143 / 104238 边)
全局阶段：固定 60143 条边，起点候选 27 / 73113 (0.0%)
adaptive PROPDEPTH=999999 (fixed 60143 / 104238 edges; 第一层存活率>=SURVDEEP%再升深层)
shard 0: swarm 模式（27 个候选全员上，随机顺序）
shard 1: swarm 模式（27 个候选全员上，随机顺序）
shard 2: swarm 模式（27 个候选全员上，随机顺序）
shard 3: swarm 模式（27 个候选全员上，随机顺序）
shard 4: swarm 模式（27 个候选全员上，随机顺序）
shard 5: swarm 模式（27 个候选全员上，随机顺序）
shard 6: swarm 模式（27 个候选全员上，随机顺序）
shard 7: swarm 模式（27 个候选全员上，随机顺序）
shard 15: swarm 模式（27 个候选全员上，随机顺序）
shard 8: swarm 模式（27 个候选全员上，随机顺序）
shard 9: swarm 模式（27 个候选全员上，随机顺序）
shard 10: swarm 模式（27 个候选全员上，随机顺序）
shard 11: swarm 模式（27 个候选全员上，随机顺序）
shard 12: swarm 模式（27 个候选全员上，随机顺序）
shard 13: swarm 模式（27 个候选全员上，随机顺序）
shard 14: swarm 模式（27 个候选全员上，随机顺序）
shard 16: swarm 模式（27 个候选全员上，随机顺序）
shard 17: swarm 模式（27 个候选全员上，随机顺序）
shard 18: swarm 模式（27 个候选全员上，随机顺序）
shard 19: swarm 模式（27 个候选全员上，随机顺序）
FRANK shard10: F降序
shard 10: 第一层存活 7/1 = 700%%, 第二层 开
FRANK shard7: F降序
shard 7: 第一层存活 6/1 = 600%%, 第二层 开
FRANK shard16: F降序
shard 16: 第一层存活 6/1 = 600%%, 第二层 开
FRANK shard4: F降序
shard 4: 第一层存活 6/2 = 300%%, 第二层 开
FRANK shard13: F降序
shard 13: 第一层存活 6/1 = 600%%, 第二层 开
FRANK shard15: F降序
shard 15: 第一层存活 6/1 = 600%%, 第二层 开
FRANK shard18: F降序
shard 18: 第一层存活 6/1 = 600%%, 第二层 开
FRANK shard17: F降序
shard 17: 第一层存活 6/1 = 600%%, 第二层 开
FRANK shard9: F降序
shard 9: 第一层存活 6/1 = 600%%, 第二层 开
FRANK shard0: F降序
shard 0: 第一层存活 6/2 = 300%%, 第二层 开
FRANK shard2: F降序
shard 2: 第一层存活 6/2 = 300%%, 第二层 开
FRANK shard12: F降序
shard 12: 第一层存活 6/1 = 600%%, 第二层 开
FRANK shard5: F降序
shard 5: 第一层存活 6/2 = 300%%, 第二层 开
FRANK shard11: F降序
shard 11: 第一层存活 6/1 = 600%%, 第二层 开
FRANK shard8: F降序
shard 8: 第一层存活 6/1 = 600%%, 第二层 开
FRANK shard19: F降序
shard 19: 第一层存活 6/1 = 600%%, 第二层 开
FRANK shard14: F降序
shard 14: 第一层存活 6/1 = 600%%, 第二层 开
FRANK shard6: F降序
shard 6: 第一层存活 6/2 = 300%%, 第二层 开
FRANK shard1: F降序
shard 1: 第一层存活 6/2 = 300%%, 第二层 开
FRANK shard3: F降序
shard 3: 第一层存活 6/2 = 300%%, 第二层 开
probe[t=9s]: 21/27 起点被证伪，剩 6
DYN shard7: 11307 calls, 2953 refuted (26%)
probe[t=16s]: 21/27 起点被证伪，剩 6
DYN shard10: 11791 calls, 3017 refuted (26%)
probe[t=16s]: 21/27 起点被证伪，剩 6
DYN shard1: 11941 calls, 3427 refuted (29%)
probe[t=18s]: 21/27 起点被证伪，剩 6
DYN shard4: 11969 calls, 3123 refuted (26%)
probe[t=19s]: 21/27 起点被证伪，剩 6
DYN shard19: 11673 calls, 3079 refuted (26%)
probe[t=19s]: 21/27 起点被证伪，剩 6
DYN shard16: 12133 calls, 3191 refuted (26%)
probe[t=23s]: 21/27 起点被证伪，剩 6
DYN shard13: 12195 calls, 3334 refuted (27%)
probe[t=27s]: 21/27 起点被证伪，剩 6
DYN shard8: 11395 calls, 4280 refuted (38%)
probe[t=27s]: 21/27 起点被证伪，剩 6
DYN shard17: 11721 calls, 4285 refuted (37%)
probe[t=27s]: 21/27 起点被证伪，剩 6
DYN shard2: 11491 calls, 4275 refuted (37%)
probe[t=28s]: 21/27 起点被证伪，剩 6
DYN shard14: 11477 calls, 4121 refuted (36%)
probe[t=28s]: 21/27 起点被证伪，剩 6
DYN shard0: 11041 calls, 3383 refuted (31%)
probe[t=28s]: 21/27 起点被证伪，剩 6
DYN shard12: 9947 calls, 2708 refuted (27%)
probe[t=28s]: 21/27 起点被证伪，剩 6
DYN shard11: 12403 calls, 4363 refuted (35%)
probe[t=28s]: 21/27 起点被证伪，剩 6
DYN shard9: 11191 calls, 3095 refuted (28%)
probe[t=29s]: 21/27 起点被证伪，剩 6
DYN shard5: 11891 calls, 4398 refuted (37%)
probe[t=29s]: 21/27 起点被证伪，剩 6
DYN shard18: 10889 calls, 2980 refuted (27%)
probe[t=31s]: 21/27 起点被证伪，剩 6
DYN shard3: 11539 calls, 3112 refuted (27%)
probe[t=34s]: 21/27 起点被证伪，剩 6
DYN shard6: 11099 calls, 3143 refuted (28%)
probe[t=46s]: 21/27 起点被证伪，剩 6
DYN shard15: 11005 calls, 3190 refuted (29%)
STATS {"solved":1,"shard":10,"wall_s":60,"nodes_total":759868,"nodes_win":187795,"dth_liveend":0,"dth_estate":101147,"dth_reach":47180,"dth_dyn":11633,"dth_flow":0,"dth_geom":7762,"maxrss_kb":43392,"start_x":291,"start_y":109}
WINNER shard 10 tier 2 nodes 187795
