有向预计算：走向已定 80260/186014 (43.1%) | 无向判定率 47.1% -> 59.4% (43826 -> 55290 / 93007 边)
有向预计算：走向已定 80306/186014 (43.2%) | 无向判定率 59.4% -> 59.5% (55290 -> 55358 / 93007 边)
有向预计算：走向已定 80306/186014 (43.2%) | 无向判定率 59.5% -> 59.5% (55358 -> 55359 / 93007 边)
有向预计算：走向已定 80306/186014 (43.2%) | 无向判定率 59.5% -> 59.5% (55359 -> 55359 / 93007 边)
全局阶段：固定 55359 条边，起点候选 61 / 65544 (0.1%)
adaptive PROPDEPTH=999999 (fixed 55359 / 93007 edges; 第一层存活率>=SURVDEEP%再升深层)
shard 0: swarm 模式（61 个候选全员上，随机顺序）
shard 1: swarm 模式（61 个候选全员上，随机顺序）
shard 2: swarm 模式（61 个候选全员上，随机顺序）
shard 3: swarm 模式（61 个候选全员上，随机顺序）
shard 4: swarm 模式（61 个候选全员上，随机顺序）
shard 5: swarm 模式（61 个候选全员上，随机顺序）
shard 6: swarm 模式（61 个候选全员上，随机顺序）
shard 7: swarm 模式（61 个候选全员上，随机顺序）
shard 14: swarm 模式（61 个候选全员上，随机顺序）
shard 8: swarm 模式（61 个候选全员上，随机顺序）
shard 9: swarm 模式（61 个候选全员上，随机顺序）
shard 10: swarm 模式（61 个候选全员上，随机顺序）
shard 11: swarm 模式（61 个候选全员上，随机顺序）
shard 12: swarm 模式（61 个候选全员上，随机顺序）
shard 13: swarm 模式（61 个候选全员上，随机顺序）
shard 15: swarm 模式（61 个候选全员上，随机顺序）
shard 16: swarm 模式（61 个候选全员上，随机顺序）
shard 17: swarm 模式（61 个候选全员上，随机顺序）
shard 18: swarm 模式（61 个候选全员上，随机顺序）
shard 19: swarm 模式（61 个候选全员上，随机顺序）
FRANK shard7: F降序
shard 7: 第一层存活 1/3 = 33%%, 第二层 开
FRANK shard1: F降序
shard 1: 第一层存活 1/3 = 33%%, 第二层 开
FRANK shard13: F降序
shard 13: 第一层存活 1/3 = 33%%, 第二层 开
FRANK shard16: F降序
shard 16: 第一层存活 1/3 = 33%%, 第二层 开
FRANK shard4: F降序
shard 4: 第一层存活 1/3 = 33%%, 第二层 开
FRANK shard10: F降序
shard 10: 第一层存活 1/3 = 33%%, 第二层 开
FRANK shard2: F降序
shard 2: 第一层存活 1/3 = 33%%, 第二层 开
FRANK shard8: F降序
shard 8: 第一层存活 1/3 = 33%%, 第二层 开
FRANK shard5: F降序
shard 5: 第一层存活 1/3 = 33%%, 第二层 开
FRANK shard14: F降序
shard 14: 第一层存活 1/3 = 33%%, 第二层 开
FRANK shard17: F降序
shard 17: 第一层存活 1/3 = 33%%, 第二层 开
FRANK shard11: F降序
shard 11: 第一层存活 1/3 = 33%%, 第二层 开
FRANK shard19: F降序
shard 19: 第一层存活 1/3 = 33%%, 第二层 开
FRANK shard0: F降序
shard 0: 第一层存活 1/4 = 25%%, 第二层 跳过
probe[t=1s]: 60/61 起点被证伪，剩 1
DYN shard0: 128 calls, 33 refuted (26%)
FRANK shard3: F降序
shard 3: 第一层存活 1/3 = 33%%, 第二层 开
FRANK shard18: F降序
shard 18: 第一层存活 1/3 = 33%%, 第二层 开
FRANK shard12: F降序
shard 12: 第一层存活 1/3 = 33%%, 第二层 开
FRANK shard15: F降序
shard 15: 第一层存活 1/3 = 33%%, 第二层 开
FRANK shard9: F降序
shard 9: 第一层存活 1/3 = 33%%, 第二层 开
FRANK shard6: F降序
shard 6: 第一层存活 1/3 = 33%%, 第二层 开
probe[t=2s]: 60/61 起点被证伪，剩 1
DYN shard7: 1788 calls, 413 refuted (23%)
probe[t=3s]: 60/61 起点被证伪，剩 1
DYN shard13: 1650 calls, 437 refuted (26%)
probe[t=3s]: 60/61 起点被证伪，剩 1
DYN shard4: 1772 calls, 439 refuted (25%)
probe[t=3s]: 60/61 起点被证伪，剩 1
DYN shard1: 1784 calls, 512 refuted (29%)
probe[t=3s]: 60/61 起点被证伪，剩 1
DYN shard19: 1808 calls, 512 refuted (28%)
probe[t=3s]: 60/61 起点被证伪，剩 1
DYN shard17: 1546 calls, 567 refuted (37%)
probe[t=4s]: 60/61 起点被证伪，剩 1
DYN shard11: 1572 calls, 576 refuted (37%)
probe[t=4s]: 60/61 起点被证伪，剩 1
DYN shard10: 1854 calls, 522 refuted (28%)
probe[t=4s]: 60/61 起点被证伪，剩 1
DYN shard8: 1630 calls, 591 refuted (36%)
probe[t=5s]: 60/61 起点被证伪，剩 1
DYN shard15: 1908 calls, 532 refuted (28%)
probe[t=6s]: 60/61 起点被证伪，剩 1
DYN shard3: 1776 calls, 435 refuted (24%)
probe[t=6s]: 60/61 起点被证伪，剩 1
DYN shard2: 1736 calls, 652 refuted (38%)
probe[t=6s]: 60/61 起点被证伪，剩 1
DYN shard14: 1854 calls, 680 refuted (37%)
probe[t=6s]: 60/61 起点被证伪，剩 1
DYN shard5: 1732 calls, 639 refuted (37%)
STATS {"solved":1,"shard":7,"wall_s":7,"nodes_total":256011,"nodes_win":222000,"dth_liveend":0,"dth_estate":34144,"dth_reach":14920,"dth_dyn":2983,"dth_flow":0,"dth_geom":2325,"maxrss_kb":37568,"start_x":62,"start_y":126}
WINNER shard 7 tier 3 nodes 222000
