有向预计算：走向已定 147636/371874 (39.7%) | 无向判定率 52.1% -> 63.0% (96901 -> 117140 / 185937 边)
有向预计算：走向已定 148066/371874 (39.8%) | 无向判定率 63.0% -> 63.1% (117140 -> 117398 / 185937 边)
有向预计算：走向已定 148064/371874 (39.8%) | 无向判定率 63.1% -> 63.1% (117398 -> 117398 / 185937 边)
全局阶段：固定 117398 条边，起点候选 14 / 134887 (0.0%)
adaptive PROPDEPTH=999999 (fixed 117398 / 185937 edges; 第一层存活率>=SURVDEEP%再升深层)
shard 0: swarm 模式（14 个候选全员上，随机顺序）
shard 1: swarm 模式（14 个候选全员上，随机顺序）
shard 2: swarm 模式（14 个候选全员上，随机顺序）
shard 3: swarm 模式（14 个候选全员上，随机顺序）
FRANK shard1: F降序
shard 1: 第一层存活 1/4 = 25%%, 第二层 跳过
probe[t=1s]: 13/14 起点被证伪，剩 1
DYN shard1: 164 calls, 54 refuted (33%)
FRANK shard2: F降序
shard 2: 第一层存活 1/3 = 33%%, 第二层 开
FRANK shard3: F降序
shard 3: 第一层存活 1/3 = 33%%, 第二层 开
FRANK shard0: F降序
shard 0: 第一层存活 1/4 = 25%%, 第二层 跳过
probe[t=2s]: 13/14 起点被证伪，剩 1
DYN shard0: 144 calls, 47 refuted (33%)
probe[t=12s]: 13/14 起点被证伪，剩 1
DYN shard2: 2150 calls, 940 refuted (44%)
probe[t=15s]: 13/14 起点被证伪，剩 1
DYN shard3: 1814 calls, 550 refuted (30%)
