有向预计算：走向已定 72436/170142 (42.6%) | 无向判定率 46.4% -> 58.6% (39495 -> 49853 / 85071 边)
有向预计算：走向已定 72773/170142 (42.8%) | 无向判定率 58.6% -> 58.8% (49853 -> 49989 / 85071 边)
有向预计算：走向已定 72773/170142 (42.8%) | 无向判定率 58.8% -> 58.8% (49989 -> 49989 / 85071 边)
全局阶段：固定 49989 条边，起点候选 20 / 59901 (0.0%)
adaptive PROPDEPTH=999999 (fixed 49989 / 85071 edges; 第一层存活率>=SURVDEEP%再升深层)
shard 0: swarm 模式（20 个候选全员上，随机顺序）
shard 1: swarm 模式（20 个候选全员上，随机顺序）
shard 2: swarm 模式（20 个候选全员上，随机顺序）
shard 3: swarm 模式（20 个候选全员上，随机顺序）
shard 4: swarm 模式（20 个候选全员上，随机顺序）
shard 5: swarm 模式（20 个候选全员上，随机顺序）
shard 6: swarm 模式（20 个候选全员上，随机顺序）
shard 7: swarm 模式（20 个候选全员上，随机顺序）
shard 8: swarm 模式（20 个候选全员上，随机顺序）
shard 19: swarm 模式（20 个候选全员上，随机顺序）
shard 9: swarm 模式（20 个候选全员上，随机顺序）
shard 10: swarm 模式（20 个候选全员上，随机顺序）
shard 11: swarm 模式（20 个候选全员上，随机顺序）
shard 12: swarm 模式（20 个候选全员上，随机顺序）
shard 13: swarm 模式（20 个候选全员上，随机顺序）
shard 14: swarm 模式（20 个候选全员上，随机顺序）
shard 15: swarm 模式（20 个候选全员上，随机顺序）
shard 16: swarm 模式（20 个候选全员上，随机顺序）
shard 17: swarm 模式（20 个候选全员上，随机顺序）
shard 18: swarm 模式（20 个候选全员上，随机顺序）
FRANK shard7: F降序
shard 7: 第一层存活 1/1 = 100%%, 第二层 开
FRANK shard16: F降序
shard 16: 第一层存活 1/1 = 100%%, 第二层 开
FRANK shard1: F降序
shard 1: 第一层存活 1/1 = 100%%, 第二层 开
FRANK shard13: F降序
shard 13: 第一层存活 1/1 = 100%%, 第二层 开
FRANK shard4: F降序
shard 4: 第一层存活 1/1 = 100%%, 第二层 开
FRANK shard2: F降序
shard 2: 第一层存活 1/1 = 100%%, 第二层 开
FRANK shard10: F降序
shard 10: 第一层存活 1/1 = 100%%, 第二层 开
FRANK shard19: F降序
shard 19: 第一层存活 1/1 = 100%%, 第二层 开
FRANK shard8: F降序
shard 8: 第一层存活 1/1 = 100%%, 第二层 开
FRANK shard17: F降序
shard 17: 第一层存活 1/1 = 100%%, 第二层 开
FRANK shard9: F降序
shard 9: 第一层存活 1/1 = 100%%, 第二层 开
FRANK shard5: F降序
shard 5: 第一层存活 1/1 = 100%%, 第二层 开
FRANK shard11: F降序
shard 11: 第一层存活 1/1 = 100%%, 第二层 开
FRANK shard14: F降序
shard 14: 第一层存活 1/1 = 100%%, 第二层 开
FRANK shard18: F降序
shard 18: 第一层存活 1/1 = 100%%, 第二层 开
FRANK shard3: F降序
shard 3: 第一层存活 1/1 = 100%%, 第二层 开
FRANK shard12: F降序
shard 12: 第一层存活 1/1 = 100%%, 第二层 开
FRANK shard0: F降序
shard 0: 第一层存活 1/1 = 100%%, 第二层 开
FRANK shard6: F降序
shard 6: 第一层存活 1/1 = 100%%, 第二层 开
FRANK shard15: F降序
shard 15: 第一层存活 1/1 = 100%%, 第二层 开
probe[t=1s]: 19/20 起点被证伪，剩 1
DYN shard7: 1428 calls, 378 refuted (26%)
probe[t=2s]: 19/20 起点被证伪，剩 1
DYN shard1: 1518 calls, 400 refuted (26%)
STATS {"solved":1,"shard":7,"wall_s":2,"nodes_total":115940,"nodes_win":81938,"dth_liveend":0,"dth_estate":14185,"dth_reach":7445,"dth_dyn":1422,"dth_flow":0,"dth_geom":1099,"maxrss_kb":33472,"start_x":159,"start_y":51}
WINNER shard 7 tier 3 nodes 81938
