有向预计算：走向已定 120585/323958 (37.2%) | 无向判定率 51.9% -> 62.1% (84126 -> 100543 / 161979 边)
有向预计算：走向已定 121443/323958 (37.5%) | 无向判定率 62.1% -> 62.2% (100543 -> 100817 / 161979 边)
有向预计算：走向已定 121443/323958 (37.5%) | 无向判定率 62.2% -> 62.2% (100817 -> 100818 / 161979 边)
有向预计算：走向已定 121443/323958 (37.5%) | 无向判定率 62.2% -> 62.2% (100818 -> 100818 / 161979 边)
全局阶段：固定 100818 条边，起点候选 107 / 117514 (0.1%)
adaptive PROPDEPTH=999999 (fixed 100818 / 161979 edges; 第一层存活率>=SURVDEEP%再升深层)
FRANK shard0: F降序
shard 0: 第一层存活 1/27 = 3%%, 第二层 跳过
probe[t=3s]: 106/107 起点被证伪，剩 1
DYN shard0: 172 calls, 55 refuted (32%)
FRANK shard3: F降序
shard 3: 第一层存活 1/26 = 3%%, 第二层 跳过
probe[t=3s]: 106/107 起点被证伪，剩 1
DYN shard3: 187 calls, 56 refuted (30%)
FRANK shard2: F降序
shard 2: 第一层存活 2/27 = 7%%, 第二层 跳过
probe[t=3s]: 105/107 起点被证伪，剩 2
DYN shard2: 356 calls, 144 refuted (40%)
FRANK shard1: F降序
shard 1: 第一层存活 3/27 = 11%%, 第二层 跳过
probe[t=4s]: 104/107 起点被证伪，剩 3
DYN shard1: 607 calls, 139 refuted (23%)
no solution found
STATS {"solved":0,"shard":2,"wall_s":223,"nodes_total":999589,"nodes_win":-1,"dth_liveend":0,"dth_estate":132360,"dth_reach":45191,"dth_dyn":27341,"dth_flow":0,"dth_geom":1981,"maxrss_kb":45324,"start_x":-1,"start_y":-1}
