有向预计算：走向已定 71739/155930 (46.0%) | 无向判定率 46.9% -> 60.5% (36584 -> 47149 / 77965 边)
有向预计算：走向已定 72091/155930 (46.2%) | 无向判定率 60.5% -> 60.7% (47149 -> 47343 / 77965 边)
有向预计算：走向已定 72091/155930 (46.2%) | 无向判定率 60.7% -> 60.7% (47343 -> 47343 / 77965 边)
全局阶段：固定 47343 条边，起点候选 53 / 54984 (0.1%)
adaptive PROPDEPTH=999999 (fixed 47343 / 77965 edges; 第一层存活率>=SURVDEEP%再升深层)
shard 0: swarm 模式（53 个候选全员上，随机顺序）
shard 1: swarm 模式（53 个候选全员上，随机顺序）
shard 3: swarm 模式（53 个候选全员上，随机顺序）
shard 2: swarm 模式（53 个候选全员上，随机顺序）
shard 4: swarm 模式（53 个候选全员上，随机顺序）
shard 5: swarm 模式（53 个候选全员上，随机顺序）
shard 6: swarm 模式（53 个候选全员上，随机顺序）
shard 7: swarm 模式（53 个候选全员上，随机顺序）
shard 8: swarm 模式（53 个候选全员上，随机顺序）
shard 17: swarm 模式（53 个候选全员上，随机顺序）
shard 9: swarm 模式（53 个候选全员上，随机顺序）
shard 10: swarm 模式（53 个候选全员上，随机顺序）
shard 11: swarm 模式（53 个候选全员上，随机顺序）
shard 12: swarm 模式（53 个候选全员上，随机顺序）
shard 13: swarm 模式（53 个候选全员上，随机顺序）
shard 14: swarm 模式（53 个候选全员上，随机顺序）
shard 15: swarm 模式（53 个候选全员上，随机顺序）
shard 16: swarm 模式（53 个候选全员上，随机顺序）
shard 18: swarm 模式（53 个候选全员上，随机顺序）
shard 19: swarm 模式（53 个候选全员上，随机顺序）
FRANK shard4: F降序
shard 4: 第一层存活 2/3 = 66%%, 第二层 开
FRANK shard16: F降序
shard 16: 第一层存活 2/2 = 100%%, 第二层 开
FRANK shard13: F降序
shard 13: 第一层存活 2/2 = 100%%, 第二层 开
FRANK shard8: F降序
shard 8: 第一层存活 2/3 = 66%%, 第二层 开
FRANK shard2: F降序
shard 2: 第一层存活 2/3 = 66%%, 第二层 开
FRANK shard17: F降序
shard 17: 第一层存活 2/2 = 100%%, 第二层 开
FRANK shard19: F降序
shard 19: 第一层存活 2/2 = 100%%, 第二层 开
FRANK shard10: F降序
shard 10: 第一层存活 2/3 = 66%%, 第二层 开
FRANK shard7: F降序
shard 7: 第一层存活 2/3 = 66%%, 第二层 开
FRANK shard0: F降序
shard 0: 第一层存活 3/3 = 100%%, 第二层 开
FRANK shard6: F降序
shard 6: 第一层存活 3/3 = 100%%, 第二层 开
FRANK shard1: F降序
shard 1: 第一层存活 2/3 = 66%%, 第二层 开
FRANK shard3: F降序
shard 3: 第一层存活 2/3 = 66%%, 第二层 开
FRANK shard11: F降序
shard 11: 第一层存活 2/3 = 66%%, 第二层 开
FRANK shard14: F降序
shard 14: 第一层存活 2/2 = 100%%, 第二层 开
FRANK shard5: F降序
shard 5: 第一层存活 2/3 = 66%%, 第二层 开
FRANK shard9: F降序
shard 9: 第一层存活 3/3 = 100%%, 第二层 开
FRANK shard15: F降序
shard 15: 第一层存活 2/2 = 100%%, 第二层 开
probe[t=5s]: 51/53 起点被证伪，剩 2
DYN shard16: 3029 calls, 797 refuted (26%)
probe[t=6s]: 51/53 起点被证伪，剩 2
DYN shard2: 3037 calls, 1009 refuted (33%)
FRANK shard12: F降序
shard 12: 第一层存活 2/3 = 66%%, 第二层 开
probe[t=6s]: 51/53 起点被证伪，剩 2
DYN shard13: 2951 calls, 591 refuted (20%)
probe[t=7s]: 51/53 起点被证伪，剩 2
DYN shard17: 2773 calls, 955 refuted (34%)
FRANK shard18: F降序
shard 18: 第一层存活 2/2 = 100%%, 第二层 开
probe[t=7s]: 51/53 起点被证伪，剩 2
DYN shard4: 3215 calls, 673 refuted (21%)
probe[t=8s]: 51/53 起点被证伪，剩 2
DYN shard19: 3501 calls, 708 refuted (20%)
probe[t=8s]: 51/53 起点被证伪，剩 2
DYN shard10: 3149 calls, 603 refuted (19%)
probe[t=9s]: 51/53 起点被证伪，剩 2
DYN shard8: 3055 calls, 1029 refuted (34%)
probe[t=10s]: 51/53 起点被证伪，剩 2
DYN shard1: 2699 calls, 602 refuted (22%)
probe[t=11s]: 51/53 起点被证伪，剩 2
DYN shard12: 3255 calls, 837 refuted (26%)
probe[t=13s]: 51/53 起点被证伪，剩 2
DYN shard3: 3401 calls, 822 refuted (24%)
probe[t=13s]: 51/53 起点被证伪，剩 2
DYN shard7: 3087 calls, 669 refuted (22%)
probe[t=14s]: 51/53 起点被证伪，剩 2
DYN shard6: 3621 calls, 881 refuted (24%)
probe[t=15s]: 51/53 起点被证伪，剩 2
DYN shard11: 2765 calls, 980 refuted (35%)
probe[t=16s]: 51/53 起点被证伪，剩 2
DYN shard9: 3437 calls, 888 refuted (26%)
probe[t=16s]: 51/53 起点被证伪，剩 2
DYN shard5: 2871 calls, 964 refuted (34%)
probe[t=16s]: 51/53 起点被证伪，剩 2
DYN shard0: 4287 calls, 1092 refuted (25%)
probe[t=17s]: 51/53 起点被证伪，剩 2
DYN shard15: 3381 calls, 779 refuted (23%)
probe[t=17s]: 51/53 起点被证伪，剩 2
DYN shard14: 2765 calls, 928 refuted (34%)
probe[t=18s]: 51/53 起点被证伪，剩 2
DYN shard18: 3409 calls, 773 refuted (23%)
STATS {"solved":1,"shard":0,"wall_s":23,"nodes_total":223614,"nodes_win":141490,"dth_liveend":0,"dth_estate":28762,"dth_reach":13852,"dth_dyn":3684,"dth_flow":0,"dth_geom":1889,"maxrss_kb":31584,"start_x":162,"start_y":51}
WINNER shard 0 tier 0 nodes 141490
