  分治：12 块 144 对，可行 42 对，整块淘汰掉 0 格
有向预计算：走向已定 0/134606 (0.0%) | 无向判定率 0.0% -> 0.0% (0 -> 0 / 67303 边)
有向预计算：走向已定 0/134606 (0.0%) | 无向判定率 0.0% -> 0.0% (0 -> 0 / 67303 边)
全局阶段：固定 0 条边，起点候选 47510 / 47510 (100.0%)
adaptive PROPDEPTH=2 (fixed 0 / 67303 edges; 第一层存活率>=SURVDEEP%再升深层)
FRANK shard4: F降序
shard 4: 第一层存活 95% >= 38%，升深度传播(PD=64)
FRANK shard1: F降序
shard 1: 第一层存活 94% >= 38%，升深度传播(PD=64)
FRANK shard2: F降序
shard 2: 第一层存活 94% >= 38%，升深度传播(PD=64)
FRANK shard3: F降序
shard 3: 第一层存活 94% >= 38%，升深度传播(PD=64)
FRANK shard0: F降序
shard 0: 第一层存活 94% >= 38%，升深度传播(PD=64)
shard 4: 1.5 层深层重探后剩 8985
shard 4: 第一层存活 8985/9502 = 94%%, 第二层 开
shard 1: 1.5 层深层重探后剩 8953
shard 1: 第一层存活 8953/9502 = 94%%, 第二层 开
shard 2: 1.5 层深层重探后剩 8941
shard 2: 第一层存活 8941/9502 = 94%%, 第二层 开
shard 3: 1.5 层深层重探后剩 9009
shard 3: 第一层存活 9009/9502 = 94%%, 第二层 开
shard 0: 1.5 层深层重探后剩 9016
shard 0: 第一层存活 9016/9502 = 94%%, 第二层 开
probe[t=1396s]: 47296/47510 起点被证伪，剩 214
DYN shard4: 826544 calls, 297636 refuted (36%)
probe[t=1432s]: 47295/47510 起点被证伪，剩 215
DYN shard1: 853349 calls, 307065 refuted (36%)
probe[t=1462s]: 47288/47510 起点被证伪，剩 222
DYN shard2: 845605 calls, 305005 refuted (36%)
probe[t=2096s]: 47244/47510 起点被证伪，剩 266
DYN shard3: 995384 calls, 310106 refuted (31%)
probe[t=2097s]: 47258/47510 起点被证伪，剩 252
DYN shard0: 991610 calls, 309925 refuted (31%)
