有向预计算：走向已定 49480/123908 (39.9%) | 无向判定率 52.6% -> 63.1% (32570 -> 39120 / 61954 边)
有向预计算：走向已定 49522/123908 (40.0%) | 无向判定率 63.1% -> 63.2% (39120 -> 39178 / 61954 边)
有向预计算：走向已定 49522/123908 (40.0%) | 无向判定率 63.2% -> 63.2% (39178 -> 39178 / 61954 边)
全局阶段：固定 39178 条边，起点候选 140 / 45033 (0.3%)
adaptive PROPDEPTH=999999 (fixed 39178 / 61954 edges; 第一层存活率>=SURVDEEP%再升深层)
FRANK shard1: F降序
shard 1: 第一层存活 2/35 = 5%%, 第二层 跳过
probe[t=1s]: 138/140 起点被证伪，剩 2
DYN shard1: 609 calls, 182 refuted (30%)
FRANK shard2: F降序
shard 2: 第一层存活 0/35 = 0%%, 第二层 跳过
probe[t=1s]: 140/140 起点被证伪，剩 0
DYN shard2: 132 calls, 48 refuted (36%)
no solution found
STATS {"solved":0,"shard":2,"wall_s":1,"nodes_total":1184,"nodes_win":-1,"dth_liveend":0,"dth_estate":231,"dth_reach":95,"dth_dyn":48,"dth_flow":0,"dth_geom":29,"maxrss_kb":15960,"start_x":-1,"start_y":-1}
FRANK shard0: F降序
shard 0: 第一层存活 1/35 = 2%%, 第二层 跳过
probe[t=1s]: 139/140 起点被证伪，剩 1
DYN shard0: 178 calls, 63 refuted (35%)
FRANK shard3: F降序
shard 3: 第一层存活 1/35 = 2%%, 第二层 跳过
probe[t=1s]: 139/140 起点被证伪，剩 1
DYN shard3: 269 calls, 95 refuted (35%)
no solution found
STATS {"solved":0,"shard":1,"wall_s":545,"nodes_total":12234062,"nodes_win":-1,"dth_liveend":0,"dth_estate":1575358,"dth_reach":740702,"dth_dyn":215494,"dth_flow":0,"dth_geom":116306,"maxrss_kb":25140,"start_x":-1,"start_y":-1}
