有向预计算：走向已定 54004/133144 (40.6%) | 无向判定率 52.6% -> 63.9% (34985 -> 42513 / 66572 边)
有向预计算：走向已定 54077/133144 (40.6%) | 无向判定率 63.9% -> 64.0% (42513 -> 42615 / 66572 边)
有向预计算：走向已定 54077/133144 (40.6%) | 无向判定率 64.0% -> 64.0% (42615 -> 42615 / 66572 边)
全局阶段：固定 42615 条边，起点候选 14 / 48434 (0.0%)
adaptive PROPDEPTH=999999 (fixed 42615 / 66572 edges; 第一层存活率>=SURVDEEP%再升深层)
shard 0: swarm 模式（14 个候选全员上，随机顺序）
shard 1: swarm 模式（14 个候选全员上，随机顺序）
shard 2: swarm 模式（14 个候选全员上，随机顺序）
shard 3: swarm 模式（14 个候选全员上，随机顺序）
FRANK shard1: F降序
shard 1: 第一层存活 1/4 = 25%%, 第二层 跳过
probe[t=1s]: 13/14 起点被证伪，剩 1
DYN shard1: 162 calls, 63 refuted (39%)
FRANK shard2: F降序
shard 2: 第一层存活 1/3 = 33%%, 第二层 开
FRANK shard3: F降序
shard 3: 第一层存活 1/3 = 33%%, 第二层 开
FRANK shard0: F降序
shard 0: 第一层存活 1/4 = 25%%, 第二层 跳过
probe[t=1s]: 13/14 起点被证伪，剩 1
DYN shard0: 144 calls, 48 refuted (33%)
probe[t=4s]: 13/14 起点被证伪，剩 1
DYN shard2: 2242 calls, 970 refuted (43%)
probe[t=5s]: 13/14 起点被证伪，剩 1
DYN shard3: 2630 calls, 1001 refuted (38%)
STATS {"solved":1,"shard":2,"wall_s":34,"nodes_total":568551,"nodes_win":534505,"dth_liveend":0,"dth_estate":77029,"dth_reach":35217,"dth_dyn":17163,"dth_flow":0,"dth_geom":2657,"maxrss_kb":28448,"start_x":126,"start_y":131}
WINNER shard 2 tier 2 nodes 534505
