有向预计算：走向已定 77825/182258 (42.7%) | 无向判定率 46.8% -> 59.2% (42671 -> 53962 / 91129 边)
有向预计算：走向已定 79084/182258 (43.4%) | 无向判定率 59.2% -> 59.6% (53962 -> 54299 / 91129 边)
有向预计算：走向已定 79092/182258 (43.4%) | 无向判定率 59.6% -> 59.6% (54299 -> 54317 / 91129 边)
有向预计算：走向已定 79092/182258 (43.4%) | 无向判定率 59.6% -> 59.6% (54317 -> 54317 / 91129 边)
全局阶段：固定 54317 条边，起点候选 77 / 64204 (0.1%)
adaptive PROPDEPTH=999999 (fixed 54317 / 91129 edges; 第一层存活率>=SURVDEEP%再升深层)
shard 0: swarm 模式（77 个候选全员上，随机顺序）
shard 1: swarm 模式（77 个候选全员上，随机顺序）
shard 2: swarm 模式（77 个候选全员上，随机顺序）
shard 3: swarm 模式（77 个候选全员上，随机顺序）
shard 4: swarm 模式（77 个候选全员上，随机顺序）
shard 5: swarm 模式（77 个候选全员上，随机顺序）
shard 6: swarm 模式（77 个候选全员上，随机顺序）
shard 7: swarm 模式（77 个候选全员上，随机顺序）
shard 8: swarm 模式（77 个候选全员上，随机顺序）
shard 9: swarm 模式（77 个候选全员上，随机顺序）
shard 10: swarm 模式（77 个候选全员上，随机顺序）
shard 11: swarm 模式（77 个候选全员上，随机顺序）
shard 12: swarm 模式（77 个候选全员上，随机顺序）
shard 13: swarm 模式（77 个候选全员上，随机顺序）
shard 14: swarm 模式（77 个候选全员上，随机顺序）
shard 15: swarm 模式（77 个候选全员上，随机顺序）
shard 16: swarm 模式（77 个候选全员上，随机顺序）
shard 17: swarm 模式（77 个候选全员上，随机顺序）
shard 18: swarm 模式（77 个候选全员上，随机顺序）
shard 19: swarm 模式（77 个候选全员上，随机顺序）
FRANK shard1: F降序
shard 1: 第一层存活 4/4 = 100%%, 第二层 开
FRANK shard16: F降序
shard 16: 第一层存活 4/4 = 100%%, 第二层 开
FRANK shard7: F降序
shard 7: 第一层存活 4/4 = 100%%, 第二层 开
FRANK shard4: F降序
shard 4: 第一层存活 4/4 = 100%%, 第二层 开
FRANK shard13: F降序
shard 13: 第一层存活 4/4 = 100%%, 第二层 开
FRANK shard10: F降序
shard 10: 第一层存活 4/4 = 100%%, 第二层 开
FRANK shard19: F降序
shard 19: 第一层存活 4/3 = 133%%, 第二层 开
FRANK shard14: F降序
shard 14: 第一层存活 4/4 = 100%%, 第二层 开
FRANK shard5: F降序
shard 5: 第一层存活 4/4 = 100%%, 第二层 开
FRANK shard2: F降序
shard 2: 第一层存活 4/4 = 100%%, 第二层 开
FRANK shard11: F降序
shard 11: 第一层存活 4/4 = 100%%, 第二层 开
FRANK shard8: F降序
shard 8: 第一层存活 4/4 = 100%%, 第二层 开
FRANK shard17: F降序
shard 17: 第一层存活 4/3 = 133%%, 第二层 开
FRANK shard6: F降序
shard 6: 第一层存活 4/4 = 100%%, 第二层 开
FRANK shard0: F降序
shard 0: 第一层存活 4/4 = 100%%, 第二层 开
FRANK shard15: F降序
shard 15: 第一层存活 4/4 = 100%%, 第二层 开
FRANK shard18: F降序
shard 18: 第一层存活 4/3 = 133%%, 第二层 开
FRANK shard3: F降序
shard 3: 第一层存活 4/4 = 100%%, 第二层 开
FRANK shard9: F降序
shard 9: 第一层存活 4/4 = 100%%, 第二层 开
FRANK shard12: F降序
shard 12: 第一层存活 4/4 = 100%%, 第二层 开
probe[t=6s]: 73/77 起点被证伪，剩 4
DYN shard7: 8838 calls, 1830 refuted (21%)
probe[t=7s]: 73/77 起点被证伪，剩 4
DYN shard19: 8866 calls, 1841 refuted (21%)
probe[t=8s]: 73/77 起点被证伪，剩 4
DYN shard16: 8732 calls, 1923 refuted (22%)
probe[t=9s]: 73/77 起点被证伪，剩 4
DYN shard10: 8590 calls, 1787 refuted (21%)
probe[t=9s]: 73/77 起点被证伪，剩 4
DYN shard1: 8428 calls, 1651 refuted (20%)
probe[t=10s]: 73/77 起点被证伪，剩 4
DYN shard13: 8566 calls, 1737 refuted (20%)
STATS {"solved":1,"shard":1,"wall_s":12,"nodes_total":230433,"nodes_win":89169,"dth_liveend":0,"dth_estate":29417,"dth_reach":15445,"dth_dyn":2575,"dth_flow":0,"dth_geom":2801,"maxrss_kb":38232,"start_x":102,"start_y":192}
WINNER shard 1 tier 1 nodes 89169
