有向预计算：走向已定 87473/213356 (41.0%) | 无向判定率 46.2% -> 57.9% (49243 -> 61728 / 106678 边)
有向预计算：走向已定 87911/213356 (41.2%) | 无向判定率 57.9% -> 58.1% (61728 -> 61939 / 106678 边)
有向预计算：走向已定 87934/213356 (41.2%) | 无向判定率 58.1% -> 58.1% (61939 -> 61948 / 106678 边)
有向预计算：走向已定 87934/213356 (41.2%) | 无向判定率 58.1% -> 58.1% (61948 -> 61948 / 106678 边)
全局阶段：固定 61948 条边，起点候选 47 / 74807 (0.1%)
adaptive PROPDEPTH=999999 (fixed 61948 / 106678 edges; 第一层存活率>=SURVDEEP%再升深层)
shard 0: swarm 模式（47 个候选全员上，随机顺序）
shard 1: swarm 模式（47 个候选全员上，随机顺序）
shard 2: swarm 模式（47 个候选全员上，随机顺序）
shard 3: swarm 模式（47 个候选全员上，随机顺序）
shard 4: swarm 模式（47 个候选全员上，随机顺序）
shard 5: swarm 模式（47 个候选全员上，随机顺序）
shard 13: swarm 模式（47 个候选全员上，随机顺序）
shard 6: swarm 模式（47 个候选全员上，随机顺序）
shard 7: swarm 模式（47 个候选全员上，随机顺序）
shard 8: swarm 模式（47 个候选全员上，随机顺序）
shard 9: swarm 模式（47 个候选全员上，随机顺序）
shard 10: swarm 模式（47 个候选全员上，随机顺序）
shard 11: swarm 模式（47 个候选全员上，随机顺序）
shard 12: swarm 模式（47 个候选全员上，随机顺序）
shard 14: swarm 模式（47 个候选全员上，随机顺序）
shard 15: swarm 模式（47 个候选全员上，随机顺序）
shard 16: swarm 模式（47 个候选全员上，随机顺序）
shard 17: swarm 模式（47 个候选全员上，随机顺序）
shard 18: swarm 模式（47 个候选全员上，随机顺序）
shard 19: swarm 模式（47 个候选全员上，随机顺序）
FRANK shard10: F降序
shard 10: 第一层存活 3/2 = 150%%, 第二层 开
FRANK shard7: F降序
shard 7: 第一层存活 3/2 = 150%%, 第二层 开
FRANK shard1: F降序
shard 1: 第一层存活 3/3 = 100%%, 第二层 开
FRANK shard16: F降序
shard 16: 第一层存活 3/2 = 150%%, 第二层 开
FRANK shard4: F降序
shard 4: 第一层存活 3/3 = 100%%, 第二层 开
FRANK shard13: F降序
shard 13: 第一层存活 3/2 = 150%%, 第二层 开
FRANK shard19: F降序
shard 19: 第一层存活 3/2 = 150%%, 第二层 开
FRANK shard0: F降序
shard 0: 第一层存活 3/3 = 100%%, 第二层 开
FRANK shard9: F降序
shard 9: 第一层存活 3/2 = 150%%, 第二层 开
FRANK shard3: F降序
shard 3: 第一层存活 3/3 = 100%%, 第二层 开
FRANK shard6: F降序
shard 6: 第一层存活 3/3 = 100%%, 第二层 开
FRANK shard12: F降序
shard 12: 第一层存活 3/2 = 150%%, 第二层 开
FRANK shard15: F降序
shard 15: 第一层存活 3/2 = 150%%, 第二层 开
FRANK shard14: F降序
shard 14: 第一层存活 3/2 = 150%%, 第二层 开
FRANK shard18: F降序
shard 18: 第一层存活 3/2 = 150%%, 第二层 开
FRANK shard8: F降序
shard 8: 第一层存活 3/2 = 150%%, 第二层 开
FRANK shard2: F降序
shard 2: 第一层存活 3/3 = 100%%, 第二层 开
FRANK shard5: F降序
shard 5: 第一层存活 3/3 = 100%%, 第二层 开
FRANK shard11: F降序
shard 11: 第一层存活 3/2 = 150%%, 第二层 开
FRANK shard17: F降序
shard 17: 第一层存活 3/2 = 150%%, 第二层 开
probe[t=3s]: 45/47 起点被证伪，剩 2
DYN shard1: 4334 calls, 1182 refuted (27%)
probe[t=4s]: 45/47 起点被证伪，剩 2
DYN shard4: 4024 calls, 1108 refuted (28%)
probe[t=7s]: 45/47 起点被证伪，剩 2
DYN shard19: 4184 calls, 1156 refuted (28%)
probe[t=7s]: 45/47 起点被证伪，剩 2
DYN shard7: 4908 calls, 1295 refuted (26%)
probe[t=7s]: 45/47 起点被证伪，剩 2
DYN shard16: 4162 calls, 1172 refuted (28%)
probe[t=7s]: 45/47 起点被证伪，剩 2
DYN shard13: 4744 calls, 1294 refuted (27%)
probe[t=7s]: 45/47 起点被证伪，剩 2
DYN shard10: 4660 calls, 1244 refuted (27%)
probe[t=10s]: 45/47 起点被证伪，剩 2
DYN shard18: 4422 calls, 1271 refuted (29%)
probe[t=11s]: 45/47 起点被证伪，剩 2
DYN shard6: 4482 calls, 1248 refuted (28%)
probe[t=11s]: 45/47 起点被证伪，剩 2
DYN shard8: 4014 calls, 1588 refuted (40%)
probe[t=11s]: 45/47 起点被证伪，剩 2
DYN shard11: 3914 calls, 1566 refuted (40%)
probe[t=11s]: 45/47 起点被证伪，剩 2
DYN shard5: 4108 calls, 1633 refuted (40%)
probe[t=11s]: 45/47 起点被证伪，剩 2
DYN shard0: 5068 calls, 1447 refuted (29%)
probe[t=11s]: 45/47 起点被证伪，剩 2
DYN shard2: 4110 calls, 1620 refuted (39%)
probe[t=12s]: 45/47 起点被证伪，剩 2
DYN shard17: 4054 calls, 1623 refuted (40%)
probe[t=12s]: 45/47 起点被证伪，剩 2
DYN shard3: 4950 calls, 1433 refuted (29%)
probe[t=12s]: 45/47 起点被证伪，剩 2
DYN shard9: 5058 calls, 1442 refuted (29%)
probe[t=12s]: 45/47 起点被证伪，剩 2
DYN shard12: 4876 calls, 1378 refuted (28%)
probe[t=12s]: 45/47 起点被证伪，剩 2
DYN shard15: 4990 calls, 1448 refuted (29%)
probe[t=13s]: 45/47 起点被证伪，剩 2
DYN shard14: 4746 calls, 1867 refuted (39%)
STATS {"solved":1,"shard":7,"wall_s":15,"nodes_total":180427,"nodes_win":104246,"dth_liveend":0,"dth_estate":24318,"dth_reach":11744,"dth_dyn":2920,"dth_flow":0,"dth_geom":1803,"maxrss_kb":42192,"start_x":66,"start_y":237}
WINNER shard 7 tier 3 nodes 104246
