有向预计算：走向已定 72330/182942 (39.5%) | 无向判定率 46.0% -> 57.4% (42098 -> 52468 / 91471 边)
有向预计算：走向已定 73233/182942 (40.0%) | 无向判定率 57.4% -> 57.7% (52468 -> 52744 / 91471 边)
有向预计算：走向已定 73291/182942 (40.1%) | 无向判定率 57.7% -> 57.7% (52744 -> 52749 / 91471 边)
有向预计算：走向已定 73291/182942 (40.1%) | 无向判定率 57.7% -> 57.7% (52749 -> 52749 / 91471 边)
全局阶段：固定 52749 条边，起点候选 43 / 64313 (0.1%)
adaptive PROPDEPTH=999999 (fixed 52749 / 91471 edges; 第一层存活率>=SURVDEEP%再升深层)
shard 0: swarm 模式（43 个候选全员上，随机顺序）
shard 1: swarm 模式（43 个候选全员上，随机顺序）
shard 2: swarm 模式（43 个候选全员上，随机顺序）
shard 3: swarm 模式（43 个候选全员上，随机顺序）
shard 4: swarm 模式（43 个候选全员上，随机顺序）
shard 10: swarm 模式（43 个候选全员上，随机顺序）
shard 5: swarm 模式（43 个候选全员上，随机顺序）
shard 6: swarm 模式（43 个候选全员上，随机顺序）
shard 7: swarm 模式（43 个候选全员上，随机顺序）
shard 8: swarm 模式（43 个候选全员上，随机顺序）
shard 9: swarm 模式（43 个候选全员上，随机顺序）
shard 19: swarm 模式（43 个候选全员上，随机顺序）
shard 11: swarm 模式（43 个候选全员上，随机顺序）
shard 12: swarm 模式（43 个候选全员上，随机顺序）
shard 13: swarm 模式（43 个候选全员上，随机顺序）
shard 14: swarm 模式（43 个候选全员上，随机顺序）
shard 15: swarm 模式（43 个候选全员上，随机顺序）
shard 16: swarm 模式（43 个候选全员上，随机顺序）
shard 17: swarm 模式（43 个候选全员上，随机顺序）
shard 18: swarm 模式（43 个候选全员上，随机顺序）
FRANK shard1: F降序
shard 1: 第一层存活 17/3 = 566%%, 第二层 开
FRANK shard19: F降序
shard 19: 第一层存活 17/2 = 850%%, 第二层 开
FRANK shard7: F降序
shard 7: 第一层存活 17/2 = 850%%, 第二层 开
FRANK shard16: F降序
shard 16: 第一层存活 17/2 = 850%%, 第二层 开
FRANK shard4: F降序
shard 4: 第一层存活 17/2 = 850%%, 第二层 开
FRANK shard13: F降序
shard 13: 第一层存活 17/2 = 850%%, 第二层 开
FRANK shard10: F降序
shard 10: 第一层存活 17/2 = 850%%, 第二层 开
FRANK shard8: F降序
shard 8: 第一层存活 17/2 = 850%%, 第二层 开
FRANK shard14: F降序
shard 14: 第一层存活 17/2 = 850%%, 第二层 开
FRANK shard2: F降序
shard 2: 第一层存活 17/3 = 566%%, 第二层 开
FRANK shard17: F降序
shard 17: 第一层存活 17/2 = 850%%, 第二层 开
FRANK shard5: F降序
shard 5: 第一层存活 17/2 = 850%%, 第二层 开
FRANK shard11: F降序
shard 11: 第一层存活 17/2 = 850%%, 第二层 开
FRANK shard6: F降序
shard 6: 第一层存活 18/2 = 900%%, 第二层 开
FRANK shard18: F降序
shard 18: 第一层存活 18/2 = 900%%, 第二层 开
FRANK shard12: F降序
shard 12: 第一层存活 18/2 = 900%%, 第二层 开
FRANK shard15: F降序
shard 15: 第一层存活 18/2 = 900%%, 第二层 开
FRANK shard0: F降序
shard 0: 第一层存活 18/3 = 600%%, 第二层 开
FRANK shard3: F降序
shard 3: 第一层存活 18/2 = 900%%, 第二层 开
FRANK shard9: F降序
shard 9: 第一层存活 18/2 = 900%%, 第二层 开
probe[t=20s]: 37/43 起点被证伪，剩 6
DYN shard19: 16658 calls, 3706 refuted (22%)
probe[t=21s]: 37/43 起点被证伪，剩 6
DYN shard10: 16388 calls, 3638 refuted (22%)
probe[t=21s]: 37/43 起点被证伪，剩 6
DYN shard7: 17202 calls, 3643 refuted (21%)
probe[t=21s]: 37/43 起点被证伪，剩 6
DYN shard1: 16544 calls, 3486 refuted (21%)
probe[t=25s]: 37/43 起点被证伪，剩 6
DYN shard4: 17202 calls, 3736 refuted (22%)
probe[t=26s]: 37/43 起点被证伪，剩 6
DYN shard11: 15462 calls, 5474 refuted (35%)
probe[t=27s]: 37/43 起点被证伪，剩 6
DYN shard13: 18474 calls, 3907 refuted (21%)
probe[t=28s]: 37/43 起点被证伪，剩 6
DYN shard16: 18424 calls, 3911 refuted (21%)
probe[t=29s]: 37/43 起点被证伪，剩 6
DYN shard2: 16028 calls, 5867 refuted (37%)
probe[t=29s]: 37/43 起点被证伪，剩 6
DYN shard8: 16864 calls, 6247 refuted (37%)
probe[t=29s]: 37/43 起点被证伪，剩 6
DYN shard5: 16552 calls, 6002 refuted (36%)
probe[t=30s]: 37/43 起点被证伪，剩 6
DYN shard17: 16738 calls, 6212 refuted (37%)
probe[t=31s]: 37/43 起点被证伪，剩 6
DYN shard14: 17172 calls, 6496 refuted (38%)
probe[t=38s]: 37/43 起点被证伪，剩 6
DYN shard9: 15784 calls, 4121 refuted (26%)
probe[t=38s]: 37/43 起点被证伪，剩 6
DYN shard3: 16780 calls, 4305 refuted (26%)
probe[t=38s]: 37/43 起点被证伪，剩 6
DYN shard6: 15928 calls, 4106 refuted (26%)
probe[t=38s]: 37/43 起点被证伪，剩 6
DYN shard12: 16708 calls, 4364 refuted (26%)
probe[t=41s]: 37/43 起点被证伪，剩 6
DYN shard18: 16772 calls, 4495 refuted (27%)
probe[t=43s]: 37/43 起点被证伪，剩 6
DYN shard0: 17362 calls, 4251 refuted (24%)
probe[t=45s]: 37/43 起点被证伪，剩 6
DYN shard15: 17230 calls, 4520 refuted (26%)
STATS {"solved":1,"shard":2,"wall_s":54,"nodes_total":626353,"nodes_win":346215,"dth_liveend":0,"dth_estate":78546,"dth_reach":37528,"dth_dyn":13115,"dth_flow":0,"dth_geom":4130,"maxrss_kb":39300,"start_x":218,"start_y":33}
WINNER shard 2 tier 2 nodes 346215
