  分治：12 块 144 对，可行 39 对，整块淘汰掉 0 格
有向预计算：走向已定 0/135040 (0.0%) | 无向判定率 0.0% -> 0.0% (0 -> 0 / 67520 边)
有向预计算：走向已定 0/135040 (0.0%) | 无向判定率 0.0% -> 0.0% (0 -> 0 / 67520 边)
全局阶段：固定 0 条边，起点候选 47546 / 47546 (100.0%)
adaptive PROPDEPTH=2 (fixed 0 / 67520 edges; 第一层存活率>=SURVDEEP%再升深层)
FRANK shard4: F降序
shard 4: 第一层存活 95% >= 38%，升深度传播(PD=64)
FRANK shard1: F降序
shard 1: 第一层存活 95% >= 38%，升深度传播(PD=64)
FRANK shard0: F降序
shard 0: 第一层存活 95% >= 38%，升深度传播(PD=64)
FRANK shard2: F降序
shard 2: 第一层存活 95% >= 38%，升深度传播(PD=64)
FRANK shard3: F降序
shard 3: 第一层存活 95% >= 38%，升深度传播(PD=64)
shard 4: 1.5 层深层重探后剩 9050
shard 4: 第一层存活 9050/9509 = 95%%, 第二层 开
shard 1: 1.5 层深层重探后剩 9072
shard 1: 第一层存活 9072/9509 = 95%%, 第二层 开
shard 2: 1.5 层深层重探后剩 9100
shard 2: 第一层存活 9100/9509 = 95%%, 第二层 开
shard 0: 1.5 层深层重探后剩 9066
shard 0: 第一层存活 9066/9510 = 95%%, 第二层 开
shard 3: 1.5 层深层重探后剩 9086
shard 3: 第一层存活 9086/9509 = 95%%, 第二层 开
probe[t=2611s]: 47139/47546 起点被证伪，剩 407
DYN shard1: 1391413 calls, 523051 refuted (38%)
probe[t=2695s]: 47106/47546 起点被证伪，剩 440
DYN shard4: 1417468 calls, 534704 refuted (38%)
probe[t=2760s]: 47095/47546 起点被证伪，剩 451
DYN shard2: 1439558 calls, 542922 refuted (38%)
probe[t=3701s]: 47042/47546 起点被证伪，剩 504
DYN shard3: 1614877 calls, 522357 refuted (32%)
probe[t=3797s]: 47038/47546 起点被证伪，剩 508
DYN shard0: 1629283 calls, 529043 refuted (32%)
STATS {"solved":1,"shard":4,"wall_s":4027,"nodes_total":38867306,"nodes_win":2517203,"dth_liveend":0,"dth_estate":4869088,"dth_reach":3133386,"dth_dyn":852651,"dth_flow":0,"dth_geom":515987,"maxrss_kb":3236496,"start_x":139,"start_y":58}
