有向预计算：走向已定 62050/154918 (40.1%) | 无向判定率 45.7% -> 57.0% (35373 -> 44173 / 77459 边)
有向预计算：走向已定 62158/154918 (40.1%) | 无向判定率 57.0% -> 57.1% (44173 -> 44264 / 77459 边)
有向预计算：走向已定 62365/154918 (40.3%) | 无向判定率 57.1% -> 57.2% (44264 -> 44316 / 77459 边)
有向预计算：走向已定 62365/154918 (40.3%) | 无向判定率 57.2% -> 57.2% (44316 -> 44323 / 77459 边)
全局阶段：固定 44323 条边，起点候选 50 / 54374 (0.1%)
adaptive PROPDEPTH=999999 (fixed 44323 / 77459 edges; 第一层存活率>=SURVDEEP%再升深层)
shard 0: swarm 模式（50 个候选全员上，随机顺序）
shard 1: swarm 模式（50 个候选全员上，随机顺序）
shard 2: swarm 模式（50 个候选全员上，随机顺序）
shard 3: swarm 模式（50 个候选全员上，随机顺序）
shard 4: swarm 模式（50 个候选全员上，随机顺序）
shard 5: swarm 模式（50 个候选全员上，随机顺序）
shard 13: swarm 模式（50 个候选全员上，随机顺序）
shard 6: swarm 模式（50 个候选全员上，随机顺序）
shard 7: swarm 模式（50 个候选全员上，随机顺序）
shard 8: swarm 模式（50 个候选全员上，随机顺序）
shard 9: swarm 模式（50 个候选全员上，随机顺序）
shard 10: swarm 模式（50 个候选全员上，随机顺序）
shard 11: swarm 模式（50 个候选全员上，随机顺序）
shard 12: swarm 模式（50 个候选全员上，随机顺序）
shard 14: swarm 模式（50 个候选全员上，随机顺序）
shard 15: swarm 模式（50 个候选全员上，随机顺序）
shard 16: swarm 模式（50 个候选全员上，随机顺序）
shard 17: swarm 模式（50 个候选全员上，随机顺序）
shard 18: swarm 模式（50 个候选全员上，随机顺序）
shard 19: swarm 模式（50 个候选全员上，随机顺序）
FRANK shard7: F降序
shard 7: 第一层存活 4/3 = 133%%, 第二层 开
FRANK shard10: F降序
shard 10: 第一层存活 4/2 = 200%%, 第二层 开
FRANK shard4: F降序
shard 4: 第一层存活 4/3 = 133%%, 第二层 开
FRANK shard16: F降序
shard 16: 第一层存活 4/2 = 200%%, 第二层 开
FRANK shard13: F降序
shard 13: 第一层存活 3/2 = 150%%, 第二层 开
FRANK shard12: F降序
shard 12: 第一层存活 3/2 = 150%%, 第二层 开
FRANK shard5: F降序
shard 5: 第一层存活 3/3 = 100%%, 第二层 开
FRANK shard9: F降序
shard 9: 第一层存活 3/3 = 100%%, 第二层 开
FRANK shard17: F降序
shard 17: 第一层存活 3/2 = 150%%, 第二层 开
FRANK shard15: F降序
shard 15: 第一层存活 3/2 = 150%%, 第二层 开
FRANK shard14: F降序
shard 14: 第一层存活 3/2 = 150%%, 第二层 开
FRANK shard2: F降序
shard 2: 第一层存活 3/3 = 100%%, 第二层 开
FRANK shard11: F降序
shard 11: 第一层存活 3/2 = 150%%, 第二层 开
FRANK shard6: F降序
shard 6: 第一层存活 3/3 = 100%%, 第二层 开
FRANK shard18: F降序
shard 18: 第一层存活 3/2 = 150%%, 第二层 开
FRANK shard8: F降序
shard 8: 第一层存活 3/3 = 100%%, 第二层 开
FRANK shard3: F降序
shard 3: 第一层存活 3/3 = 100%%, 第二层 开
FRANK shard0: F降序
shard 0: 第一层存活 3/3 = 100%%, 第二层 开
FRANK shard1: F降序
shard 1: 第一层存活 4/3 = 133%%, 第二层 开
FRANK shard19: F降序
shard 19: 第一层存活 3/2 = 150%%, 第二层 开
probe[t=11s]: 47/50 起点被证伪，剩 3
DYN shard5: 5826 calls, 1980 refuted (34%)
probe[t=11s]: 47/50 起点被证伪，剩 3
DYN shard7: 7925 calls, 1676 refuted (21%)
probe[t=13s]: 47/50 起点被证伪，剩 3
DYN shard17: 6714 calls, 2319 refuted (35%)
probe[t=13s]: 47/50 起点被证伪，剩 3
DYN shard14: 6996 calls, 2409 refuted (34%)
probe[t=14s]: 47/50 起点被证伪，剩 3
DYN shard8: 6912 calls, 2309 refuted (33%)
probe[t=14s]: 47/50 起点被证伪，剩 3
DYN shard11: 7058 calls, 2377 refuted (34%)
probe[t=14s]: 47/50 起点被证伪，剩 3
DYN shard4: 8025 calls, 1754 refuted (22%)
probe[t=15s]: 47/50 起点被证伪，剩 3
DYN shard2: 7356 calls, 2534 refuted (34%)
probe[t=15s]: 47/50 起点被证伪，剩 3
DYN shard10: 8065 calls, 1717 refuted (21%)
probe[t=16s]: 47/50 起点被证伪，剩 3
DYN shard13: 7508 calls, 1540 refuted (21%)
probe[t=16s]: 47/50 起点被证伪，剩 3
DYN shard1: 7811 calls, 1521 refuted (19%)
probe[t=17s]: 47/50 起点被证伪，剩 3
DYN shard16: 7693 calls, 1543 refuted (20%)
probe[t=17s]: 47/50 起点被证伪，剩 3
DYN shard9: 9642 calls, 2869 refuted (30%)
probe[t=18s]: 47/50 起点被证伪，剩 3
DYN shard6: 9754 calls, 2892 refuted (30%)
probe[t=18s]: 47/50 起点被证伪，剩 3
DYN shard15: 8828 calls, 2455 refuted (28%)
probe[t=18s]: 47/50 起点被证伪，剩 3
DYN shard12: 8340 calls, 2210 refuted (26%)
probe[t=19s]: 47/50 起点被证伪，剩 3
DYN shard19: 7798 calls, 1629 refuted (21%)
probe[t=20s]: 47/50 起点被证伪，剩 3
DYN shard3: 8470 calls, 2290 refuted (27%)
probe[t=21s]: 47/50 起点被证伪，剩 3
DYN shard0: 8862 calls, 2441 refuted (28%)
STATS {"solved":1,"shard":4,"wall_s":22,"nodes_total":209796,"nodes_win":105416,"dth_liveend":0,"dth_estate":27718,"dth_reach":15259,"dth_dyn":3129,"dth_flow":0,"dth_geom":2647,"maxrss_kb":32144,"start_x":120,"start_y":169}
WINNER shard 4 tier 0 nodes 105416
