有向预计算：走向已定 86925/191752 (45.3%) | 无向判定率 47.0% -> 60.2% (45034 -> 57712 / 95876 边)
有向预计算：走向已定 87413/191752 (45.6%) | 无向判定率 60.2% -> 60.4% (57712 -> 57949 / 95876 边)
有向预计算：走向已定 87413/191752 (45.6%) | 无向判定率 60.4% -> 60.4% (57949 -> 57949 / 95876 边)
全局阶段：固定 57949 条边，起点候选 84 / 67646 (0.1%)
adaptive PROPDEPTH=999999 (fixed 57949 / 95876 edges; 第一层存活率>=SURVDEEP%再升深层)
shard 0: swarm 模式（84 个候选全员上，随机顺序）
shard 1: swarm 模式（84 个候选全员上，随机顺序）
shard 3: swarm 模式（84 个候选全员上，随机顺序）
shard 2: swarm 模式（84 个候选全员上，随机顺序）
shard 4: swarm 模式（84 个候选全员上，随机顺序）
shard 5: swarm 模式（84 个候选全员上，随机顺序）
shard 6: swarm 模式（84 个候选全员上，随机顺序）
shard 7: swarm 模式（84 个候选全员上，随机顺序）
shard 14: swarm 模式（84 个候选全员上，随机顺序）
shard 8: swarm 模式（84 个候选全员上，随机顺序）
shard 10: swarm 模式（84 个候选全员上，随机顺序）
shard 11: swarm 模式（84 个候选全员上，随机顺序）
shard 12: swarm 模式（84 个候选全员上，随机顺序）
shard 13: swarm 模式（84 个候选全员上，随机顺序）
shard 15: swarm 模式（84 个候选全员上，随机顺序）
shard 16: swarm 模式（84 个候选全员上，随机顺序）
shard 17: swarm 模式（84 个候选全员上，随机顺序）
shard 9: swarm 模式（84 个候选全员上，随机顺序）
shard 18: swarm 模式（84 个候选全员上，随机顺序）
shard 19: swarm 模式（84 个候选全员上，随机顺序）
FRANK shard16: F降序
shard 16: 第一层存活 19/4 = 475%%, 第二层 开
FRANK shard1: F降序
shard 1: 第一层存活 19/5 = 380%%, 第二层 开
FRANK shard4: F降序
shard 4: 第一层存活 17/4 = 425%%, 第二层 开
FRANK shard13: F降序
shard 13: 第一层存活 17/4 = 425%%, 第二层 开
FRANK shard10: F降序
shard 10: 第一层存活 16/4 = 400%%, 第二层 开
FRANK shard7: F降序
shard 7: 第一层存活 17/4 = 425%%, 第二层 开
FRANK shard14: F降序
shard 14: 第一层存活 15/4 = 375%%, 第二层 开
FRANK shard5: F降序
shard 5: 第一层存活 15/4 = 375%%, 第二层 开
FRANK shard11: F降序
shard 11: 第一层存活 15/4 = 375%%, 第二层 开
FRANK shard2: F降序
shard 2: 第一层存活 15/5 = 300%%, 第二层 开
FRANK shard17: F降序
shard 17: 第一层存活 15/4 = 375%%, 第二层 开
FRANK shard8: F降序
shard 8: 第一层存活 15/4 = 375%%, 第二层 开
FRANK shard6: F降序
shard 6: 第一层存活 19/4 = 475%%, 第二层 开
FRANK shard18: F降序
shard 18: 第一层存活 19/4 = 475%%, 第二层 开
FRANK shard0: F降序
shard 0: 第一层存活 19/5 = 380%%, 第二层 开
FRANK shard9: F降序
shard 9: 第一层存活 19/4 = 475%%, 第二层 开
FRANK shard12: F降序
shard 12: 第一层存活 19/4 = 475%%, 第二层 开
FRANK shard3: F降序
shard 3: 第一层存活 19/5 = 380%%, 第二层 开
FRANK shard15: F降序
shard 15: 第一层存活 19/4 = 475%%, 第二层 开
FRANK shard19: F降序
shard 19: 第一层存活 16/4 = 400%%, 第二层 开
probe[t=24s]: 69/84 起点被证伪，剩 15
DYN shard1: 24291 calls, 6900 refuted (28%)
probe[t=42s]: 69/84 起点被证伪，剩 15
DYN shard5: 21125 calls, 7870 refuted (37%)
probe[t=50s]: 69/84 起点被证伪，剩 15
DYN shard4: 24408 calls, 6621 refuted (27%)
probe[t=50s]: 69/84 起点被证伪，剩 15
DYN shard2: 21205 calls, 7766 refuted (37%)
probe[t=54s]: 69/84 起点被证伪，剩 15
DYN shard11: 21175 calls, 7587 refuted (36%)
probe[t=54s]: 69/84 起点被证伪，剩 15
DYN shard8: 21583 calls, 7899 refuted (37%)
probe[t=54s]: 69/84 起点被证伪，剩 15
DYN shard14: 20783 calls, 7481 refuted (36%)
probe[t=56s]: 69/84 起点被证伪，剩 15
DYN shard17: 21335 calls, 7895 refuted (37%)
probe[t=59s]: 69/84 起点被证伪，剩 15
DYN shard16: 24989 calls, 7039 refuted (28%)
probe[t=59s]: 66/84 起点被证伪，剩 18
DYN shard18: 25706 calls, 6834 refuted (27%)
probe[t=59s]: 66/84 起点被证伪，剩 18
DYN shard6: 26032 calls, 6905 refuted (27%)
probe[t=61s]: 66/84 起点被证伪，剩 18
DYN shard3: 27546 calls, 7539 refuted (27%)
probe[t=63s]: 66/84 起点被证伪，剩 18
DYN shard15: 26178 calls, 6859 refuted (26%)
probe[t=69s]: 69/84 起点被证伪，剩 15
DYN shard7: 23706 calls, 6100 refuted (26%)
probe[t=74s]: 66/84 起点被证伪，剩 18
DYN shard12: 25494 calls, 6761 refuted (27%)
probe[t=76s]: 69/84 起点被证伪，剩 15
DYN shard19: 23559 calls, 6251 refuted (27%)
probe[t=78s]: 69/84 起点被证伪，剩 15
DYN shard13: 23062 calls, 5948 refuted (26%)
probe[t=85s]: 69/84 起点被证伪，剩 15
DYN shard10: 22809 calls, 5669 refuted (25%)
probe[t=88s]: 66/84 起点被证伪，剩 18
DYN shard9: 27034 calls, 7143 refuted (26%)
STATS {"solved":1,"shard":2,"wall_s":91,"nodes_total":1115894,"nodes_win":133606,"dth_liveend":0,"dth_estate":139200,"dth_reach":55734,"dth_dyn":18421,"dth_flow":0,"dth_geom":4963,"maxrss_kb":45892,"start_x":211,"start_y":122}
WINNER shard 2 tier 2 nodes 133606
