有向预计算：走向已定 81561/194874 (41.9%) | 无向判定率 46.7% -> 58.6% (45546 -> 57144 / 97437 边)
有向预计算：走向已定 81959/194874 (42.1%) | 无向判定率 58.6% -> 58.8% (57144 -> 57336 / 97437 边)
有向预计算：走向已定 81959/194874 (42.1%) | 无向判定率 58.8% -> 58.8% (57336 -> 57336 / 97437 边)
全局阶段：固定 57336 条边，起点候选 145 / 68613 (0.2%)
adaptive PROPDEPTH=999999 (fixed 57336 / 97437 edges; 第一层存活率>=SURVDEEP%再升深层)
FRANK shard8: F降序
shard 8: 第一层存活 0/7 = 0%%, 第二层 跳过
probe[t=1s]: 145/145 起点被证伪，剩 0
no solution found
STATS {"solved":0,"shard":8,"wall_s":1,"nodes_total":25,"nodes_win":-1,"dth_liveend":0,"dth_estate":9,"dth_reach":4,"dth_dyn":1,"dth_flow":0,"dth_geom":3,"maxrss_kb":19724,"start_x":-1,"start_y":-1}
FRANK shard9: F降序
shard 9: 第一层存活 0/7 = 0%%, 第二层 跳过
probe[t=1s]: 145/145 起点被证伪，剩 0
DYN shard9: 51 calls, 18 refuted (35%)
no solution found
STATS {"solved":0,"shard":9,"wall_s":1,"nodes_total":227,"nodes_win":-1,"dth_liveend":0,"dth_estate":32,"dth_reach":50,"dth_dyn":18,"dth_flow":0,"dth_geom":9,"maxrss_kb":23084,"start_x":-1,"start_y":-1}
FRANK shard4: F降序
shard 4: 第一层存活 1/8 = 12%%, 第二层 跳过
probe[t=1s]: 144/145 起点被证伪，剩 1
DYN shard4: 185 calls, 34 refuted (18%)
FRANK shard18: F降序
shard 18: 第一层存活 0/7 = 0%%, 第二层 跳过
probe[t=1s]: 145/145 起点被证伪，剩 0
DYN shard18: 99 calls, 34 refuted (34%)
no solution found
STATS {"solved":0,"shard":18,"wall_s":1,"nodes_total":635,"nodes_win":-1,"dth_liveend":0,"dth_estate":88,"dth_reach":118,"dth_dyn":34,"dth_flow":0,"dth_geom":18,"maxrss_kb":23084,"start_x":-1,"start_y":-1}
FRANK shard16: F降序
shard 16: 第一层存活 1/7 = 14%%, 第二层 跳过
probe[t=1s]: 144/145 起点被证伪，剩 1
DYN shard16: 140 calls, 27 refuted (19%)
FRANK shard10: F降序
shard 10: 第一层存活 1/7 = 14%%, 第二层 跳过
probe[t=1s]: 144/145 起点被证伪，剩 1
DYN shard10: 217 calls, 48 refuted (22%)
FRANK shard7: F降序
shard 7: 第一层存活 2/7 = 28%%, 第二层 跳过
probe[t=1s]: 143/145 起点被证伪，剩 2
DYN shard7: 307 calls, 59 refuted (19%)
FRANK shard1: F降序
shard 1: 第一层存活 1/8 = 12%%, 第二层 跳过
probe[t=1s]: 144/145 起点被证伪，剩 1
DYN shard1: 284 calls, 47 refuted (17%)
FRANK shard19: F降序
shard 19: 第一层存活 3/7 = 42%%, 第二层 开
FRANK shard6: F降序
shard 6: 第一层存活 2/7 = 28%%, 第二层 跳过
probe[t=2s]: 143/145 起点被证伪，剩 2
DYN shard6: 281 calls, 67 refuted (24%)
FRANK shard13: F降序
shard 13: 第一层存活 3/7 = 42%%, 第二层 开
FRANK shard17: F降序
shard 17: 第一层存活 2/7 = 28%%, 第二层 跳过
probe[t=2s]: 143/145 起点被证伪，剩 2
DYN shard17: 253 calls, 76 refuted (30%)
FRANK shard14: F降序
shard 14: 第一层存活 2/7 = 28%%, 第二层 跳过
probe[t=2s]: 143/145 起点被证伪，剩 2
DYN shard14: 245 calls, 73 refuted (30%)
FRANK shard12: F降序
shard 12: 第一层存活 2/7 = 28%%, 第二层 跳过
probe[t=2s]: 143/145 起点被证伪，剩 2
DYN shard12: 240 calls, 87 refuted (36%)
FRANK shard11: F降序
shard 11: 第一层存活 3/7 = 42%%, 第二层 开
FRANK shard2: F降序
shard 2: 第一层存活 2/8 = 25%%, 第二层 跳过
probe[t=2s]: 143/145 起点被证伪，剩 2
DYN shard2: 296 calls, 94 refuted (32%)
FRANK shard5: F降序
shard 5: 第一层存活 3/7 = 42%%, 第二层 开
FRANK shard15: F降序
shard 15: 第一层存活 2/7 = 28%%, 第二层 跳过
probe[t=3s]: 143/145 起点被证伪，剩 2
DYN shard15: 306 calls, 90 refuted (29%)
FRANK shard3: F降序
shard 3: 第一层存活 3/8 = 37%%, 第二层 开
FRANK shard0: F降序
shard 0: 第一层存活 3/8 = 37%%, 第二层 开
no solution found
STATS {"solved":0,"shard":10,"wall_s":4,"nodes_total":15394,"nodes_win":-1,"dth_liveend":0,"dth_estate":1899,"dth_reach":1039,"dth_dyn":281,"dth_flow":0,"dth_geom":214,"maxrss_kb":24652,"start_x":-1,"start_y":-1}
no solution found
STATS {"solved":0,"shard":16,"wall_s":4,"nodes_total":16911,"nodes_win":-1,"dth_liveend":0,"dth_estate":2156,"dth_reach":1135,"dth_dyn":253,"dth_flow":0,"dth_geom":261,"maxrss_kb":24652,"start_x":-1,"start_y":-1}
no solution found
STATS {"solved":0,"shard":1,"wall_s":10,"nodes_total":43587,"nodes_win":-1,"dth_liveend":0,"dth_estate":5225,"dth_reach":2896,"dth_dyn":778,"dth_flow":0,"dth_geom":575,"maxrss_kb":24584,"start_x":-1,"start_y":-1}
no solution found
STATS {"solved":0,"shard":14,"wall_s":10,"nodes_total":29187,"nodes_win":-1,"dth_liveend":0,"dth_estate":3522,"dth_reach":1585,"dth_dyn":604,"dth_flow":0,"dth_geom":225,"maxrss_kb":25324,"start_x":-1,"start_y":-1}
probe[t=11s]: 145/145 起点被证伪，剩 0
DYN shard19: 4902 calls, 1230 refuted (25%)
no solution found
STATS {"solved":0,"shard":19,"wall_s":11,"nodes_total":75275,"nodes_win":-1,"dth_liveend":0,"dth_estate":9348,"dth_reach":4955,"dth_dyn":1230,"dth_flow":0,"dth_geom":1071,"maxrss_kb":25512,"start_x":-1,"start_y":-1}
no solution found
STATS {"solved":0,"shard":12,"wall_s":13,"nodes_total":30584,"nodes_win":-1,"dth_liveend":0,"dth_estate":3603,"dth_reach":1662,"dth_dyn":675,"dth_flow":0,"dth_geom":164,"maxrss_kb":25100,"start_x":-1,"start_y":-1}
probe[t=13s]: 143/145 起点被证伪，剩 2
DYN shard5: 4572 calls, 1662 refuted (36%)
no solution found
STATS {"solved":0,"shard":17,"wall_s":14,"nodes_total":32181,"nodes_win":-1,"dth_liveend":0,"dth_estate":3933,"dth_reach":1721,"dth_dyn":680,"dth_flow":0,"dth_geom":237,"maxrss_kb":25548,"start_x":-1,"start_y":-1}
probe[t=14s]: 143/145 起点被证伪，剩 2
DYN shard13: 5172 calls, 1247 refuted (24%)
probe[t=15s]: 143/145 起点被证伪，剩 2
DYN shard3: 4833 calls, 1454 refuted (30%)
probe[t=17s]: 145/145 起点被证伪，剩 0
DYN shard11: 2690 calls, 990 refuted (37%)
no solution found
STATS {"solved":0,"shard":11,"wall_s":17,"nodes_total":45206,"nodes_win":-1,"dth_liveend":0,"dth_estate":5319,"dth_reach":2548,"dth_dyn":990,"dth_flow":0,"dth_geom":302,"maxrss_kb":25736,"start_x":-1,"start_y":-1}
probe[t=17s]: 145/145 起点被证伪，剩 0
DYN shard0: 3510 calls, 1140 refuted (32%)
no solution found
STATS {"solved":0,"shard":0,"wall_s":17,"nodes_total":60657,"nodes_win":-1,"dth_liveend":0,"dth_estate":7314,"dth_reach":3476,"dth_dyn":1140,"dth_flow":0,"dth_geom":548,"maxrss_kb":25256,"start_x":-1,"start_y":-1}
no solution found
STATS {"solved":0,"shard":15,"wall_s":18,"nodes_total":57368,"nodes_win":-1,"dth_liveend":0,"dth_estate":6809,"dth_reach":3271,"dth_dyn":1170,"dth_flow":0,"dth_geom":438,"maxrss_kb":25100,"start_x":-1,"start_y":-1}
STATS {"solved":1,"shard":4,"wall_s":22,"nodes_total":428950,"nodes_win":426915,"dth_liveend":0,"dth_estate":55877,"dth_reach":26052,"dth_dyn":5920,"dth_flow":0,"dth_geom":3857,"maxrss_kb":38092,"start_x":149,"start_y":304}
