有向预计算：走向已定 78776/200234 (39.3%) | 无向判定率 52.0% -> 62.8% (52087 -> 62851 / 100117 边)
有向预计算：走向已定 78811/200234 (39.4%) | 无向判定率 62.8% -> 62.9% (62851 -> 62935 / 100117 边)
有向预计算：走向已定 78811/200234 (39.4%) | 无向判定率 62.9% -> 62.9% (62935 -> 62935 / 100117 边)
全局阶段：固定 62935 条边，起点候选 47 / 72646 (0.1%)
adaptive PROPDEPTH=999999 (fixed 62935 / 100117 edges; 第一层存活率>=SURVDEEP%再升深层)
FRANK shard1: F降序
shard 1: 第一层存活 3/12 = 25%%, 第二层 跳过
probe[t=2s]: 44/47 起点被证伪，剩 3
DYN shard1: 457 calls, 167 refuted (37%)
FRANK shard0: F降序
shard 0: 第一层存活 2/12 = 16%%, 第二层 跳过
probe[t=2s]: 45/47 起点被证伪，剩 2
DYN shard0: 312 calls, 82 refuted (26%)
FRANK shard3: F降序
shard 3: 第一层存活 3/11 = 27%%, 第二层 跳过
probe[t=2s]: 44/47 起点被证伪，剩 3
DYN shard3: 454 calls, 115 refuted (25%)
FRANK shard2: F降序
shard 2: 第一层存活 5/12 = 41%%, 第二层 开
probe[t=47s]: 42/47 起点被证伪，剩 5
DYN shard2: 12938 calls, 5178 refuted (40%)
