有向预计算：走向已定 89800/205522 (43.7%) | 无向判定率 46.3% -> 59.0% (47529 -> 60671 / 102761 边)
有向预计算：走向已定 90699/205522 (44.1%) | 无向判定率 59.0% -> 59.3% (60671 -> 60972 / 102761 边)
有向预计算：走向已定 90703/205522 (44.1%) | 无向判定率 59.3% -> 59.3% (60972 -> 60978 / 102761 边)
有向预计算：走向已定 90718/205522 (44.1%) | 无向判定率 59.3% -> 59.3% (60978 -> 60988 / 102761 边)
全局阶段：固定 60988 条边，起点候选 51 / 72227 (0.1%)
adaptive PROPDEPTH=999999 (fixed 60988 / 102761 edges; 第一层存活率>=SURVDEEP%再升深层)
shard 0: swarm 模式（51 个候选全员上，随机顺序）
shard 1: swarm 模式（51 个候选全员上，随机顺序）
shard 2: swarm 模式（51 个候选全员上，随机顺序）
shard 3: swarm 模式（51 个候选全员上，随机顺序）
shard 4: swarm 模式（51 个候选全员上，随机顺序）
shard 5: swarm 模式（51 个候选全员上，随机顺序）
shard 6: swarm 模式（51 个候选全员上，随机顺序）
shard 7: swarm 模式（51 个候选全员上，随机顺序）
shard 8: swarm 模式（51 个候选全员上，随机顺序）
shard 9: swarm 模式（51 个候选全员上，随机顺序）
shard 10: swarm 模式（51 个候选全员上，随机顺序）
shard 11: swarm 模式（51 个候选全员上，随机顺序）
shard 12: swarm 模式（51 个候选全员上，随机顺序）
shard 13: swarm 模式（51 个候选全员上，随机顺序）
shard 19: swarm 模式（51 个候选全员上，随机顺序）
shard 14: swarm 模式（51 个候选全员上，随机顺序）
shard 15: swarm 模式（51 个候选全员上，随机顺序）
shard 16: swarm 模式（51 个候选全员上，随机顺序）
shard 17: swarm 模式（51 个候选全员上，随机顺序）
shard 18: swarm 模式（51 个候选全员上，随机顺序）
shard 20: swarm 模式（51 个候选全员上，随机顺序）
shard 21: swarm 模式（51 个候选全员上，随机顺序）
shard 22: swarm 模式（51 个候选全员上，随机顺序）
shard 23: swarm 模式（51 个候选全员上，随机顺序）
FRANK shard4: F降序
shard 4: 第一层存活 11/2 = 550%%, 第二层 开
FRANK shard7: F降序
shard 7: 第一层存活 11/2 = 550%%, 第二层 开
FRANK shard10: F降序
shard 10: 第一层存活 11/2 = 550%%, 第二层 开
FRANK shard9: F降序
shard 9: 第一层存活 11/2 = 550%%, 第二层 开
FRANK shard1: F降序
shard 1: 第一层存活 11/3 = 366%%, 第二层 开
FRANK shard8: F降序
shard 8: 第一层存活 11/2 = 550%%, 第二层 开
FRANK shard6: F降序
shard 6: 第一层存活 11/2 = 550%%, 第二层 开
FRANK shard11: F降序
shard 11: 第一层存活 11/2 = 550%%, 第二层 开
FRANK shard5: F降序
shard 5: 第一层存活 11/2 = 550%%, 第二层 开
FRANK shard16: F降序
shard 16: 第一层存活 11/2 = 550%%, 第二层 开
FRANK shard13: F降序
shard 13: 第一层存活 11/2 = 550%%, 第二层 开
FRANK shard14: F降序
shard 14: 第一层存活 11/2 = 550%%, 第二层 开
FRANK shard2: F降序
shard 2: 第一层存活 11/3 = 366%%, 第二层 开
FRANK shard23: F降序
shard 23: 第一层存活 11/2 = 550%%, 第二层 开
FRANK shard17: F降序
shard 17: 第一层存活 11/2 = 550%%, 第二层 开
FRANK shard15: F降序
shard 15: 第一层存活 11/2 = 550%%, 第二层 开
FRANK shard3: F降序
shard 3: 第一层存活 11/2 = 550%%, 第二层 开
FRANK shard20: F降序
shard 20: 第一层存活 11/2 = 550%%, 第二层 开
FRANK shard12: F降序
shard 12: 第一层存活 11/2 = 550%%, 第二层 开
FRANK shard0: F降序
FRANK shard21: F降序
shard 0: 第一层存活 11/3 = 366%%, 第二层 开
shard 21: 第一层存活 11/2 = 550%%, 第二层 开
FRANK shard18: F降序
shard 18: 第一层存活 11/2 = 550%%, 第二层 开
FRANK shard19: F降序
shard 19: 第一层存活 11/2 = 550%%, 第二层 开
FRANK shard22: F降序
shard 22: 第一层存活 11/2 = 550%%, 第二层 开
