有向预计算：走向已定 60268/142500 (42.3%) | 无向判定率 47.2% -> 59.4% (33625 -> 42298 / 71250 边)
有向预计算：走向已定 60310/142500 (42.3%) | 无向判定率 59.4% -> 59.5% (42298 -> 42416 / 71250 边)
有向预计算：走向已定 60350/142500 (42.4%) | 无向判定率 59.5% -> 59.6% (42416 -> 42430 / 71250 边)
有向预计算：走向已定 60350/142500 (42.4%) | 无向判定率 59.6% -> 59.6% (42430 -> 42430 / 71250 边)
全局阶段：固定 42430 条边，起点候选 16 / 50370 (0.0%)
adaptive PROPDEPTH=999999 (fixed 42430 / 71250 edges; 第一层存活率>=SURVDEEP%再升深层)
shard 0: swarm 模式（16 个候选全员上，随机顺序）
shard 1: swarm 模式（16 个候选全员上，随机顺序）
shard 8: swarm 模式（16 个候选全员上，随机顺序）
shard 2: swarm 模式（16 个候选全员上，随机顺序）
shard 3: swarm 模式（16 个候选全员上，随机顺序）
shard 4: swarm 模式（16 个候选全员上，随机顺序）
shard 5: swarm 模式（16 个候选全员上，随机顺序）
shard 6: swarm 模式（16 个候选全员上，随机顺序）
shard 7: swarm 模式（16 个候选全员上，随机顺序）
shard 9: swarm 模式（16 个候选全员上，随机顺序）
shard 10: swarm 模式（16 个候选全员上，随机顺序）
shard 11: swarm 模式（16 个候选全员上，随机顺序）
shard 12: swarm 模式（16 个候选全员上，随机顺序）
shard 13: swarm 模式（16 个候选全员上，随机顺序）
shard 14: swarm 模式（16 个候选全员上，随机顺序）
shard 15: swarm 模式（16 个候选全员上，随机顺序）
FRANK shard4: F降序
shard 4: 第一层存活 1/1 = 100%%, 第二层 开
FRANK shard7: F降序
shard 7: 第一层存活 1/1 = 100%%, 第二层 开
FRANK shard1: F降序
shard 1: 第一层存活 1/1 = 100%%, 第二层 开
FRANK shard13: F降序
shard 13: 第一层存活 1/1 = 100%%, 第二层 开
FRANK shard10: F降序
shard 10: 第一层存活 1/1 = 100%%, 第二层 开
FRANK shard8: F降序
shard 8: 第一层存活 1/1 = 100%%, 第二层 开
FRANK shard2: F降序
shard 2: 第一层存活 1/1 = 100%%, 第二层 开
FRANK shard14: F降序
shard 14: 第一层存活 1/1 = 100%%, 第二层 开
FRANK shard11: F降序
shard 11: 第一层存活 1/1 = 100%%, 第二层 开
FRANK shard5: F降序
shard 5: 第一层存活 1/1 = 100%%, 第二层 开
FRANK shard0: F降序
shard 0: 第一层存活 1/1 = 100%%, 第二层 开
FRANK shard9: F降序
shard 9: 第一层存活 1/1 = 100%%, 第二层 开
FRANK shard3: F降序
shard 3: 第一层存活 1/1 = 100%%, 第二层 开
FRANK shard6: F降序
shard 6: 第一层存活 1/1 = 100%%, 第二层 开
FRANK shard15: F降序
shard 15: 第一层存活 1/1 = 100%%, 第二层 开
FRANK shard12: F降序
shard 12: 第一层存活 1/1 = 100%%, 第二层 开
probe[t=1s]: 15/16 起点被证伪，剩 1
DYN shard1: 1382 calls, 396 refuted (29%)
probe[t=1s]: 15/16 起点被证伪，剩 1
DYN shard7: 1650 calls, 435 refuted (26%)
STATS {"solved":1,"shard":1,"wall_s":1,"nodes_total":97434,"nodes_win":63133,"dth_liveend":0,"dth_estate":11626,"dth_reach":5152,"dth_dyn":1157,"dth_flow":0,"dth_geom":537,"maxrss_kb":29332,"start_x":146,"start_y":250}
WINNER shard 1 tier 1 nodes 63133
