有向预计算：走向已定 77352/192894 (40.1%) | 无向判定率 46.0% -> 57.6% (44369 -> 55559 / 96447 边)
有向预计算：走向已定 77854/192894 (40.4%) | 无向判定率 57.6% -> 57.8% (55559 -> 55702 / 96447 边)
有向预计算：走向已定 77854/192894 (40.4%) | 无向判定率 57.8% -> 57.8% (55702 -> 55703 / 96447 边)
有向预计算：走向已定 77854/192894 (40.4%) | 无向判定率 57.8% -> 57.8% (55703 -> 55703 / 96447 边)
全局阶段：固定 55703 条边，起点候选 70 / 67743 (0.1%)
adaptive PROPDEPTH=999999 (fixed 55703 / 96447 edges; 第一层存活率>=SURVDEEP%再升深层)
shard 0: swarm 模式（70 个候选全员上，随机顺序）
shard 1: swarm 模式（70 个候选全员上，随机顺序）
shard 2: swarm 模式（70 个候选全员上，随机顺序）
shard 7: swarm 模式（70 个候选全员上，随机顺序）
shard 3: swarm 模式（70 个候选全员上，随机顺序）
shard 10: swarm 模式（70 个候选全员上，随机顺序）
shard 4: swarm 模式（70 个候选全员上，随机顺序）
shard 5: swarm 模式（70 个候选全员上，随机顺序）
shard 6: swarm 模式（70 个候选全员上，随机顺序）
shard 8: swarm 模式（70 个候选全员上，随机顺序）
shard 9: swarm 模式（70 个候选全员上，随机顺序）
shard 11: swarm 模式（70 个候选全员上，随机顺序）
shard 12: swarm 模式（70 个候选全员上，随机顺序）
shard 13: swarm 模式（70 个候选全员上，随机顺序）
shard 14: swarm 模式（70 个候选全员上，随机顺序）
shard 15: swarm 模式（70 个候选全员上，随机顺序）
shard 16: swarm 模式（70 个候选全员上，随机顺序）
shard 17: swarm 模式（70 个候选全员上，随机顺序）
shard 18: swarm 模式（70 个候选全员上，随机顺序）
shard 19: swarm 模式（70 个候选全员上，随机顺序）
FRANK shard1: F降序
shard 1: 第一层存活 10/4 = 250%%, 第二层 开
FRANK shard7: F降序
shard 7: 第一层存活 10/4 = 250%%, 第二层 开
FRANK shard4: F降序
shard 4: 第一层存活 11/4 = 275%%, 第二层 开
FRANK shard16: F降序
shard 16: 第一层存活 10/3 = 333%%, 第二层 开
FRANK shard13: F降序
shard 13: 第一层存活 11/3 = 366%%, 第二层 开
FRANK shard2: F降序
shard 2: 第一层存活 10/4 = 250%%, 第二层 开
FRANK shard17: F降序
shard 17: 第一层存活 10/3 = 333%%, 第二层 开
FRANK shard14: F降序
shard 14: 第一层存活 10/3 = 333%%, 第二层 开
FRANK shard11: F降序
shard 11: 第一层存活 10/3 = 333%%, 第二层 开
FRANK shard8: F降序
shard 8: 第一层存活 10/4 = 250%%, 第二层 开
FRANK shard5: F降序
shard 5: 第一层存活 10/4 = 250%%, 第二层 开
FRANK shard0: F降序
shard 0: 第一层存活 13/4 = 325%%, 第二层 开
FRANK shard12: F降序
shard 12: 第一层存活 13/3 = 433%%, 第二层 开
FRANK shard6: F降序
shard 6: 第一层存活 13/4 = 325%%, 第二层 开
FRANK shard15: F降序
shard 15: 第一层存活 13/3 = 433%%, 第二层 开
FRANK shard10: F降序
shard 10: 第一层存活 10/3 = 333%%, 第二层 开
FRANK shard3: F降序
shard 3: 第一层存活 13/4 = 325%%, 第二层 开
FRANK shard9: F降序
shard 9: 第一层存活 13/4 = 325%%, 第二层 开
FRANK shard18: F降序
shard 18: 第一层存活 13/3 = 433%%, 第二层 开
FRANK shard19: F降序
shard 19: 第一层存活 10/3 = 333%%, 第二层 开
probe[t=23s]: 60/70 起点被证伪，剩 10
DYN shard1: 16863 calls, 3603 refuted (21%)
probe[t=23s]: 60/70 起点被证伪，剩 10
DYN shard4: 16836 calls, 3411 refuted (20%)
probe[t=25s]: 60/70 起点被证伪，剩 10
DYN shard16: 16661 calls, 3464 refuted (21%)
probe[t=27s]: 60/70 起点被证伪，剩 10
DYN shard13: 15819 calls, 3365 refuted (21%)
probe[t=32s]: 60/70 起点被证伪，剩 10
DYN shard2: 14997 calls, 5081 refuted (34%)
probe[t=33s]: 60/70 起点被证伪，剩 10
DYN shard14: 15283 calls, 5201 refuted (34%)
probe[t=33s]: 60/70 起点被证伪，剩 10
DYN shard17: 15131 calls, 5262 refuted (35%)
probe[t=34s]: 60/70 起点被证伪，剩 10
DYN shard11: 14831 calls, 5083 refuted (34%)
probe[t=35s]: 60/70 起点被证伪，剩 10
DYN shard5: 15383 calls, 5346 refuted (35%)
probe[t=35s]: 60/70 起点被证伪，剩 10
DYN shard8: 15521 calls, 5375 refuted (35%)
probe[t=37s]: 60/70 起点被证伪，剩 10
DYN shard19: 14863 calls, 2806 refuted (19%)
probe[t=41s]: 60/70 起点被证伪，剩 10
DYN shard7: 15991 calls, 3218 refuted (20%)
probe[t=46s]: 57/70 起点被证伪，剩 13
DYN shard9: 19497 calls, 5007 refuted (26%)
probe[t=46s]: 57/70 起点被证伪，剩 13
DYN shard3: 18893 calls, 4758 refuted (25%)
probe[t=46s]: 57/70 起点被证伪，剩 13
DYN shard0: 18675 calls, 4485 refuted (24%)
probe[t=51s]: 60/70 起点被证伪，剩 10
DYN shard10: 15531 calls, 3161 refuted (20%)
STATS {"solved":1,"shard":13,"wall_s":52,"nodes_total":841657,"nodes_win":496157,"dth_liveend":0,"dth_estate":115826,"dth_reach":49807,"dth_dyn":8433,"dth_flow":0,"dth_geom":8394,"maxrss_kb":42184,"start_x":156,"start_y":114}
WINNER shard 13 tier 1 nodes 496157
