有向预计算：走向已定 85049/299044 (28.4%) | 无向判定率 47.8% -> 56.2% (71482 -> 84022 / 149522 边)
有向预计算：走向已定 85196/299044 (28.5%) | 无向判定率 56.2% -> 56.3% (84022 -> 84135 / 149522 边)
有向预计算：走向已定 85196/299044 (28.5%) | 无向判定率 56.3% -> 56.3% (84135 -> 84135 / 149522 边)
全局阶段：固定 84135 条边，起点候选 111 / 107454 (0.1%)
adaptive PROPDEPTH=999999 (fixed 84135 / 149522 edges; 第一层存活率>=SURVDEEP%再升深层)
FRANK shard1: F降序
shard 1: 第一层存活 3/28 = 10%%, 第二层 跳过
probe[t=2s]: 108/111 起点被证伪，剩 3
DYN shard1: 562 calls, 217 refuted (39%)
FRANK shard3: F降序
shard 3: 第一层存活 5/27 = 18%%, 第二层 跳过
probe[t=5s]: 106/111 起点被证伪，剩 5
DYN shard3: 812 calls, 252 refuted (31%)
FRANK shard2: F降序
shard 2: 第一层存活 6/28 = 21%%, 第二层 跳过
probe[t=5s]: 105/111 起点被证伪，剩 6
DYN shard2: 1063 calls, 446 refuted (42%)
FRANK shard0: F降序
shard 0: 第一层存活 6/28 = 21%%, 第二层 跳过
probe[t=5s]: 105/111 起点被证伪，剩 6
DYN shard0: 951 calls, 297 refuted (31%)
