有向预计算：走向已定 63543/157500 (40.3%) | 无向判定率 46.6% -> 58.1% (36679 -> 45737 / 78750 边)
有向预计算：走向已定 63634/157500 (40.4%) | 无向判定率 58.1% -> 58.2% (45737 -> 45814 / 78750 边)
有向预计算：走向已定 63635/157500 (40.4%) | 无向判定率 58.2% -> 58.2% (45814 -> 45814 / 78750 边)
全局阶段：固定 45814 条边，起点候选 65 / 55414 (0.1%)
adaptive PROPDEPTH=999999 (fixed 45814 / 78750 edges; 第一层存活率>=SURVDEEP%再升深层)
shard 0: swarm 模式（65 个候选全员上，随机顺序）
shard 1: swarm 模式（65 个候选全员上，随机顺序）
shard 2: swarm 模式（65 个候选全员上，随机顺序）
shard 3: swarm 模式（65 个候选全员上，随机顺序）
shard 10: swarm 模式（65 个候选全员上，随机顺序）
shard 4: swarm 模式（65 个候选全员上，随机顺序）
shard 5: swarm 模式（65 个候选全员上，随机顺序）
shard 11: swarm 模式（65 个候选全员上，随机顺序）
shard 6: swarm 模式（65 个候选全员上，随机顺序）
shard 12: swarm 模式（65 个候选全员上，随机顺序）
shard 17: swarm 模式（65 个候选全员上，随机顺序）
shard 9: swarm 模式（65 个候选全员上，随机顺序）
shard 7: swarm 模式（65 个候选全员上，随机顺序）
shard 13: swarm 模式（65 个候选全员上，随机顺序）
shard 14: swarm 模式（65 个候选全员上，随机顺序）
shard 8: swarm 模式（65 个候选全员上，随机顺序）
shard 15: swarm 模式（65 个候选全员上，随机顺序）
shard 16: swarm 模式（65 个候选全员上，随机顺序）
shard 18: swarm 模式（65 个候选全员上，随机顺序）
shard 19: swarm 模式（65 个候选全员上，随机顺序）
FRANK shard7: F降序
shard 7: 第一层存活 12/3 = 400%%, 第二层 开
FRANK shard19: F降序
shard 19: 第一层存活 12/3 = 400%%, 第二层 开
FRANK shard10: F降序
shard 10: 第一层存活 12/3 = 400%%, 第二层 开
FRANK shard4: F降序
shard 4: 第一层存活 13/4 = 325%%, 第二层 开
FRANK shard16: F降序
shard 16: 第一层存活 12/3 = 400%%, 第二层 开
FRANK shard13: F降序
shard 13: 第一层存活 12/3 = 400%%, 第二层 开
FRANK shard1: F降序
shard 1: 第一层存活 12/4 = 300%%, 第二层 开
FRANK shard14: F降序
shard 14: 第一层存活 12/3 = 400%%, 第二层 开
FRANK shard8: F降序
shard 8: 第一层存活 12/3 = 400%%, 第二层 开
FRANK shard2: F降序
shard 2: 第一层存活 12/4 = 300%%, 第二层 开
FRANK shard18: F降序
shard 18: 第一层存活 12/3 = 400%%, 第二层 开
FRANK shard11: F降序
shard 11: 第一层存活 12/3 = 400%%, 第二层 开
FRANK shard5: F降序
shard 5: 第一层存活 12/3 = 400%%, 第二层 开
FRANK shard15: F降序
shard 15: 第一层存活 12/3 = 400%%, 第二层 开
FRANK shard6: F降序
shard 6: 第一层存活 12/3 = 400%%, 第二层 开
FRANK shard9: F降序
shard 9: 第一层存活 12/3 = 400%%, 第二层 开
FRANK shard3: F降序
shard 3: 第一层存活 12/4 = 300%%, 第二层 开
FRANK shard17: F降序
shard 17: 第一层存活 12/3 = 400%%, 第二层 开
FRANK shard0: F降序
shard 0: 第一层存活 12/4 = 300%%, 第二层 开
FRANK shard12: F降序
shard 12: 第一层存活 12/3 = 400%%, 第二层 开
probe[t=16s]: 56/65 起点被证伪，剩 9
DYN shard4: 18975 calls, 5015 refuted (26%)
probe[t=25s]: 56/65 起点被证伪，剩 9
DYN shard10: 18193 calls, 4965 refuted (27%)
probe[t=26s]: 56/65 起点被证伪，剩 9
DYN shard1: 17939 calls, 4517 refuted (25%)
probe[t=28s]: 56/65 起点被证伪，剩 9
DYN shard11: 16661 calls, 5616 refuted (34%)
probe[t=29s]: 56/65 起点被证伪，剩 9
DYN shard19: 18385 calls, 4615 refuted (25%)
probe[t=29s]: 56/65 起点被证伪，剩 9
DYN shard2: 16559 calls, 5633 refuted (34%)
probe[t=30s]: 56/65 起点被证伪，剩 9
DYN shard8: 16891 calls, 5959 refuted (35%)
probe[t=30s]: 56/65 起点被证伪，剩 9
DYN shard14: 17131 calls, 5879 refuted (34%)
probe[t=31s]: 56/65 起点被证伪，剩 9
DYN shard5: 17087 calls, 5958 refuted (35%)
probe[t=33s]: 56/65 起点被证伪，剩 9
DYN shard3: 16975 calls, 4646 refuted (27%)
probe[t=34s]: 56/65 起点被证伪，剩 9
DYN shard0: 17325 calls, 4411 refuted (25%)
probe[t=35s]: 56/65 起点被证伪，剩 9
DYN shard16: 18323 calls, 4682 refuted (26%)
probe[t=35s]: 56/65 起点被证伪，剩 9
DYN shard18: 17317 calls, 4527 refuted (26%)
probe[t=36s]: 56/65 起点被证伪，剩 9
DYN shard17: 17177 calls, 6074 refuted (35%)
probe[t=37s]: 56/65 起点被证伪，剩 9
DYN shard7: 18449 calls, 4619 refuted (25%)
probe[t=38s]: 56/65 起点被证伪，剩 9
DYN shard15: 17287 calls, 4582 refuted (27%)
probe[t=39s]: 56/65 起点被证伪，剩 9
DYN shard13: 18573 calls, 4422 refuted (24%)
probe[t=39s]: 56/65 起点被证伪，剩 9
DYN shard12: 17535 calls, 4586 refuted (26%)
probe[t=40s]: 56/65 起点被证伪，剩 9
DYN shard6: 17319 calls, 4558 refuted (26%)
probe[t=43s]: 56/65 起点被证伪，剩 9
DYN shard9: 17311 calls, 4778 refuted (28%)
STATS {"solved":1,"shard":2,"wall_s":152,"nodes_total":2932127,"nodes_win":1459839,"dth_liveend":0,"dth_estate":383249,"dth_reach":153192,"dth_dyn":48012,"dth_flow":0,"dth_geom":16348,"maxrss_kb":35512,"start_x":285,"start_y":211}
WINNER shard 2 tier 2 nodes 1459839
