有向预计算：走向已定 40330/105772 (38.1%) | 无向判定率 51.8% -> 62.3% (27395 -> 32966 / 52886 边)
有向预计算：走向已定 40567/105772 (38.4%) | 无向判定率 62.3% -> 62.5% (32966 -> 33038 / 52886 边)
有向预计算：走向已定 40567/105772 (38.4%) | 无向判定率 62.5% -> 62.5% (33038 -> 33038 / 52886 边)
全局阶段：固定 33038 条边，起点候选 28 / 38395 (0.1%)
adaptive PROPDEPTH=999999 (fixed 33038 / 52886 edges; 第一层存活率>=SURVDEEP%再升深层)
FRANK shard0: F降序
shard 0: 第一层存活 0/7 = 0%%, 第二层 跳过
probe[t=0s]: 28/28 起点被证伪，剩 0
no solution found
STATS {"solved":0,"shard":0,"wall_s":0,"nodes_total":0,"nodes_win":-1,"dth_liveend":0,"dth_estate":0,"dth_reach":0,"dth_dyn":0,"dth_flow":0,"dth_geom":0,"maxrss_kb":9900,"start_x":-1,"start_y":-1}
FRANK shard3: F降序
shard 3: 第一层存活 0/7 = 0%%, 第二层 跳过
probe[t=0s]: 28/28 起点被证伪，剩 0
no solution found
STATS {"solved":0,"shard":3,"wall_s":0,"nodes_total":8,"nodes_win":-1,"dth_liveend":0,"dth_estate":8,"dth_reach":1,"dth_dyn":0,"dth_flow":0,"dth_geom":2,"maxrss_kb":10816,"start_x":-1,"start_y":-1}
FRANK shard2: F降序
shard 2: 第一层存活 0/7 = 0%%, 第二层 跳过
probe[t=0s]: 28/28 起点被证伪，剩 0
no solution found
STATS {"solved":0,"shard":2,"wall_s":0,"nodes_total":14,"nodes_win":-1,"dth_liveend":0,"dth_estate":6,"dth_reach":3,"dth_dyn":1,"dth_flow":0,"dth_geom":2,"maxrss_kb":11712,"start_x":-1,"start_y":-1}
FRANK shard1: F降序
shard 1: 第一层存活 2/7 = 28%%, 第二层 跳过
probe[t=0s]: 26/28 起点被证伪，剩 2
DYN shard1: 384 calls, 141 refuted (37%)
STATS {"solved":1,"shard":1,"wall_s":186,"nodes_total":3180331,"nodes_win":91620,"dth_liveend":0,"dth_estate":451380,"dth_reach":176503,"dth_dyn":75913,"dth_flow":0,"dth_geom":12043,"maxrss_kb":22464,"start_x":23,"start_y":110}
