有向预计算：走向已定 81050/212856 (38.1%) | 无向判定率 51.8% -> 62.4% (55138 -> 66400 / 106428 边)
有向预计算：走向已定 81327/212856 (38.2%) | 无向判定率 62.4% -> 62.5% (66400 -> 66511 / 106428 边)
有向预计算：走向已定 81327/212856 (38.2%) | 无向判定率 62.5% -> 62.5% (66511 -> 66511 / 106428 边)
全局阶段：固定 66511 条边，起点候选 39 / 77188 (0.1%)
adaptive PROPDEPTH=999999 (fixed 66511 / 106428 edges; 第一层存活率>=SURVDEEP%再升深层)
FRANK shard1: F降序
shard 1: 第一层存活 0/10 = 0%%, 第二层 跳过
probe[t=0s]: 39/39 起点被证伪，剩 0
no solution found
STATS {"solved":0,"shard":1,"wall_s":0,"nodes_total":0,"nodes_win":-1,"dth_liveend":0,"dth_estate":0,"dth_reach":0,"dth_dyn":0,"dth_flow":0,"dth_geom":0,"maxrss_kb":18172,"start_x":-1,"start_y":-1}
FRANK shard3: F降序
shard 3: 第一层存活 0/9 = 0%%, 第二层 跳过
probe[t=0s]: 39/39 起点被证伪，剩 0
no solution found
STATS {"solved":0,"shard":3,"wall_s":0,"nodes_total":0,"nodes_win":-1,"dth_liveend":0,"dth_estate":0,"dth_reach":0,"dth_dyn":0,"dth_flow":0,"dth_geom":0,"maxrss_kb":18172,"start_x":-1,"start_y":-1}
FRANK shard2: F降序
shard 2: 第一层存活 1/10 = 10%%, 第二层 跳过
probe[t=1s]: 38/39 起点被证伪，剩 1
DYN shard2: 196 calls, 84 refuted (43%)
FRANK shard0: F降序
shard 0: 第一层存活 1/10 = 10%%, 第二层 跳过
probe[t=1s]: 38/39 起点被证伪，剩 1
DYN shard0: 172 calls, 62 refuted (36%)
no solution found
STATS {"solved":0,"shard":2,"wall_s":408,"nodes_total":3449838,"nodes_win":-1,"dth_liveend":0,"dth_estate":426819,"dth_reach":201684,"dth_dyn":97728,"dth_flow":0,"dth_geom":15177,"maxrss_kb":36136,"start_x":-1,"start_y":-1}
