  分治：12 块 144 对，可行 38 对，整块淘汰掉 0 格
有向预计算：走向已定 0/147700 (0.0%) | 无向判定率 0.0% -> 0.0% (0 -> 0 / 73850 边)
有向预计算：走向已定 0/147700 (0.0%) | 无向判定率 0.0% -> 0.0% (0 -> 0 / 73850 边)
全局阶段：固定 0 条边，起点候选 52102 / 52102 (100.0%)
adaptive PROPDEPTH=2 (fixed 0 / 73850 edges; 第一层存活率>=SURVDEEP%再升深层)
FRANK shard1: F降序
shard 1: 第一层存活 95% >= 38%，升深度传播(PD=64)
FRANK shard7: F降序
shard 7: 第一层存活 95% >= 38%，升深度传播(PD=64)
FRANK shard16: F降序
shard 16: 第一层存活 95% >= 38%，升深度传播(PD=64)
FRANK shard10: F降序
shard 10: 第一层存活 94% >= 38%，升深度传播(PD=64)
FRANK shard4: F降序
shard 4: 第一层存活 95% >= 38%，升深度传播(PD=64)
FRANK shard13: F降序
shard 13: 第一层存活 94% >= 38%，升深度传播(PD=64)
FRANK shard2: F降序
shard 2: 第一层存活 94% >= 38%，升深度传播(PD=64)
FRANK shard15: F降序
shard 15: 第一层存活 95% >= 38%，升深度传播(PD=64)
FRANK shard19: F降序
shard 19: 第一层存活 95% >= 38%，升深度传播(PD=64)
FRANK shard9: F降序
shard 9: 第一层存活 94% >= 38%，升深度传播(PD=64)
FRANK shard6: F降序
shard 6: 第一层存活 95% >= 38%，升深度传播(PD=64)
FRANK shard18: F降序
shard 18: 第一层存活 95% >= 38%，升深度传播(PD=64)
FRANK shard12: F降序
shard 12: 第一层存活 94% >= 38%，升深度传播(PD=64)
FRANK shard8: F降序
shard 8: 第一层存活 94% >= 38%，升深度传播(PD=64)
FRANK shard3: F降序
shard 3: 第一层存活 94% >= 38%，升深度传播(PD=64)
FRANK shard17: F降序
shard 17: 第一层存活 95% >= 38%，升深度传播(PD=64)
shard 7: 1.5 层深层重探后剩 2462
shard 7: 第一层存活 2462/2605 = 94%%, 第二层 开
FRANK shard0: F降序
shard 0: 第一层存活 95% >= 38%，升深度传播(PD=64)
FRANK shard5: F降序
shard 5: 第一层存活 94% >= 38%，升深度传播(PD=64)
shard 1: 1.5 层深层重探后剩 2482
shard 1: 第一层存活 2482/2606 = 95%%, 第二层 开
shard 16: 1.5 层深层重探后剩 2477
shard 16: 第一层存活 2477/2605 = 95%%, 第二层 开
FRANK shard11: F降序
shard 11: 第一层存活 94% >= 38%，升深度传播(PD=64)
FRANK shard14: F降序
shard 14: 第一层存活 95% >= 38%，升深度传播(PD=64)
shard 10: 1.5 层深层重探后剩 2444
shard 10: 第一层存活 2444/2605 = 93%%, 第二层 开
shard 13: 1.5 层深层重探后剩 2460
shard 13: 第一层存活 2460/2605 = 94%%, 第二层 开
shard 4: 1.5 层深层重探后剩 2472
shard 4: 第一层存活 2472/2605 = 94%%, 第二层 开
shard 2: 1.5 层深层重探后剩 2453
shard 2: 第一层存活 2453/2605 = 94%%, 第二层 开
shard 19: 1.5 层深层重探后剩 2467
shard 19: 第一层存活 2467/2605 = 94%%, 第二层 开
shard 15: 1.5 层深层重探后剩 2484
shard 15: 第一层存活 2484/2605 = 95%%, 第二层 开
shard 9: 1.5 层深层重探后剩 2472
shard 9: 第一层存活 2472/2605 = 94%%, 第二层 开
shard 6: 1.5 层深层重探后剩 2476
shard 6: 第一层存活 2476/2605 = 95%%, 第二层 开
shard 8: 1.5 层深层重探后剩 2458
shard 8: 第一层存活 2458/2605 = 94%%, 第二层 开
shard 18: 1.5 层深层重探后剩 2474
shard 18: 第一层存活 2474/2605 = 94%%, 第二层 开
shard 17: 1.5 层深层重探后剩 2482
shard 17: 第一层存活 2482/2605 = 95%%, 第二层 开
shard 12: 1.5 层深层重探后剩 2459
shard 12: 第一层存活 2459/2605 = 94%%, 第二层 开
shard 5: 1.5 层深层重探后剩 2470
shard 5: 第一层存活 2470/2605 = 94%%, 第二层 开
shard 3: 1.5 层深层重探后剩 2471
shard 3: 第一层存活 2471/2605 = 94%%, 第二层 开
shard 0: 1.5 层深层重探后剩 2479
shard 0: 第一层存活 2479/2606 = 95%%, 第二层 开
shard 11: 1.5 层深层重探后剩 2468
shard 11: 第一层存活 2468/2605 = 94%%, 第二层 开
shard 14: 1.5 层深层重探后剩 2480
shard 14: 第一层存活 2480/2605 = 95%%, 第二层 开
probe[t=1473s]: 51922/52102 起点被证伪，剩 180
DYN shard8: 547054 calls, 204128 refuted (37%)
probe[t=1541s]: 51914/52102 起点被证伪，剩 188
DYN shard5: 589228 calls, 220602 refuted (37%)
probe[t=1543s]: 51895/52102 起点被证伪，剩 207
DYN shard1: 612873 calls, 228416 refuted (37%)
probe[t=1550s]: 51914/52102 起点被证伪，剩 188
DYN shard7: 582315 calls, 217976 refuted (37%)
probe[t=1559s]: 51905/52102 起点被证伪，剩 197
DYN shard2: 614350 calls, 231221 refuted (38%)
STATS {"solved":1,"shard":7,"wall_s":1620,"nodes_total":10811692,"nodes_win":625734,"dth_liveend":0,"dth_estate":1299000,"dth_reach":688801,"dth_dyn":225927,"dth_flow":0,"dth_geom":81184,"maxrss_kb":982100,"start_x":257,"start_y":225}
