有向预计算：走向已定 212831/557058 (38.2%) | 无向判定率 51.5% -> 62.2% (143540 -> 173108 / 278529 边)
有向预计算：走向已定 213589/557058 (38.3%) | 无向判定率 62.2% -> 62.3% (173108 -> 173511 / 278529 边)
有向预计算：走向已定 213597/557058 (38.3%) | 无向判定率 62.3% -> 62.3% (173511 -> 173514 / 278529 边)
有向预计算：走向已定 213597/557058 (38.3%) | 无向判定率 62.3% -> 62.3% (173514 -> 173514 / 278529 边)
全局阶段：固定 173514 条边，起点候选 105 / 201809 (0.1%)
adaptive PROPDEPTH=999999 (fixed 173514 / 278529 edges; 第一层存活率>=SURVDEEP%再升深层)
FRANK shard1: F降序
shard 1: 第一层存活 0/26 = 0%%, 第二层 跳过
probe[t=2s]: 105/105 起点被证伪，剩 0
no solution found
STATS {"solved":0,"shard":1,"wall_s":2,"nodes_total":0,"nodes_win":-1,"dth_liveend":0,"dth_estate":0,"dth_reach":0,"dth_dyn":0,"dth_flow":0,"dth_geom":0,"maxrss_kb":47364,"start_x":-1,"start_y":-1}
FRANK shard2: F降序
shard 2: 第一层存活 1/26 = 3%%, 第二层 跳过
probe[t=4s]: 104/105 起点被证伪，剩 1
DYN shard2: 166 calls, 72 refuted (43%)
FRANK shard3: F降序
shard 3: 第一层存活 1/26 = 3%%, 第二层 跳过
probe[t=4s]: 104/105 起点被证伪，剩 1
DYN shard3: 156 calls, 48 refuted (31%)
FRANK shard0: F降序
shard 0: 第一层存活 3/27 = 11%%, 第二层 跳过
probe[t=8s]: 102/105 起点被证伪，剩 3
DYN shard0: 484 calls, 151 refuted (31%)
