有向预计算：走向已定 59199/146348 (40.5%) | 无向判定率 46.5% -> 58.2% (34001 -> 42561 / 73174 边)
有向预计算：走向已定 59318/146348 (40.5%) | 无向判定率 58.2% -> 58.3% (42561 -> 42671 / 73174 边)
有向预计算：走向已定 59318/146348 (40.5%) | 无向判定率 58.3% -> 58.3% (42671 -> 42672 / 73174 边)
有向预计算：走向已定 59318/146348 (40.5%) | 无向判定率 58.3% -> 58.3% (42672 -> 42672 / 73174 边)
全局阶段：固定 42672 条边，起点候选 69 / 51430 (0.1%)
adaptive PROPDEPTH=999999 (fixed 42672 / 73174 edges; 第一层存活率>=SURVDEEP%再升深层)
shard 0: swarm 模式（69 个候选全员上，随机顺序）
shard 1: swarm 模式（69 个候选全员上，随机顺序）
shard 2: swarm 模式（69 个候选全员上，随机顺序）
shard 3: swarm 模式（69 个候选全员上，随机顺序）
shard 4: swarm 模式（69 个候选全员上，随机顺序）
shard 5: swarm 模式（69 个候选全员上，随机顺序）
shard 6: swarm 模式（69 个候选全员上，随机顺序）
shard 7: swarm 模式（69 个候选全员上，随机顺序）
shard 8: swarm 模式（69 个候选全员上，随机顺序）
shard 18: swarm 模式（69 个候选全员上，随机顺序）
shard 9: swarm 模式（69 个候选全员上，随机顺序）
shard 10: swarm 模式（69 个候选全员上，随机顺序）
shard 11: swarm 模式（69 个候选全员上，随机顺序）
shard 12: swarm 模式（69 个候选全员上，随机顺序）
shard 13: swarm 模式（69 个候选全员上，随机顺序）
shard 14: swarm 模式（69 个候选全员上，随机顺序）
shard 15: swarm 模式（69 个候选全员上，随机顺序）
shard 16: swarm 模式（69 个候选全员上，随机顺序）
shard 17: swarm 模式（69 个候选全员上，随机顺序）
shard 19: swarm 模式（69 个候选全员上，随机顺序）
FRANK shard1: F降序
shard 1: 第一层存活 7/4 = 175%%, 第二层 开
FRANK shard10: F降序
shard 10: 第一层存活 7/3 = 233%%, 第二层 开
FRANK shard7: F降序
shard 7: 第一层存活 6/4 = 150%%, 第二层 开
FRANK shard13: F降序
shard 13: 第一层存活 7/3 = 233%%, 第二层 开
FRANK shard16: F降序
shard 16: 第一层存活 7/3 = 233%%, 第二层 开
FRANK shard4: F降序
shard 4: 第一层存活 7/4 = 175%%, 第二层 开
FRANK shard19: F降序
shard 19: 第一层存活 6/3 = 200%%, 第二层 开
FRANK shard5: F降序
shard 5: 第一层存活 6/4 = 150%%, 第二层 开
FRANK shard6: F降序
shard 6: 第一层存活 6/4 = 150%%, 第二层 开
FRANK shard11: F降序
shard 11: 第一层存活 6/3 = 200%%, 第二层 开
FRANK shard3: F降序
shard 3: 第一层存活 6/4 = 150%%, 第二层 开
FRANK shard18: F降序
shard 18: 第一层存活 6/3 = 200%%, 第二层 开
FRANK shard0: F降序
shard 0: 第一层存活 6/4 = 150%%, 第二层 开
FRANK shard2: F降序
shard 2: 第一层存活 6/4 = 150%%, 第二层 开
FRANK shard15: F降序
shard 15: 第一层存活 6/3 = 200%%, 第二层 开
FRANK shard9: F降序
shard 9: 第一层存活 6/3 = 200%%, 第二层 开
FRANK shard14: F降序
shard 14: 第一层存活 6/3 = 200%%, 第二层 开
FRANK shard8: F降序
shard 8: 第一层存活 6/4 = 150%%, 第二层 开
FRANK shard17: F降序
shard 17: 第一层存活 6/3 = 200%%, 第二层 开
FRANK shard12: F降序
shard 12: 第一层存活 6/3 = 200%%, 第二层 开
probe[t=11s]: 63/69 起点被证伪，剩 6
DYN shard1: 11450 calls, 3121 refuted (27%)
probe[t=15s]: 63/69 起点被证伪，剩 6
DYN shard10: 11602 calls, 3265 refuted (28%)
probe[t=16s]: 63/69 起点被证伪，剩 6
DYN shard7: 11187 calls, 2989 refuted (27%)
probe[t=17s]: 63/69 起点被证伪，剩 6
DYN shard4: 11786 calls, 3043 refuted (26%)
probe[t=20s]: 63/69 起点被证伪，剩 6
DYN shard14: 11495 calls, 4191 refuted (36%)
probe[t=21s]: 63/69 起点被证伪，剩 6
DYN shard19: 11527 calls, 2993 refuted (26%)
probe[t=21s]: 63/69 起点被证伪，剩 6
DYN shard5: 10551 calls, 3960 refuted (38%)
probe[t=21s]: 63/69 起点被证伪，剩 6
DYN shard2: 11051 calls, 4172 refuted (38%)
probe[t=21s]: 63/69 起点被证伪，剩 6
DYN shard16: 11754 calls, 3123 refuted (27%)
probe[t=22s]: 63/69 起点被证伪，剩 6
DYN shard13: 11878 calls, 3095 refuted (26%)
probe[t=23s]: 63/69 起点被证伪，剩 6
DYN shard17: 11037 calls, 4186 refuted (38%)
probe[t=24s]: 63/69 起点被证伪，剩 6
DYN shard11: 11507 calls, 4300 refuted (37%)
probe[t=25s]: 63/69 起点被证伪，剩 6
DYN shard6: 11449 calls, 3209 refuted (28%)
probe[t=25s]: 63/69 起点被证伪，剩 6
DYN shard0: 10645 calls, 2617 refuted (25%)
probe[t=28s]: 63/69 起点被证伪，剩 6
DYN shard15: 10611 calls, 2868 refuted (27%)
probe[t=28s]: 63/69 起点被证伪，剩 6
DYN shard18: 12519 calls, 3333 refuted (27%)
probe[t=32s]: 63/69 起点被证伪，剩 6
DYN shard3: 10973 calls, 3003 refuted (27%)
probe[t=33s]: 63/69 起点被证伪，剩 6
DYN shard12: 11295 calls, 2964 refuted (26%)
probe[t=34s]: 63/69 起点被证伪，剩 6
DYN shard8: 10839 calls, 4127 refuted (38%)
probe[t=42s]: 63/69 起点被证伪，剩 6
DYN shard9: 10609 calls, 2698 refuted (25%)
STATS {"solved":1,"shard":13,"wall_s":252,"nodes_total":4490868,"nodes_win":306499,"dth_liveend":0,"dth_estate":567873,"dth_reach":305358,"dth_dyn":66429,"dth_flow":0,"dth_geom":49589,"maxrss_kb":31776,"start_x":45,"start_y":62}
WINNER shard 13 tier 1 nodes 306499
