有向预计算：走向已定 67979/159200 (42.7%) | 无向判定率 47.0% -> 59.2% (37406 -> 47141 / 79600 边)
有向预计算：走向已定 68181/159200 (42.8%) | 无向判定率 59.2% -> 59.4% (47141 -> 47276 / 79600 边)
有向预计算：走向已定 68274/159200 (42.9%) | 无向判定率 59.4% -> 59.4% (47276 -> 47299 / 79600 边)
有向预计算：走向已定 68274/159200 (42.9%) | 无向判定率 59.4% -> 59.4% (47299 -> 47299 / 79600 边)
全局阶段：固定 47299 条边，起点候选 111 / 56148 (0.2%)
adaptive PROPDEPTH=999999 (fixed 47299 / 79600 edges; 第一层存活率>=SURVDEEP%再升深层)
shard 0: swarm 模式（111 个候选全员上，随机顺序）
shard 1: swarm 模式（111 个候选全员上，随机顺序）
shard 2: swarm 模式（111 个候选全员上，随机顺序）
shard 3: swarm 模式（111 个候选全员上，随机顺序）
shard 9: swarm 模式（111 个候选全员上，随机顺序）
shard 4: swarm 模式（111 个候选全员上，随机顺序）
shard 5: swarm 模式（111 个候选全员上，随机顺序）
shard 6: swarm 模式（111 个候选全员上，随机顺序）
shard 7: swarm 模式（111 个候选全员上，随机顺序）
shard 8: swarm 模式（111 个候选全员上，随机顺序）
shard 10: swarm 模式（111 个候选全员上，随机顺序）
shard 11: swarm 模式（111 个候选全员上，随机顺序）
shard 12: swarm 模式（111 个候选全员上，随机顺序）
shard 13: swarm 模式（111 个候选全员上，随机顺序）
shard 14: swarm 模式（111 个候选全员上，随机顺序）
shard 15: swarm 模式（111 个候选全员上，随机顺序）
shard 16: swarm 模式（111 个候选全员上，随机顺序）
shard 17: swarm 模式（111 个候选全员上，随机顺序）
shard 18: swarm 模式（111 个候选全员上，随机顺序）
shard 19: swarm 模式（111 个候选全员上，随机顺序）
FRANK shard7: F降序
shard 7: 第一层存活 15/6 = 250%%, 第二层 开
FRANK shard14: F降序
shard 14: 第一层存活 13/5 = 260%%, 第二层 开
FRANK shard17: F降序
shard 17: 第一层存活 13/5 = 260%%, 第二层 开
FRANK shard5: F降序
shard 5: 第一层存活 13/6 = 216%%, 第二层 开
FRANK shard8: F降序
shard 8: 第一层存活 13/6 = 216%%, 第二层 开
FRANK shard1: F降序
shard 1: 第一层存活 16/6 = 266%%, 第二层 开
FRANK shard0: F降序
shard 0: 第一层存活 15/6 = 250%%, 第二层 开
FRANK shard16: F降序
shard 16: 第一层存活 12/5 = 240%%, 第二层 开
FRANK shard15: F降序
shard 15: 第一层存活 15/5 = 300%%, 第二层 开
FRANK shard3: F降序
shard 3: 第一层存活 15/6 = 250%%, 第二层 开
FRANK shard12: F降序
shard 12: 第一层存活 15/5 = 300%%, 第二层 开
FRANK shard18: F降序
shard 18: 第一层存活 15/5 = 300%%, 第二层 开
FRANK shard11: F降序
shard 11: 第一层存活 12/5 = 240%%, 第二层 开
FRANK shard9: F降序
shard 9: 第一层存活 15/6 = 250%%, 第二层 开
FRANK shard2: F降序
shard 2: 第一层存活 12/6 = 200%%, 第二层 开
FRANK shard13: F降序
shard 13: 第一层存活 13/5 = 260%%, 第二层 开
FRANK shard6: F降序
shard 6: 第一层存活 14/6 = 233%%, 第二层 开
FRANK shard10: F降序
shard 10: 第一层存活 12/6 = 200%%, 第二层 开
FRANK shard19: F降序
shard 19: 第一层存活 12/5 = 240%%, 第二层 开
FRANK shard4: F降序
shard 4: 第一层存活 13/6 = 216%%, 第二层 开
probe[t=27s]: 99/111 起点被证伪，剩 12
DYN shard16: 21240 calls, 5139 refuted (24%)
probe[t=28s]: 99/111 起点被证伪，剩 12
DYN shard13: 21492 calls, 5222 refuted (24%)
probe[t=29s]: 99/111 起点被证伪，剩 12
DYN shard7: 21334 calls, 5127 refuted (24%)
probe[t=29s]: 99/111 起点被证伪，剩 12
DYN shard1: 22784 calls, 5276 refuted (23%)
probe[t=29s]: 99/111 起点被证伪，剩 12
DYN shard10: 21134 calls, 5136 refuted (24%)
probe[t=33s]: 99/111 起点被证伪，剩 12
DYN shard11: 19338 calls, 7353 refuted (38%)
probe[t=34s]: 99/111 起点被证伪，剩 12
DYN shard14: 18756 calls, 7092 refuted (38%)
probe[t=34s]: 99/111 起点被证伪，剩 12
DYN shard2: 19194 calls, 7241 refuted (38%)
probe[t=34s]: 99/111 起点被证伪，剩 12
DYN shard8: 19754 calls, 7323 refuted (37%)
probe[t=34s]: 99/111 起点被证伪，剩 12
DYN shard5: 19748 calls, 7507 refuted (38%)
probe[t=35s]: 99/111 起点被证伪，剩 12
DYN shard19: 20788 calls, 4730 refuted (23%)
probe[t=35s]: 99/111 起点被证伪，剩 12
DYN shard4: 21326 calls, 5059 refuted (24%)
probe[t=38s]: 99/111 起点被证伪，剩 12
DYN shard17: 19514 calls, 7340 refuted (38%)
probe[t=43s]: 97/111 起点被证伪，剩 14
DYN shard6: 22354 calls, 6051 refuted (27%)
probe[t=46s]: 97/111 起点被证伪，剩 14
DYN shard12: 23370 calls, 6273 refuted (27%)
probe[t=47s]: 97/111 起点被证伪，剩 14
DYN shard15: 22796 calls, 5889 refuted (26%)
probe[t=48s]: 97/111 起点被证伪，剩 14
DYN shard9: 23234 calls, 6285 refuted (27%)
probe[t=48s]: 97/111 起点被证伪，剩 14
DYN shard0: 21372 calls, 5377 refuted (25%)
probe[t=48s]: 97/111 起点被证伪，剩 14
DYN shard3: 22824 calls, 6096 refuted (27%)
probe[t=49s]: 97/111 起点被证伪，剩 14
DYN shard18: 23034 calls, 6127 refuted (27%)
STATS {"solved":1,"shard":8,"wall_s":147,"nodes_total":2436124,"nodes_win":1087888,"dth_liveend":0,"dth_estate":314686,"dth_reach":121749,"dth_dyn":43909,"dth_flow":0,"dth_geom":11854,"maxrss_kb":37172,"start_x":73,"start_y":42}
WINNER shard 8 tier 0 nodes 1087888
