有向预计算：走向已定 63447/152706 (41.5%) | 无向判定率 46.4% -> 58.2% (35442 -> 44446 / 76353 边)
有向预计算：走向已定 63617/152706 (41.7%) | 无向判定率 58.2% -> 58.3% (44446 -> 44539 / 76353 边)
有向预计算：走向已定 63617/152706 (41.7%) | 无向判定率 58.3% -> 58.3% (44539 -> 44539 / 76353 边)
全局阶段：固定 44539 条边，起点候选 44 / 53745 (0.1%)
adaptive PROPDEPTH=999999 (fixed 44539 / 76353 edges; 第一层存活率>=SURVDEEP%再升深层)
shard 0: swarm 模式（44 个候选全员上，随机顺序）
shard 1: swarm 模式（44 个候选全员上，随机顺序）
shard 2: swarm 模式（44 个候选全员上，随机顺序）
shard 3: swarm 模式（44 个候选全员上，随机顺序）
shard 4: swarm 模式（44 个候选全员上，随机顺序）
shard 12: swarm 模式（44 个候选全员上，随机顺序）
shard 5: swarm 模式（44 个候选全员上，随机顺序）
shard 6: swarm 模式（44 个候选全员上，随机顺序）
shard 7: swarm 模式（44 个候选全员上，随机顺序）
shard 18: swarm 模式（44 个候选全员上，随机顺序）
shard 8: swarm 模式（44 个候选全员上，随机顺序）
shard 9: swarm 模式（44 个候选全员上，随机顺序）
shard 10: swarm 模式（44 个候选全员上，随机顺序）
shard 11: swarm 模式（44 个候选全员上，随机顺序）
shard 13: swarm 模式（44 个候选全员上，随机顺序）
shard 14: swarm 模式（44 个候选全员上，随机顺序）
shard 15: swarm 模式（44 个候选全员上，随机顺序）
shard 16: swarm 模式（44 个候选全员上，随机顺序）
shard 17: swarm 模式（44 个候选全员上，随机顺序）
shard 19: swarm 模式（44 个候选全员上，随机顺序）
FRANK shard14: F降序
shard 14: 第一层存活 1/2 = 50%%, 第二层 开
FRANK shard2: F降序
shard 2: 第一层存活 1/3 = 33%%, 第二层 开
FRANK shard11: F降序
shard 11: 第一层存活 1/2 = 50%%, 第二层 开
FRANK shard8: F降序
shard 8: 第一层存活 1/2 = 50%%, 第二层 开
FRANK shard17: F降序
shard 17: 第一层存活 1/2 = 50%%, 第二层 开
FRANK shard18: F降序
shard 18: 第一层存活 1/2 = 50%%, 第二层 开
FRANK shard7: F降序
shard 7: 第一层存活 1/2 = 50%%, 第二层 开
FRANK shard5: F降序
shard 5: 第一层存活 1/2 = 50%%, 第二层 开
FRANK shard0: F降序
shard 0: 第一层存活 1/3 = 33%%, 第二层 开
FRANK shard9: F降序
shard 9: 第一层存活 1/2 = 50%%, 第二层 开
FRANK shard1: F降序
shard 1: 第一层存活 1/3 = 33%%, 第二层 开
FRANK shard3: F降序
shard 3: 第一层存活 1/3 = 33%%, 第二层 开
FRANK shard6: F降序
shard 6: 第一层存活 1/2 = 50%%, 第二层 开
FRANK shard16: F降序
shard 16: 第一层存活 1/2 = 50%%, 第二层 开
FRANK shard15: F降序
shard 15: 第一层存活 1/2 = 50%%, 第二层 开
FRANK shard4: F降序
shard 4: 第一层存活 1/2 = 50%%, 第二层 开
FRANK shard10: F降序
shard 10: 第一层存活 1/2 = 50%%, 第二层 开
FRANK shard13: F降序
shard 13: 第一层存活 1/2 = 50%%, 第二层 开
FRANK shard12: F降序
shard 12: 第一层存活 1/2 = 50%%, 第二层 开
FRANK shard19: F降序
shard 19: 第一层存活 1/2 = 50%%, 第二层 开
probe[t=3s]: 43/44 起点被证伪，剩 1
DYN shard14: 1793 calls, 670 refuted (37%)
probe[t=3s]: 43/44 起点被证伪，剩 1
DYN shard2: 1661 calls, 626 refuted (38%)
probe[t=3s]: 43/44 起点被证伪，剩 1
DYN shard17: 1923 calls, 700 refuted (36%)
probe[t=4s]: 43/44 起点被证伪，剩 1
DYN shard5: 1865 calls, 674 refuted (36%)
probe[t=4s]: 43/44 起点被证伪，剩 1
DYN shard8: 1987 calls, 707 refuted (36%)
probe[t=4s]: 43/44 起点被证伪，剩 1
DYN shard18: 1989 calls, 583 refuted (29%)
probe[t=4s]: 43/44 起点被证伪，剩 1
DYN shard11: 2015 calls, 727 refuted (36%)
probe[t=4s]: 43/44 起点被证伪，剩 1
DYN shard6: 1755 calls, 488 refuted (28%)
probe[t=4s]: 43/44 起点被证伪，剩 1
DYN shard0: 1887 calls, 514 refuted (27%)
probe[t=4s]: 43/44 起点被证伪，剩 1
DYN shard19: 2135 calls, 551 refuted (26%)
probe[t=4s]: 43/44 起点被证伪，剩 1
DYN shard3: 2001 calls, 565 refuted (28%)
probe[t=4s]: 43/44 起点被证伪，剩 1
DYN shard16: 2247 calls, 572 refuted (25%)
probe[t=4s]: 43/44 起点被证伪，剩 1
DYN shard12: 2037 calls, 576 refuted (28%)
probe[t=4s]: 43/44 起点被证伪，剩 1
DYN shard1: 1927 calls, 518 refuted (27%)
probe[t=5s]: 43/44 起点被证伪，剩 1
DYN shard4: 1767 calls, 490 refuted (28%)
probe[t=5s]: 43/44 起点被证伪，剩 1
DYN shard13: 2141 calls, 532 refuted (25%)
probe[t=5s]: 43/44 起点被证伪，剩 1
DYN shard15: 2237 calls, 613 refuted (27%)
probe[t=5s]: 43/44 起点被证伪，剩 1
DYN shard7: 1819 calls, 498 refuted (27%)
probe[t=5s]: 43/44 起点被证伪，剩 1
DYN shard10: 2111 calls, 550 refuted (26%)
probe[t=8s]: 43/44 起点被证伪，剩 1
DYN shard9: 2215 calls, 631 refuted (28%)
STATS {"solved":1,"shard":5,"wall_s":8,"nodes_total":138484,"nodes_win":104173,"dth_liveend":0,"dth_estate":16717,"dth_reach":7854,"dth_dyn":2504,"dth_flow":0,"dth_geom":753,"maxrss_kb":30272,"start_x":188,"start_y":232}
WINNER shard 5 tier 1 nodes 104173
