有向预计算：走向已定 83260/189566 (43.9%) | 无向判定率 46.5% -> 59.4% (44040 -> 56303 / 94783 边)
有向预计算：走向已定 83432/189566 (44.0%) | 无向判定率 59.4% -> 59.6% (56303 -> 56458 / 94783 边)
有向预计算：走向已定 83432/189566 (44.0%) | 无向判定率 59.6% -> 59.6% (56458 -> 56458 / 94783 边)
全局阶段：固定 56458 条边，起点候选 47 / 66677 (0.1%)
adaptive PROPDEPTH=999999 (fixed 56458 / 94783 edges; 第一层存活率>=SURVDEEP%再升深层)
shard 0: swarm 模式（47 个候选全员上，随机顺序）
shard 1: swarm 模式（47 个候选全员上，随机顺序）
shard 6: swarm 模式（47 个候选全员上，随机顺序）
shard 7: swarm 模式（47 个候选全员上，随机顺序）
shard 8: swarm 模式（47 个候选全员上，随机顺序）
shard 9: swarm 模式（47 个候选全员上，随机顺序）
shard 2: swarm 模式（47 个候选全员上，随机顺序）
shard 3: swarm 模式（47 个候选全员上，随机顺序）
shard 10: swarm 模式（47 个候选全员上，随机顺序）
shard 5: swarm 模式（47 个候选全员上，随机顺序）
shard 4: swarm 模式（47 个候选全员上，随机顺序）
shard 11: swarm 模式（47 个候选全员上，随机顺序）
shard 12: swarm 模式（47 个候选全员上，随机顺序）
shard 13: swarm 模式（47 个候选全员上，随机顺序）
shard 14: swarm 模式（47 个候选全员上，随机顺序）
shard 15: swarm 模式（47 个候选全员上，随机顺序）
shard 16: swarm 模式（47 个候选全员上，随机顺序）
shard 17: swarm 模式（47 个候选全员上，随机顺序）
shard 18: swarm 模式（47 个候选全员上，随机顺序）
shard 19: swarm 模式（47 个候选全员上，随机顺序）
FRANK shard10: F降序
shard 10: 第一层存活 2/2 = 100%%, 第二层 开
FRANK shard16: F降序
shard 16: 第一层存活 2/2 = 100%%, 第二层 开
FRANK shard19: F降序
shard 19: 第一层存活 2/2 = 100%%, 第二层 开
FRANK shard7: F降序
shard 7: 第一层存活 2/2 = 100%%, 第二层 开
FRANK shard13: F降序
shard 13: 第一层存活 2/2 = 100%%, 第二层 开
FRANK shard1: F降序
shard 1: 第一层存活 2/3 = 66%%, 第二层 开
FRANK shard4: F降序
shard 4: 第一层存活 2/3 = 66%%, 第二层 开
FRANK shard17: F降序
shard 17: 第一层存活 2/2 = 100%%, 第二层 开
FRANK shard18: F降序
shard 18: 第一层存活 2/2 = 100%%, 第二层 开
FRANK shard6: F降序
shard 6: 第一层存活 2/3 = 66%%, 第二层 开
FRANK shard8: F降序
shard 8: 第一层存活 2/2 = 100%%, 第二层 开
FRANK shard12: F降序
shard 12: 第一层存活 2/2 = 100%%, 第二层 开
FRANK shard14: F降序
shard 14: 第一层存活 2/2 = 100%%, 第二层 开
FRANK shard11: F降序
shard 11: 第一层存活 2/2 = 100%%, 第二层 开
FRANK shard5: F降序
shard 5: 第一层存活 2/3 = 66%%, 第二层 开
FRANK shard15: F降序
shard 15: 第一层存活 2/2 = 100%%, 第二层 开
FRANK shard2: F降序
shard 2: 第一层存活 2/3 = 66%%, 第二层 开
FRANK shard9: F降序
shard 9: 第一层存活 2/2 = 100%%, 第二层 开
FRANK shard0: F降序
shard 0: 第一层存活 2/3 = 66%%, 第二层 开
FRANK shard3: F降序
shard 3: 第一层存活 2/3 = 66%%, 第二层 开
probe[t=5s]: 45/47 起点被证伪，剩 2
DYN shard4: 3626 calls, 790 refuted (22%)
probe[t=7s]: 45/47 起点被证伪，剩 2
DYN shard19: 3988 calls, 898 refuted (23%)
probe[t=7s]: 45/47 起点被证伪，剩 2
DYN shard1: 3896 calls, 885 refuted (23%)
probe[t=8s]: 45/47 起点被证伪，剩 2
DYN shard10: 3764 calls, 836 refuted (22%)
probe[t=9s]: 45/47 起点被证伪，剩 2
DYN shard12: 3582 calls, 838 refuted (23%)
probe[t=10s]: 45/47 起点被证伪，剩 2
DYN shard13: 3862 calls, 821 refuted (21%)
probe[t=10s]: 45/47 起点被证伪，剩 2
DYN shard6: 3630 calls, 852 refuted (23%)
probe[t=10s]: 45/47 起点被证伪，剩 2
DYN shard0: 3606 calls, 842 refuted (23%)
probe[t=10s]: 45/47 起点被证伪，剩 2
DYN shard3: 3616 calls, 840 refuted (23%)
probe[t=10s]: 45/47 起点被证伪，剩 2
DYN shard9: 3820 calls, 899 refuted (24%)
probe[t=10s]: 45/47 起点被证伪，剩 2
DYN shard16: 3994 calls, 865 refuted (22%)
probe[t=10s]: 45/47 起点被证伪，剩 2
DYN shard7: 3926 calls, 881 refuted (22%)
probe[t=11s]: 45/47 起点被证伪，剩 2
DYN shard18: 3684 calls, 863 refuted (23%)
probe[t=11s]: 45/47 起点被证伪，剩 2
DYN shard14: 3628 calls, 1252 refuted (35%)
probe[t=11s]: 45/47 起点被证伪，剩 2
DYN shard5: 3488 calls, 1256 refuted (36%)
probe[t=12s]: 45/47 起点被证伪，剩 2
DYN shard8: 3818 calls, 1298 refuted (34%)
probe[t=12s]: 45/47 起点被证伪，剩 2
DYN shard11: 3678 calls, 1258 refuted (34%)
probe[t=12s]: 45/47 起点被证伪，剩 2
DYN shard17: 3788 calls, 1307 refuted (35%)
probe[t=13s]: 45/47 起点被证伪，剩 2
DYN shard2: 3750 calls, 1289 refuted (34%)
probe[t=13s]: 45/47 起点被证伪，剩 2
DYN shard15: 3556 calls, 817 refuted (23%)
STATS {"solved":1,"shard":19,"wall_s":23,"nodes_total":234078,"nodes_win":165558,"dth_liveend":0,"dth_estate":31162,"dth_reach":15359,"dth_dyn":3164,"dth_flow":0,"dth_geom":2224,"maxrss_kb":37724,"start_x":298,"start_y":302}
WINNER shard 19 tier 3 nodes 165558
