有向预计算：走向已定 147298/354354 (41.6%) | 无向判定率 52.6% -> 63.9% (93209 -> 113187 / 177177 边)
有向预计算：走向已定 147683/354354 (41.7%) | 无向判定率 63.9% -> 64.0% (113187 -> 113429 / 177177 边)
有向预计算：走向已定 147683/354354 (41.7%) | 无向判定率 64.0% -> 64.0% (113429 -> 113429 / 177177 边)
全局阶段：固定 113429 条边，起点候选 29 / 128732 (0.0%)
adaptive PROPDEPTH=999999 (fixed 113429 / 177177 edges; 第一层存活率>=SURVDEEP%再升深层)
FRANK shard2: F降序
shard 2: 第一层存活 0/7 = 0%%, 第二层 跳过
probe[t=0s]: 29/29 起点被证伪，剩 0
no solution found
STATS {"solved":0,"shard":2,"wall_s":0,"nodes_total":371,"nodes_win":-1,"dth_liveend":0,"dth_estate":58,"dth_reach":33,"dth_dyn":19,"dth_flow":0,"dth_geom":4,"maxrss_kb":43828,"start_x":-1,"start_y":-1}
FRANK shard3: F降序
shard 3: 第一层存活 0/7 = 0%%, 第二层 跳过
probe[t=0s]: 29/29 起点被证伪，剩 0
DYN shard3: 68 calls, 24 refuted (35%)
no solution found
STATS {"solved":0,"shard":3,"wall_s":0,"nodes_total":773,"nodes_win":-1,"dth_liveend":0,"dth_estate":117,"dth_reach":81,"dth_dyn":24,"dth_flow":0,"dth_geom":10,"maxrss_kb":43172,"start_x":-1,"start_y":-1}
FRANK shard0: F降序
shard 0: 第一层存活 1/8 = 12%%, 第二层 跳过
probe[t=1s]: 28/29 起点被证伪，剩 1
DYN shard0: 133 calls, 39 refuted (29%)
FRANK shard1: F降序
shard 1: 第一层存活 1/7 = 14%%, 第二层 跳过
probe[t=2s]: 28/29 起点被证伪，剩 1
DYN shard1: 232 calls, 92 refuted (40%)
