有向预计算：走向已定 37674/96616 (39.0%) | 无向判定率 52.3% -> 62.7% (25251 -> 30270 / 48308 边)
有向预计算：走向已定 37709/96616 (39.0%) | 无向判定率 62.7% -> 62.7% (30270 -> 30305 / 48308 边)
有向预计算：走向已定 37709/96616 (39.0%) | 无向判定率 62.7% -> 62.7% (30305 -> 30305 / 48308 边)
全局阶段：固定 30305 条边，起点候选 64 / 35149 (0.2%)
adaptive PROPDEPTH=999999 (fixed 30305 / 48308 edges; 第一层存活率>=SURVDEEP%再升深层)
FRANK shard3: F降序
shard 3: 第一层存活 2/16 = 12%%, 第二层 跳过
probe[t=1s]: 62/64 起点被证伪，剩 2
DYN shard3: 268 calls, 65 refuted (24%)
FRANK shard1: F降序
shard 1: 第一层存活 4/16 = 25%%, 第二层 跳过
probe[t=1s]: 60/64 起点被证伪，剩 4
DYN shard1: 701 calls, 253 refuted (36%)
FRANK shard2: F降序
shard 2: 第一层存活 5/16 = 31%%, 第二层 开
FRANK shard0: F降序
shard 0: 第一层存活 6/16 = 37%%, 第二层 开
probe[t=12s]: 59/64 起点被证伪，剩 5
DYN shard2: 12790 calls, 5875 refuted (46%)
probe[t=33s]: 58/64 起点被证伪，剩 6
DYN shard0: 14377 calls, 4572 refuted (32%)
