有向预计算：走向已定 67154/152242 (44.1%) | 无向判定率 46.2% -> 59.6% (35179 -> 45340 / 76121 边)
有向预计算：走向已定 67427/152242 (44.3%) | 无向判定率 59.6% -> 59.8% (45340 -> 45509 / 76121 边)
有向预计算：走向已定 67417/152242 (44.3%) | 无向判定率 59.8% -> 59.8% (45509 -> 45509 / 76121 边)
全局阶段：固定 45509 条边，起点候选 48 / 53556 (0.1%)
adaptive PROPDEPTH=999999 (fixed 45509 / 76121 edges; 第一层存活率>=SURVDEEP%再升深层)
shard 0: swarm 模式（48 个候选全员上，随机顺序）
shard 1: swarm 模式（48 个候选全员上，随机顺序）
shard 2: swarm 模式（48 个候选全员上，随机顺序）
shard 3: swarm 模式（48 个候选全员上，随机顺序）
shard 4: swarm 模式（48 个候选全员上，随机顺序）
shard 5: swarm 模式（48 个候选全员上，随机顺序）
shard 6: swarm 模式（48 个候选全员上，随机顺序）
shard 7: swarm 模式（48 个候选全员上，随机顺序）
shard 15: swarm 模式（48 个候选全员上，随机顺序）
shard 8: swarm 模式（48 个候选全员上，随机顺序）
shard 18: swarm 模式（48 个候选全员上，随机顺序）
shard 9: swarm 模式（48 个候选全员上，随机顺序）
shard 10: swarm 模式（48 个候选全员上，随机顺序）
shard 11: swarm 模式（48 个候选全员上，随机顺序）
shard 12: swarm 模式（48 个候选全员上，随机顺序）
shard 13: swarm 模式（48 个候选全员上，随机顺序）
shard 14: swarm 模式（48 个候选全员上，随机顺序）
shard 16: swarm 模式（48 个候选全员上，随机顺序）
shard 17: swarm 模式（48 个候选全员上，随机顺序）
shard 19: swarm 模式（48 个候选全员上，随机顺序）
FRANK shard1: F降序
shard 1: 第一层存活 1/3 = 33%%, 第二层 开
FRANK shard7: F降序
shard 7: 第一层存活 1/3 = 33%%, 第二层 开
FRANK shard10: F降序
shard 10: 第一层存活 1/2 = 50%%, 第二层 开
FRANK shard19: F降序
shard 19: 第一层存活 1/2 = 50%%, 第二层 开
FRANK shard4: F降序
shard 4: 第一层存活 1/3 = 33%%, 第二层 开
FRANK shard13: F降序
shard 13: 第一层存活 1/2 = 50%%, 第二层 开
FRANK shard16: F降序
shard 16: 第一层存活 1/2 = 50%%, 第二层 开
FRANK shard6: F降序
shard 6: 第一层存活 1/3 = 33%%, 第二层 开
FRANK shard5: F降序
shard 5: 第一层存活 1/3 = 33%%, 第二层 开
FRANK shard18: F降序
shard 18: 第一层存活 1/2 = 50%%, 第二层 开
FRANK shard8: F降序
shard 8: 第一层存活 1/2 = 50%%, 第二层 开
FRANK shard9: F降序
shard 9: 第一层存活 1/2 = 50%%, 第二层 开
FRANK shard15: F降序
shard 15: 第一层存活 1/2 = 50%%, 第二层 开
FRANK shard2: F降序
shard 2: 第一层存活 1/3 = 33%%, 第二层 开
FRANK shard11: F降序
shard 11: 第一层存活 1/2 = 50%%, 第二层 开
FRANK shard3: F降序
shard 3: 第一层存活 1/3 = 33%%, 第二层 开
FRANK shard0: F降序
shard 0: 第一层存活 1/3 = 33%%, 第二层 开
FRANK shard12: F降序
shard 12: 第一层存活 1/2 = 50%%, 第二层 开
FRANK shard17: F降序
shard 17: 第一层存活 1/2 = 50%%, 第二层 开
FRANK shard14: F降序
shard 14: 第一层存活 1/2 = 50%%, 第二层 开
probe[t=2s]: 47/48 起点被证伪，剩 1
DYN shard16: 1904 calls, 387 refuted (20%)
probe[t=3s]: 47/48 起点被证伪，剩 1
DYN shard6: 1396 calls, 353 refuted (25%)
probe[t=3s]: 47/48 起点被证伪，剩 1
DYN shard10: 2044 calls, 456 refuted (22%)
probe[t=3s]: 47/48 起点被证伪，剩 1
DYN shard14: 1910 calls, 629 refuted (33%)
probe[t=4s]: 47/48 起点被证伪，剩 1
DYN shard19: 2316 calls, 653 refuted (28%)
probe[t=4s]: 47/48 起点被证伪，剩 1
DYN shard1: 2224 calls, 547 refuted (25%)
probe[t=4s]: 47/48 起点被证伪，剩 1
DYN shard8: 2358 calls, 819 refuted (35%)
probe[t=4s]: 47/48 起点被证伪，剩 1
DYN shard2: 2304 calls, 775 refuted (34%)
probe[t=4s]: 47/48 起点被证伪，剩 1
DYN shard5: 2322 calls, 779 refuted (34%)
probe[t=4s]: 47/48 起点被证伪，剩 1
DYN shard17: 2376 calls, 784 refuted (33%)
probe[t=4s]: 47/48 起点被证伪，剩 1
DYN shard0: 2116 calls, 486 refuted (23%)
probe[t=4s]: 47/48 起点被证伪，剩 1
DYN shard11: 2388 calls, 814 refuted (34%)
probe[t=4s]: 47/48 起点被证伪，剩 1
DYN shard3: 2344 calls, 544 refuted (23%)
probe[t=4s]: 47/48 起点被证伪，剩 1
DYN shard7: 2226 calls, 506 refuted (23%)
probe[t=4s]: 47/48 起点被证伪，剩 1
DYN shard18: 2348 calls, 547 refuted (23%)
probe[t=4s]: 47/48 起点被证伪，剩 1
DYN shard13: 2330 calls, 658 refuted (28%)
probe[t=5s]: 47/48 起点被证伪，剩 1
DYN shard4: 2314 calls, 535 refuted (23%)
probe[t=5s]: 47/48 起点被证伪，剩 1
DYN shard15: 2390 calls, 559 refuted (23%)
probe[t=5s]: 47/48 起点被证伪，剩 1
DYN shard12: 2366 calls, 541 refuted (23%)
probe[t=5s]: 47/48 起点被证伪，剩 1
DYN shard9: 2156 calls, 480 refuted (22%)
STATS {"solved":1,"shard":14,"wall_s":11,"nodes_total":173946,"nodes_win":139921,"dth_liveend":0,"dth_estate":21874,"dth_reach":10309,"dth_dyn":3029,"dth_flow":0,"dth_geom":1234,"maxrss_kb":30588,"start_x":26,"start_y":103}
WINNER shard 14 tier 2 nodes 139921
