有向预计算：走向已定 87864/200658 (43.8%) | 无向判定率 46.1% -> 58.7% (46207 -> 58858 / 100329 边)
有向预计算：走向已定 87890/200658 (43.8%) | 无向判定率 58.7% -> 58.8% (58858 -> 58977 / 100329 边)
有向预计算：走向已定 87890/200658 (43.8%) | 无向判定率 58.8% -> 58.8% (58977 -> 58977 / 100329 边)
全局阶段：固定 58977 条边，起点候选 35 / 70399 (0.0%)
adaptive PROPDEPTH=999999 (fixed 58977 / 100329 edges; 第一层存活率>=SURVDEEP%再升深层)
shard 0: swarm 模式（35 个候选全员上，随机顺序）
shard 1: swarm 模式（35 个候选全员上，随机顺序）
shard 2: swarm 模式（35 个候选全员上，随机顺序）
shard 3: swarm 模式（35 个候选全员上，随机顺序）
shard 4: swarm 模式（35 个候选全员上，随机顺序）
shard 5: swarm 模式（35 个候选全员上，随机顺序）
shard 11: swarm 模式（35 个候选全员上，随机顺序）
shard 6: swarm 模式（35 个候选全员上，随机顺序）
shard 14: swarm 模式（35 个候选全员上，随机顺序）
shard 7: swarm 模式（35 个候选全员上，随机顺序）
shard 8: swarm 模式（35 个候选全员上，随机顺序）
shard 17: swarm 模式（35 个候选全员上，随机顺序）
shard 9: swarm 模式（35 个候选全员上，随机顺序）
shard 19: swarm 模式（35 个候选全员上，随机顺序）
shard 10: swarm 模式（35 个候选全员上，随机顺序）
shard 12: swarm 模式（35 个候选全员上，随机顺序）
shard 13: swarm 模式（35 个候选全员上，随机顺序）
shard 15: swarm 模式（35 个候选全员上，随机顺序）
shard 16: swarm 模式（35 个候选全员上，随机顺序）
shard 18: swarm 模式（35 个候选全员上，随机顺序）
FRANK shard10: F降序
shard 10: 第一层存活 2/2 = 100%%, 第二层 开
FRANK shard4: F降序
shard 4: 第一层存活 2/2 = 100%%, 第二层 开
FRANK shard1: F降序
shard 1: 第一层存活 2/2 = 100%%, 第二层 开
FRANK shard13: F降序
shard 13: 第一层存活 2/2 = 100%%, 第二层 开
FRANK shard16: F降序
shard 16: 第一层存活 2/1 = 200%%, 第二层 开
FRANK shard8: F降序
shard 8: 第一层存活 2/2 = 100%%, 第二层 开
FRANK shard11: F降序
shard 11: 第一层存活 2/2 = 100%%, 第二层 开
FRANK shard12: F降序
shard 12: 第一层存活 2/2 = 100%%, 第二层 开
FRANK shard2: F降序
shard 2: 第一层存活 2/2 = 100%%, 第二层 开
FRANK shard3: F降序
shard 3: 第一层存活 2/2 = 100%%, 第二层 开
FRANK shard15: F降序
shard 15: 第一层存活 2/1 = 200%%, 第二层 开
FRANK shard17: F降序
shard 17: 第一层存活 2/1 = 200%%, 第二层 开
FRANK shard9: F降序
shard 9: 第一层存活 2/2 = 100%%, 第二层 开
FRANK shard14: F降序
shard 14: 第一层存活 2/2 = 100%%, 第二层 开
FRANK shard6: F降序
shard 6: 第一层存活 2/2 = 100%%, 第二层 开
FRANK shard0: F降序
shard 0: 第一层存活 2/2 = 100%%, 第二层 开
FRANK shard5: F降序
shard 5: 第一层存活 2/2 = 100%%, 第二层 开
FRANK shard18: F降序
shard 18: 第一层存活 2/1 = 200%%, 第二层 开
FRANK shard7: F降序
shard 7: 第一层存活 2/2 = 100%%, 第二层 开
FRANK shard19: F降序
shard 19: 第一层存活 2/1 = 200%%, 第二层 开
probe[t=5s]: 33/35 起点被证伪，剩 2
DYN shard4: 3378 calls, 643 refuted (19%)
probe[t=6s]: 33/35 起点被证伪，剩 2
DYN shard2: 3138 calls, 1078 refuted (34%)
probe[t=8s]: 33/35 起点被证伪，剩 2
DYN shard18: 2670 calls, 727 refuted (27%)
probe[t=8s]: 33/35 起点被证伪，剩 2
DYN shard0: 3080 calls, 794 refuted (26%)
probe[t=9s]: 33/35 起点被证伪，剩 2
DYN shard12: 3458 calls, 897 refuted (26%)
probe[t=9s]: 33/35 起点被证伪，剩 2
DYN shard3: 3648 calls, 948 refuted (26%)
probe[t=9s]: 33/35 起点被证伪，剩 2
DYN shard11: 3774 calls, 1277 refuted (34%)
probe[t=9s]: 33/35 起点被证伪，剩 2
DYN shard5: 3854 calls, 1317 refuted (34%)
probe[t=10s]: 33/35 起点被证伪，剩 2
DYN shard13: 4334 calls, 1004 refuted (23%)
probe[t=10s]: 33/35 起点被证伪，剩 2
DYN shard17: 4400 calls, 1483 refuted (34%)
probe[t=10s]: 33/35 起点被证伪，剩 2
DYN shard1: 4758 calls, 1056 refuted (22%)
probe[t=10s]: 33/35 起点被证伪，剩 2
DYN shard9: 4480 calls, 1106 refuted (25%)
probe[t=10s]: 33/35 起点被证伪，剩 2
DYN shard6: 3920 calls, 998 refuted (25%)
probe[t=10s]: 33/35 起点被证伪，剩 2
DYN shard10: 4214 calls, 848 refuted (20%)
probe[t=10s]: 33/35 起点被证伪，剩 2
DYN shard8: 4804 calls, 1620 refuted (34%)
probe[t=11s]: 33/35 起点被证伪，剩 2
DYN shard15: 3942 calls, 992 refuted (25%)
probe[t=11s]: 33/35 起点被证伪，剩 2
DYN shard16: 4528 calls, 1024 refuted (23%)
probe[t=13s]: 33/35 起点被证伪，剩 2
DYN shard14: 3826 calls, 1317 refuted (34%)
probe[t=14s]: 33/35 起点被证伪，剩 2
DYN shard19: 4546 calls, 1006 refuted (22%)
probe[t=14s]: 33/35 起点被证伪，剩 2
DYN shard7: 4880 calls, 1094 refuted (22%)
STATS {"solved":1,"shard":2,"wall_s":21,"nodes_total":472119,"nodes_win":404115,"dth_liveend":0,"dth_estate":58088,"dth_reach":25707,"dth_dyn":7961,"dth_flow":0,"dth_geom":2438,"maxrss_kb":39432,"start_x":200,"start_y":144}
WINNER shard 2 tier 2 nodes 404115
