有向预计算：走向已定 88584/224498 (39.5%) | 无向判定率 52.0% -> 62.8% (58359 -> 70441 / 112249 边)
有向预计算：走向已定 88725/224498 (39.5%) | 无向判定率 62.8% -> 62.9% (70441 -> 70553 / 112249 边)
有向预计算：走向已定 88725/224498 (39.5%) | 无向判定率 62.9% -> 62.9% (70553 -> 70553 / 112249 边)
全局阶段：固定 70553 条边，起点候选 50 / 81454 (0.1%)
adaptive PROPDEPTH=999999 (fixed 70553 / 112249 edges; 第一层存活率>=SURVDEEP%再升深层)
FRANK shard2: F降序
shard 2: 第一层存活 0/12 = 0%%, 第二层 跳过
probe[t=0s]: 50/50 起点被证伪，剩 0
no solution found
STATS {"solved":0,"shard":2,"wall_s":0,"nodes_total":0,"nodes_win":-1,"dth_liveend":0,"dth_estate":0,"dth_reach":0,"dth_dyn":0,"dth_flow":0,"dth_geom":0,"maxrss_kb":21140,"start_x":-1,"start_y":-1}
FRANK shard1: F降序
shard 1: 第一层存活 0/13 = 0%%, 第二层 跳过
probe[t=0s]: 50/50 起点被证伪，剩 0
no solution found
STATS {"solved":0,"shard":1,"wall_s":0,"nodes_total":0,"nodes_win":-1,"dth_liveend":0,"dth_estate":0,"dth_reach":0,"dth_dyn":0,"dth_flow":0,"dth_geom":0,"maxrss_kb":21140,"start_x":-1,"start_y":-1}
FRANK shard3: F降序
shard 3: 第一层存活 1/12 = 8%%, 第二层 跳过
probe[t=1s]: 49/50 起点被证伪，剩 1
DYN shard3: 72 calls, 22 refuted (31%)
FRANK shard0: F降序
shard 0: 第一层存活 2/13 = 15%%, 第二层 跳过
probe[t=1s]: 48/50 起点被证伪，剩 2
DYN shard0: 135 calls, 42 refuted (31%)
