有向预计算：走向已定 62510/150932 (41.4%) | 无向判定率 45.8% -> 57.6% (34584 -> 43437 / 75466 边)
有向预计算：走向已定 62760/150932 (41.6%) | 无向判定率 57.6% -> 57.8% (43437 -> 43594 / 75466 边)
有向预计算：走向已定 62760/150932 (41.6%) | 无向判定率 57.8% -> 57.8% (43594 -> 43594 / 75466 边)
全局阶段：固定 43594 条边，起点候选 53 / 53025 (0.1%)
adaptive PROPDEPTH=999999 (fixed 43594 / 75466 edges; 第一层存活率>=SURVDEEP%再升深层)
shard 0: swarm 模式（53 个候选全员上，随机顺序）
shard 1: swarm 模式（53 个候选全员上，随机顺序）
shard 2: swarm 模式（53 个候选全员上，随机顺序）
shard 3: swarm 模式（53 个候选全员上，随机顺序）
shard 10: swarm 模式（53 个候选全员上，随机顺序）
shard 4: swarm 模式（53 个候选全员上，随机顺序）
shard 5: swarm 模式（53 个候选全员上，随机顺序）
shard 6: swarm 模式（53 个候选全员上，随机顺序）
shard 7: swarm 模式（53 个候选全员上，随机顺序）
shard 8: swarm 模式（53 个候选全员上，随机顺序）
shard 9: swarm 模式（53 个候选全员上，随机顺序）
shard 11: swarm 模式（53 个候选全员上，随机顺序）
shard 12: swarm 模式（53 个候选全员上，随机顺序）
shard 13: swarm 模式（53 个候选全员上，随机顺序）
shard 14: swarm 模式（53 个候选全员上，随机顺序）
shard 15: swarm 模式（53 个候选全员上，随机顺序）
shard 16: swarm 模式（53 个候选全员上，随机顺序）
shard 17: swarm 模式（53 个候选全员上，随机顺序）
shard 18: swarm 模式（53 个候选全员上，随机顺序）
shard 19: swarm 模式（53 个候选全员上，随机顺序）
FRANK shard10: F降序
shard 10: 第一层存活 17/3 = 566%%, 第二层 开
FRANK shard13: F降序
shard 13: 第一层存活 17/2 = 850%%, 第二层 开
FRANK shard1: F降序
shard 1: 第一层存活 17/3 = 566%%, 第二层 开
FRANK shard7: F降序
shard 7: 第一层存活 17/3 = 566%%, 第二层 开
FRANK shard5: F降序
shard 5: 第一层存活 17/3 = 566%%, 第二层 开
FRANK shard16: F降序
shard 16: 第一层存活 17/2 = 850%%, 第二层 开
FRANK shard19: F降序
shard 19: 第一层存活 17/2 = 850%%, 第二层 开
FRANK shard17: F降序
shard 17: 第一层存活 17/2 = 850%%, 第二层 开
FRANK shard11: F降序
shard 11: 第一层存活 17/3 = 566%%, 第二层 开
FRANK shard4: F降序
shard 4: 第一层存活 17/3 = 566%%, 第二层 开
FRANK shard0: F降序
shard 0: 第一层存活 17/3 = 566%%, 第二层 开
FRANK shard12: F降序
shard 12: 第一层存活 17/3 = 566%%, 第二层 开
FRANK shard3: F降序
shard 3: 第一层存活 17/3 = 566%%, 第二层 开
FRANK shard9: F降序
shard 9: 第一层存活 17/3 = 566%%, 第二层 开
FRANK shard2: F降序
shard 2: 第一层存活 17/3 = 566%%, 第二层 开
FRANK shard14: F降序
shard 14: 第一层存活 17/2 = 850%%, 第二层 开
FRANK shard18: F降序
shard 18: 第一层存活 17/2 = 850%%, 第二层 开
FRANK shard8: F降序
shard 8: 第一层存活 17/3 = 566%%, 第二层 开
FRANK shard15: F降序
shard 15: 第一层存活 17/2 = 850%%, 第二层 开
FRANK shard6: F降序
shard 6: 第一层存活 17/3 = 566%%, 第二层 开
probe[t=47s]: 36/53 起点被证伪，剩 17
DYN shard10: 43040 calls, 11191 refuted (26%)
probe[t=49s]: 36/53 起点被证伪，剩 17
DYN shard13: 39302 calls, 9811 refuted (25%)
probe[t=54s]: 36/53 起点被证伪，剩 17
DYN shard19: 43134 calls, 11273 refuted (26%)
probe[t=54s]: 36/53 起点被证伪，剩 17
DYN shard7: 42582 calls, 10992 refuted (26%)
probe[t=55s]: 36/53 起点被证伪，剩 17
DYN shard1: 43154 calls, 11063 refuted (26%)
probe[t=57s]: 36/53 起点被证伪，剩 17
DYN shard8: 35912 calls, 13030 refuted (36%)
probe[t=59s]: 36/53 起点被证伪，剩 17
DYN shard4: 44298 calls, 11578 refuted (26%)
probe[t=61s]: 36/53 起点被证伪，剩 17
DYN shard16: 43826 calls, 11226 refuted (26%)
probe[t=65s]: 36/53 起点被证伪，剩 17
DYN shard0: 35716 calls, 9688 refuted (27%)
probe[t=70s]: 36/53 起点被证伪，剩 17
DYN shard14: 40014 calls, 14298 refuted (36%)
probe[t=71s]: 36/53 起点被证伪，剩 17
DYN shard6: 38490 calls, 9716 refuted (25%)
probe[t=73s]: 36/53 起点被证伪，剩 17
DYN shard17: 39370 calls, 13925 refuted (35%)
probe[t=74s]: 36/53 起点被证伪，剩 17
DYN shard15: 37074 calls, 9870 refuted (27%)
probe[t=74s]: 36/53 起点被证伪，剩 17
DYN shard18: 39016 calls, 10029 refuted (26%)
probe[t=78s]: 36/53 起点被证伪，剩 17
DYN shard3: 37870 calls, 9758 refuted (26%)
probe[t=79s]: 36/53 起点被证伪，剩 17
DYN shard12: 39112 calls, 9985 refuted (26%)
probe[t=80s]: 36/53 起点被证伪，剩 17
DYN shard2: 38742 calls, 13691 refuted (35%)
probe[t=88s]: 36/53 起点被证伪，剩 17
DYN shard9: 38466 calls, 10058 refuted (26%)
probe[t=88s]: 36/53 起点被证伪，剩 17
DYN shard11: 39712 calls, 14120 refuted (36%)
probe[t=104s]: 36/53 起点被证伪，剩 17
DYN shard5: 35526 calls, 12237 refuted (34%)
STATS {"solved":1,"shard":15,"wall_s":136,"nodes_total":1078589,"nodes_win":500439,"dth_liveend":0,"dth_estate":142926,"dth_reach":68818,"dth_dyn":18082,"dth_flow":0,"dth_geom":14329,"maxrss_kb":35948,"start_x":239,"start_y":145}
WINNER shard 15 tier 3 nodes 500439
