有向预计算：走向已定 123187/309174 (39.8%) | 无向判定率 51.9% -> 62.7% (80171 -> 96884 / 154587 边)
有向预计算：走向已定 123485/309174 (39.9%) | 无向判定率 62.7% -> 62.8% (96884 -> 97011 / 154587 边)
有向预计算：走向已定 123485/309174 (39.9%) | 无向判定率 62.8% -> 62.8% (97011 -> 97012 / 154587 边)
有向预计算：走向已定 123485/309174 (39.9%) | 无向判定率 62.8% -> 62.8% (97012 -> 97012 / 154587 边)
全局阶段：固定 97012 条边，起点候选 49 / 112103 (0.0%)
adaptive PROPDEPTH=999999 (fixed 97012 / 154587 edges; 第一层存活率>=SURVDEEP%再升深层)
FRANK shard1: F降序
shard 1: 第一层存活 5/12 = 41%%, 第二层 开
FRANK shard2: F降序
shard 2: 第一层存活 3/12 = 25%%, 第二层 跳过
probe[t=2s]: 46/49 起点被证伪，剩 3
DYN shard2: 543 calls, 218 refuted (40%)
FRANK shard3: F降序
shard 3: 第一层存活 4/12 = 33%%, 第二层 开
FRANK shard0: F降序
shard 0: 第一层存活 4/13 = 30%%, 第二层 开
probe[t=30s]: 45/49 起点被证伪，剩 4
DYN shard3: 6372 calls, 1982 refuted (31%)
probe[t=32s]: 45/49 起点被证伪，剩 4
DYN shard1: 8659 calls, 3125 refuted (36%)
probe[t=47s]: 45/49 起点被证伪，剩 4
DYN shard0: 8066 calls, 2874 refuted (36%)
