有向预计算：走向已定 57526/143842 (40.0%) | 无向判定率 52.9% -> 63.7% (38054 -> 45819 / 71921 边)
有向预计算：走向已定 57749/143842 (40.1%) | 无向判定率 63.7% -> 63.8% (45819 -> 45900 / 71921 边)
有向预计算：走向已定 57833/143842 (40.2%) | 无向判定率 63.8% -> 63.8% (45900 -> 45911 / 71921 边)
有向预计算：走向已定 57833/143842 (40.2%) | 无向判定率 63.8% -> 63.8% (45911 -> 45911 / 71921 边)
全局阶段：固定 45911 条边，起点候选 69 / 52249 (0.1%)
adaptive PROPDEPTH=999999 (fixed 45911 / 71921 edges; 第一层存活率>=SURVDEEP%再升深层)
FRANK shard1: F降序
shard 1: 第一层存活 3/17 = 17%%, 第二层 跳过
probe[t=1s]: 66/69 起点被证伪，剩 3
DYN shard1: 493 calls, 200 refuted (41%)
FRANK shard2: F降序
shard 2: 第一层存活 2/17 = 11%%, 第二层 跳过
probe[t=1s]: 67/69 起点被证伪，剩 2
DYN shard2: 324 calls, 145 refuted (45%)
no solution found
STATS {"solved":0,"shard":1,"wall_s":1,"nodes_total":17413,"nodes_win":-1,"dth_liveend":0,"dth_estate":2617,"dth_reach":1178,"dth_dyn":578,"dth_flow":0,"dth_geom":117,"maxrss_kb":19844,"start_x":-1,"start_y":-1}
FRANK shard0: F降序
shard 0: 第一层存活 3/18 = 16%%, 第二层 跳过
probe[t=2s]: 66/69 起点被证伪，剩 3
DYN shard0: 484 calls, 166 refuted (34%)
no solution found
STATS {"solved":0,"shard":2,"wall_s":2,"nodes_total":9798,"nodes_win":-1,"dth_liveend":0,"dth_estate":1470,"dth_reach":630,"dth_dyn":354,"dth_flow":0,"dth_geom":46,"maxrss_kb":19620,"start_x":-1,"start_y":-1}
FRANK shard3: F降序
shard 3: 第一层存活 4/17 = 23%%, 第二层 跳过
probe[t=2s]: 65/69 起点被证伪，剩 4
DYN shard3: 714 calls, 243 refuted (34%)
no solution found
STATS {"solved":0,"shard":3,"wall_s":27,"nodes_total":181148,"nodes_win":-1,"dth_liveend":0,"dth_estate":26616,"dth_reach":11636,"dth_dyn":4815,"dth_flow":0,"dth_geom":1845,"maxrss_kb":20740,"start_x":-1,"start_y":-1}
