  分治：12 块 144 对，可行 40 对，整块淘汰掉 0 格
有向预计算：走向已定 0/143162 (0.0%) | 无向判定率 0.0% -> 0.0% (0 -> 0 / 71581 边)
有向预计算：走向已定 0/143162 (0.0%) | 无向判定率 0.0% -> 0.0% (0 -> 0 / 71581 边)
全局阶段：固定 0 条边，起点候选 50288 / 50288 (100.0%)
adaptive PROPDEPTH=2 (fixed 0 / 71581 edges; 第一层存活率>=SURVDEEP%再升深层)
STARTORD: F 升序就位（2514 起点，证伪剔除 0）
FRANK shard1: F降序
shard 1: 第一层存活 95% >= 38%，升深度传播(PD=64)
FRANK shard0: F降序
shard 0: 第一层存活 94% >= 38%，升深度传播(PD=64)
shard 1: 1.5 层深层重探后剩 1198
shard 1: 第一层存活 1198/1257 = 95%%, 第二层 开
shard 0: 1.5 层深层重探后剩 1194
shard 0: 第一层存活 1194/1257 = 94%%, 第二层 开
probe[t=465s]: 2475/2514 起点被证伪，剩 39
DYN shard1: 227470 calls, 84559 refuted (37%)
sweep shard1 round0 done (budget 50000)
probe[t=772s]: 2440/2514 起点被证伪，剩 74
DYN shard0: 334263 calls, 104358 refuted (31%)
sweep shard1 round1 done (budget 50000)
sweep shard1 round2 done (budget 100000)
sweep shard1 round3 done (budget 50000)
sweep shard0 round0 done (budget 50000)
sweep shard1 round4 done (budget 50000)
sweep shard1 round5 done (budget 100000)
sweep shard0 round1 done (budget 50000)
sweep shard1 round6 done (budget 200000)
sweep shard1 round7 done (budget 50000)
sweep shard1 round8 done (budget 50000)
sweep shard1 round9 done (budget 100000)
sweep shard1 round10 done (budget 50000)
sweep shard1 round11 done (budget 50000)
sweep shard0 round2 done (budget 100000)
sweep shard1 round12 done (budget 100000)
sweep shard0 round3 done (budget 50000)
sweep shard1 round13 done (budget 200000)
sweep shard0 round4 done (budget 50000)
sweep shard1 round14 done (budget 400000)
sweep shard1 round15 done (budget 50000)
sweep shard1 round16 done (budget 50000)
sweep shard1 round17 done (budget 100000)
sweep shard1 round18 done (budget 50000)
sweep shard1 round19 done (budget 50000)
sweep shard1 round20 done (budget 100000)
sweep shard0 round5 done (budget 100000)
sweep shard1 round21 done (budget 200000)
