有向预计算：走向已定 73333/168972 (43.4%) | 无向判定率 47.0% -> 59.5% (39724 -> 50264 / 84486 边)
有向预计算：走向已定 73552/168972 (43.5%) | 无向判定率 59.5% -> 59.6% (50264 -> 50371 / 84486 边)
有向预计算：走向已定 73552/168972 (43.5%) | 无向判定率 59.6% -> 59.6% (50371 -> 50371 / 84486 边)
全局阶段：固定 50371 条边，起点候选 59 / 59484 (0.1%)
adaptive PROPDEPTH=999999 (fixed 50371 / 84486 edges; 第一层存活率>=SURVDEEP%再升深层)
shard 0: swarm 模式（59 个候选全员上，随机顺序）
shard 1: swarm 模式（59 个候选全员上，随机顺序）
shard 2: swarm 模式（59 个候选全员上，随机顺序）
shard 3: swarm 模式（59 个候选全员上，随机顺序）
shard 4: swarm 模式（59 个候选全员上，随机顺序）
shard 9: swarm 模式（59 个候选全员上，随机顺序）
shard 5: swarm 模式（59 个候选全员上，随机顺序）
shard 12: swarm 模式（59 个候选全员上，随机顺序）
shard 6: swarm 模式（59 个候选全员上，随机顺序）
shard 7: swarm 模式（59 个候选全员上，随机顺序）
shard 8: swarm 模式（59 个候选全员上，随机顺序）
shard 18: swarm 模式（59 个候选全员上，随机顺序）
shard 10: swarm 模式（59 个候选全员上，随机顺序）
shard 11: swarm 模式（59 个候选全员上，随机顺序）
shard 13: swarm 模式（59 个候选全员上，随机顺序）
shard 14: swarm 模式（59 个候选全员上，随机顺序）
shard 15: swarm 模式（59 个候选全员上，随机顺序）
shard 16: swarm 模式（59 个候选全员上，随机顺序）
shard 17: swarm 模式（59 个候选全员上，随机顺序）
shard 19: swarm 模式（59 个候选全员上，随机顺序）
FRANK shard7: F降序
shard 7: 第一层存活 3/3 = 100%%, 第二层 开
FRANK shard1: F降序
shard 1: 第一层存活 3/3 = 100%%, 第二层 开
FRANK shard10: F降序
shard 10: 第一层存活 3/3 = 100%%, 第二层 开
FRANK shard4: F降序
shard 4: 第一层存活 3/3 = 100%%, 第二层 开
FRANK shard16: F降序
shard 16: 第一层存活 3/3 = 100%%, 第二层 开
FRANK shard19: F降序
shard 19: 第一层存活 3/2 = 150%%, 第二层 开
FRANK shard13: F降序
shard 13: 第一层存活 3/3 = 100%%, 第二层 开
FRANK shard5: F降序
shard 5: 第一层存活 3/3 = 100%%, 第二层 开
FRANK shard8: F降序
shard 8: 第一层存活 3/3 = 100%%, 第二层 开
FRANK shard14: F降序
shard 14: 第一层存活 3/3 = 100%%, 第二层 开
FRANK shard6: F降序
shard 6: 第一层存活 3/3 = 100%%, 第二层 开
FRANK shard12: F降序
shard 12: 第一层存活 3/3 = 100%%, 第二层 开
FRANK shard9: F降序
shard 9: 第一层存活 3/3 = 100%%, 第二层 开
FRANK shard18: F降序
shard 18: 第一层存活 3/3 = 100%%, 第二层 开
FRANK shard17: F降序
shard 17: 第一层存活 3/3 = 100%%, 第二层 开
FRANK shard0: F降序
shard 0: 第一层存活 3/3 = 100%%, 第二层 开
FRANK shard11: F降序
shard 11: 第一层存活 3/3 = 100%%, 第二层 开
FRANK shard3: F降序
shard 3: 第一层存活 3/3 = 100%%, 第二层 开
FRANK shard15: F降序
shard 15: 第一层存活 3/3 = 100%%, 第二层 开
FRANK shard2: F降序
shard 2: 第一层存活 3/3 = 100%%, 第二层 开
probe[t=4s]: 56/59 起点被证伪，剩 3
DYN shard7: 5036 calls, 914 refuted (18%)
probe[t=6s]: 56/59 起点被证伪，剩 3
DYN shard10: 5144 calls, 913 refuted (18%)
probe[t=7s]: 56/59 起点被证伪，剩 3
DYN shard16: 4964 calls, 887 refuted (18%)
probe[t=9s]: 56/59 起点被证伪，剩 3
DYN shard13: 5012 calls, 890 refuted (18%)
probe[t=10s]: 56/59 起点被证伪，剩 3
DYN shard4: 4942 calls, 913 refuted (18%)
probe[t=10s]: 56/59 起点被证伪，剩 3
DYN shard12: 4488 calls, 1234 refuted (27%)
probe[t=11s]: 56/59 起点被证伪，剩 3
DYN shard19: 4986 calls, 884 refuted (18%)
probe[t=11s]: 56/59 起点被证伪，剩 3
DYN shard14: 4576 calls, 1610 refuted (35%)
probe[t=12s]: 56/59 起点被证伪，剩 3
DYN shard6: 4460 calls, 1258 refuted (28%)
probe[t=12s]: 56/59 起点被证伪，剩 3
DYN shard17: 4584 calls, 1640 refuted (36%)
probe[t=15s]: 56/59 起点被证伪，剩 3
DYN shard9: 4372 calls, 1203 refuted (28%)
probe[t=15s]: 56/59 起点被证伪，剩 3
DYN shard18: 4482 calls, 1281 refuted (29%)
probe[t=15s]: 56/59 起点被证伪，剩 3
DYN shard1: 5190 calls, 878 refuted (17%)
probe[t=16s]: 56/59 起点被证伪，剩 3
DYN shard3: 4514 calls, 1260 refuted (28%)
probe[t=16s]: 56/59 起点被证伪，剩 3
DYN shard8: 4612 calls, 1625 refuted (35%)
probe[t=16s]: 56/59 起点被证伪，剩 3
DYN shard11: 4546 calls, 1597 refuted (35%)
probe[t=18s]: 56/59 起点被证伪，剩 3
DYN shard15: 4384 calls, 1211 refuted (28%)
probe[t=20s]: 56/59 起点被证伪，剩 3
DYN shard2: 4484 calls, 1577 refuted (35%)
probe[t=20s]: 56/59 起点被证伪，剩 3
DYN shard0: 4338 calls, 1200 refuted (28%)
probe[t=21s]: 56/59 起点被证伪，剩 3
DYN shard5: 4488 calls, 1614 refuted (36%)
STATS {"solved":1,"shard":14,"wall_s":49,"nodes_total":670527,"nodes_win":437044,"dth_liveend":0,"dth_estate":89814,"dth_reach":33446,"dth_dyn":11522,"dth_flow":0,"dth_geom":4468,"maxrss_kb":34964,"start_x":79,"start_y":129}
WINNER shard 14 tier 2 nodes 437044
