有向预计算：走向已定 70315/164052 (42.9%) | 无向判定率 46.3% -> 58.5% (37955 -> 48022 / 82026 边)
有向预计算：走向已定 70591/164052 (43.0%) | 无向判定率 58.5% -> 58.7% (48022 -> 48183 / 82026 边)
有向预计算：走向已定 70645/164052 (43.1%) | 无向判定率 58.7% -> 58.8% (48183 -> 48209 / 82026 边)
有向预计算：走向已定 70645/164052 (43.1%) | 无向判定率 58.8% -> 58.8% (48209 -> 48209 / 82026 边)
全局阶段：固定 48209 条边，起点候选 59 / 57621 (0.1%)
adaptive PROPDEPTH=999999 (fixed 48209 / 82026 edges; 第一层存活率>=SURVDEEP%再升深层)
shard 0: swarm 模式（59 个候选全员上，随机顺序）
shard 1: swarm 模式（59 个候选全员上，随机顺序）
shard 2: swarm 模式（59 个候选全员上，随机顺序）
shard 3: swarm 模式（59 个候选全员上，随机顺序）
shard 4: swarm 模式（59 个候选全员上，随机顺序）
shard 5: swarm 模式（59 个候选全员上，随机顺序）
shard 6: swarm 模式（59 个候选全员上，随机顺序）
shard 7: swarm 模式（59 个候选全员上，随机顺序）
shard 8: swarm 模式（59 个候选全员上，随机顺序）
shard 9: swarm 模式（59 个候选全员上，随机顺序）
shard 10: swarm 模式（59 个候选全员上，随机顺序）
shard 11: swarm 模式（59 个候选全员上，随机顺序）
shard 12: swarm 模式（59 个候选全员上，随机顺序）
shard 13: swarm 模式（59 个候选全员上，随机顺序）
shard 14: swarm 模式（59 个候选全员上，随机顺序）
shard 15: swarm 模式（59 个候选全员上，随机顺序）
shard 16: swarm 模式（59 个候选全员上，随机顺序）
shard 17: swarm 模式（59 个候选全员上，随机顺序）
shard 18: swarm 模式（59 个候选全员上，随机顺序）
shard 19: swarm 模式（59 个候选全员上，随机顺序）
FRANK shard7: F降序
shard 7: 第一层存活 2/3 = 66%%, 第二层 开
FRANK shard1: F降序
shard 1: 第一层存活 2/3 = 66%%, 第二层 开
FRANK shard16: F降序
shard 16: 第一层存活 2/3 = 66%%, 第二层 开
FRANK shard17: F降序
shard 17: 第一层存活 2/3 = 66%%, 第二层 开
FRANK shard19: F降序
shard 19: 第一层存活 2/2 = 100%%, 第二层 开
FRANK shard2: F降序
shard 2: 第一层存活 2/3 = 66%%, 第二层 开
FRANK shard5: F降序
shard 5: 第一层存活 2/3 = 66%%, 第二层 开
FRANK shard8: F降序
shard 8: 第一层存活 2/3 = 66%%, 第二层 开
FRANK shard11: F降序
shard 11: 第一层存活 2/3 = 66%%, 第二层 开
FRANK shard18: F降序
shard 18: 第一层存活 2/3 = 66%%, 第二层 开
FRANK shard4: F降序
shard 4: 第一层存活 2/3 = 66%%, 第二层 开
FRANK shard14: F降序
shard 14: 第一层存活 2/3 = 66%%, 第二层 开
FRANK shard12: F降序
shard 12: 第一层存活 2/3 = 66%%, 第二层 开
FRANK shard10: F降序
shard 10: 第一层存活 2/3 = 66%%, 第二层 开
FRANK shard0: F降序
shard 0: 第一层存活 2/3 = 66%%, 第二层 开
FRANK shard6: F降序
shard 6: 第一层存活 2/3 = 66%%, 第二层 开
FRANK shard3: F降序
shard 3: 第一层存活 2/3 = 66%%, 第二层 开
FRANK shard15: F降序
shard 15: 第一层存活 2/3 = 66%%, 第二层 开
FRANK shard13: F降序
shard 13: 第一层存活 2/3 = 66%%, 第二层 开
FRANK shard9: F降序
shard 9: 第一层存活 2/3 = 66%%, 第二层 开
probe[t=8s]: 57/59 起点被证伪，剩 2
DYN shard19: 3785 calls, 948 refuted (25%)
probe[t=8s]: 57/59 起点被证伪，剩 2
DYN shard1: 3509 calls, 835 refuted (24%)
probe[t=9s]: 57/59 起点被证伪，剩 2
DYN shard16: 4105 calls, 984 refuted (24%)
probe[t=9s]: 57/59 起点被证伪，剩 2
DYN shard7: 4115 calls, 1085 refuted (26%)
probe[t=10s]: 57/59 起点被证伪，剩 2
DYN shard10: 3689 calls, 931 refuted (25%)
probe[t=10s]: 57/59 起点被证伪，剩 2
DYN shard2: 4059 calls, 1478 refuted (36%)
probe[t=10s]: 57/59 起点被证伪，剩 2
DYN shard4: 3851 calls, 1010 refuted (26%)
probe[t=11s]: 57/59 起点被证伪，剩 2
DYN shard17: 3597 calls, 1328 refuted (37%)
probe[t=11s]: 57/59 起点被证伪，剩 2
DYN shard14: 4167 calls, 1507 refuted (36%)
probe[t=11s]: 57/59 起点被证伪，剩 2
DYN shard5: 4277 calls, 1538 refuted (36%)
probe[t=11s]: 57/59 起点被证伪，剩 2
DYN shard18: 4177 calls, 991 refuted (24%)
probe[t=12s]: 57/59 起点被证伪，剩 2
DYN shard11: 3881 calls, 1423 refuted (37%)
probe[t=12s]: 57/59 起点被证伪，剩 2
DYN shard13: 3831 calls, 990 refuted (26%)
probe[t=12s]: 57/59 起点被证伪，剩 2
DYN shard8: 3793 calls, 1392 refuted (37%)
probe[t=13s]: 57/59 起点被证伪，剩 2
DYN shard6: 4251 calls, 1010 refuted (24%)
probe[t=14s]: 57/59 起点被证伪，剩 2
DYN shard15: 4545 calls, 1122 refuted (25%)
probe[t=15s]: 57/59 起点被证伪，剩 2
DYN shard3: 4197 calls, 982 refuted (23%)
probe[t=15s]: 57/59 起点被证伪，剩 2
DYN shard9: 4427 calls, 1096 refuted (25%)
probe[t=16s]: 57/59 起点被证伪，剩 2
DYN shard0: 4597 calls, 1125 refuted (24%)
probe[t=16s]: 57/59 起点被证伪，剩 2
DYN shard12: 4169 calls, 967 refuted (23%)
STATS {"solved":1,"shard":17,"wall_s":20,"nodes_total":214075,"nodes_win":140406,"dth_liveend":0,"dth_estate":26812,"dth_reach":10946,"dth_dyn":3696,"dth_flow":0,"dth_geom":1196,"maxrss_kb":32780,"start_x":17,"start_y":50}
WINNER shard 17 tier 1 nodes 140406
