有向预计算：走向已定 93512/210058 (44.5%) | 无向判定率 46.8% -> 59.9% (49107 -> 62949 / 105029 边)
有向预计算：走向已定 94164/210058 (44.8%) | 无向判定率 59.9% -> 60.2% (62949 -> 63221 / 105029 边)
有向预计算：走向已定 94164/210058 (44.8%) | 无向判定率 60.2% -> 60.2% (63221 -> 63228 / 105029 边)
有向预计算：走向已定 94164/210058 (44.8%) | 无向判定率 60.2% -> 60.2% (63228 -> 63228 / 105029 边)
全局阶段：固定 63228 条边，起点候选 48 / 73962 (0.1%)
adaptive PROPDEPTH=999999 (fixed 63228 / 105029 edges; 第一层存活率>=SURVDEEP%再升深层)
shard 0: swarm 模式（48 个候选全员上，随机顺序）
shard 1: swarm 模式（48 个候选全员上，随机顺序）
shard 2: swarm 模式（48 个候选全员上，随机顺序）
shard 3: swarm 模式（48 个候选全员上，随机顺序）
shard 4: swarm 模式（48 个候选全员上，随机顺序）
shard 10: swarm 模式（48 个候选全员上，随机顺序）
shard 5: swarm 模式（48 个候选全员上，随机顺序）
shard 6: swarm 模式（48 个候选全员上，随机顺序）
shard 7: swarm 模式（48 个候选全员上，随机顺序）
shard 8: swarm 模式（48 个候选全员上，随机顺序）
shard 9: swarm 模式（48 个候选全员上，随机顺序）
shard 11: swarm 模式（48 个候选全员上，随机顺序）
shard 12: swarm 模式（48 个候选全员上，随机顺序）
shard 13: swarm 模式（48 个候选全员上，随机顺序）
shard 14: swarm 模式（48 个候选全员上，随机顺序）
shard 15: swarm 模式（48 个候选全员上，随机顺序）
shard 16: swarm 模式（48 个候选全员上，随机顺序）
shard 17: swarm 模式（48 个候选全员上，随机顺序）
shard 18: swarm 模式（48 个候选全员上，随机顺序）
shard 19: swarm 模式（48 个候选全员上，随机顺序）
FRANK shard1: F降序
shard 1: 第一层存活 1/3 = 33%%, 第二层 开
FRANK shard16: F降序
shard 16: 第一层存活 1/2 = 50%%, 第二层 开
FRANK shard13: F降序
shard 13: 第一层存活 1/2 = 50%%, 第二层 开
FRANK shard10: F降序
shard 10: 第一层存活 1/2 = 50%%, 第二层 开
FRANK shard19: F降序
shard 19: 第一层存活 1/2 = 50%%, 第二层 开
FRANK shard7: F降序
shard 7: 第一层存活 1/3 = 33%%, 第二层 开
FRANK shard4: F降序
shard 4: 第一层存活 1/3 = 33%%, 第二层 开
FRANK shard14: F降序
shard 14: 第一层存活 1/2 = 50%%, 第二层 开
FRANK shard8: F降序
shard 8: 第一层存活 1/2 = 50%%, 第二层 开
FRANK shard2: F降序
shard 2: 第一层存活 1/3 = 33%%, 第二层 开
FRANK shard17: F降序
shard 17: 第一层存活 1/2 = 50%%, 第二层 开
FRANK shard11: F降序
shard 11: 第一层存活 1/2 = 50%%, 第二层 开
FRANK shard5: F降序
shard 5: 第一层存活 1/3 = 33%%, 第二层 开
FRANK shard15: F降序
shard 15: 第一层存活 1/2 = 50%%, 第二层 开
FRANK shard18: F降序
shard 18: 第一层存活 1/2 = 50%%, 第二层 开
FRANK shard0: F降序
shard 0: 第一层存活 1/3 = 33%%, 第二层 开
FRANK shard6: F降序
shard 6: 第一层存活 1/3 = 33%%, 第二层 开
FRANK shard12: F降序
shard 12: 第一层存活 1/2 = 50%%, 第二层 开
FRANK shard3: F降序
shard 3: 第一层存活 1/3 = 33%%, 第二层 开
FRANK shard9: F降序
shard 9: 第一层存活 1/2 = 50%%, 第二层 开
probe[t=3s]: 47/48 起点被证伪，剩 1
DYN shard1: 1394 calls, 401 refuted (29%)
probe[t=4s]: 47/48 起点被证伪，剩 1
DYN shard19: 1374 calls, 411 refuted (30%)
probe[t=4s]: 47/48 起点被证伪，剩 1
DYN shard7: 1462 calls, 417 refuted (29%)
probe[t=5s]: 47/48 起点被证伪，剩 1
DYN shard10: 1422 calls, 389 refuted (27%)
probe[t=5s]: 47/48 起点被证伪，剩 1
DYN shard13: 1488 calls, 429 refuted (29%)
probe[t=5s]: 47/48 起点被证伪，剩 1
DYN shard14: 1404 calls, 567 refuted (40%)
probe[t=5s]: 47/48 起点被证伪，剩 1
DYN shard17: 1402 calls, 560 refuted (40%)
probe[t=5s]: 47/48 起点被证伪，剩 1
DYN shard5: 1414 calls, 585 refuted (41%)
probe[t=5s]: 47/48 起点被证伪，剩 1
DYN shard4: 1526 calls, 429 refuted (28%)
probe[t=5s]: 47/48 起点被证伪，剩 1
DYN shard16: 1432 calls, 402 refuted (28%)
probe[t=6s]: 47/48 起点被证伪，剩 1
DYN shard12: 1380 calls, 533 refuted (39%)
probe[t=6s]: 47/48 起点被证伪，剩 1
DYN shard0: 1420 calls, 549 refuted (39%)
STATS {"solved":1,"shard":1,"wall_s":7,"nodes_total":149314,"nodes_win":115240,"dth_liveend":0,"dth_estate":19870,"dth_reach":8488,"dth_dyn":1814,"dth_flow":0,"dth_geom":988,"maxrss_kb":42052,"start_x":177,"start_y":216}
WINNER shard 1 tier 1 nodes 115240
