有向预计算：走向已定 218657/534282 (40.9%) | 无向判定率 52.3% -> 63.6% (139847 -> 169778 / 267141 边)
有向预计算：走向已定 219916/534282 (41.2%) | 无向判定率 63.6% -> 63.7% (169778 -> 170163 / 267141 边)
有向预计算：走向已定 220050/534282 (41.2%) | 无向判定率 63.7% -> 63.7% (170163 -> 170185 / 267141 边)
有向预计算：走向已定 220050/534282 (41.2%) | 无向判定率 63.7% -> 63.7% (170185 -> 170186 / 267141 边)
全局阶段：固定 170186 条边，起点候选 91 / 194016 (0.0%)
adaptive PROPDEPTH=999999 (fixed 170186 / 267141 edges; 第一层存活率>=SURVDEEP%再升深层)
FRANK shard2: F降序
shard 2: 第一层存活 0/23 = 0%%, 第二层 跳过
probe[t=2s]: 91/91 起点被证伪，剩 0
DYN shard2: 66 calls, 25 refuted (38%)
no solution found
STATS {"solved":0,"shard":2,"wall_s":2,"nodes_total":291,"nodes_win":-1,"dth_liveend":0,"dth_estate":61,"dth_reach":28,"dth_dyn":25,"dth_flow":0,"dth_geom":15,"maxrss_kb":55128,"start_x":-1,"start_y":-1}
FRANK shard1: F降序
shard 1: 第一层存活 1/23 = 4%%, 第二层 跳过
probe[t=3s]: 90/91 起点被证伪，剩 1
DYN shard1: 234 calls, 53 refuted (23%)
FRANK shard0: F降序
shard 0: 第一层存活 6/23 = 26%%, 第二层 跳过
probe[t=12s]: 85/91 起点被证伪，剩 6
DYN shard0: 1042 calls, 354 refuted (34%)
FRANK shard3: F降序
shard 3: 第一层存活 5/22 = 22%%, 第二层 跳过
probe[t=13s]: 86/91 起点被证伪，剩 5
DYN shard3: 896 calls, 308 refuted (34%)
