  分治：12 块 144 对，可行 54 对，整块淘汰掉 0 格
有向预计算：走向已定 0/46432 (0.0%) | 无向判定率 0.0% -> 0.0% (0 -> 0 / 23216 边)
有向预计算：走向已定 0/46432 (0.0%) | 无向判定率 0.0% -> 0.0% (0 -> 0 / 23216 边)
全局阶段：固定 0 条边，起点候选 16298 / 16298 (100.0%)
adaptive PROPDEPTH=2 (fixed 0 / 23216 edges; 第一层存活率>=SURVDEEP%再升深层)
FRANK shard4: F升序
shard 4: 第一层存活 96% >= 38%，升深度传播(PD=16)
FRANK shard1: F升序
shard 1: 第一层存活 96% >= 38%，升深度传播(PD=16)
FRANK shard2: F升序
shard 2: 第一层存活 96% >= 38%，升深度传播(PD=16)
FRANK shard0: F升序
shard 0: 第一层存活 96% >= 38%，升深度传播(PD=16)
FRANK shard3: F升序
shard 3: 第一层存活 95% >= 38%，升深度传播(PD=16)
shard 4: 1.5 层深层重探后剩 3130
shard 4: 第一层存活 3130/3259 = 96%%, 第二层 开
shard 1: 1.5 层深层重探后剩 3130
shard 1: 第一层存活 3130/3260 = 96%%, 第二层 开
shard 2: 1.5 层深层重探后剩 3142
shard 2: 第一层存活 3142/3260 = 96%%, 第二层 开
shard 3: 1.5 层深层重探后剩 3117
shard 3: 第一层存活 3117/3259 = 95%%, 第二层 开
shard 0: 1.5 层深层重探后剩 3130
shard 0: 第一层存活 3130/3260 = 96%%, 第二层 开
probe[t=297s]: 16210/16298 起点被证伪，剩 88
DYN shard1: 319816 calls, 106330 refuted (33%)
probe[t=301s]: 16201/16298 起点被证伪，剩 97
DYN shard4: 312338 calls, 103431 refuted (33%)
probe[t=308s]: 16195/16298 起点被证伪，剩 103
DYN shard2: 313305 calls, 104469 refuted (33%)
STATS {"solved":1,"shard":1,"wall_s":316,"nodes_total":8773440,"nodes_win":69529,"dth_liveend":0,"dth_estate":1176828,"dth_reach":709542,"dth_dyn":107986,"dth_flow":0,"dth_geom":141303,"maxrss_kb":387840,"start_x":138,"start_y":59}
