有向预计算：走向已定 234841/595716 (39.4%) | 无向判定率 52.2% -> 62.9% (155513 -> 187305 / 297858 边)
有向预计算：走向已定 236156/595716 (39.6%) | 无向判定率 62.9% -> 63.1% (187305 -> 187826 / 297858 边)
有向预计算：走向已定 236155/595716 (39.6%) | 无向判定率 63.1% -> 63.1% (187826 -> 187829 / 297858 边)
有向预计算：走向已定 236155/595716 (39.6%) | 无向判定率 63.1% -> 63.1% (187829 -> 187829 / 297858 边)
全局阶段：固定 187829 条边，起点候选 18 / 216146 (0.0%)
adaptive PROPDEPTH=999999 (fixed 187829 / 297858 edges; 第一层存活率>=SURVDEEP%再升深层)
shard 0: swarm 模式（18 个候选全员上，随机顺序）
shard 1: swarm 模式（18 个候选全员上，随机顺序）
shard 3: swarm 模式（18 个候选全员上，随机顺序）
shard 2: swarm 模式（18 个候选全员上，随机顺序）
FRANK shard1: F降序
shard 1: 第一层存活 4/5 = 80%%, 第二层 开
FRANK shard2: F降序
shard 2: 第一层存活 4/4 = 100%%, 第二层 开
FRANK shard3: F降序
shard 3: 第一层存活 5/4 = 125%%, 第二层 开
FRANK shard0: F降序
shard 0: 第一层存活 5/5 = 100%%, 第二层 开
probe[t=78s]: 14/18 起点被证伪，剩 4
DYN shard2: 9686 calls, 4211 refuted (43%)
probe[t=81s]: 14/18 起点被证伪，剩 4
DYN shard1: 9706 calls, 3777 refuted (39%)
probe[t=168s]: 13/18 起点被证伪，剩 5
DYN shard3: 13228 calls, 4668 refuted (35%)
probe[t=194s]: 13/18 起点被证伪，剩 5
DYN shard0: 14004 calls, 5043 refuted (36%)
