有向预计算：走向已定 89491/194122 (46.1%) | 无向判定率 47.6% -> 60.7% (46187 -> 58946 / 97061 边)
有向预计算：走向已定 90067/194122 (46.4%) | 无向判定率 60.7% -> 60.9% (58946 -> 59150 / 97061 边)
有向预计算：走向已定 90067/194122 (46.4%) | 无向判定率 60.9% -> 60.9% (59150 -> 59150 / 97061 边)
全局阶段：固定 59150 条边，起点候选 27 / 68489 (0.0%)
adaptive PROPDEPTH=999999 (fixed 59150 / 97061 edges; 第一层存活率>=SURVDEEP%再升深层)
shard 0: swarm 模式（27 个候选全员上，随机顺序）
shard 1: swarm 模式（27 个候选全员上，随机顺序）
shard 3: swarm 模式（27 个候选全员上，随机顺序）
shard 2: swarm 模式（27 个候选全员上，随机顺序）
shard 4: swarm 模式（27 个候选全员上，随机顺序）
shard 5: swarm 模式（27 个候选全员上，随机顺序）
shard 6: swarm 模式（27 个候选全员上，随机顺序）
shard 7: swarm 模式（27 个候选全员上，随机顺序）
shard 14: swarm 模式（27 个候选全员上，随机顺序）
shard 8: swarm 模式（27 个候选全员上，随机顺序）
shard 9: swarm 模式（27 个候选全员上，随机顺序）
shard 10: swarm 模式（27 个候选全员上，随机顺序）
shard 11: swarm 模式（27 个候选全员上，随机顺序）
shard 12: swarm 模式（27 个候选全员上，随机顺序）
shard 13: swarm 模式（27 个候选全员上，随机顺序）
shard 15: swarm 模式（27 个候选全员上，随机顺序）
shard 16: swarm 模式（27 个候选全员上，随机顺序）
shard 17: swarm 模式（27 个候选全员上，随机顺序）
shard 18: swarm 模式（27 个候选全员上，随机顺序）
shard 19: swarm 模式（27 个候选全员上，随机顺序）
FRANK shard1: F降序
shard 1: 第一层存活 2/2 = 100%%, 第二层 开
FRANK shard4: F降序
shard 4: 第一层存活 2/2 = 100%%, 第二层 开
FRANK shard13: F降序
shard 13: 第一层存活 2/1 = 200%%, 第二层 开
FRANK shard19: F降序
shard 19: 第一层存活 2/1 = 200%%, 第二层 开
FRANK shard16: F降序
shard 16: 第一层存活 2/1 = 200%%, 第二层 开
FRANK shard10: F降序
shard 10: 第一层存活 2/1 = 200%%, 第二层 开
FRANK shard7: F降序
shard 7: 第一层存活 2/1 = 200%%, 第二层 开
FRANK shard0: F降序
shard 0: 第一层存活 2/2 = 100%%, 第二层 开
FRANK shard15: F降序
shard 15: 第一层存活 2/1 = 200%%, 第二层 开
FRANK shard17: F降序
shard 17: 第一层存活 2/1 = 200%%, 第二层 开
FRANK shard5: F降序
shard 5: 第一层存活 2/2 = 100%%, 第二层 开
FRANK shard8: F降序
shard 8: 第一层存活 2/1 = 200%%, 第二层 开
FRANK shard11: F降序
shard 11: 第一层存活 2/1 = 200%%, 第二层 开
FRANK shard18: F降序
shard 18: 第一层存活 2/1 = 200%%, 第二层 开
FRANK shard2: F降序
shard 2: 第一层存活 2/2 = 100%%, 第二层 开
FRANK shard6: F降序
shard 6: 第一层存活 2/2 = 100%%, 第二层 开
FRANK shard14: F降序
shard 14: 第一层存活 2/1 = 200%%, 第二层 开
FRANK shard9: F降序
shard 9: 第一层存活 2/1 = 200%%, 第二层 开
FRANK shard3: F降序
shard 3: 第一层存活 2/2 = 100%%, 第二层 开
FRANK shard12: F降序
shard 12: 第一层存活 2/1 = 200%%, 第二层 开
probe[t=3s]: 25/27 起点被证伪，剩 2
DYN shard7: 3124 calls, 798 refuted (26%)
probe[t=3s]: 25/27 起点被证伪，剩 2
DYN shard1: 3276 calls, 811 refuted (25%)
probe[t=4s]: 25/27 起点被证伪，剩 2
DYN shard4: 3134 calls, 819 refuted (26%)
probe[t=4s]: 25/27 起点被证伪，剩 2
DYN shard10: 3394 calls, 853 refuted (25%)
probe[t=4s]: 25/27 起点被证伪，剩 2
DYN shard13: 3332 calls, 848 refuted (25%)
probe[t=4s]: 25/27 起点被证伪，剩 2
DYN shard19: 3240 calls, 825 refuted (25%)
probe[t=5s]: 25/27 起点被证伪，剩 2
DYN shard16: 3242 calls, 806 refuted (25%)
probe[t=7s]: 25/27 起点被证伪，剩 2
DYN shard5: 2928 calls, 1178 refuted (40%)
probe[t=7s]: 25/27 起点被证伪，剩 2
DYN shard17: 2968 calls, 1181 refuted (40%)
probe[t=8s]: 25/27 起点被证伪，剩 2
DYN shard11: 3068 calls, 1220 refuted (40%)
probe[t=8s]: 25/27 起点被证伪，剩 2
DYN shard2: 3070 calls, 1220 refuted (40%)
probe[t=8s]: 25/27 起点被证伪，剩 2
DYN shard8: 3060 calls, 1210 refuted (40%)
probe[t=8s]: 25/27 起点被证伪，剩 2
DYN shard14: 3068 calls, 1215 refuted (40%)
probe[t=9s]: 25/27 起点被证伪，剩 2
DYN shard3: 3042 calls, 1088 refuted (36%)
STATS {"solved":1,"shard":1,"wall_s":9,"nodes_total":224163,"nodes_win":156159,"dth_liveend":0,"dth_estate":29298,"dth_reach":15146,"dth_dyn":2717,"dth_flow":0,"dth_geom":2221,"maxrss_kb":38764,"start_x":267,"start_y":199}
WINNER shard 1 tier 1 nodes 156159
