有向预计算：走向已定 76188/187806 (40.6%) | 无向判定率 46.0% -> 57.5% (43200 -> 54008 / 93903 边)
有向预计算：走向已定 76603/187806 (40.8%) | 无向判定率 57.5% -> 57.7% (54008 -> 54195 / 93903 边)
有向预计算：走向已定 76568/187806 (40.8%) | 无向判定率 57.7% -> 57.7% (54195 -> 54195 / 93903 边)
全局阶段：固定 54195 条边，起点候选 91 / 65951 (0.1%)
adaptive PROPDEPTH=999999 (fixed 54195 / 93903 edges; 第一层存活率>=SURVDEEP%再升深层)
shard 0: swarm 模式（91 个候选全员上，随机顺序）
shard 1: swarm 模式（91 个候选全员上，随机顺序）
shard 2: swarm 模式（91 个候选全员上，随机顺序）
shard 4: swarm 模式（91 个候选全员上，随机顺序）
shard 3: swarm 模式（91 个候选全员上，随机顺序）
shard 5: swarm 模式（91 个候选全员上，随机顺序）
shard 6: swarm 模式（91 个候选全员上，随机顺序）
shard 14: swarm 模式（91 个候选全员上，随机顺序）
shard 7: swarm 模式（91 个候选全员上，随机顺序）
shard 8: swarm 模式（91 个候选全员上，随机顺序）
shard 9: swarm 模式（91 个候选全员上，随机顺序）
shard 10: swarm 模式（91 个候选全员上，随机顺序）
shard 11: swarm 模式（91 个候选全员上，随机顺序）
shard 12: swarm 模式（91 个候选全员上，随机顺序）
shard 13: swarm 模式（91 个候选全员上，随机顺序）
shard 15: swarm 模式（91 个候选全员上，随机顺序）
shard 16: swarm 模式（91 个候选全员上，随机顺序）
shard 17: swarm 模式（91 个候选全员上，随机顺序）
shard 18: swarm 模式（91 个候选全员上，随机顺序）
shard 19: swarm 模式（91 个候选全员上，随机顺序）
FRANK shard11: F降序
shard 11: 第一层存活 12/4 = 300%%, 第二层 开
FRANK shard17: F降序
shard 17: 第一层存活 12/4 = 300%%, 第二层 开
FRANK shard8: F降序
shard 8: 第一层存活 12/5 = 240%%, 第二层 开
FRANK shard5: F降序
shard 5: 第一层存活 12/5 = 240%%, 第二层 开
FRANK shard2: F降序
shard 2: 第一层存活 12/5 = 240%%, 第二层 开
FRANK shard3: F降序
shard 3: 第一层存活 12/5 = 240%%, 第二层 开
FRANK shard15: F降序
shard 15: 第一层存活 12/4 = 300%%, 第二层 开
FRANK shard12: F降序
shard 12: 第一层存活 12/4 = 300%%, 第二层 开
FRANK shard14: F降序
shard 14: 第一层存活 12/4 = 300%%, 第二层 开
FRANK shard18: F降序
shard 18: 第一层存活 12/4 = 300%%, 第二层 开
FRANK shard9: F降序
shard 9: 第一层存活 12/5 = 240%%, 第二层 开
FRANK shard0: F降序
shard 0: 第一层存活 12/5 = 240%%, 第二层 开
FRANK shard6: F降序
shard 6: 第一层存活 12/5 = 240%%, 第二层 开
FRANK shard1: F降序
shard 1: 第一层存活 13/5 = 260%%, 第二层 开
FRANK shard19: F降序
shard 19: 第一层存活 13/4 = 325%%, 第二层 开
FRANK shard7: F降序
shard 7: 第一层存活 13/5 = 260%%, 第二层 开
FRANK shard13: F降序
shard 13: 第一层存活 12/4 = 300%%, 第二层 开
FRANK shard16: F降序
shard 16: 第一层存活 12/4 = 300%%, 第二层 开
FRANK shard10: F降序
shard 10: 第一层存活 12/5 = 240%%, 第二层 开
FRANK shard4: F降序
shard 4: 第一层存活 12/5 = 240%%, 第二层 开
probe[t=35s]: 80/91 起点被证伪，剩 11
DYN shard0: 15319 calls, 3891 refuted (25%)
probe[t=38s]: 85/91 起点被证伪，剩 6
DYN shard5: 19185 calls, 7623 refuted (40%)
probe[t=39s]: 80/91 起点被证伪，剩 11
DYN shard7: 21674 calls, 6236 refuted (29%)
probe[t=40s]: 85/91 起点被证伪，剩 6
DYN shard8: 19429 calls, 7701 refuted (40%)
probe[t=40s]: 85/91 起点被证伪，剩 6
DYN shard17: 19311 calls, 7675 refuted (40%)
probe[t=40s]: 85/91 起点被证伪，剩 6
DYN shard2: 19277 calls, 7625 refuted (40%)
probe[t=41s]: 80/91 起点被证伪，剩 11
DYN shard12: 17513 calls, 5006 refuted (29%)
probe[t=42s]: 80/91 起点被证伪，剩 11
DYN shard6: 16731 calls, 4689 refuted (28%)
probe[t=42s]: 79/91 起点被证伪，剩 12
DYN shard1: 21704 calls, 6258 refuted (29%)
probe[t=43s]: 85/91 起点被证伪，剩 6
DYN shard14: 19331 calls, 7653 refuted (40%)
probe[t=44s]: 80/91 起点被证伪，剩 11
DYN shard3: 18701 calls, 5294 refuted (28%)
probe[t=44s]: 80/91 起点被证伪，剩 11
DYN shard18: 17665 calls, 5100 refuted (29%)
probe[t=46s]: 82/91 起点被证伪，剩 9
DYN shard10: 21057 calls, 6138 refuted (29%)
probe[t=48s]: 85/91 起点被证伪，剩 6
DYN shard11: 19105 calls, 7582 refuted (40%)
probe[t=48s]: 80/91 起点被证伪，剩 11
DYN shard15: 18963 calls, 5541 refuted (29%)
probe[t=49s]: 80/91 起点被证伪，剩 11
DYN shard9: 17501 calls, 4981 refuted (28%)
probe[t=50s]: 80/91 起点被证伪，剩 11
DYN shard13: 22189 calls, 6496 refuted (29%)
probe[t=54s]: 80/91 起点被证伪，剩 11
DYN shard19: 21490 calls, 6255 refuted (29%)
probe[t=54s]: 82/91 起点被证伪，剩 9
DYN shard16: 21461 calls, 6276 refuted (29%)
probe[t=57s]: 79/91 起点被证伪，剩 12
DYN shard4: 21547 calls, 6106 refuted (28%)
STATS {"solved":1,"shard":19,"wall_s":87,"nodes_total":770201,"nodes_win":326185,"dth_liveend":0,"dth_estate":96897,"dth_reach":48129,"dth_dyn":11252,"dth_flow":0,"dth_geom":7008,"maxrss_kb":42036,"start_x":101,"start_y":162}
WINNER shard 19 tier 3 nodes 326185
