有向预计算：走向已定 174307/438488 (39.8%) | 无向判定率 52.6% -> 63.5% (115253 -> 139302 / 219244 边)
有向预计算：走向已定 175252/438488 (40.0%) | 无向判定率 63.5% -> 63.7% (139302 -> 139656 / 219244 边)
有向预计算：走向已定 175276/438488 (40.0%) | 无向判定率 63.7% -> 63.7% (139656 -> 139658 / 219244 边)
有向预计算：走向已定 175276/438488 (40.0%) | 无向判定率 63.7% -> 63.7% (139658 -> 139658 / 219244 边)
全局阶段：固定 139658 条边，起点候选 95 / 159539 (0.1%)
adaptive PROPDEPTH=999999 (fixed 139658 / 219244 edges; 第一层存活率>=SURVDEEP%再升深层)
FRANK shard3: F降序
shard 3: 第一层存活 0/23 = 0%%, 第二层 跳过
probe[t=1s]: 95/95 起点被证伪，剩 0
no solution found
STATS {"solved":0,"shard":3,"wall_s":1,"nodes_total":9,"nodes_win":-1,"dth_liveend":0,"dth_estate":8,"dth_reach":2,"dth_dyn":0,"dth_flow":0,"dth_geom":2,"maxrss_kb":39764,"start_x":-1,"start_y":-1}
FRANK shard1: F降序
shard 1: 第一层存活 0/24 = 0%%, 第二层 跳过
probe[t=1s]: 95/95 起点被证伪，剩 0
no solution found
STATS {"solved":0,"shard":1,"wall_s":1,"nodes_total":36,"nodes_win":-1,"dth_liveend":0,"dth_estate":12,"dth_reach":6,"dth_dyn":1,"dth_flow":0,"dth_geom":3,"maxrss_kb":43324,"start_x":-1,"start_y":-1}
FRANK shard0: F降序
shard 0: 第一层存活 1/24 = 4%%, 第二层 跳过
probe[t=2s]: 94/95 起点被证伪，剩 1
DYN shard0: 74 calls, 24 refuted (32%)
FRANK shard2: F降序
shard 2: 第一层存活 2/24 = 8%%, 第二层 跳过
probe[t=2s]: 93/95 起点被证伪，剩 2
DYN shard2: 242 calls, 107 refuted (44%)
