  分治：12 块 144 对，可行 40 对，整块淘汰掉 0 格
有向预计算：走向已定 0/143162 (0.0%) | 无向判定率 0.0% -> 0.0% (0 -> 0 / 71581 边)
有向预计算：走向已定 0/143162 (0.0%) | 无向判定率 0.0% -> 0.0% (0 -> 0 / 71581 边)
全局阶段：固定 0 条边，起点候选 50288 / 50288 (100.0%)
adaptive PROPDEPTH=2 (fixed 0 / 71581 edges; 第一层存活率>=SURVDEEP%再升深层)
STARTORD: F 升序就位（318 起点，证伪剔除 0）
FRANK shard7: F降序
shard 7: 第一层存活 100% >= 38%，升深度传播(PD=64)
FRANK shard10: F降序
shard 10: 第一层存活 100% >= 38%，升深度传播(PD=64)
FRANK shard1: F降序
shard 1: 第一层存活 100% >= 38%，升深度传播(PD=64)
FRANK shard4: F降序
shard 4: 第一层存活 100% >= 38%，升深度传播(PD=64)
FRANK shard11: F降序
shard 11: 第一层存活 100% >= 38%，升深度传播(PD=64)
FRANK shard8: F降序
shard 8: 第一层存活 100% >= 38%，升深度传播(PD=64)
FRANK shard6: F降序
shard 6: 第一层存活 100% >= 38%，升深度传播(PD=64)
FRANK shard12: F降序
shard 12: 第一层存活 100% >= 38%，升深度传播(PD=64)
FRANK shard2: F降序
shard 2: 第一层存活 100% >= 38%，升深度传播(PD=64)
shard 7: 1.5 层深层重探后剩 24
shard 7: 第一层存活 24/24 = 100%%, 第二层 开
shard 10: 1.5 层深层重探后剩 24
shard 10: 第一层存活 24/24 = 100%%, 第二层 开
FRANK shard0: F降序
shard 0: 第一层存活 100% >= 38%，升深度传播(PD=64)
FRANK shard9: F降序
shard 9: 第一层存活 100% >= 38%，升深度传播(PD=64)
FRANK shard5: F降序
shard 5: 第一层存活 100% >= 38%，升深度传播(PD=64)
FRANK shard3: F降序
shard 3: 第一层存活 100% >= 38%，升深度传播(PD=64)
shard 4: 1.5 层深层重探后剩 25
shard 4: 第一层存活 25/25 = 100%%, 第二层 开
shard 1: 1.5 层深层重探后剩 25
shard 1: 第一层存活 25/25 = 100%%, 第二层 开
shard 11: 1.5 层深层重探后剩 24
shard 11: 第一层存活 24/24 = 100%%, 第二层 开
shard 8: 1.5 层深层重探后剩 24
shard 8: 第一层存活 24/24 = 100%%, 第二层 开
shard 6: 1.5 层深层重探后剩 24
shard 6: 第一层存活 24/24 = 100%%, 第二层 开
shard 2: 1.5 层深层重探后剩 25
shard 2: 第一层存活 25/25 = 100%%, 第二层 开
shard 12: 1.5 层深层重探后剩 24
shard 12: 第一层存活 24/24 = 100%%, 第二层 开
shard 5: 1.5 层深层重探后剩 25
shard 5: 第一层存活 25/25 = 100%%, 第二层 开
shard 0: 1.5 层深层重探后剩 25
shard 0: 第一层存活 25/25 = 100%%, 第二层 开
shard 9: 1.5 层深层重探后剩 24
shard 9: 第一层存活 24/24 = 100%%, 第二层 开
shard 3: 1.5 层深层重探后剩 25
shard 3: 第一层存活 25/25 = 100%%, 第二层 开
probe[t=142s]: 293/318 起点被证伪，剩 25
DYN shard5: 54987 calls, 21022 refuted (38%)
probe[t=146s]: 294/318 起点被证伪，剩 24
DYN shard8: 51151 calls, 19025 refuted (37%)
probe[t=148s]: 294/318 起点被证伪，剩 24
DYN shard10: 53441 calls, 20010 refuted (37%)
probe[t=153s]: 294/318 起点被证伪，剩 24
DYN shard11: 51186 calls, 19954 refuted (39%)
probe[t=154s]: 293/318 起点被证伪，剩 25
DYN shard4: 54211 calls, 20492 refuted (38%)
probe[t=154s]: 293/318 起点被证伪，剩 25
DYN shard1: 53919 calls, 20572 refuted (38%)
probe[t=155s]: 294/318 起点被证伪，剩 24
DYN shard7: 51504 calls, 19387 refuted (38%)
probe[t=167s]: 293/318 起点被证伪，剩 25
DYN shard0: 49029 calls, 15582 refuted (32%)
probe[t=171s]: 294/318 起点被证伪，剩 24
DYN shard6: 51595 calls, 16021 refuted (31%)
probe[t=172s]: 293/318 起点被证伪，剩 25
DYN shard2: 53446 calls, 20356 refuted (38%)
probe[t=172s]: 294/318 起点被证伪，剩 24
DYN shard12: 49566 calls, 15388 refuted (31%)
probe[t=175s]: 294/318 起点被证伪，剩 24
DYN shard9: 51493 calls, 16455 refuted (32%)
probe[t=181s]: 293/318 起点被证伪，剩 25
DYN shard3: 51235 calls, 16266 refuted (32%)
sweep shard5 round0 done (budget 50000)
sweep shard11 round0 done (budget 50000)
sweep shard8 round0 done (budget 50000)
sweep shard10 round0 done (budget 50000)
sweep shard1 round0 done (budget 50000)
sweep shard7 round0 done (budget 50000)
sweep shard4 round0 done (budget 50000)
sweep shard0 round0 done (budget 50000)
sweep shard2 round0 done (budget 50000)
sweep shard12 round0 done (budget 50000)
sweep shard6 round0 done (budget 50000)
sweep shard9 round0 done (budget 50000)
sweep shard3 round0 done (budget 50000)
sweep shard11 round1 done (budget 50000)
sweep shard10 round1 done (budget 50000)
sweep shard5 round1 done (budget 50000)
sweep shard1 round1 done (budget 50000)
sweep shard8 round1 done (budget 50000)
sweep shard7 round1 done (budget 50000)
sweep shard4 round1 done (budget 50000)
sweep shard0 round1 done (budget 50000)
sweep shard12 round1 done (budget 50000)
sweep shard9 round1 done (budget 50000)
sweep shard6 round1 done (budget 50000)
sweep shard2 round1 done (budget 50000)
sweep shard3 round1 done (budget 50000)
sweep shard11 round2 done (budget 100000)
sweep shard10 round2 done (budget 100000)
sweep shard5 round2 done (budget 100000)
sweep shard5 round3 done (budget 50000)
sweep shard11 round3 done (budget 50000)
sweep shard10 round3 done (budget 50000)
sweep shard1 round2 done (budget 100000)
sweep shard5 round4 done (budget 50000)
sweep shard8 round2 done (budget 100000)
sweep shard7 round2 done (budget 100000)
sweep shard4 round2 done (budget 100000)
sweep shard11 round4 done (budget 50000)
sweep shard10 round4 done (budget 50000)
sweep shard1 round3 done (budget 50000)
sweep shard5 round5 done (budget 100000)
sweep shard4 round3 done (budget 50000)
sweep shard7 round3 done (budget 50000)
sweep shard8 round3 done (budget 50000)
sweep shard11 round5 done (budget 100000)
sweep shard4 round4 done (budget 50000)
sweep shard2 round2 done (budget 100000)
sweep shard1 round4 done (budget 50000)
sweep shard10 round5 done (budget 100000)
sweep shard0 round2 done (budget 100000)
sweep shard7 round4 done (budget 50000)
sweep shard8 round4 done (budget 50000)
sweep shard5 round6 done (budget 200000)
sweep shard9 round2 done (budget 100000)
sweep shard3 round2 done (budget 100000)
sweep shard6 round2 done (budget 100000)
sweep shard5 round7 done (budget 50000)
sweep shard5 round8 done (budget 50000)
sweep shard12 round2 done (budget 100000)
sweep shard5 round9 done (budget 100000)
sweep shard5 round10 done (budget 50000)
sweep shard5 round11 done (budget 50000)
sweep shard2 round3 done (budget 50000)
sweep shard5 round12 done (budget 100000)
sweep shard4 round5 done (budget 100000)
sweep shard5 round13 done (budget 200000)
sweep shard0 round3 done (budget 50000)
sweep shard6 round3 done (budget 50000)
sweep shard3 round3 done (budget 50000)
sweep shard9 round3 done (budget 50000)
sweep shard2 round4 done (budget 50000)
sweep shard1 round5 done (budget 100000)
sweep shard5 round14 done (budget 400000)
sweep shard5 round15 done (budget 50000)
sweep shard7 round5 done (budget 100000)
sweep shard11 round6 done (budget 200000)
sweep shard5 round16 done (budget 50000)
sweep shard12 round3 done (budget 50000)
sweep shard8 round5 done (budget 100000)
sweep shard5 round17 done (budget 100000)
sweep shard11 round7 done (budget 50000)
sweep shard5 round18 done (budget 50000)
sweep shard5 round19 done (budget 50000)
sweep shard11 round8 done (budget 50000)
sweep shard5 round20 done (budget 100000)
sweep shard10 round6 done (budget 200000)
sweep shard0 round4 done (budget 50000)
sweep shard5 round21 done (budget 200000)
sweep shard5 round22 done (budget 50000)
sweep shard11 round9 done (budget 100000)
sweep shard6 round4 done (budget 50000)
sweep shard3 round4 done (budget 50000)
sweep shard5 round23 done (budget 50000)
sweep shard9 round4 done (budget 50000)
sweep shard5 round24 done (budget 100000)
sweep shard11 round10 done (budget 50000)
sweep shard10 round7 done (budget 50000)
sweep shard5 round25 done (budget 50000)
sweep shard5 round26 done (budget 50000)
sweep shard4 round6 done (budget 200000)
sweep shard2 round5 done (budget 100000)
sweep shard11 round11 done (budget 50000)
sweep shard5 round27 done (budget 100000)
sweep shard12 round4 done (budget 50000)
sweep shard10 round8 done (budget 50000)
sweep shard5 round28 done (budget 200000)
sweep shard4 round7 done (budget 50000)
sweep shard11 round12 done (budget 100000)
sweep shard4 round8 done (budget 50000)
sweep shard5 round29 done (budget 400000)
sweep shard11 round13 done (budget 200000)
sweep shard10 round9 done (budget 100000)
sweep shard4 round9 done (budget 100000)
sweep shard5 round30 done (budget 800000)
sweep shard5 round31 done (budget 50000)
sweep shard5 round32 done (budget 50000)
sweep shard5 round33 done (budget 100000)
sweep shard5 round34 done (budget 50000)
sweep shard5 round35 done (budget 50000)
sweep shard5 round36 done (budget 100000)
sweep shard5 round37 done (budget 200000)
sweep shard5 round38 done (budget 50000)
sweep shard5 round39 done (budget 4611686018427387904)
no solution found
STATS {"solved":0,"shard":5,"wall_s":1611,"nodes_total":9011340,"nodes_win":-1,"dth_liveend":0,"dth_estate":1088403,"dth_reach":582544,"dth_dyn":242467,"dth_flow":0,"dth_geom":69020,"maxrss_kb":29264,"start_x":-1,"start_y":-1}
sweep shard1 round6 done (budget 200000)
sweep shard10 round10 done (budget 50000)
sweep shard7 round6 done (budget 200000)
sweep shard6 round5 done (budget 100000)
sweep shard1 round7 done (budget 50000)
sweep shard4 round10 done (budget 50000)
sweep shard0 round5 done (budget 100000)
sweep shard3 round5 done (budget 100000)
sweep shard8 round6 done (budget 200000)
sweep shard9 round5 done (budget 100000)
sweep shard1 round8 done (budget 50000)
sweep shard4 round11 done (budget 50000)
sweep shard10 round11 done (budget 50000)
sweep shard11 round14 done (budget 400000)
sweep shard11 round15 done (budget 50000)
sweep shard7 round7 done (budget 50000)
sweep shard11 round16 done (budget 50000)
sweep shard2 round6 done (budget 200000)
sweep shard1 round9 done (budget 100000)
sweep shard11 round17 done (budget 100000)
sweep shard8 round7 done (budget 50000)
sweep shard11 round18 done (budget 50000)
sweep shard11 round19 done (budget 50000)
sweep shard1 round10 done (budget 50000)
sweep shard11 round20 done (budget 100000)
sweep shard2 round7 done (budget 50000)
sweep shard4 round12 done (budget 100000)
sweep shard7 round8 done (budget 50000)
sweep shard1 round11 done (budget 50000)
sweep shard11 round21 done (budget 200000)
sweep shard11 round22 done (budget 50000)
sweep shard11 round23 done (budget 50000)
sweep shard8 round8 done (budget 50000)
sweep shard12 round5 done (budget 100000)
sweep shard10 round12 done (budget 100000)
sweep shard2 round8 done (budget 50000)
sweep shard11 round24 done (budget 100000)
sweep shard11 round25 done (budget 50000)
sweep shard11 round26 done (budget 50000)
sweep shard1 round12 done (budget 100000)
sweep shard11 round27 done (budget 100000)
sweep shard11 round28 done (budget 200000)
sweep shard2 round9 done (budget 100000)
sweep shard7 round9 done (budget 100000)
sweep shard11 round29 done (budget 400000)
sweep shard1 round13 done (budget 200000)
sweep shard4 round13 done (budget 200000)
sweep shard8 round9 done (budget 100000)
sweep shard2 round10 done (budget 50000)
sweep shard7 round10 done (budget 50000)
sweep shard11 round30 done (budget 800000)
sweep shard2 round11 done (budget 50000)
sweep shard11 round31 done (budget 50000)
sweep shard11 round32 done (budget 50000)
sweep shard8 round10 done (budget 50000)
sweep shard11 round33 done (budget 100000)
sweep shard10 round13 done (budget 200000)
sweep shard11 round34 done (budget 50000)
sweep shard11 round35 done (budget 50000)
sweep shard7 round11 done (budget 50000)
sweep shard11 round36 done (budget 100000)
sweep shard1 round14 done (budget 400000)
sweep shard1 round15 done (budget 50000)
sweep shard2 round12 done (budget 100000)
sweep shard11 round37 done (budget 200000)
sweep shard8 round11 done (budget 50000)
sweep shard11 round38 done (budget 50000)
sweep shard3 round6 done (budget 200000)
sweep shard1 round16 done (budget 50000)
sweep shard6 round6 done (budget 200000)
sweep shard1 round17 done (budget 100000)
sweep shard1 round18 done (budget 50000)
sweep shard0 round6 done (budget 200000)
sweep shard3 round7 done (budget 50000)
sweep shard1 round19 done (budget 50000)
sweep shard9 round6 done (budget 200000)
sweep shard4 round14 done (budget 400000)
sweep shard7 round12 done (budget 100000)
sweep shard4 round15 done (budget 50000)
sweep shard1 round20 done (budget 100000)
sweep shard2 round13 done (budget 200000)
sweep shard8 round12 done (budget 100000)
sweep shard3 round8 done (budget 50000)
sweep shard6 round7 done (budget 50000)
sweep shard4 round16 done (budget 50000)
sweep shard1 round21 done (budget 200000)
sweep shard0 round7 done (budget 50000)
sweep shard9 round7 done (budget 50000)
sweep shard1 round22 done (budget 50000)
sweep shard4 round17 done (budget 100000)
sweep shard1 round23 done (budget 50000)
sweep shard4 round18 done (budget 50000)
sweep shard1 round24 done (budget 100000)
sweep shard10 round14 done (budget 400000)
sweep shard6 round8 done (budget 50000)
sweep shard4 round19 done (budget 50000)
sweep shard3 round9 done (budget 100000)
sweep shard10 round15 done (budget 50000)
sweep shard1 round25 done (budget 50000)
sweep shard10 round16 done (budget 50000)
sweep shard1 round26 done (budget 50000)
sweep shard9 round8 done (budget 50000)
sweep shard2 round14 done (budget 400000)
sweep shard0 round8 done (budget 50000)
sweep shard4 round20 done (budget 100000)
sweep shard10 round17 done (budget 100000)
sweep shard3 round10 done (budget 50000)
sweep shard10 round18 done (budget 50000)
sweep shard1 round27 done (budget 100000)
sweep shard12 round6 done (budget 200000)
sweep shard2 round15 done (budget 50000)
sweep shard10 round19 done (budget 50000)
sweep shard2 round16 done (budget 50000)
sweep shard7 round13 done (budget 200000)
sweep shard11 round39 done (budget 4611686018427387904)
no solution found
STATS {"solved":0,"shard":11,"wall_s":2630,"nodes_total":16319644,"nodes_win":-1,"dth_liveend":0,"dth_estate":2001050,"dth_reach":1198685,"dth_dyn":279445,"dth_flow":0,"dth_geom":205979,"maxrss_kb":34640,"start_x":-1,"start_y":-1}
sweep shard10 round20 done (budget 100000)
sweep shard1 round28 done (budget 200000)
sweep shard2 round17 done (budget 100000)
sweep shard3 round11 done (budget 50000)
sweep shard4 round21 done (budget 200000)
sweep shard8 round13 done (budget 200000)
sweep shard2 round18 done (budget 50000)
sweep shard4 round22 done (budget 50000)
sweep shard12 round7 done (budget 50000)
sweep shard10 round21 done (budget 200000)
sweep shard2 round19 done (budget 50000)
sweep shard10 round22 done (budget 50000)
sweep shard4 round23 done (budget 50000)
sweep shard10 round23 done (budget 50000)
sweep shard6 round9 done (budget 100000)
sweep shard2 round20 done (budget 100000)
sweep shard1 round29 done (budget 400000)
sweep shard10 round24 done (budget 100000)
sweep shard4 round24 done (budget 100000)
sweep shard10 round25 done (budget 50000)
sweep shard9 round9 done (budget 100000)
sweep shard3 round12 done (budget 100000)
sweep shard12 round8 done (budget 50000)
sweep shard10 round26 done (budget 50000)
sweep shard2 round21 done (budget 200000)
sweep shard4 round25 done (budget 50000)
sweep shard0 round9 done (budget 100000)
sweep shard10 round27 done (budget 100000)
sweep shard2 round22 done (budget 50000)
sweep shard4 round26 done (budget 50000)
sweep shard6 round10 done (budget 50000)
sweep shard2 round23 done (budget 50000)
sweep shard2 round24 done (budget 100000)
sweep shard4 round27 done (budget 100000)
sweep shard10 round28 done (budget 200000)
sweep shard9 round10 done (budget 50000)
sweep shard1 round30 done (budget 800000)
sweep shard2 round25 done (budget 50000)
sweep shard1 round31 done (budget 50000)
sweep shard0 round10 done (budget 50000)
sweep shard2 round26 done (budget 50000)
sweep shard1 round32 done (budget 50000)
sweep shard6 round11 done (budget 50000)
sweep shard2 round27 done (budget 100000)
sweep shard4 round28 done (budget 200000)
sweep shard1 round33 done (budget 100000)
sweep shard12 round9 done (budget 100000)
sweep shard10 round29 done (budget 400000)
sweep shard9 round11 done (budget 50000)
sweep shard1 round34 done (budget 50000)
sweep shard7 round14 done (budget 400000)
sweep shard1 round35 done (budget 50000)
sweep shard3 round13 done (budget 200000)
sweep shard2 round28 done (budget 200000)
