有向预计算：走向已定 75558/189116 (40.0%) | 无向判定率 45.7% -> 57.3% (43191 -> 54161 / 94558 边)
有向预计算：走向已定 75512/189116 (39.9%) | 无向判定率 57.3% -> 57.4% (54161 -> 54279 / 94558 边)
有向预计算：走向已定 75512/189116 (39.9%) | 无向判定率 57.4% -> 57.4% (54279 -> 54279 / 94558 边)
全局阶段：固定 54279 条边，起点候选 135 / 66316 (0.2%)
adaptive PROPDEPTH=999999 (fixed 54279 / 94558 edges; 第一层存活率>=SURVDEEP%再升深层)
FRANK shard19: F降序
shard 19: 第一层存活 0/6 = 0%%, 第二层 跳过
probe[t=1s]: 135/135 起点被证伪，剩 0
no solution found
STATS {"solved":0,"shard":19,"wall_s":1,"nodes_total":0,"nodes_win":-1,"dth_liveend":0,"dth_estate":0,"dth_reach":0,"dth_dyn":0,"dth_flow":0,"dth_geom":0,"maxrss_kb":17300,"start_x":-1,"start_y":-1}
FRANK shard17: F降序
shard 17: 第一层存活 0/6 = 0%%, 第二层 跳过
probe[t=1s]: 135/135 起点被证伪，剩 0
no solution found
FRANK shard11: F降序
STATS {"solved":0,"shard":17,"wall_s":1,"nodes_total":1,"nodes_win":-1,"dth_liveend":0,"dth_estate":3,"dth_reach":0,"dth_dyn":0,"dth_flow":0,"dth_geom":1,"maxrss_kb":18232,"start_x":-1,"start_y":-1}
shard 11: 第一层存活 0/7 = 0%%, 第二层 跳过
probe[t=1s]: 135/135 起点被证伪，剩 0
no solution found
STATS {"solved":0,"shard":11,"wall_s":1,"nodes_total":43,"nodes_win":-1,"dth_liveend":0,"dth_estate":14,"dth_reach":4,"dth_dyn":1,"dth_flow":0,"dth_geom":3,"maxrss_kb":19800,"start_x":-1,"start_y":-1}
FRANK shard2: F降序
shard 2: 第一层存活 0/7 = 0%%, 第二层 跳过
probe[t=1s]: 135/135 起点被证伪，剩 0
no solution found
FRANK shard16: F降序
shard 16: 第一层存活 0/6 = 0%%, 第二层 跳过
STATS {"solved":0,"shard":2,"wall_s":1,"nodes_total":5,"nodes_win":-1,"dth_liveend":0,"dth_estate":2,"dth_reach":1,"dth_dyn":0,"dth_flow":0,"dth_geom":1,"maxrss_kb":18228,"start_x":-1,"start_y":-1}
probe[t=1s]: 135/135 起点被证伪，剩 0
no solution found
STATS {"solved":0,"shard":16,"wall_s":1,"nodes_total":78,"nodes_win":-1,"dth_liveend":0,"dth_estate":31,"dth_reach":4,"dth_dyn":6,"dth_flow":0,"dth_geom":5,"maxrss_kb":19352,"start_x":-1,"start_y":-1}
FRANK shard4: F降序
shard 4: 第一层存活 0/7 = 0%%, 第二层 跳过
probe[t=1s]: 135/135 起点被证伪，剩 0
no solution found
STATS {"solved":0,"shard":4,"wall_s":1,"nodes_total":0,"nodes_win":-1,"dth_liveend":0,"dth_estate":0,"dth_reach":0,"dth_dyn":0,"dth_flow":0,"dth_geom":0,"maxrss_kb":17300,"start_x":-1,"start_y":-1}
FRANK shard18: F降序
shard 18: 第一层存活 0/6 = 0%%, 第二层 跳过
probe[t=1s]: 135/135 起点被证伪，剩 0
no solution found
STATS {"solved":0,"shard":18,"wall_s":1,"nodes_total":54,"nodes_win":-1,"dth_liveend":0,"dth_estate":20,"dth_reach":4,"dth_dyn":2,"dth_flow":0,"dth_geom":4,"maxrss_kb":19352,"start_x":-1,"start_y":-1}
FRANK shard5: F降序
shard 5: 第一层存活 0/7 = 0%%, 第二层 跳过
probe[t=1s]: 135/135 起点被证伪，剩 0
no solution found
STATS {"solved":0,"shard":5,"wall_s":1,"nodes_total":58,"nodes_win":-1,"dth_liveend":0,"dth_estate":18,"dth_reach":4,"dth_dyn":9FRANK shard14: F降序
shard 14: 第一层存活 0/7 = 0%%, 第二层 跳过
,"dth_flow":0,"dth_geom":6,"maxrss_kb":20024,"start_x":-1,"start_y":-1}
probe[t=1s]: 135/135 起点被证伪，剩 0
no solution found
STATS {"solved":0,"shard":14,"wall_s":1,"nodes_total":28,"nodes_win":-1,"dth_liveend":0,"dth_estate":7,"dth_reach":6,"dth_dyn":2,"dth_flow":0,"dth_geom":4,"maxrss_kb":19800,"start_x":-1,"start_y":-1}
FRANK shard0: F降序
shard 0: 第一层存活 0/7 = 0%%, 第二层 跳过
probe[t=1s]: 135/135 起点被证伪，剩 0
no solution found
STATS {"solved":0,"shard":0,"wall_s":1,"nodes_total":73,"nodes_win":-1,"dth_liveend":0,"dth_estate":22,"dth_reach":8,"dth_dyn":11,"dth_flow":0,"dth_geom":8,"maxrss_kb":19576,"start_x":-1,"start_y":-1}
FRANK shard8: F降序
shard 8: 第一层存活 0/7 = 0%%, 第二层 跳过
probe[t=1s]: 135/135 起点被证伪，剩 0
no solution found
STATS {"solved":0,"shard":8,"wall_s":1,"nodes_total":118,"nodes_win":-1,"dth_liveend":0,"dth_estate":33,"dth_reach":14,"dth_dyn":12,"dth_flow":0,"dth_geom":8,"maxrss_kb":20024,"start_x":-1,"start_y":-1}
FRANK shard15: F降序
shard 15: 第一层存活 0/6 = 0%%, 第二层 跳过
probe[t=1s]: 135/135 起点被证伪，剩 0
no solution found
STATS {"solved":0,"shard":15,"wall_s":1,"nodes_total":162,"nodes_win":-1,"dth_liveend":0,"dth_estate":39,"dth_reach":23,"dth_dyn":15,"dth_flow":0,"dth_geom":13,"maxrss_kb":19576,"start_x":-1,"start_y":-1}
FRANK shard13: F降序
shard 13: 第一层存活 0/7 = 0%%, 第二层 跳过
probe[t=1s]: 135/135 起点被证伪，剩 0
DYN shard13: 69 calls, 6 refuted (9%)
no solution found
STATS {"solved":0,"shard":13,"wall_s":1,"nodes_total":234,"nodes_win":-1,"dth_liveend":0,"dth_estate":45,"dth_reach":40,"dth_dyn":6,"dth_flow":0,"dth_geom":19,"maxrss_kb":23160,"start_x":-1,"start_y":-1}
FRANK shard9: F降序
shard 9: 第一层存活 0/7 = 0%%, 第二层 跳过
probe[t=1s]: 135/135 起点被证伪，剩 0
DYN shard9: 55 calls, 9 refuted (16%)
no solution found
STATS {"solved":0,"shard":9,"wall_s":1,"nodes_total":217,"nodes_win":-1,"dth_liveend":0,"dth_estate":67,"dth_reach":33,"dth_dyn":9,"dth_flow":0,"dth_geom":23,"maxrss_kb":22928,"start_x":-1,"start_y":-1}
FRANK shard1: F降序
shard 1: 第一层存活 0/7 = 0%%, 第二层 跳过
probe[t=1s]: 135/135 起点被证伪，剩 0
DYN shard1: 115 calls, 15 refuted (13%)
no solution found
STATS {"solved":0,"shard":1,"wall_s":1,"nodes_total":374,"nodes_win":-1,"dth_liveend":0,"dth_estate":89,"dth_reach":49,"dth_dyn":15,"dth_flow":0,"dth_geom":26,"maxrss_kb":23160,"start_x":-1,"start_y":-1}
FRANK shard7: F降序
shard 7: 第一层存活 1/7 = 14%%, 第二层 跳过
probe[t=1s]: 134/135 起点被证伪，剩 1
DYN shard7: 144 calls, 26 refuted (18%)
FRANK shard10: F降序
shard 10: 第一层存活 1/7 = 14%%, 第二层 跳过
probe[t=1s]: 134/135 起点被证伪，剩 1
DYN shard10: 139 calls, 25 refuted (18%)
FRANK shard3: F降序
shard 3: 第一层存活 1/7 = 14%%, 第二层 跳过
probe[t=1s]: 134/135 起点被证伪，剩 1
DYN shard3: 134 calls, 22 refuted (16%)
FRANK shard6: F降序
shard 6: 第一层存活 1/7 = 14%%, 第二层 跳过
probe[t=1s]: 134/135 起点被证伪，剩 1
DYN shard6: 134 calls, 22 refuted (16%)
FRANK shard12: F降序
shard 12: 第一层存活 1/7 = 14%%, 第二层 跳过
probe[t=1s]: 134/135 起点被证伪，剩 1
DYN shard12: 156 calls, 28 refuted (18%)
STATS {"solved":1,"shard":10,"wall_s":35,"nodes_total":483889,"nodes_win":481888,"dth_liveend":0,"dth_estate":67351,"dth_reach":31127,"dth_dyn":6219,"dth_flow":0,"dth_geom":4839,"maxrss_kb":37496,"start_x":130,"start_y":257}
