  分治：12 块 144 对，可行 53 对，整块淘汰掉 0 格
有向预计算：走向已定 0/43674 (0.0%) | 无向判定率 0.0% -> 0.0% (0 -> 0 / 21837 边)
有向预计算：走向已定 0/43674 (0.0%) | 无向判定率 0.0% -> 0.0% (0 -> 0 / 21837 边)
全局阶段：固定 0 条边，起点候选 15374 / 15374 (100.0%)
adaptive PROPDEPTH=2 (fixed 0 / 21837 edges; 第一层存活率>=SURVDEEP%再升深层)
FRANK shard1: F升序
shard 1: 第一层存活 95% >= 38%，升深度传播(PD=16)
FRANK shard4: F升序
shard 4: 第一层存活 95% >= 38%，升深度传播(PD=16)
FRANK shard2: F升序
shard 2: 第一层存活 95% >= 38%，升深度传播(PD=16)
FRANK shard3: F升序
shard 3: 第一层存活 95% >= 38%，升深度传播(PD=16)
FRANK shard0: F升序
shard 0: 第一层存活 95% >= 38%，升深度传播(PD=16)
shard 1: 1.5 层深层重探后剩 2906
shard 1: 第一层存活 2906/3075 = 94%%, 第二层 开
shard 4: 1.5 层深层重探后剩 2911
shard 4: 第一层存活 2911/3074 = 94%%, 第二层 开
shard 2: 1.5 层深层重探后剩 2926
shard 2: 第一层存活 2926/3075 = 95%%, 第二层 开
shard 3: 1.5 层深层重探后剩 2930
shard 3: 第一层存活 2930/3075 = 95%%, 第二层 开
shard 0: 1.5 层深层重探后剩 2923
shard 0: 第一层存活 2923/3075 = 95%%, 第二层 开
probe[t=276s]: 15262/15374 起点被证伪，剩 112
DYN shard2: 328146 calls, 114629 refuted (35%)
probe[t=278s]: 15272/15374 起点被证伪，剩 102
DYN shard4: 342193 calls, 119543 refuted (35%)
probe[t=285s]: 15259/15374 起点被证伪，剩 115
DYN shard1: 347556 calls, 121147 refuted (35%)
STATS {"solved":1,"shard":4,"wall_s":392,"nodes_total":12246932,"nodes_win":75936,"dth_liveend":0,"dth_estate":1558818,"dth_reach":992457,"dth_dyn":135577,"dth_flow":0,"dth_geom":221758,"maxrss_kb":343744,"start_x":80,"start_y":83}
