有向预计算：走向已定 77235/189350 (40.8%) | 无向判定率 46.3% -> 57.8% (43811 -> 54706 / 94675 边)
有向预计算：走向已定 77669/189350 (41.0%) | 无向判定率 57.8% -> 58.0% (54706 -> 54914 / 94675 边)
有向预计算：走向已定 77677/189350 (41.0%) | 无向判定率 58.0% -> 58.0% (54914 -> 54923 / 94675 边)
有向预计算：走向已定 77677/189350 (41.0%) | 无向判定率 58.0% -> 58.0% (54923 -> 54923 / 94675 边)
全局阶段：固定 54923 条边，起点候选 158 / 66547 (0.2%)
adaptive PROPDEPTH=999999 (fixed 54923 / 94675 edges; 第一层存活率>=SURVDEEP%再升深层)
FRANK shard19: F降序
shard 19: 第一层存活 0/7 = 0%%, 第二层 跳过
probe[t=0s]: 158/158 起点被证伪，剩 0
no solution found
STATS {"solved":0,"shard":19,"wall_s":0,"nodes_total":190,"nodes_win":-1,"dth_liveend":0,"dth_estate":47,"dth_reach":24,"dth_dyn":4,"dth_flow":0,"dth_geom":9,"maxrss_kb":22448,"start_x":-1,"start_y":-1}
FRANK shard10: F降序
shard 10: 第一层存活 0/8 = 0%%, 第二层 跳过
probe[t=0s]: 158/158 起点被证伪，剩 0
no solution found
STATS {"solved":0,"shard":10,"wall_s":0,"nodes_total":140,"nodes_win":-1,"dth_liveend":0,"dth_estate":44,"dth_reach":21,"dth_dyn":8,"dth_flow":0,"dth_geom":15,"maxrss_kb":19088,"start_x":-1,"start_y":-1}
FRANK shard17: F降序
shard 17: 第一层存活 0/8 = 0%%, 第二层 跳过
probe[t=0s]: 158/158 起点被证伪，剩 0
no solution found
STATS {"solved":0,"shard":17,"wall_s":0,"nodes_total":96,"nodes_win":-1,"dth_liveend":0,"dth_estate":21,"dth_reach":14,"dth_dyn":6,"dth_flow":0,"dth_geom":8,"maxrss_kb":19312,"start_x":-1,"start_y":-1}
FRANK shard0: F降序
shard 0: 第一层存活 0/8 = 0%%, 第二层 跳过
probe[t=0s]: 158/158 起点被证伪，剩 0
no solution found
STATS {"solved":0,"shard":0,"wall_s":0,"nodes_total":210,"nodes_win":-1,"dth_liveend":0,"dth_estate":47,"dth_reach":17,"dth_dyn":11,"dth_flow":0,"dth_geom":10,"maxrss_kb":22000,"start_x":-1,"start_y":-1}
FRANK shard7: F降序
shard 7: 第一层存活 0/8 = 0%%, 第二层 跳过
probe[t=0s]: 158/158 起点被证伪，剩 0
DYN shard7: 51 calls, 10 refuted (20%)
no solution found
STATS {"solved":0,"shard":7,"wall_s":0,"nodes_total":392,"nodes_win":-1,"dth_liveend":0,"dth_estate":89,"dth_reach":47,"dth_dyn":10,"dth_flow":0,"dth_geom":12,"maxrss_kb":22672,"start_x":-1,"start_y":-1}
FRANK shard9: F降序
shard 9: 第一层存活 0/8 = 0%%, 第二层 跳过
probe[t=0s]: 158/158 起点被证伪，剩 0
no solution found
STATS {"solved":0,"shard":9,"wall_s":0,"nodes_total":99,"nodes_win":-1,"dth_liveend":0,"dth_estate":23,"dth_reach":22,"dth_dyn":12,"dth_flow":0,"dth_geom":10,"maxrss_kb":18864,"start_x":-1,"start_y":-1}
FRANK shard18: F降序
shard 18: 第一层存活 0/7 = 0%%, 第二层 跳过
probe[t=0s]: 158/158 起点被证伪，剩 0
no solution found
STATS {"solved":0,"shard":18,"wall_s":0,"nodes_total":228,"nodes_win":-1,"dth_liveend":0,"dth_estate":43,"dth_reach":31,"dth_dyn":12,"dth_flow":0,"dth_geom":16,"maxrss_kb":18864,"start_x":-1,"start_y":-1}
FRANK shard16: F降序
shard 16: 第一层存活 0/8 = 0%%, 第二层 跳过
probe[t=0s]: 158/158 起点被证伪，剩 0
DYN shard16: 60 calls, 11 refuted (18%)
no solution found
STATS {"solved":0,"shard":16,"wall_s":0,"nodes_total":370,"nodes_win":-1,"dth_liveend":0,"dth_estate":82,"dth_reach":41,"dth_dyn":11,"dth_flow":0,"dth_geom":18,"maxrss_kb":22448,"start_x":-1,"start_y":-1}
FRANK shard2: F降序
shard 2: 第一层存活 0/8 = 0%%, 第二层 跳过
probe[t=0s]: 158/158 起点被证伪，剩 0
DYN shard2: 58 calls, 17 refuted (29%)
no solution found
STATS {"solved":0,"shard":2,"wall_s":0,"nodes_total":170,"nodes_win":-1,"dth_liveend":0,"dth_estate":56,"dth_reach":37,"dth_dyn":17,"dth_flow":0,"dth_geom":18,"maxrss_kb":19312,"start_x":-1,"start_y":-1}
FRANK shard6: F降序
shard 6: 第一层存活 0/8 = 0%%, 第二层 跳过
probe[t=0s]: 158/158 起点被证伪，剩 0
no solution found
STATS {"solved":0,"shard":6,"wall_s":0,"nodes_total":216,"nodes_win":-1,"dth_liveend":0,"dth_estate":49,"dth_reach":26,"dth_dyn":10,"dth_flow":0,"dth_geom":11,"maxrss_kb":19088,"start_x":-1,"start_y":-1}
FRANK shard13: F降序
shard 13: 第一层存活 0/8 = 0%%, 第二层 跳过
probe[t=0s]: 158/158 起点被证伪，剩 0
DYN shard13: 95 calls, 18 refuted (19%)
no solution found
STATS {"solved":0,"shard":13,"wall_s":0,"nodes_total":587,"nodes_win":-1,"dth_liveend":0,"dth_estate":128,"dth_reach":68,"dth_dyn":18,"dth_flow":0,"dth_geom":22,"maxrss_kb":22672,"start_x":-1,"start_y":-1}
FRANK shard8: F降序
shard 8: 第一层存活 0/8 = 0%%, 第二层 跳过
probe[t=0s]: 158/158 起点被证伪，剩 0
no solution found
STATS {"solved":0,"shard":8,"wall_s":0,"nodes_total":530,"nodes_win":-1,"dth_liveend":0,"dth_estate":94,"dth_reach":41,"dth_dyn":15,"dth_flow":0,"dth_geom":11,"maxrss_kb":22672,"start_x":-1,"start_y":-1}
FRANK shard11: F降序
shard 11: 第一层存活 0/8 = 0%%, 第二层 跳过
probe[t=0s]: 158/158 起点被证伪，剩 0
DYN shard11: 63 calls, 21 refuted (33%)
no solution found
STATS {"solved":0,"shard":11,"wall_s":0,"nodes_total":480,"nodes_win":-1,"dth_liveend":0,"dth_estate":92,"dth_reach":52,"dth_dyn":21,"dth_flow":0,"dth_geom":18,"maxrss_kb":22672,"start_x":-1,"start_y":-1}
FRANK shard4: F降序
shard 4: 第一层存活 1/8 = 12%%, 第二层 跳过
probe[t=0s]: 157/158 起点被证伪，剩 1
DYN shard4: 140 calls, 35 refuted (25%)
FRANK shard5: F降序
shard 5: 第一层存活 1/8 = 12%%, 第二层 跳过
probe[t=0s]: 157/158 起点被证伪，剩 1
DYN shard5: 131 calls, 46 refuted (35%)
FRANK shard1: F降序
shard 1: 第一层存活 1/8 = 12%%, 第二层 跳过
probe[t=1s]: 157/158 起点被证伪，剩 1
DYN shard1: 381 calls, 90 refuted (24%)
FRANK shard3: F降序
shard 3: 第一层存活 2/8 = 25%%, 第二层 跳过
probe[t=1s]: 156/158 起点被证伪，剩 2
DYN shard3: 302 calls, 56 refuted (19%)
FRANK shard12: F降序
shard 12: 第一层存活 2/8 = 25%%, 第二层 跳过
probe[t=1s]: 156/158 起点被证伪，剩 2
DYN shard12: 265 calls, 73 refuted (28%)
FRANK shard14: F降序
shard 14: 第一层存活 2/8 = 25%%, 第二层 跳过
probe[t=1s]: 156/158 起点被证伪，剩 2
DYN shard14: 256 calls, 93 refuted (36%)
FRANK shard15: F降序
shard 15: 第一层存活 2/8 = 25%%, 第二层 跳过
probe[t=1s]: 156/158 起点被证伪，剩 2
DYN shard15: 279 calls, 74 refuted (27%)
STATS {"solved":1,"shard":14,"wall_s":33,"nodes_total":630706,"nodes_win":626605,"dth_liveend":0,"dth_estate":82519,"dth_reach":37077,"dth_dyn":11159,"dth_flow":0,"dth_geom":4896,"maxrss_kb":37680,"start_x":268,"start_y":305}
