  分治：12 块 144 对，可行 58 对，整块淘汰掉 0 格
有向预计算：走向已定 0/53268 (0.0%) | 无向判定率 0.0% -> 0.0% (0 -> 0 / 26634 边)
有向预计算：走向已定 0/53268 (0.0%) | 无向判定率 0.0% -> 0.0% (0 -> 0 / 26634 边)
全局阶段：固定 0 条边，起点候选 18826 / 18826 (100.0%)
adaptive PROPDEPTH=2 (fixed 0 / 26634 edges; 第一层存活率>=SURVDEEP%再升深层)
FRANK shard1: F降序
shard 1: 第一层存活 95% >= 38%，升深度传播(PD=64)
FRANK shard4: F降序
shard 4: 第一层存活 95% >= 38%，升深度传播(PD=64)
FRANK shard2: F降序
shard 2: 第一层存活 95% >= 38%，升深度传播(PD=64)
FRANK shard0: F降序
shard 0: 第一层存活 95% >= 38%，升深度传播(PD=64)
FRANK shard3: F降序
shard 3: 第一层存活 95% >= 38%，升深度传播(PD=64)
shard 1: 1.5 层深层重探后剩 3597
shard 1: 第一层存活 3597/3765 = 95%%, 第二层 开
shard 4: 1.5 层深层重探后剩 3583
shard 4: 第一层存活 3583/3765 = 95%%, 第二层 开
shard 2: 1.5 层深层重探后剩 3594
shard 2: 第一层存活 3594/3765 = 95%%, 第二层 开
shard 0: 1.5 层深层重探后剩 3608
shard 0: 第一层存活 3608/3766 = 95%%, 第二层 开
shard 3: 1.5 层深层重探后剩 3588
shard 3: 第一层存活 3588/3765 = 95%%, 第二层 开
STATS {"solved":1,"shard":3,"wall_s":426,"nodes_total":11442727,"nodes_win":19965,"dth_liveend":0,"dth_estate":1346290,"dth_reach":925535,"dth_dyn":215357,"dth_flow":0,"dth_geom":154084,"maxrss_kb":518044,"start_x":104,"start_y":83}
