  分治：12 块 144 对，可行 40 对，整块淘汰掉 0 格
有向预计算：走向已定 0/127822 (0.0%) | 无向判定率 0.0% -> 0.0% (0 -> 0 / 63911 边)
有向预计算：走向已定 0/127822 (0.0%) | 无向判定率 0.0% -> 0.0% (0 -> 0 / 63911 边)
全局阶段：固定 0 条边，起点候选 44924 / 44924 (100.0%)
adaptive PROPDEPTH=2 (fixed 0 / 63911 edges; 第一层存活率>=SURVDEEP%再升深层)
FRANK shard13: F降序
shard 13: 第一层存活 2/1728 = 0%%, 第二层 跳过
probe[t=37s]: 44922/44924 起点被证伪，剩 2
FRANK shard0: F降序
shard 0: 第一层存活 6/1728 = 0%%, 第二层 跳过
probe[t=37s]: 44918/44924 起点被证伪，剩 6
FRANK shard6: F降序
shard 6: 第一层存活 5/1728 = 0%%, 第二层 跳过
probe[t=37s]: 44919/44924 起点被证伪，剩 5
FRANK shard18: F降序
shard 18: 第一层存活 3/1728 = 0%%, 第二层 跳过
probe[t=38s]: 44921/44924 起点被证伪，剩 3
FRANK shard19: F降序
shard 19: 第一层存活 5/1728 = 0%%, 第二层 跳过
probe[t=39s]: 44919/44924 起点被证伪，剩 5
FRANK shard23: F降序
shard 23: 第一层存活 4/1727 = 0%%, 第二层 跳过
probe[t=39s]: 44920/44924 起点被证伪，剩 4
FRANK shard12: F降序
shard 12: 第一层存活 9/1728 = 0%%, 第二层 跳过
probe[t=39s]: 44915/44924 起点被证伪，剩 9
FRANK shard17: F降序
shard 17: 第一层存活 5/1728 = 0%%, 第二层 跳过
probe[t=39s]: 44919/44924 起点被证伪，剩 5
FRANK shard3: F降序
shard 3: 第一层存活 4/1728 = 0%%, 第二层 跳过
probe[t=39s]: 44920/44924 起点被证伪，剩 4
FRANK shard24: F降序
shard 24: 第一层存活 5/1727 = 0%%, 第二层 跳过
probe[t=40s]: 44919/44924 起点被证伪，剩 5
FRANK shard20: F降序
shard 20: 第一层存活 4/1728 = 0%%, 第二层 跳过
probe[t=40s]: 44920/44924 起点被证伪，剩 4
FRANK shard2: F降序
shard 2: 第一层存活 3/1728 = 0%%, 第二层 跳过
probe[t=40s]: 44921/44924 起点被证伪，剩 3
FRANK shard25: F降序
shard 25: 第一层存活 7/1727 = 0%%, 第二层 跳过
probe[t=40s]: 44917/44924 起点被证伪，剩 7
FRANK shard4: F降序
shard 4: 第一层存活 4/1728 = 0%%, 第二层 跳过
probe[t=40s]: 44920/44924 起点被证伪，剩 4
FRANK shard7: F降序
shard 7: 第一层存活 5/1728 = 0%%, 第二层 跳过
probe[t=40s]: 44919/44924 起点被证伪，剩 5
FRANK shard1: F降序
shard 1: 第一层存活 4/1728 = 0%%, 第二层 跳过
probe[t=40s]: 44920/44924 起点被证伪，剩 4
FRANK shard22: F降序
shard 22: 第一层存活 6/1727 = 0%%, 第二层 跳过
probe[t=40s]: 44918/44924 起点被证伪，剩 6
FRANK shard9: F降序
shard 9: 第一层存活 5/1728 = 0%%, 第二层 跳过
probe[t=41s]: 44919/44924 起点被证伪，剩 5
FRANK shard10: F降序
shard 10: 第一层存活 8/1728 = 0%%, 第二层 跳过
probe[t=41s]: 44916/44924 起点被证伪，剩 8
FRANK shard16: F降序
shard 16: 第一层存活 4/1728 = 0%%, 第二层 跳过
probe[t=41s]: 44920/44924 起点被证伪，剩 4
FRANK shard21: F降序
shard 21: 第一层存活 6/1728 = 0%%, 第二层 跳过
probe[t=41s]: 44918/44924 起点被证伪，剩 6
FRANK shard5: F降序
shard 5: 第一层存活 3/1728 = 0%%, 第二层 跳过
probe[t=41s]: 44921/44924 起点被证伪，剩 3
FRANK shard15: F降序
shard 15: 第一层存活 2/1728 = 0%%, 第二层 跳过
probe[t=41s]: 44922/44924 起点被证伪，剩 2
FRANK shard8: F降序
shard 8: 第一层存活 4/1728 = 0%%, 第二层 跳过
probe[t=42s]: 44920/44924 起点被证伪，剩 4
FRANK shard11: F降序
shard 11: 第一层存活 5/1728 = 0%%, 第二层 跳过
probe[t=42s]: 44919/44924 起点被证伪，剩 5
FRANK shard14: F降序
shard 14: 第一层存活 7/1728 = 0%%, 第二层 跳过
probe[t=42s]: 44917/44924 起点被证伪，剩 7
STATS {"solved":1,"shard":0,"wall_s":127,"nodes_total":1119904,"nodes_win":1119838,"dth_liveend":0,"dth_estate":151610,"dth_reach":96635,"dth_dyn":4,"dth_flow":0,"dth_geom":27206,"maxrss_kb":27544,"start_x":86,"start_y":57}
