有向预计算：走向已定 82129/190900 (43.0%) | 无向判定率 45.9% -> 58.3% (43772 -> 55661 / 95450 边)
有向预计算：走向已定 82468/190900 (43.2%) | 无向判定率 58.3% -> 58.6% (55661 -> 55888 / 95450 边)
有向预计算：走向已定 82480/190900 (43.2%) | 无向判定率 58.6% -> 58.6% (55888 -> 55900 / 95450 边)
有向预计算：走向已定 82480/190900 (43.2%) | 无向判定率 58.6% -> 58.6% (55900 -> 55900 / 95450 边)
全局阶段：固定 55900 条边，起点候选 27 / 66996 (0.0%)
adaptive PROPDEPTH=999999 (fixed 55900 / 95450 edges; 第一层存活率>=SURVDEEP%再升深层)
shard 0: swarm 模式（27 个候选全员上，随机顺序）
shard 1: swarm 模式（27 个候选全员上，随机顺序）
shard 2: swarm 模式（27 个候选全员上，随机顺序）
shard 3: swarm 模式（27 个候选全员上，随机顺序）
shard 4: swarm 模式（27 个候选全员上，随机顺序）
shard 5: swarm 模式（27 个候选全员上，随机顺序）
shard 6: swarm 模式（27 个候选全员上，随机顺序）
shard 7: swarm 模式（27 个候选全员上，随机顺序）
shard 8: swarm 模式（27 个候选全员上，随机顺序）
shard 9: swarm 模式（27 个候选全员上，随机顺序）
shard 10: swarm 模式（27 个候选全员上，随机顺序）
shard 11: swarm 模式（27 个候选全员上，随机顺序）
shard 12: swarm 模式（27 个候选全员上，随机顺序）
shard 13: swarm 模式（27 个候选全员上，随机顺序）
shard 14: swarm 模式（27 个候选全员上，随机顺序）
shard 15: swarm 模式（27 个候选全员上，随机顺序）
shard 16: swarm 模式（27 个候选全员上，随机顺序）
shard 17: swarm 模式（27 个候选全员上，随机顺序）
shard 18: swarm 模式（27 个候选全员上，随机顺序）
shard 19: swarm 模式（27 个候选全员上，随机顺序）
shard 20: swarm 模式（27 个候选全员上，随机顺序）
shard 21: swarm 模式（27 个候选全员上，随机顺序）
shard 22: swarm 模式（27 个候选全员上，随机顺序）
shard 23: swarm 模式（27 个候选全员上，随机顺序）
FRANK shard4: F降序
shard 4: 第一层存活 11/1 = 1100%%, 第二层 开
FRANK shard1: F降序
shard 1: 第一层存活 11/2 = 550%%, 第二层 开
FRANK shard10: F降序
shard 10: 第一层存活 11/1 = 1100%%, 第二层 开
FRANK shard5: F降序
shard 5: 第一层存活 10/1 = 1000%%, 第二层 开
FRANK shard0: F降序
shard 0: 第一层存活 10/2 = 500%%, 第二层 开
FRANK shard16: F降序
shard 16: 第一层存活 10/1 = 1000%%, 第二层 开
FRANK shard19: F降序
shard 19: 第一层存活 11/1 = 1100%%, 第二层 开
FRANK shard9: F降序
shard 9: 第一层存活 10/1 = 1000%%, 第二层 开
FRANK shard7: F降序
shard 7: 第一层存活 10/1 = 1000%%, 第二层 开
FRANK shard12: F降序
shard 12: 第一层存活 10/1 = 1000%%, 第二层 开
FRANK shard3: F降序
shard 3: 第一层存活 10/1 = 1000%%, 第二层 开
FRANK shard21: F降序
shard 21: 第一层存活 10/1 = 1000%%, 第二层 开
FRANK shard14: F降序
shard 14: 第一层存活 10/1 = 1000%%, 第二层 开
FRANK shard18: F降序
shard 18: 第一层存活 10/1 = 1000%%, 第二层 开
FRANK shard6: F降序
shard 6: 第一层存活 10/1 = 1000%%, 第二层 开
FRANK shard8: F降序
shard 8: 第一层存活 10/1 = 1000%%, 第二层 开
FRANK shard23: F降序
shard 23: 第一层存活 10/1 = 1000%%, 第二层 开
FRANK shard20: F降序
shard 20: 第一层存活 10/1 = 1000%%, 第二层 开
FRANK shard22: F降序
shard 22: 第一层存活 10/1 = 1000%%, 第二层 开
FRANK shard17: F降序
shard 17: 第一层存活 10/1 = 1000%%, 第二层 开
FRANK shard15: F降序
shard 15: 第一层存活 10/1 = 1000%%, 第二层 开
FRANK shard11: F降序
shard 11: 第一层存活 10/1 = 1000%%, 第二层 开
FRANK shard2: F降序
shard 2: 第一层存活 10/2 = 500%%, 第二层 开
FRANK shard13: F降序
shard 13: 第一层存活 10/1 = 1000%%, 第二层 开
probe[t=30s]: 17/27 起点被证伪，剩 10
DYN shard4: 21192 calls, 5349 refuted (25%)
probe[t=47s]: 17/27 起点被证伪，剩 10
DYN shard5: 18518 calls, 6797 refuted (37%)
probe[t=49s]: 17/27 起点被证伪，剩 10
DYN shard1: 22048 calls, 5275 refuted (24%)
probe[t=53s]: 17/27 起点被证伪，剩 10
DYN shard10: 20424 calls, 5198 refuted (25%)
probe[t=57s]: 17/27 起点被证伪，剩 10
DYN shard16: 18278 calls, 4296 refuted (24%)
probe[t=57s]: 17/27 起点被证伪，剩 10
DYN shard21: 18878 calls, 4772 refuted (25%)
probe[t=58s]: 17/27 起点被证伪，剩 10
DYN shard17: 20156 calls, 7426 refuted (37%)
probe[t=58s]: 17/27 起点被证伪，剩 10
DYN shard19: 21252 calls, 4999 refuted (24%)
probe[t=58s]: 17/27 起点被证伪，剩 10
DYN shard7: 22294 calls, 5398 refuted (24%)
probe[t=61s]: 17/27 起点被证伪，剩 10
DYN shard8: 21234 calls, 7921 refuted (37%)
probe[t=62s]: 17/27 起点被证伪，剩 10
DYN shard23: 19496 calls, 7206 refuted (37%)
probe[t=65s]: 17/27 起点被证伪，剩 10
DYN shard11: 21936 calls, 8360 refuted (38%)
probe[t=67s]: 17/27 起点被证伪，剩 10
DYN shard0: 20208 calls, 5263 refuted (26%)
probe[t=71s]: 17/27 起点被证伪，剩 10
DYN shard3: 20584 calls, 5710 refuted (28%)
probe[t=72s]: 17/27 起点被证伪，剩 10
DYN shard6: 21012 calls, 5810 refuted (28%)
probe[t=73s]: 17/27 起点被证伪，剩 10
DYN shard18: 22470 calls, 6155 refuted (27%)
probe[t=75s]: 17/27 起点被证伪，剩 10
DYN shard22: 20230 calls, 4929 refuted (24%)
probe[t=77s]: 17/27 起点被证伪，剩 10
DYN shard14: 18154 calls, 6477 refuted (36%)
probe[t=78s]: 17/27 起点被证伪，剩 10
DYN shard13: 21856 calls, 5147 refuted (24%)
probe[t=79s]: 17/27 起点被证伪，剩 10
DYN shard12: 22592 calls, 6110 refuted (27%)
probe[t=79s]: 17/27 起点被证伪，剩 10
DYN shard9: 25796 calls, 6927 refuted (27%)
probe[t=81s]: 17/27 起点被证伪，剩 10
DYN shard15: 22830 calls, 6747 refuted (30%)
probe[t=83s]: 17/27 起点被证伪，剩 10
DYN shard20: 22826 calls, 8595 refuted (38%)
probe[t=83s]: 17/27 起点被证伪，剩 10
DYN shard2: 21208 calls, 7980 refuted (38%)
STATS {"solved":1,"shard":22,"wall_s":641,"nodes_total":7279342,"nodes_win":6939093,"dth_liveend":0,"dth_estate":1078284,"dth_reach":447854,"dth_dyn":119896,"dth_flow":0,"dth_geom":78915,"maxrss_kb":42344,"start_x":150,"start_y":22}
WINNER shard 22 tier 2 nodes 6939093
