有向预计算：走向已定 78730/183062 (43.0%) | 无向判定率 46.4% -> 59.1% (42460 -> 54106 / 91531 边)
有向预计算：走向已定 79588/183062 (43.5%) | 无向判定率 59.1% -> 59.5% (54106 -> 54421 / 91531 边)
有向预计算：走向已定 79592/183062 (43.5%) | 无向判定率 59.5% -> 59.5% (54421 -> 54427 / 91531 边)
有向预计算：走向已定 79592/183062 (43.5%) | 无向判定率 59.5% -> 59.5% (54427 -> 54427 / 91531 边)
全局阶段：固定 54427 条边，起点候选 92 / 64270 (0.1%)
adaptive PROPDEPTH=999999 (fixed 54427 / 91531 edges; 第一层存活率>=SURVDEEP%再升深层)
shard 0: swarm 模式（92 个候选全员上，随机顺序）
shard 1: swarm 模式（92 个候选全员上，随机顺序）
shard 2: swarm 模式（92 个候选全员上，随机顺序）
shard 3: swarm 模式（92 个候选全员上，随机顺序）
shard 4: swarm 模式（92 个候选全员上，随机顺序）
shard 5: swarm 模式（92 个候选全员上，随机顺序）
shard 6: swarm 模式（92 个候选全员上，随机顺序）
shard 7: swarm 模式（92 个候选全员上，随机顺序）
shard 8: swarm 模式（92 个候选全员上，随机顺序）
shard 9: swarm 模式（92 个候选全员上，随机顺序）
shard 10: swarm 模式（92 个候选全员上，随机顺序）
shard 19: swarm 模式（92 个候选全员上，随机顺序）
shard 11: swarm 模式（92 个候选全员上，随机顺序）
shard 12: swarm 模式（92 个候选全员上，随机顺序）
shard 13: swarm 模式（92 个候选全员上，随机顺序）
shard 14: swarm 模式（92 个候选全员上，随机顺序）
shard 15: swarm 模式（92 个候选全员上，随机顺序）
shard 16: swarm 模式（92 个候选全员上，随机顺序）
shard 17: swarm 模式（92 个候选全员上，随机顺序）
shard 18: swarm 模式（92 个候选全员上，随机顺序）
FRANK shard7: F降序
shard 7: 第一层存活 5/5 = 100%%, 第二层 开
FRANK shard4: F降序
shard 4: 第一层存活 5/5 = 100%%, 第二层 开
FRANK shard13: F降序
shard 13: 第一层存活 5/4 = 125%%, 第二层 开
FRANK shard2: F降序
shard 2: 第一层存活 5/5 = 100%%, 第二层 开
FRANK shard19: F降序
shard 19: 第一层存活 5/4 = 125%%, 第二层 开
FRANK shard17: F降序
shard 17: 第一层存活 5/4 = 125%%, 第二层 开
FRANK shard11: F降序
shard 11: 第一层存活 5/5 = 100%%, 第二层 开
FRANK shard14: F降序
shard 14: 第一层存活 5/4 = 125%%, 第二层 开
FRANK shard8: F降序
shard 8: 第一层存活 5/5 = 100%%, 第二层 开
FRANK shard5: F降序
shard 5: 第一层存活 5/5 = 100%%, 第二层 开
FRANK shard3: F降序
shard 3: 第一层存活 5/5 = 100%%, 第二层 开
FRANK shard6: F降序
shard 6: 第一层存活 5/5 = 100%%, 第二层 开
FRANK shard9: F降序
shard 9: 第一层存活 5/5 = 100%%, 第二层 开
FRANK shard0: F降序
shard 0: 第一层存活 5/5 = 100%%, 第二层 开
FRANK shard12: F降序
shard 12: 第一层存活 5/4 = 125%%, 第二层 开
FRANK shard10: F降序
shard 10: 第一层存活 5/5 = 100%%, 第二层 开
FRANK shard15: F降序
shard 15: 第一层存活 5/4 = 125%%, 第二层 开
FRANK shard18: F降序
shard 18: 第一层存活 5/4 = 125%%, 第二层 开
FRANK shard1: F降序
shard 1: 第一层存活 5/5 = 100%%, 第二层 开
FRANK shard16: F降序
shard 16: 第一层存活 5/4 = 125%%, 第二层 开
probe[t=11s]: 87/92 起点被证伪，剩 5
DYN shard7: 9368 calls, 2857 refuted (30%)
probe[t=13s]: 87/92 起点被证伪，剩 5
DYN shard4: 9040 calls, 2702 refuted (30%)
probe[t=16s]: 87/92 起点被证伪，剩 5
DYN shard13: 9882 calls, 2850 refuted (29%)
probe[t=16s]: 87/92 起点被证伪，剩 5
DYN shard10: 9710 calls, 2804 refuted (29%)
probe[t=19s]: 87/92 起点被证伪，剩 5
DYN shard1: 9438 calls, 2662 refuted (28%)
probe[t=20s]: 87/92 起点被证伪，剩 5
DYN shard19: 9270 calls, 2665 refuted (29%)
probe[t=21s]: 87/92 起点被证伪，剩 5
DYN shard2: 8684 calls, 3638 refuted (42%)
probe[t=21s]: 87/92 起点被证伪，剩 5
DYN shard5: 8772 calls, 3648 refuted (42%)
probe[t=22s]: 87/92 起点被证伪，剩 5
DYN shard16: 9942 calls, 2867 refuted (29%)
probe[t=22s]: 87/92 起点被证伪，剩 5
DYN shard17: 9140 calls, 3800 refuted (42%)
probe[t=22s]: 87/92 起点被证伪，剩 5
DYN shard14: 8706 calls, 3673 refuted (42%)
probe[t=22s]: 87/92 起点被证伪，剩 5
DYN shard8: 9000 calls, 3740 refuted (42%)
probe[t=24s]: 87/92 起点被证伪，剩 5
DYN shard11: 9152 calls, 3819 refuted (42%)
probe[t=26s]: 87/92 起点被证伪，剩 5
DYN shard6: 8946 calls, 3429 refuted (38%)
probe[t=29s]: 87/92 起点被证伪，剩 5
DYN shard18: 9590 calls, 3738 refuted (39%)
probe[t=30s]: 87/92 起点被证伪，剩 5
DYN shard12: 9236 calls, 3620 refuted (39%)
probe[t=30s]: 87/92 起点被证伪，剩 5
DYN shard3: 9804 calls, 3728 refuted (38%)
probe[t=31s]: 87/92 起点被证伪，剩 5
DYN shard15: 9532 calls, 3669 refuted (38%)
probe[t=31s]: 87/92 起点被证伪，剩 5
DYN shard9: 9568 calls, 3756 refuted (39%)
probe[t=32s]: 87/92 起点被证伪，剩 5
DYN shard0: 9558 calls, 3750 refuted (39%)
STATS {"solved":1,"shard":13,"wall_s":69,"nodes_total":1788524,"nodes_win":1618510,"dth_liveend":0,"dth_estate":233630,"dth_reach":119014,"dth_dyn":22789,"dth_flow":0,"dth_geom":19131,"maxrss_kb":38632,"start_x":120,"start_y":155}
WINNER shard 13 tier 1 nodes 1618510
