有向预计算：走向已定 71849/158062 (45.5%) | 无向判定率 46.9% -> 60.1% (37054 -> 47479 / 79031 边)
有向预计算：走向已定 72416/158062 (45.8%) | 无向判定率 60.1% -> 60.4% (47479 -> 47699 / 79031 边)
有向预计算：走向已定 72439/158062 (45.8%) | 无向判定率 60.4% -> 60.4% (47699 -> 47708 / 79031 边)
有向预计算：走向已定 72439/158062 (45.8%) | 无向判定率 60.4% -> 60.4% (47708 -> 47708 / 79031 边)
全局阶段：固定 47708 条边，起点候选 11 / 55697 (0.0%)
adaptive PROPDEPTH=999999 (fixed 47708 / 79031 edges; 第一层存活率>=SURVDEEP%再升深层)
shard 0: swarm 模式（11 个候选全员上，随机顺序）
shard 1: swarm 模式（11 个候选全员上，随机顺序）
shard 2: swarm 模式（11 个候选全员上，随机顺序）
shard 3: swarm 模式（11 个候选全员上，随机顺序）
shard 4: swarm 模式（11 个候选全员上，随机顺序）
shard 5: swarm 模式（11 个候选全员上，随机顺序）
shard 6: swarm 模式（11 个候选全员上，随机顺序）
shard 7: swarm 模式（11 个候选全员上，随机顺序）
shard 8: swarm 模式（11 个候选全员上，随机顺序）
shard 9: swarm 模式（11 个候选全员上，随机顺序）
shard 10: swarm 模式（11 个候选全员上，随机顺序）
FRANK shard4: F降序
shard 4: 第一层存活 3/1 = 300%%, 第二层 开
FRANK shard7: F降序
shard 7: 第一层存活 3/1 = 300%%, 第二层 开
FRANK shard10: F降序
shard 10: 第一层存活 3/1 = 300%%, 第二层 开
FRANK shard8: F降序
shard 8: 第一层存活 3/1 = 300%%, 第二层 开
FRANK shard1: F降序
shard 1: 第一层存活 3/1 = 300%%, 第二层 开
FRANK shard9: F降序
shard 9: 第一层存活 3/1 = 300%%, 第二层 开
FRANK shard3: F降序
shard 3: 第一层存活 3/1 = 300%%, 第二层 开
FRANK shard2: F降序
shard 2: 第一层存活 3/1 = 300%%, 第二层 开
FRANK shard5: F降序
shard 5: 第一层存活 3/1 = 300%%, 第二层 开
FRANK shard6: F降序
shard 6: 第一层存活 3/1 = 300%%, 第二层 开
FRANK shard0: F降序
shard 0: 第一层存活 3/1 = 300%%, 第二层 开
probe[t=2s]: 8/11 起点被证伪，剩 3
DYN shard7: 4716 calls, 1340 refuted (28%)
probe[t=2s]: 8/11 起点被证伪，剩 3
DYN shard4: 4978 calls, 1385 refuted (28%)
STATS {"solved":1,"shard":7,"wall_s":3,"nodes_total":170054,"nodes_win":68044,"dth_liveend":0,"dth_estate":21238,"dth_reach":8226,"dth_dyn":2143,"dth_flow":0,"dth_geom":849,"maxrss_kb":32236,"start_x":70,"start_y":21}
WINNER shard 7 tier 3 nodes 68044
