有向预计算：走向已定 88358/195890 (45.1%) | 无向判定率 47.6% -> 60.5% (46624 -> 59262 / 97945 边)
有向预计算：走向已定 88756/195890 (45.3%) | 无向判定率 60.5% -> 60.7% (59262 -> 59484 / 97945 边)
有向预计算：走向已定 88756/195890 (45.3%) | 无向判定率 60.7% -> 60.7% (59484 -> 59485 / 97945 边)
有向预计算：走向已定 88756/195890 (45.3%) | 无向判定率 60.7% -> 60.7% (59485 -> 59485 / 97945 边)
全局阶段：固定 59485 条边，起点候选 110 / 69133 (0.2%)
adaptive PROPDEPTH=999999 (fixed 59485 / 97945 edges; 第一层存活率>=SURVDEEP%再升深层)
shard 0: swarm 模式（110 个候选全员上，随机顺序）
shard 1: swarm 模式（110 个候选全员上，随机顺序）
shard 2: swarm 模式（110 个候选全员上，随机顺序）
shard 3: swarm 模式（110 个候选全员上，随机顺序）
shard 9: swarm 模式（110 个候选全员上，随机顺序）
shard 4: swarm 模式（110 个候选全员上，随机顺序）
shard 5: swarm 模式（110 个候选全员上，随机顺序）
shard 6: swarm 模式（110 个候选全员上，随机顺序）
shard 15: swarm 模式（110 个候选全员上，随机顺序）
shard 7: swarm 模式（110 个候选全员上，随机顺序）
shard 8: swarm 模式（110 个候选全员上，随机顺序）
shard 10: swarm 模式（110 个候选全员上，随机顺序）
shard 11: swarm 模式（110 个候选全员上，随机顺序）
shard 12: swarm 模式（110 个候选全员上，随机顺序）
shard 13: swarm 模式（110 个候选全员上，随机顺序）
shard 14: swarm 模式（110 个候选全员上，随机顺序）
shard 16: swarm 模式（110 个候选全员上，随机顺序）
shard 17: swarm 模式（110 个候选全员上，随机顺序）
shard 18: swarm 模式（110 个候选全员上，随机顺序）
shard 19: swarm 模式（110 个候选全员上，随机顺序）
FRANK shard16: F降序
shard 16: 第一层存活 11/5 = 220%%, 第二层 开
FRANK shard17: F降序
shard 17: 第一层存活 11/5 = 220%%, 第二层 开
FRANK shard14: F降序
shard 14: 第一层存活 11/5 = 220%%, 第二层 开
FRANK shard2: F降序
shard 2: 第一层存活 11/6 = 183%%, 第二层 开
FRANK shard5: F降序
shard 5: 第一层存活 11/6 = 183%%, 第二层 开
FRANK shard15: F降序
shard 15: 第一层存活 11/5 = 220%%, 第二层 开
FRANK shard8: F降序
shard 8: 第一层存活 11/6 = 183%%, 第二层 开
FRANK shard0: F降序
shard 0: 第一层存活 11/6 = 183%%, 第二层 开
FRANK shard3: F降序
shard 3: 第一层存活 11/6 = 183%%, 第二层 开
FRANK shard11: F降序
shard 11: 第一层存活 11/5 = 220%%, 第二层 开
FRANK shard18: F降序
shard 18: 第一层存活 11/5 = 220%%, 第二层 开
FRANK shard6: F降序
shard 6: 第一层存活 11/6 = 183%%, 第二层 开
FRANK shard12: F降序
shard 12: 第一层存活 11/5 = 220%%, 第二层 开
FRANK shard9: F降序
shard 9: 第一层存活 11/6 = 183%%, 第二层 开
FRANK shard19: F降序
shard 19: 第一层存活 11/5 = 220%%, 第二层 开
FRANK shard10: F降序
shard 10: 第一层存活 11/5 = 220%%, 第二层 开
FRANK shard4: F降序
shard 4: 第一层存活 11/6 = 183%%, 第二层 开
FRANK shard1: F降序
shard 1: 第一层存活 11/6 = 183%%, 第二层 开
FRANK shard13: F降序
shard 13: 第一层存活 11/5 = 220%%, 第二层 开
FRANK shard7: F降序
shard 7: 第一层存活 11/6 = 183%%, 第二层 开
probe[t=13s]: 108/110 起点被证伪，剩 2
DYN shard16: 6620 calls, 1256 refuted (19%)
probe[t=14s]: 108/110 起点被证伪，剩 2
DYN shard14: 5840 calls, 1816 refuted (31%)
probe[t=14s]: 108/110 起点被证伪，剩 2
DYN shard5: 5864 calls, 1816 refuted (31%)
probe[t=14s]: 108/110 起点被证伪，剩 2
DYN shard2: 5914 calls, 1853 refuted (31%)
probe[t=15s]: 108/110 起点被证伪，剩 2
DYN shard8: 5956 calls, 1938 refuted (33%)
probe[t=15s]: 108/110 起点被证伪，剩 2
DYN shard17: 5740 calls, 1990 refuted (35%)
probe[t=15s]: 108/110 起点被证伪，剩 2
DYN shard3: 5792 calls, 1540 refuted (27%)
probe[t=16s]: 108/110 起点被证伪，剩 2
DYN shard6: 5800 calls, 1497 refuted (26%)
probe[t=16s]: 108/110 起点被证伪，剩 2
DYN shard10: 6790 calls, 1250 refuted (18%)
probe[t=16s]: 108/110 起点被证伪，剩 2
DYN shard11: 5888 calls, 1999 refuted (34%)
probe[t=16s]: 108/110 起点被证伪，剩 2
DYN shard15: 6150 calls, 1729 refuted (28%)
probe[t=16s]: 108/110 起点被证伪，剩 2
DYN shard18: 6362 calls, 1795 refuted (28%)
STATS {"solved":1,"shard":16,"wall_s":17,"nodes_total":243049,"nodes_win":128436,"dth_liveend":0,"dth_estate":31190,"dth_reach":15647,"dth_dyn":2520,"dth_flow":0,"dth_geom":2673,"maxrss_kb":40176,"start_x":194,"start_y":172}
WINNER shard 16 tier 0 nodes 128436
