有向预计算：走向已定 71911/161460 (44.5%) | 无向判定率 47.2% -> 59.9% (38100 -> 48380 / 80730 边)
有向预计算：走向已定 72438/161460 (44.9%) | 无向判定率 59.9% -> 60.2% (48380 -> 48583 / 80730 边)
有向预计算：走向已定 72438/161460 (44.9%) | 无向判定率 60.2% -> 60.2% (48583 -> 48583 / 80730 边)
全局阶段：固定 48583 条边，起点候选 20 / 56882 (0.0%)
adaptive PROPDEPTH=999999 (fixed 48583 / 80730 edges; 第一层存活率>=SURVDEEP%再升深层)
shard 0: swarm 模式（20 个候选全员上，随机顺序）
shard 1: swarm 模式（20 个候选全员上，随机顺序）
shard 2: swarm 模式（20 个候选全员上，随机顺序）
shard 3: swarm 模式（20 个候选全员上，随机顺序）
shard 4: swarm 模式（20 个候选全员上，随机顺序）
shard 5: swarm 模式（20 个候选全员上，随机顺序）
shard 6: swarm 模式（20 个候选全员上，随机顺序）
shard 7: swarm 模式（20 个候选全员上，随机顺序）
shard 8: swarm 模式（20 个候选全员上，随机顺序）
shard 9: swarm 模式（20 个候选全员上，随机顺序）
shard 10: swarm 模式（20 个候选全员上，随机顺序）
shard 11: swarm 模式（20 个候选全员上，随机顺序）
shard 12: swarm 模式（20 个候选全员上，随机顺序）
shard 13: swarm 模式（20 个候选全员上，随机顺序）
shard 14: swarm 模式（20 个候选全员上，随机顺序）
shard 15: swarm 模式（20 个候选全员上，随机顺序）
shard 16: swarm 模式（20 个候选全员上，随机顺序）
shard 17: swarm 模式（20 个候选全员上，随机顺序）
shard 18: swarm 模式（20 个候选全员上，随机顺序）
shard 19: swarm 模式（20 个候选全员上，随机顺序）
FRANK shard1: F降序
shard 1: 第一层存活 2/1 = 200%%, 第二层 开
FRANK shard7: F降序
shard 7: 第一层存活 2/1 = 200%%, 第二层 开
FRANK shard16: F降序
shard 16: 第一层存活 2/1 = 200%%, 第二层 开
FRANK shard4: F降序
shard 4: 第一层存活 2/1 = 200%%, 第二层 开
FRANK shard10: F降序
shard 10: 第一层存活 2/1 = 200%%, 第二层 开
FRANK shard13: F降序
shard 13: 第一层存活 2/1 = 200%%, 第二层 开
FRANK shard19: F降序
shard 19: 第一层存活 2/1 = 200%%, 第二层 开
FRANK shard8: F降序
shard 8: 第一层存活 2/1 = 200%%, 第二层 开
FRANK shard14: F降序
shard 14: 第一层存活 2/1 = 200%%, 第二层 开
FRANK shard17: F降序
shard 17: 第一层存活 2/1 = 200%%, 第二层 开
FRANK shard2: F降序
shard 2: 第一层存活 2/1 = 200%%, 第二层 开
FRANK shard9: F降序
shard 9: 第一层存活 2/1 = 200%%, 第二层 开
FRANK shard11: F降序
shard 11: 第一层存活 2/1 = 200%%, 第二层 开
FRANK shard5: F降序
shard 5: 第一层存活 2/1 = 200%%, 第二层 开
FRANK shard6: F降序
shard 6: 第一层存活 2/1 = 200%%, 第二层 开
FRANK shard3: F降序
shard 3: 第一层存活 2/1 = 200%%, 第二层 开
FRANK shard12: F降序
shard 12: 第一层存活 2/1 = 200%%, 第二层 开
FRANK shard0: F降序
shard 0: 第一层存活 2/1 = 200%%, 第二层 开
FRANK shard18: F降序
shard 18: 第一层存活 2/1 = 200%%, 第二层 开
FRANK shard15: F降序
shard 15: 第一层存活 2/1 = 200%%, 第二层 开
probe[t=5s]: 18/20 起点被证伪，剩 2
DYN shard1: 3126 calls, 694 refuted (22%)
probe[t=6s]: 18/20 起点被证伪，剩 2
DYN shard7: 3340 calls, 680 refuted (20%)
probe[t=6s]: 18/20 起点被证伪，剩 2
DYN shard10: 3160 calls, 661 refuted (21%)
probe[t=8s]: 18/20 起点被证伪，剩 2
DYN shard8: 3206 calls, 1065 refuted (33%)
probe[t=8s]: 18/20 起点被证伪，剩 2
DYN shard13: 3500 calls, 700 refuted (20%)
probe[t=8s]: 18/20 起点被证伪，剩 2
DYN shard4: 3434 calls, 700 refuted (20%)
probe[t=8s]: 18/20 起点被证伪，剩 2
DYN shard14: 3266 calls, 1100 refuted (34%)
probe[t=8s]: 18/20 起点被证伪，剩 2
DYN shard6: 3034 calls, 850 refuted (28%)
probe[t=8s]: 18/20 起点被证伪，剩 2
DYN shard2: 3138 calls, 1152 refuted (37%)
probe[t=8s]: 18/20 起点被证伪，剩 2
DYN shard5: 3206 calls, 1145 refuted (36%)
probe[t=8s]: 18/20 起点被证伪，剩 2
DYN shard17: 3292 calls, 1108 refuted (34%)
probe[t=9s]: 18/20 起点被证伪，剩 2
DYN shard11: 3414 calls, 1166 refuted (34%)
probe[t=9s]: 18/20 起点被证伪，剩 2
DYN shard3: 3030 calls, 805 refuted (27%)
probe[t=9s]: 18/20 起点被证伪，剩 2
DYN shard9: 3380 calls, 846 refuted (25%)
probe[t=10s]: 18/20 起点被证伪，剩 2
DYN shard12: 3244 calls, 819 refuted (25%)
probe[t=10s]: 18/20 起点被证伪，剩 2
DYN shard18: 3160 calls, 826 refuted (26%)
probe[t=10s]: 18/20 起点被证伪，剩 2
DYN shard15: 3312 calls, 849 refuted (26%)
probe[t=11s]: 18/20 起点被证伪，剩 2
DYN shard19: 3338 calls, 671 refuted (20%)
probe[t=11s]: 18/20 起点被证伪，剩 2
DYN shard16: 3400 calls, 675 refuted (20%)
probe[t=11s]: 18/20 起点被证伪，剩 2
DYN shard0: 3024 calls, 800 refuted (26%)
STATS {"solved":1,"shard":7,"wall_s":18,"nodes_total":211882,"nodes_win":141629,"dth_liveend":0,"dth_estate":26027,"dth_reach":13530,"dth_dyn":2004,"dth_flow":0,"dth_geom":2042,"maxrss_kb":33136,"start_x":184,"start_y":138}
WINNER shard 7 tier 3 nodes 141629
