有向预计算：走向已定 71693/166056 (43.2%) | 无向判定率 45.8% -> 58.6% (38045 -> 48661 / 83028 边)
有向预计算：走向已定 72145/166056 (43.4%) | 无向判定率 58.6% -> 58.8% (48661 -> 48844 / 83028 边)
有向预计算：走向已定 72145/166056 (43.4%) | 无向判定率 58.8% -> 58.8% (48844 -> 48844 / 83028 边)
全局阶段：固定 48844 条边，起点候选 80 / 58182 (0.1%)
adaptive PROPDEPTH=999999 (fixed 48844 / 83028 edges; 第一层存活率>=SURVDEEP%再升深层)
shard 0: swarm 模式（80 个候选全员上，随机顺序）
shard 1: swarm 模式（80 个候选全员上，随机顺序）
shard 2: swarm 模式（80 个候选全员上，随机顺序）
shard 3: swarm 模式（80 个候选全员上，随机顺序）
shard 11: swarm 模式（80 个候选全员上，随机顺序）
shard 4: swarm 模式（80 个候选全员上，随机顺序）
shard 5: swarm 模式（80 个候选全员上，随机顺序）
shard 6: swarm 模式（80 个候选全员上，随机顺序）
shard 7: swarm 模式（80 个候选全员上，随机顺序）
shard 8: swarm 模式（80 个候选全员上，随机顺序）
shard 9: swarm 模式（80 个候选全员上，随机顺序）
shard 10: swarm 模式（80 个候选全员上，随机顺序）
shard 12: swarm 模式（80 个候选全员上，随机顺序）
shard 13: swarm 模式（80 个候选全员上，随机顺序）
shard 14: swarm 模式（80 个候选全员上，随机顺序）
shard 15: swarm 模式（80 个候选全员上，随机顺序）
shard 16: swarm 模式（80 个候选全员上，随机顺序）
shard 17: swarm 模式（80 个候选全员上，随机顺序）
shard 18: swarm 模式（80 个候选全员上，随机顺序）
shard 19: swarm 模式（80 个候选全员上，随机顺序）
FRANK shard8: F降序
shard 8: 第一层存活 3/4 = 75%%, 第二层 开
FRANK shard14: F降序
shard 14: 第一层存活 3/4 = 75%%, 第二层 开
FRANK shard5: F降序
shard 5: 第一层存活 3/4 = 75%%, 第二层 开
FRANK shard17: F降序
shard 17: 第一层存活 3/4 = 75%%, 第二层 开
FRANK shard15: F降序
shard 15: 第一层存活 3/4 = 75%%, 第二层 开
FRANK shard6: F降序
shard 6: 第一层存活 3/4 = 75%%, 第二层 开
FRANK shard9: F降序
shard 9: 第一层存活 3/4 = 75%%, 第二层 开
FRANK shard3: F降序
shard 3: 第一层存活 3/4 = 75%%, 第二层 开
FRANK shard18: F降序
shard 18: 第一层存活 3/4 = 75%%, 第二层 开
FRANK shard0: F降序
shard 0: 第一层存活 3/4 = 75%%, 第二层 开
FRANK shard12: F降序
shard 12: 第一层存活 3/4 = 75%%, 第二层 开
FRANK shard11: F降序
shard 11: 第一层存活 3/4 = 75%%, 第二层 开
FRANK shard2: F降序
shard 2: 第一层存活 3/4 = 75%%, 第二层 开
FRANK shard16: F降序
shard 16: 第一层存活 3/4 = 75%%, 第二层 开
FRANK shard4: F降序
shard 4: 第一层存活 3/4 = 75%%, 第二层 开
FRANK shard1: F降序
shard 1: 第一层存活 3/4 = 75%%, 第二层 开
FRANK shard19: F降序
shard 19: 第一层存活 3/4 = 75%%, 第二层 开
FRANK shard13: F降序
shard 13: 第一层存活 3/4 = 75%%, 第二层 开
FRANK shard10: F降序
shard 10: 第一层存活 3/4 = 75%%, 第二层 开
FRANK shard7: F降序
shard 7: 第一层存活 3/4 = 75%%, 第二层 开
probe[t=14s]: 77/80 起点被证伪，剩 3
DYN shard4: 5883 calls, 1526 refuted (26%)
probe[t=16s]: 77/80 起点被证伪，剩 3
DYN shard11: 5117 calls, 2119 refuted (41%)
probe[t=17s]: 77/80 起点被证伪，剩 3
DYN shard8: 5849 calls, 2245 refuted (38%)
probe[t=18s]: 77/80 起点被证伪，剩 3
DYN shard9: 5393 calls, 1833 refuted (34%)
probe[t=18s]: 77/80 起点被证伪，剩 3
DYN shard18: 5459 calls, 1856 refuted (34%)
probe[t=18s]: 77/80 起点被证伪，剩 3
DYN shard1: 6391 calls, 1314 refuted (21%)
probe[t=18s]: 77/80 起点被证伪，剩 3
DYN shard19: 6235 calls, 1565 refuted (25%)
probe[t=18s]: 77/80 起点被证伪，剩 3
DYN shard12: 5533 calls, 1877 refuted (34%)
probe[t=18s]: 77/80 起点被证伪，剩 3
DYN shard17: 5495 calls, 2082 refuted (38%)
probe[t=19s]: 77/80 起点被证伪，剩 3
DYN shard7: 6079 calls, 1589 refuted (26%)
probe[t=19s]: 77/80 起点被证伪，剩 3
DYN shard5: 5237 calls, 2149 refuted (41%)
probe[t=19s]: 77/80 起点被证伪，剩 3
DYN shard13: 5855 calls, 1328 refuted (23%)
probe[t=19s]: 77/80 起点被证伪，剩 3
DYN shard14: 5297 calls, 2169 refuted (41%)
probe[t=19s]: 77/80 起点被证伪，剩 3
DYN shard0: 5811 calls, 1950 refuted (34%)
probe[t=19s]: 77/80 起点被证伪，剩 3
DYN shard3: 6463 calls, 2091 refuted (32%)
probe[t=20s]: 77/80 起点被证伪，剩 3
DYN shard2: 5719 calls, 2209 refuted (39%)
probe[t=20s]: 77/80 起点被证伪，剩 3
DYN shard10: 6169 calls, 1390 refuted (23%)
probe[t=20s]: 77/80 起点被证伪，剩 3
DYN shard16: 5951 calls, 1577 refuted (26%)
probe[t=22s]: 77/80 起点被证伪，剩 3
DYN shard6: 6739 calls, 2145 refuted (32%)
probe[t=22s]: 77/80 起点被证伪，剩 3
DYN shard15: 6807 calls, 2158 refuted (32%)
STATS {"solved":1,"shard":1,"wall_s":27,"nodes_total":227735,"nodes_win":118720,"dth_liveend":0,"dth_estate":29989,"dth_reach":15171,"dth_dyn":2419,"dth_flow":0,"dth_geom":2484,"maxrss_kb":34252,"start_x":29,"start_y":67}
WINNER shard 1 tier 1 nodes 118720
