有向预计算：走向已定 65684/144554 (45.4%) | 无向判定率 46.4% -> 59.8% (33516 -> 43240 / 72277 边)
有向预计算：走向已定 65734/144554 (45.5%) | 无向判定率 59.8% -> 60.0% (43240 -> 43334 / 72277 边)
有向预计算：走向已定 65734/144554 (45.5%) | 无向判定率 60.0% -> 60.0% (43334 -> 43334 / 72277 边)
全局阶段：固定 43334 条边，起点候选 135 / 50909 (0.3%)
adaptive PROPDEPTH=999999 (fixed 43334 / 72277 edges; 第一层存活率>=SURVDEEP%再升深层)
FRANK shard5: F降序
shard 5: 第一层存活 0/7 = 0%%, 第二层 跳过
probe[t=0s]: 135/135 起点被证伪，剩 0
no solution found
STATS {"solved":0,"shard":5,"wall_s":0,"nodes_total":0,"nodes_win":-1,"dth_liveend":0,"dth_estate":0,"dth_reach":0,"dth_dyn":0,"dth_flow":0,"dth_geom":0,"maxrss_kb":13100,"start_x":-1,"start_y":-1}
FRANK shard15: F降序
FRANK shard16: F降序
shard 16: 第一层存活 0/6 = 0%%, 第二层 跳过
shard 15: 第一层存活 0/6 = 0%%, 第二层 跳过
probe[t=0s]: 135/135 起点被证伪，剩 0
probe[t=0s]: 135/135 起点被证伪，剩 0
no solution found
STATS {"solved":0,"shard":16,"wall_s":0,"nodes_total":0,"nodes_win":-1,"dth_liveend":0,"dth_estate":0,"dth_reach":0,"dth_dyn":0,no solution found
"dth_flow":0,"dth_geom":0,"maxrss_kb":13100,"start_x":-1,"start_y":-1}
STATS {"solved":0,"shard":15,"wall_s":0,"nodes_total":0,"nodes_win":-1,"dth_liveend":0,"dth_estate":0,"dth_reach":0,"dth_dyn":0,"dth_flow":0,"dth_geom":0,"maxrss_kb":13100,"start_x":-1,"start_y":-1}
FRANK shard8: F降序
shard 8: 第一层存活 0/7 = 0%%, 第二层 跳过
probe[t=0s]: 135/135 起点被证伪，剩 0
no solution found
STATS {"solved":0,"shard":8,"wall_s":0,"nodes_total":0,"nodes_win":-1,"dth_liveend":0,"dth_estate":0,"dth_reach":0,"dth_dyn":0,"dth_flow":0,"dth_geom":0,"maxrss_kb":13100,"start_x":-1,"start_y":-1}
FRANK shard3: F降序
shard 3: 第一层存活 0/7 = 0%%, 第二层 跳过
probe[t=0s]: 135/135 起点被证伪，剩 0
no solution found
STATS {"solved":0,"shard":3,"wall_s":0,"nodes_total":7,"nodes_win":-1,"dth_liveend":0,"dth_estate":8,"dth_reach":0,"dth_dyn":0,"FRANK shard19: F降序
dth_flow":0,"dth_geom":2,"maxrss_kb":13812,"start_x":-1,"start_y":-1}
FRANK shard1: F降序
shard 1: 第一层存活 0/7 = 0%%, 第二层 跳过
shard 19: 第一层存活 0/6 = 0%%, 第二层 跳过
probe[t=0s]: 135/135 起点被证伪，剩 0
probe[t=0s]: 135/135 起点被证伪，剩 0
no solution found
no solution found
STATS {"solved":0,"shard":19,"wall_s":0,"nodes_total":0,"nodes_win":-1,"dth_liveend":0,"dth_estate":0,"dth_reach":0,"dth_dyn":0,STATS {"solved":0,"shard":1,"wall_s":0,"nodes_total":0,"nodes_win":-1,"dth_liveend":0,"dth_estate":0,"dth_reach":0,"dth_dyn":0,"dth_flow":0,"dth_geom":0,"maxrss_kb":13100,"start_x":-1,"start_y":-1}
"dth_flow":0,"dth_geom":0,"maxrss_kb":13100,"start_x":-1,"start_y":-1}
FRANK shard11: F降序
shard 11: 第一层存活 0/7 = 0%%, 第二层 跳过
probe[t=0s]: 135/135 起点被证伪，剩 0
no solution found
STATS {"solved":0,"shard":11,"wall_s":0,"nodes_total":0,"nodes_win":-1,"dth_liveend":0,"dth_estate":0,"dth_reach":0,"dth_dyn":0,"dth_flow":0,"dth_geom":0,"maxrss_kb":13076,"start_x":-1,"start_y":-1}
FRANK shard17: F降序
shard 17: 第一层存活 0/6 = 0%%, 第二层 跳过
FRANK shard14: F降序
shard 14: 第一层存活 0/7 = 0%%, 第二层 跳过
FRANK shard7: F降序
shard 7: 第一层存活 0/7 = 0%%, 第二层 跳过
probe[t=0s]: 135/135 起点被证伪，剩 0
no solution found
FRANK shard4: F降序
shard 4: 第一层存活 0/7 = 0%%, 第二层 跳过
probe[t=0s]: 135/135 起点被证伪，剩 0
probe[t=0s]: 135/135 起点被证伪，剩 0
no solution found
STATS {"solved":0,"shard":17,"wall_s":0,"nodes_total":33,"nodes_win":-1,"dth_liveend":0,"dth_estate":10,"dth_reach":4,"dth_dyn":0,"dth_flow":0,"dth_geom":1,"maxrss_kb":13812,"start_x":-1,"start_y":-1}
probe[t=0s]: 135/135 起点被证伪，剩 0
no solution found
no solution found
STATS {"solved":0,"shard":14,"wall_s":0,"nodes_total":9,"nodes_win":-1,"dth_liveend":0,"dth_estate":2,"dth_reach":2,"dth_dyn":2,STATS {"solved":0,"shard":7,"wall_s":0,"nodes_total":4,"nodes_win":-1,"dth_liveend":0,"dth_estate":3,"dth_reach":2,"dth_dyn":0,"dth_flow":0,"dth_geom":1,"maxrss_kb":13812,"start_x":-1,"start_y":-1}
STATS {"solved":0,"shard":4,"wall_s":0,"nodes_total":7,"nodes_win":-1,"dth_liveend":0,"dth_estate":3,"dth_reach":2,"dth_dyn":0,"dth_flow":0,"dth_geom":1,"maxrss_kb":13812,"start_x":-1,"start_y":-1}
"dth_flow":0,"dth_geom":2,"maxrss_kb":15156,"start_x":-1,"start_y":-1}
FRANK shard18: F降序
shard 18: 第一层存活 0/6 = 0%%, 第二层 跳过
probe[t=0s]: 135/135 起点被证伪，剩 0
no solution found
STATS {"solved":0,"shard":18,"wall_s":0,"nodes_total":3,"nodes_win":-1,"dth_liveend":0,"dth_estate":4,"dth_reach":0,"dth_dyn":0,"dth_flow":0,"dth_geom":1,"maxrss_kb":13812,"start_x":-1,"start_y":-1}
FRANK shard6: F降序
shard 6: 第一层存活 0/7 = 0%%, 第二层 跳过
probe[t=0s]: 135/135 起点被证伪，剩 0
no solution found
STATS {"solved":0,"shard":6,"wall_s":0,"nodes_total":237,"nodes_win":-1,"dth_liveend":0,"dth_estate":57,"dth_reach":13,"dth_dyn":0,"dth_flow":0,"dth_geom":6,"maxrss_kb":17396,"start_x":-1,"start_y":-1}
FRANK shard2: F降序
shard 2: 第一层存活 0/7 = 0%%, 第二层 跳过
probe[t=0s]: 135/135 起点被证伪，剩 0
no solution found
STATS {"solved":0,"shard":2,"wall_s":0,"nodes_total":358,"nodes_win":-1,"dth_liveend":0,"dth_estate":59,"dth_reach":25,"dth_dyn":9,"dth_flow":0,"dth_geom":7,"maxrss_kb":17844,"start_x":-1,"start_y":-1}
FRANK shard10: F降序
shard 10: 第一层存活 1/7 = 14%%, 第二层 跳过
probe[t=0s]: 134/135 起点被证伪，剩 1
DYN shard10: 76 calls, 19 refuted (25%)
FRANK shard13: F降序
shard 13: 第一层存活 1/7 = 14%%, 第二层 跳过
probe[t=0s]: 134/135 起点被证伪，剩 1
DYN shard13: 102 calls, 20 refuted (20%)
FRANK shard12: F降序
shard 12: 第一层存活 1/7 = 14%%, 第二层 跳过
probe[t=1s]: 134/135 起点被证伪，剩 1
DYN shard12: 82 calls, 20 refuted (24%)
FRANK shard9: F降序
shard 9: 第一层存活 1/7 = 14%%, 第二层 跳过
probe[t=1s]: 134/135 起点被证伪，剩 1
DYN shard9: 82 calls, 19 refuted (23%)
FRANK shard0: F降序
shard 0: 第一层存活 1/7 = 14%%, 第二层 跳过
probe[t=1s]: 134/135 起点被证伪，剩 1
DYN shard0: 162 calls, 48 refuted (30%)
no solution found
STATS {"solved":0,"shard":0,"wall_s":4,"nodes_total":21540,"nodes_win":-1,"dth_liveend":0,"dth_estate":2970,"dth_reach":1426,"dth_dyn":506,"dth_flow":0,"dth_geom":248,"maxrss_kb":18508,"start_x":-1,"start_y":-1}
no solution found
STATS {"solved":0,"shard":13,"wall_s":4,"nodes_total":86233,"nodes_win":-1,"dth_liveend":0,"dth_estate":10865,"dth_reach":5651,"dth_dyn":882,"dth_flow":0,"dth_geom":871,"maxrss_kb":20980,"start_x":-1,"start_y":-1}
STATS {"solved":1,"shard":10,"wall_s":44,"nodes_total":1006054,"nodes_win":1004053,"dth_liveend":0,"dth_estate":133870,"dth_reach":64205,"dth_dyn":10637,"dth_flow":0,"dth_geom":12537,"maxrss_kb":28596,"start_x":234,"start_y":231}
