有向预计算：走向已定 91657/208344 (44.0%) | 无向判定率 46.7% -> 59.3% (48603 -> 61817 / 104172 边)
有向预计算：走向已定 92061/208344 (44.2%) | 无向判定率 59.3% -> 59.6% (61817 -> 62052 / 104172 边)
有向预计算：走向已定 92065/208344 (44.2%) | 无向判定率 59.6% -> 59.6% (62052 -> 62052 / 104172 边)
全局阶段：固定 62052 条边，起点候选 11 / 73321 (0.0%)
adaptive PROPDEPTH=999999 (fixed 62052 / 104172 edges; 第一层存活率>=SURVDEEP%再升深层)
shard 0: swarm 模式（11 个候选全员上，随机顺序）
shard 1: swarm 模式（11 个候选全员上，随机顺序）
shard 3: swarm 模式（11 个候选全员上，随机顺序）
shard 2: swarm 模式（11 个候选全员上，随机顺序）
shard 4: swarm 模式（11 个候选全员上，随机顺序）
shard 5: swarm 模式（11 个候选全员上，随机顺序）
shard 6: swarm 模式（11 个候选全员上，随机顺序）
shard 7: swarm 模式（11 个候选全员上，随机顺序）
shard 8: swarm 模式（11 个候选全员上，随机顺序）
shard 9: swarm 模式（11 个候选全员上，随机顺序）
shard 10: swarm 模式（11 个候选全员上，随机顺序）
FRANK shard7: F降序
shard 7: 第一层存活 7/1 = 700%%, 第二层 开
FRANK shard4: F降序
shard 4: 第一层存活 7/1 = 700%%, 第二层 开
FRANK shard1: F降序
shard 1: 第一层存活 7/1 = 700%%, 第二层 开
FRANK shard10: F降序
shard 10: 第一层存活 7/1 = 700%%, 第二层 开
FRANK shard9: F降序
shard 9: 第一层存活 7/1 = 700%%, 第二层 开
FRANK shard2: F降序
shard 2: 第一层存活 7/1 = 700%%, 第二层 开
FRANK shard5: F降序
shard 5: 第一层存活 7/1 = 700%%, 第二层 开
FRANK shard8: F降序
shard 8: 第一层存活 7/1 = 700%%, 第二层 开
FRANK shard6: F降序
shard 6: 第一层存活 7/1 = 700%%, 第二层 开
FRANK shard3: F降序
shard 3: 第一层存活 7/1 = 700%%, 第二层 开
FRANK shard0: F降序
shard 0: 第一层存活 7/1 = 700%%, 第二层 开
probe[t=20s]: 4/11 起点被证伪，剩 7
DYN shard2: 10606 calls, 4228 refuted (40%)
probe[t=20s]: 4/11 起点被证伪，剩 7
DYN shard8: 10682 calls, 4271 refuted (40%)
probe[t=21s]: 4/11 起点被证伪，剩 7
DYN shard7: 10822 calls, 2890 refuted (27%)
probe[t=22s]: 4/11 起点被证伪，剩 7
DYN shard5: 10714 calls, 4265 refuted (40%)
probe[t=22s]: 4/11 起点被证伪，剩 7
DYN shard1: 10808 calls, 2881 refuted (27%)
probe[t=25s]: 4/11 起点被证伪，剩 7
DYN shard4: 10876 calls, 2862 refuted (26%)
probe[t=26s]: 4/11 起点被证伪，剩 7
DYN shard10: 10658 calls, 2884 refuted (27%)
probe[t=26s]: 4/11 起点被证伪，剩 7
DYN shard0: 11618 calls, 3728 refuted (32%)
probe[t=29s]: 4/11 起点被证伪，剩 7
DYN shard3: 11288 calls, 3372 refuted (30%)
probe[t=37s]: 4/11 起点被证伪，剩 7
DYN shard9: 10928 calls, 3157 refuted (29%)
STATS {"solved":1,"shard":2,"wall_s":39,"nodes_total":472714,"nodes_win":234693,"dth_liveend":0,"dth_estate":61885,"dth_reach":21411,"dth_dyn":8521,"dth_flow":0,"dth_geom":1620,"maxrss_kb":43712,"start_x":329,"start_y":164}
WINNER shard 2 tier 2 nodes 234693
