有向预计算：走向已定 130266/323026 (40.3%) | 无向判定率 46.1% -> 57.5% (74442 -> 92941 / 161513 边)
有向预计算：走向已定 130721/323026 (40.5%) | 无向判定率 57.5% -> 57.7% (92941 -> 93185 / 161513 边)
有向预计算：走向已定 130722/323026 (40.5%) | 无向判定率 57.7% -> 57.7% (93185 -> 93191 / 161513 边)
有向预计算：走向已定 130722/323026 (40.5%) | 无向判定率 57.7% -> 57.7% (93191 -> 93191 / 161513 边)
全局阶段：固定 93191 条边，起点候选 268 / 113307 (0.2%)
adaptive PROPDEPTH=999999 (fixed 93191 / 161513 edges; 第一层存活率>=SURVDEEP%再升深层)
FRANK shard2: F降序
shard 2: 第一层存活 6/67 = 8%%, 第二层 跳过
probe[t=8s]: 262/268 起点被证伪，剩 6
DYN shard2: 935 calls, 351 refuted (38%)
FRANK shard3: F降序
shard 3: 第一层存活 13/67 = 19%%, 第二层 跳过
probe[t=14s]: 255/268 起点被证伪，剩 13
DYN shard3: 2007 calls, 523 refuted (26%)
FRANK shard0: F降序
shard 0: 第一层存活 18/67 = 26%%, 第二层 跳过
probe[t=18s]: 250/268 起点被证伪，剩 18
DYN shard0: 2597 calls, 722 refuted (28%)
FRANK shard1: F降序
shard 1: 第一层存活 18/67 = 26%%, 第二层 跳过
probe[t=20s]: 250/268 起点被证伪，剩 18
DYN shard1: 3091 calls, 879 refuted (28%)
