有向预计算：走向已定 85031/202024 (42.1%) | 无向判定率 46.7% -> 58.6% (47177 -> 59231 / 101012 边)
有向预计算：走向已定 85334/202024 (42.2%) | 无向判定率 58.6% -> 58.8% (59231 -> 59411 / 101012 边)
有向预计算：走向已定 85338/202024 (42.2%) | 无向判定率 58.8% -> 58.8% (59411 -> 59412 / 101012 边)
有向预计算：走向已定 85338/202024 (42.2%) | 无向判定率 58.8% -> 58.8% (59412 -> 59412 / 101012 边)
全局阶段：固定 59412 条边，起点候选 24 / 71045 (0.0%)
adaptive PROPDEPTH=999999 (fixed 59412 / 101012 edges; 第一层存活率>=SURVDEEP%再升深层)
shard 0: swarm 模式（24 个候选全员上，随机顺序）
shard 1: swarm 模式（24 个候选全员上，随机顺序）
shard 2: swarm 模式（24 个候选全员上，随机顺序）
shard 3: swarm 模式（24 个候选全员上，随机顺序）
shard 4: swarm 模式（24 个候选全员上，随机顺序）
shard 5: swarm 模式（24 个候选全员上，随机顺序）
shard 6: swarm 模式（24 个候选全员上，随机顺序）
shard 7: swarm 模式（24 个候选全员上，随机顺序）
shard 8: swarm 模式（24 个候选全员上，随机顺序）
shard 9: swarm 模式（24 个候选全员上，随机顺序）
shard 16: swarm 模式（24 个候选全员上，随机顺序）
shard 10: swarm 模式（24 个候选全员上，随机顺序）
shard 18: swarm 模式（24 个候选全员上，随机顺序）
shard 11: swarm 模式（24 个候选全员上，随机顺序）
shard 12: swarm 模式（24 个候选全员上，随机顺序）
shard 13: swarm 模式（24 个候选全员上，随机顺序）
shard 14: swarm 模式（24 个候选全员上，随机顺序）
shard 15: swarm 模式（24 个候选全员上，随机顺序）
shard 17: swarm 模式（24 个候选全员上，随机顺序）
shard 19: swarm 模式（24 个候选全员上，随机顺序）
FRANK shard1: F降序
shard 1: 第一层存活 4/2 = 200%%, 第二层 开
FRANK shard19: F降序
shard 19: 第一层存活 4/1 = 400%%, 第二层 开
FRANK shard4: F降序
shard 4: 第一层存活 4/1 = 400%%, 第二层 开
FRANK shard10: F降序
shard 10: 第一层存活 4/1 = 400%%, 第二层 开
FRANK shard7: F降序
shard 7: 第一层存活 4/1 = 400%%, 第二层 开
FRANK shard13: F降序
shard 13: 第一层存活 4/1 = 400%%, 第二层 开
FRANK shard2: F降序
shard 2: 第一层存活 4/2 = 200%%, 第二层 开
FRANK shard5: F降序
shard 5: 第一层存活 4/1 = 400%%, 第二层 开
FRANK shard16: F降序
shard 16: 第一层存活 4/1 = 400%%, 第二层 开
FRANK shard15: F降序
shard 15: 第一层存活 4/1 = 400%%, 第二层 开
FRANK shard17: F降序
shard 17: 第一层存活 4/1 = 400%%, 第二层 开
FRANK shard3: F降序
shard 3: 第一层存活 4/2 = 200%%, 第二层 开
FRANK shard0: F降序
shard 0: 第一层存活 4/2 = 200%%, 第二层 开
FRANK shard8: F降序
shard 8: 第一层存活 4/1 = 400%%, 第二层 开
FRANK shard11: F降序
shard 11: 第一层存活 4/1 = 400%%, 第二层 开
FRANK shard6: F降序
shard 6: 第一层存活 4/1 = 400%%, 第二层 开
FRANK shard12: F降序
shard 12: 第一层存活 4/1 = 400%%, 第二层 开
FRANK shard9: F降序
shard 9: 第一层存活 4/1 = 400%%, 第二层 开
FRANK shard14: F降序
shard 14: 第一层存活 4/1 = 400%%, 第二层 开
FRANK shard18: F降序
shard 18: 第一层存活 4/1 = 400%%, 第二层 开
probe[t=10s]: 20/24 起点被证伪，剩 4
DYN shard7: 7573 calls, 1869 refuted (25%)
probe[t=12s]: 20/24 起点被证伪，剩 4
DYN shard1: 8175 calls, 2197 refuted (27%)
probe[t=13s]: 20/24 起点被证伪，剩 4
DYN shard19: 9087 calls, 2425 refuted (27%)
probe[t=15s]: 20/24 起点被证伪，剩 4
DYN shard4: 7909 calls, 2125 refuted (27%)
probe[t=16s]: 20/24 起点被证伪，剩 4
DYN shard17: 7543 calls, 2684 refuted (36%)
probe[t=16s]: 20/24 起点被证伪，剩 4
DYN shard2: 8269 calls, 3036 refuted (37%)
probe[t=18s]: 20/24 起点被证伪，剩 4
DYN shard14: 7507 calls, 2711 refuted (36%)
probe[t=18s]: 20/24 起点被证伪，剩 4
DYN shard0: 8207 calls, 2239 refuted (27%)
probe[t=19s]: 20/24 起点被证伪，剩 4
DYN shard16: 7773 calls, 1960 refuted (25%)
probe[t=19s]: 20/24 起点被证伪，剩 4
DYN shard10: 8823 calls, 2342 refuted (27%)
probe[t=19s]: 20/24 起点被证伪，剩 4
DYN shard5: 8451 calls, 3158 refuted (37%)
probe[t=19s]: 20/24 起点被证伪，剩 4
DYN shard18: 8277 calls, 2315 refuted (28%)
probe[t=19s]: 20/24 起点被证伪，剩 4
DYN shard11: 8313 calls, 3068 refuted (37%)
probe[t=20s]: 20/24 起点被证伪，剩 4
DYN shard3: 7813 calls, 2130 refuted (27%)
probe[t=20s]: 20/24 起点被证伪，剩 4
DYN shard8: 9463 calls, 3530 refuted (37%)
probe[t=21s]: 20/24 起点被证伪，剩 4
DYN shard13: 8447 calls, 2217 refuted (26%)
probe[t=22s]: 20/24 起点被证伪，剩 4
DYN shard9: 7273 calls, 1993 refuted (27%)
probe[t=24s]: 20/24 起点被证伪，剩 4
DYN shard15: 7275 calls, 2073 refuted (28%)
probe[t=35s]: 20/24 起点被证伪，剩 4
DYN shard12: 7899 calls, 2132 refuted (27%)
probe[t=36s]: 20/24 起点被证伪，剩 4
DYN shard6: 7271 calls, 1994 refuted (27%)
STATS {"solved":1,"shard":16,"wall_s":61,"nodes_total":583263,"nodes_win":445971,"dth_liveend":0,"dth_estate":75029,"dth_reach":39654,"dth_dyn":9846,"dth_flow":0,"dth_geom":6487,"maxrss_kb":41220,"start_x":124,"start_y":187}
WINNER shard 16 tier 0 nodes 445971
