有向预计算：走向已定 88740/200542 (44.3%) | 无向判定率 46.8% -> 59.8% (46898 -> 59940 / 100271 边)
有向预计算：走向已定 89241/200542 (44.5%) | 无向判定率 59.8% -> 60.0% (59940 -> 60205 / 100271 边)
有向预计算：走向已定 89241/200542 (44.5%) | 无向判定率 60.0% -> 60.0% (60205 -> 60205 / 100271 边)
全局阶段：固定 60205 条边，起点候选 31 / 70515 (0.0%)
adaptive PROPDEPTH=999999 (fixed 60205 / 100271 edges; 第一层存活率>=SURVDEEP%再升深层)
shard 0: swarm 模式（31 个候选全员上，随机顺序）
shard 1: swarm 模式（31 个候选全员上，随机顺序）
shard 2: swarm 模式（31 个候选全员上，随机顺序）
shard 3: swarm 模式（31 个候选全员上，随机顺序）
shard 8: swarm 模式（31 个候选全员上，随机顺序）
shard 4: swarm 模式（31 个候选全员上，随机顺序）
shard 5: swarm 模式（31 个候选全员上，随机顺序）
shard 12: swarm 模式（31 个候选全员上，随机顺序）
shard 6: swarm 模式（31 个候选全员上，随机顺序）
shard 15: swarm 模式（31 个候选全员上，随机顺序）
shard 7: swarm 模式（31 个候选全员上，随机顺序）
shard 9: swarm 模式（31 个候选全员上，随机顺序）
shard 19: swarm 模式（31 个候选全员上，随机顺序）
shard 10: swarm 模式（31 个候选全员上，随机顺序）
shard 11: swarm 模式（31 个候选全员上，随机顺序）
shard 13: swarm 模式（31 个候选全员上，随机顺序）
shard 14: swarm 模式（31 个候选全员上，随机顺序）
shard 16: swarm 模式（31 个候选全员上，随机顺序）
shard 17: swarm 模式（31 个候选全员上，随机顺序）
shard 18: swarm 模式（31 个候选全员上，随机顺序）
FRANK shard7: F降序
shard 7: 第一层存活 1/2 = 50%%, 第二层 开
FRANK shard13: F降序
shard 13: 第一层存活 1/1 = 100%%, 第二层 开
FRANK shard1: F降序
shard 1: 第一层存活 1/2 = 50%%, 第二层 开
FRANK shard10: F降序
shard 10: 第一层存活 1/2 = 50%%, 第二层 开
FRANK shard4: F降序
shard 4: 第一层存活 1/2 = 50%%, 第二层 开
FRANK shard19: F降序
shard 19: 第一层存活 1/1 = 100%%, 第二层 开
FRANK shard16: F降序
shard 16: 第一层存活 1/1 = 100%%, 第二层 开
FRANK shard3: F降序
shard 3: 第一层存活 1/2 = 50%%, 第二层 开
FRANK shard11: F降序
shard 11: 第一层存活 1/1 = 100%%, 第二层 开
FRANK shard8: F降序
shard 8: 第一层存活 1/2 = 50%%, 第二层 开
FRANK shard2: F降序
shard 2: 第一层存活 1/2 = 50%%, 第二层 开
FRANK shard17: F降序
shard 17: 第一层存活 1/1 = 100%%, 第二层 开
FRANK shard15: F降序
shard 15: 第一层存活 1/1 = 100%%, 第二层 开
FRANK shard18: F降序
shard 18: 第一层存活 1/1 = 100%%, 第二层 开
FRANK shard5: F降序
shard 5: 第一层存活 1/2 = 50%%, 第二层 开
FRANK shard12: F降序
shard 12: 第一层存活 1/1 = 100%%, 第二层 开
FRANK shard14: F降序
shard 14: 第一层存活 1/1 = 100%%, 第二层 开
FRANK shard9: F降序
shard 9: 第一层存活 1/2 = 50%%, 第二层 开
FRANK shard6: F降序
shard 6: 第一层存活 1/2 = 50%%, 第二层 开
FRANK shard0: F降序
shard 0: 第一层存活 1/2 = 50%%, 第二层 开
probe[t=3s]: 30/31 起点被证伪，剩 1
DYN shard16: 1584 calls, 380 refuted (24%)
probe[t=4s]: 30/31 起点被证伪，剩 1
DYN shard17: 1474 calls, 561 refuted (38%)
probe[t=4s]: 30/31 起点被证伪，剩 1
DYN shard11: 1436 calls, 526 refuted (37%)
probe[t=4s]: 30/31 起点被证伪，剩 1
DYN shard3: 1604 calls, 426 refuted (27%)
probe[t=5s]: 30/31 起点被证伪，剩 1
DYN shard7: 1548 calls, 352 refuted (23%)
probe[t=5s]: 30/31 起点被证伪，剩 1
DYN shard6: 1572 calls, 406 refuted (26%)
probe[t=5s]: 30/31 起点被证伪，剩 1
DYN shard10: 1518 calls, 342 refuted (23%)
probe[t=5s]: 30/31 起点被证伪，剩 1
DYN shard18: 1590 calls, 413 refuted (26%)
probe[t=5s]: 30/31 起点被证伪，剩 1
DYN shard9: 1580 calls, 413 refuted (26%)
probe[t=5s]: 30/31 起点被证伪，剩 1
DYN shard0: 1602 calls, 405 refuted (25%)
probe[t=6s]: 30/31 起点被证伪，剩 1
DYN shard14: 1532 calls, 563 refuted (37%)
probe[t=6s]: 30/31 起点被证伪，剩 1
DYN shard12: 1612 calls, 414 refuted (26%)
probe[t=6s]: 30/31 起点被证伪，剩 1
DYN shard19: 1598 calls, 304 refuted (19%)
probe[t=6s]: 30/31 起点被证伪，剩 1
DYN shard5: 1432 calls, 516 refuted (36%)
probe[t=7s]: 30/31 起点被证伪，剩 1
DYN shard15: 1610 calls, 432 refuted (27%)
probe[t=7s]: 30/31 起点被证伪，剩 1
DYN shard2: 1482 calls, 507 refuted (34%)
probe[t=8s]: 30/31 起点被证伪，剩 1
DYN shard4: 1490 calls, 308 refuted (21%)
probe[t=8s]: 30/31 起点被证伪，剩 1
DYN shard1: 1608 calls, 312 refuted (19%)
probe[t=10s]: 30/31 起点被证伪，剩 1
DYN shard13: 1558 calls, 373 refuted (24%)
probe[t=14s]: 30/31 起点被证伪，剩 1
DYN shard8: 1644 calls, 592 refuted (36%)
STATS {"solved":1,"shard":1,"wall_s":24,"nodes_total":211290,"nodes_win":176368,"dth_liveend":0,"dth_estate":28750,"dth_reach":12677,"dth_dyn":1905,"dth_flow":0,"dth_geom":2185,"maxrss_kb":39368,"start_x":109,"start_y":279}
WINNER shard 1 tier 1 nodes 176368
