有向预计算：走向已定 71499/188574 (37.9%) | 无向判定率 51.8% -> 62.2% (48879 -> 58613 / 94287 边)
有向预计算：走向已定 71585/188574 (38.0%) | 无向判定率 62.2% -> 62.2% (58613 -> 58675 / 94287 边)
有向预计算：走向已定 71585/188574 (38.0%) | 无向判定率 62.2% -> 62.2% (58675 -> 58675 / 94287 边)
全局阶段：固定 58675 条边，起点候选 117 / 68402 (0.2%)
adaptive PROPDEPTH=999999 (fixed 58675 / 94287 edges; 第一层存活率>=SURVDEEP%再升深层)
FRANK shard1: F降序
shard 1: 第一层存活 0/29 = 0%%, 第二层 跳过
probe[t=1s]: 117/117 起点被证伪，剩 0
no solution found
STATS {"solved":0,"shard":1,"wall_s":1,"nodes_total":240,"nodes_win":-1,"dth_liveend":0,"dth_estate":81,"dth_reach":26,"dth_dyn":5,"dth_flow":0,"dth_geom":22,"maxrss_kb":20212,"start_x":-1,"start_y":-1}
FRANK shard2: F降序
shard 2: 第一层存活 0/29 = 0%%, 第二层 跳过
probe[t=1s]: 117/117 起点被证伪，剩 0
no solution found
STATS {"solved":0,"shard":2,"wall_s":1,"nodes_total":158,"nodes_win":-1,"dth_liveend":0,"dth_estate":46,"dth_reach":15,"dth_dyn":9,"dth_flow":0,"dth_geom":11,"maxrss_kb":20436,"start_x":-1,"start_y":-1}
FRANK shard0: F降序
shard 0: 第一层存活 0/30 = 0%%, 第二层 跳过
probe[t=1s]: 117/117 起点被证伪，剩 0
no solution found
STATS {"solved":0,"shard":0,"wall_s":1,"nodes_total":145,"nodes_win":-1,"dth_liveend":0,"dth_estate":58,"dth_reach":14,"dth_dyn":3,"dth_flow":0,"dth_geom":13,"maxrss_kb":19988,"start_x":-1,"start_y":-1}
FRANK shard3: F降序
shard 3: 第一层存活 1/29 = 3%%, 第二层 跳过
probe[t=1s]: 116/117 起点被证伪，剩 1
DYN shard3: 197 calls, 57 refuted (29%)
