有向预计算：走向已定 83101/191006 (43.5%) | 无向判定率 46.6% -> 59.2% (44492 -> 56538 / 95503 边)
有向预计算：走向已定 83709/191006 (43.8%) | 无向判定率 59.2% -> 59.5% (56538 -> 56820 / 95503 边)
有向预计算：走向已定 83709/191006 (43.8%) | 无向判定率 59.5% -> 59.5% (56820 -> 56823 / 95503 边)
有向预计算：走向已定 83709/191006 (43.8%) | 无向判定率 59.5% -> 59.5% (56823 -> 56823 / 95503 边)
全局阶段：固定 56823 条边，起点候选 67 / 67182 (0.1%)
adaptive PROPDEPTH=999999 (fixed 56823 / 95503 edges; 第一层存活率>=SURVDEEP%再升深层)
shard 0: swarm 模式（67 个候选全员上，随机顺序）
shard 1: swarm 模式（67 个候选全员上，随机顺序）
shard 2: swarm 模式（67 个候选全员上，随机顺序）
shard 7: swarm 模式（67 个候选全员上，随机顺序）
shard 3: swarm 模式（67 个候选全员上，随机顺序）
shard 4: swarm 模式（67 个候选全员上，随机顺序）
shard 11: swarm 模式（67 个候选全员上，随机顺序）
shard 5: swarm 模式（67 个候选全员上，随机顺序）
shard 6: swarm 模式（67 个候选全员上，随机顺序）
shard 8: swarm 模式（67 个候选全员上，随机顺序）
shard 9: swarm 模式（67 个候选全员上，随机顺序）
shard 10: swarm 模式（67 个候选全员上，随机顺序）
shard 12: swarm 模式（67 个候选全员上，随机顺序）
shard 13: swarm 模式（67 个候选全员上，随机顺序）
shard 14: swarm 模式（67 个候选全员上，随机顺序）
shard 15: swarm 模式（67 个候选全员上，随机顺序）
shard 16: swarm 模式（67 个候选全员上，随机顺序）
shard 17: swarm 模式（67 个候选全员上，随机顺序）
shard 18: swarm 模式（67 个候选全员上，随机顺序）
shard 19: swarm 模式（67 个候选全员上，随机顺序）
FRANK shard4: F降序
shard 4: 第一层存活 1/4 = 25%%, 第二层 跳过
probe[t=1s]: 66/67 起点被证伪，剩 1
DYN shard4: 210 calls, 43 refuted (20%)
FRANK shard1: F降序
shard 1: 第一层存活 1/4 = 25%%, 第二层 跳过
probe[t=1s]: 66/67 起点被证伪，剩 1
DYN shard1: 186 calls, 41 refuted (22%)
FRANK shard19: F降序
shard 19: 第一层存活 1/3 = 33%%, 第二层 开
FRANK shard10: F降序
shard 10: 第一层存活 1/3 = 33%%, 第二层 开
FRANK shard16: F降序
shard 16: 第一层存活 1/3 = 33%%, 第二层 开
FRANK shard13: F降序
shard 13: 第一层存活 1/3 = 33%%, 第二层 开
FRANK shard7: F降序
shard 7: 第一层存活 1/3 = 33%%, 第二层 开
FRANK shard11: F降序
shard 11: 第一层存活 1/3 = 33%%, 第二层 开
FRANK shard6: F降序
shard 6: 第一层存活 1/4 = 25%%, 第二层 跳过
probe[t=1s]: 66/67 起点被证伪，剩 1
DYN shard6: 180 calls, 49 refuted (27%)
FRANK shard0: F降序
shard 0: 第一层存活 1/4 = 25%%, 第二层 跳过
probe[t=1s]: 66/67 起点被证伪，剩 1
DYN shard0: 172 calls, 38 refuted (22%)
FRANK shard8: F降序
shard 8: 第一层存活 1/3 = 33%%, 第二层 开
FRANK shard3: F降序
shard 3: 第一层存活 1/4 = 25%%, 第二层 跳过
FRANK shard15: F降序
shard 15: 第一层存活 1/3 = 33%%, 第二层 开
FRANK shard14: F降序
shard 14: 第一层存活 1/3 = 33%%, 第二层 开
probe[t=1s]: 66/67 起点被证伪，剩 1
FRANK shard5: F降序
shard 5: 第一层存活 1/4 = 25%%, 第二层 跳过
DYN shard3: 182 calls, 42 refuted (23%)
probe[t=1s]: 66/67 起点被证伪，剩 1
DYN shard5: 188 calls, 66 refuted (35%)
FRANK shard2: F降序
shard 2: 第一层存活 1/4 = 25%%, 第二层 跳过
probe[t=1s]: 66/67 起点被证伪，剩 1
DYN shard2: 230 calls, 75 refuted (33%)
FRANK shard17: F降序
shard 17: 第一层存活 1/3 = 33%%, 第二层 开
FRANK shard9: F降序
shard 9: 第一层存活 1/3 = 33%%, 第二层 开
FRANK shard18: F降序
shard 18: 第一层存活 1/3 = 33%%, 第二层 开
FRANK shard12: F降序
shard 12: 第一层存活 1/3 = 33%%, 第二层 开
probe[t=2s]: 66/67 起点被证伪，剩 1
DYN shard16: 1640 calls, 447 refuted (27%)
probe[t=4s]: 66/67 起点被证伪，剩 1
DYN shard11: 1658 calls, 643 refuted (39%)
probe[t=4s]: 66/67 起点被证伪，剩 1
DYN shard10: 1918 calls, 501 refuted (26%)
probe[t=4s]: 66/67 起点被证伪，剩 1
DYN shard15: 1538 calls, 461 refuted (30%)
probe[t=4s]: 66/67 起点被证伪，剩 1
DYN shard8: 1840 calls, 695 refuted (38%)
probe[t=4s]: 66/67 起点被证伪，剩 1
DYN shard19: 1988 calls, 536 refuted (27%)
probe[t=4s]: 66/67 起点被证伪，剩 1
DYN shard12: 1534 calls, 411 refuted (27%)
probe[t=4s]: 66/67 起点被证伪，剩 1
DYN shard7: 2106 calls, 502 refuted (24%)
probe[t=4s]: 66/67 起点被证伪，剩 1
DYN shard14: 1920 calls, 781 refuted (41%)
probe[t=4s]: 66/67 起点被证伪，剩 1
DYN shard17: 2034 calls, 816 refuted (40%)
probe[t=5s]: 66/67 起点被证伪，剩 1
DYN shard9: 1764 calls, 487 refuted (28%)
probe[t=5s]: 66/67 起点被证伪，剩 1
DYN shard18: 1834 calls, 496 refuted (27%)
probe[t=5s]: 66/67 起点被证伪，剩 1
DYN shard13: 2070 calls, 553 refuted (27%)
STATS {"solved":1,"shard":8,"wall_s":23,"nodes_total":301851,"nodes_win":267756,"dth_liveend":0,"dth_estate":37325,"dth_reach":15533,"dth_dyn":6004,"dth_flow":0,"dth_geom":1270,"maxrss_kb":38324,"start_x":124,"start_y":194}
WINNER shard 8 tier 0 nodes 267756
