有向预计算：走向已定 70296/167168 (42.1%) | 无向判定率 46.2% -> 58.0% (38626 -> 48516 / 83584 边)
有向预计算：走向已定 70875/167168 (42.4%) | 无向判定率 58.0% -> 58.3% (48516 -> 48716 / 83584 边)
有向预计算：走向已定 71252/167168 (42.6%) | 无向判定率 58.3% -> 58.4% (48716 -> 48780 / 83584 边)
有向预计算：走向已定 71256/167168 (42.6%) | 无向判定率 58.4% -> 58.4% (48780 -> 48781 / 83584 边)
全局阶段：固定 48781 条边，起点候选 12 / 58697 (0.0%)
adaptive PROPDEPTH=999999 (fixed 48781 / 83584 edges; 第一层存活率>=SURVDEEP%再升深层)
shard 0: swarm 模式（12 个候选全员上，随机顺序）
shard 1: swarm 模式（12 个候选全员上，随机顺序）
shard 2: swarm 模式（12 个候选全员上，随机顺序）
shard 3: swarm 模式（12 个候选全员上，随机顺序）
shard 4: swarm 模式（12 个候选全员上，随机顺序）
shard 5: swarm 模式（12 个候选全员上，随机顺序）
shard 6: swarm 模式（12 个候选全员上，随机顺序）
shard 7: swarm 模式（12 个候选全员上，随机顺序）
shard 8: swarm 模式（12 个候选全员上，随机顺序）
shard 9: swarm 模式（12 个候选全员上，随机顺序）
shard 10: swarm 模式（12 个候选全员上，随机顺序）
shard 11: swarm 模式（12 个候选全员上，随机顺序）
FRANK shard8: F降序
shard 8: 第一层存活 3/1 = 300%%, 第二层 开
FRANK shard2: F降序
shard 2: 第一层存活 3/1 = 300%%, 第二层 开
FRANK shard11: F降序
shard 11: 第一层存活 3/1 = 300%%, 第二层 开
FRANK shard5: F降序
shard 5: 第一层存活 3/1 = 300%%, 第二层 开
FRANK shard0: F降序
shard 0: 第一层存活 4/1 = 400%%, 第二层 开
FRANK shard3: F降序
shard 3: 第一层存活 4/1 = 400%%, 第二层 开
FRANK shard6: F降序
shard 6: 第一层存活 4/1 = 400%%, 第二层 开
FRANK shard9: F降序
shard 9: 第一层存活 4/1 = 400%%, 第二层 开
FRANK shard10: F降序
shard 10: 第一层存活 3/1 = 300%%, 第二层 开
FRANK shard4: F降序
shard 4: 第一层存活 4/1 = 400%%, 第二层 开
FRANK shard1: F降序
shard 1: 第一层存活 4/1 = 400%%, 第二层 开
FRANK shard7: F降序
shard 7: 第一层存活 4/1 = 400%%, 第二层 开
probe[t=9s]: 9/12 起点被证伪，剩 3
DYN shard4: 5744 calls, 1390 refuted (24%)
probe[t=9s]: 9/12 起点被证伪，剩 3
DYN shard8: 4466 calls, 1741 refuted (39%)
probe[t=9s]: 9/12 起点被证伪，剩 3
DYN shard5: 4392 calls, 1712 refuted (39%)
probe[t=9s]: 9/12 起点被证伪，剩 3
DYN shard11: 4464 calls, 1755 refuted (39%)
probe[t=9s]: 9/12 起点被证伪，剩 3
DYN shard2: 4588 calls, 1810 refuted (39%)
probe[t=12s]: 9/12 起点被证伪，剩 3
DYN shard10: 5764 calls, 1403 refuted (24%)
probe[t=14s]: 9/12 起点被证伪，剩 3
DYN shard1: 5494 calls, 1339 refuted (24%)
probe[t=15s]: 9/12 起点被证伪，剩 3
DYN shard7: 6130 calls, 1343 refuted (22%)
probe[t=15s]: 8/12 起点被证伪，剩 4
DYN shard0: 5912 calls, 2185 refuted (37%)
probe[t=18s]: 8/12 起点被证伪，剩 4
DYN shard3: 6148 calls, 2319 refuted (38%)
probe[t=38s]: 8/12 起点被证伪，剩 4
DYN shard6: 6114 calls, 2281 refuted (37%)
probe[t=38s]: 8/12 起点被证伪，剩 4
DYN shard9: 6436 calls, 2455 refuted (38%)
STATS {"solved":1,"shard":7,"wall_s":39,"nodes_total":372493,"nodes_win":262897,"dth_liveend":0,"dth_estate":50001,"dth_reach":22652,"dth_dyn":4537,"dth_flow":0,"dth_geom":3561,"maxrss_kb":33864,"start_x":249,"start_y":82}
WINNER shard 7 tier 3 nodes 262897
