  分治：12 块 144 对，可行 40 对，整块淘汰掉 0 格
有向预计算：走向已定 0/170990 (0.0%) | 无向判定率 0.0% -> 0.0% (0 -> 0 / 85495 边)
有向预计算：走向已定 0/170990 (0.0%) | 无向判定率 0.0% -> 0.0% (0 -> 0 / 85495 边)
全局阶段：固定 0 条边，起点候选 59996 / 59996 (100.0%)
adaptive PROPDEPTH=2 (fixed 0 / 85495 edges; 第一层存活率>=SURVDEEP%再升深层)
FRANK shard7: F降序
shard 7: 第一层存活 95% >= 38%，升深度传播(PD=64)
FRANK shard10: F降序
shard 10: 第一层存活 95% >= 38%，升深度传播(PD=64)
FRANK shard19: F降序
shard 19: 第一层存活 95% >= 38%，升深度传播(PD=64)
FRANK shard4: F降序
shard 4: 第一层存活 94% >= 38%，升深度传播(PD=64)
FRANK shard16: F降序
shard 16: 第一层存活 95% >= 38%，升深度传播(PD=64)
FRANK shard1: F降序
shard 1: 第一层存活 95% >= 38%，升深度传播(PD=64)
FRANK shard13: F降序
shard 13: 第一层存活 94% >= 38%，升深度传播(PD=64)
FRANK shard12: F降序
shard 12: 第一层存活 95% >= 38%，升深度传播(PD=64)
FRANK shard17: F降序
shard 17: 第一层存活 95% >= 38%，升深度传播(PD=64)
FRANK shard14: F降序
shard 14: 第一层存活 95% >= 38%，升深度传播(PD=64)
FRANK shard8: F降序
shard 8: 第一层存活 94% >= 38%，升深度传播(PD=64)
FRANK shard2: F降序
shard 2: 第一层存活 95% >= 38%，升深度传播(PD=64)
FRANK shard18: F降序
shard 18: 第一层存活 94% >= 38%，升深度传播(PD=64)
shard 7: 1.5 层深层重探后剩 2846
shard 7: 第一层存活 2846/3000 = 94%%, 第二层 开
FRANK shard6: F降序
shard 6: 第一层存活 94% >= 38%，升深度传播(PD=64)
FRANK shard11: F降序
shard 11: 第一层存活 93% >= 38%，升深度传播(PD=64)
FRANK shard0: F降序
shard 0: 第一层存活 94% >= 38%，升深度传播(PD=64)
FRANK shard5: F降序
shard 5: 第一层存活 94% >= 38%，升深度传播(PD=64)
FRANK shard9: F降序
shard 9: 第一层存活 95% >= 38%，升深度传播(PD=64)
FRANK shard3: F降序
shard 3: 第一层存活 95% >= 38%，升深度传播(PD=64)
FRANK shard15: F降序
shard 15: 第一层存活 96% >= 38%，升深度传播(PD=64)
shard 10: 1.5 层深层重探后剩 2832
shard 10: 第一层存活 2832/3000 = 94%%, 第二层 开
shard 19: 1.5 层深层重探后剩 2838
shard 19: 第一层存活 2838/2999 = 94%%, 第二层 开
shard 16: 1.5 层深层重探后剩 2855
shard 16: 第一层存活 2855/2999 = 95%%, 第二层 开
shard 4: 1.5 层深层重探后剩 2810
shard 4: 第一层存活 2810/3000 = 93%%, 第二层 开
shard 13: 1.5 层深层重探后剩 2832
shard 13: 第一层存活 2832/3000 = 94%%, 第二层 开
shard 1: 1.5 层深层重探后剩 2850
shard 1: 第一层存活 2850/3000 = 95%%, 第二层 开
shard 12: 1.5 层深层重探后剩 2852
shard 12: 第一层存活 2852/3000 = 95%%, 第二层 开
shard 17: 1.5 层深层重探后剩 2863
shard 17: 第一层存活 2863/2999 = 95%%, 第二层 开
shard 14: 1.5 层深层重探后剩 2879
shard 14: 第一层存活 2879/3000 = 95%%, 第二层 开
shard 2: 1.5 层深层重探后剩 2857
shard 2: 第一层存活 2857/3000 = 95%%, 第二层 开
shard 8: 1.5 层深层重探后剩 2842
shard 8: 第一层存活 2842/3000 = 94%%, 第二层 开
shard 11: 1.5 层深层重探后剩 2807
shard 11: 第一层存活 2807/3000 = 93%%, 第二层 开
shard 5: 1.5 层深层重探后剩 2835
shard 5: 第一层存活 2835/3000 = 94%%, 第二层 开
shard 18: 1.5 层深层重探后剩 2843
shard 18: 第一层存活 2843/2999 = 94%%, 第二层 开
shard 6: 1.5 层深层重探后剩 2841
shard 6: 第一层存活 2841/3000 = 94%%, 第二层 开
shard 9: 1.5 层深层重探后剩 2861
shard 9: 第一层存活 2861/3000 = 95%%, 第二层 开
shard 0: 1.5 层深层重探后剩 2826
shard 0: 第一层存活 2826/3000 = 94%%, 第二层 开
shard 3: 1.5 层深层重探后剩 2868
shard 3: 第一层存活 2868/3000 = 95%%, 第二层 开
shard 15: 1.5 层深层重探后剩 2883
shard 15: 第一层存活 2883/3000 = 96%%, 第二层 开
probe[t=1330s]: 59808/59996 起点被证伪，剩 188
DYN shard10: 508117 calls, 190594 refuted (38%)
probe[t=1375s]: 59789/59996 起点被证伪，剩 207
DYN shard13: 522614 calls, 195802 refuted (37%)
probe[t=1376s]: 59806/59996 起点被证伪，剩 190
DYN shard11: 521428 calls, 197204 refuted (38%)
probe[t=1416s]: 59790/59996 起点被证伪，剩 206
DYN shard5: 533607 calls, 200510 refuted (38%)
probe[t=1424s]: 59786/59996 起点被证伪，剩 210
DYN shard4: 550564 calls, 207830 refuted (38%)
probe[t=1424s]: 59799/59996 起点被证伪，剩 197
DYN shard8: 540519 calls, 204156 refuted (38%)
probe[t=1425s]: 59780/59996 起点被证伪，剩 216
DYN shard7: 566049 calls, 213009 refuted (38%)
probe[t=1435s]: 59795/59996 起点被证伪，剩 201
DYN shard14: 553233 calls, 210260 refuted (38%)
probe[t=1446s]: 59784/59996 起点被证伪，剩 212
DYN shard2: 552033 calls, 208635 refuted (38%)
probe[t=1459s]: 59772/59996 起点被证伪，剩 224
DYN shard1: 569926 calls, 215298 refuted (38%)
probe[t=1464s]: 59775/59996 起点被证伪，剩 221
DYN shard19: 566161 calls, 213272 refuted (38%)
probe[t=1477s]: 59781/59996 起点被证伪，剩 215
DYN shard17: 561296 calls, 212504 refuted (38%)
probe[t=1505s]: 59761/59996 起点被证伪，剩 235
DYN shard16: 584379 calls, 220803 refuted (38%)
probe[t=1907s]: 59753/59996 起点被证伪，剩 243
DYN shard12: 626753 calls, 202299 refuted (32%)
probe[t=2073s]: 59747/59996 起点被证伪，剩 249
DYN shard9: 668176 calls, 214479 refuted (32%)
probe[t=2082s]: 59752/59996 起点被证伪，剩 244
DYN shard15: 670632 calls, 217727 refuted (32%)
probe[t=2113s]: 59728/59996 起点被证伪，剩 268
DYN shard3: 677538 calls, 217152 refuted (32%)
probe[t=2120s]: 59745/59996 起点被证伪，剩 251
DYN shard6: 672668 calls, 215355 refuted (32%)
probe[t=2128s]: 59714/59996 起点被证伪，剩 282
DYN shard0: 711555 calls, 230211 refuted (32%)
probe[t=2185s]: 59722/59996 起点被证伪，剩 274
DYN shard18: 704711 calls, 226169 refuted (32%)
