有向预计算：走向已定 62666/149188 (42.0%) | 无向判定率 45.9% -> 57.7% (34216 -> 43014 / 74594 边)
有向预计算：走向已定 63006/149188 (42.2%) | 无向判定率 57.7% -> 57.8% (43014 -> 43122 / 74594 边)
有向预计算：走向已定 63006/149188 (42.2%) | 无向判定率 57.8% -> 57.8% (43122 -> 43122 / 74594 边)
全局阶段：固定 43122 条边，起点候选 31 / 52346 (0.1%)
adaptive PROPDEPTH=999999 (fixed 43122 / 74594 edges; 第一层存活率>=SURVDEEP%再升深层)
shard 0: swarm 模式（31 个候选全员上，随机顺序）
shard 1: swarm 模式（31 个候选全员上，随机顺序）
shard 2: swarm 模式（31 个候选全员上，随机顺序）
shard 3: swarm 模式（31 个候选全员上，随机顺序）
shard 7: swarm 模式（31 个候选全员上，随机顺序）
shard 4: swarm 模式（31 个候选全员上，随机顺序）
shard 10: swarm 模式（31 个候选全员上，随机顺序）
shard 5: swarm 模式（31 个候选全员上，随机顺序）
shard 6: swarm 模式（31 个候选全员上，随机顺序）
shard 15: swarm 模式（31 个候选全员上，随机顺序）
shard 8: swarm 模式（31 个候选全员上，随机顺序）
shard 9: swarm 模式（31 个候选全员上，随机顺序）
shard 11: swarm 模式（31 个候选全员上，随机顺序）
shard 12: swarm 模式（31 个候选全员上，随机顺序）
shard 13: swarm 模式（31 个候选全员上，随机顺序）
shard 14: swarm 模式（31 个候选全员上，随机顺序）
shard 16: swarm 模式（31 个候选全员上，随机顺序）
shard 17: swarm 模式（31 个候选全员上，随机顺序）
shard 18: swarm 模式（31 个候选全员上，随机顺序）
shard 19: swarm 模式（31 个候选全员上，随机顺序）
FRANK shard1: F降序
shard 1: 第一层存活 1/2 = 50%%, 第二层 开
FRANK shard10: F降序
shard 10: 第一层存活 1/2 = 50%%, 第二层 开
FRANK shard19: F降序
shard 19: 第一层存活 1/1 = 100%%, 第二层 开
FRANK shard4: F降序
shard 4: 第一层存活 1/2 = 50%%, 第二层 开
FRANK shard16: F降序
shard 16: 第一层存活 1/1 = 100%%, 第二层 开
FRANK shard7: F降序
shard 7: 第一层存活 1/2 = 50%%, 第二层 开
FRANK shard13: F降序
shard 13: 第一层存活 1/1 = 100%%, 第二层 开
FRANK shard8: F降序
shard 8: 第一层存活 1/2 = 50%%, 第二层 开
FRANK shard2: F降序
shard 2: 第一层存活 1/2 = 50%%, 第二层 开
FRANK shard5: F降序
shard 5: 第一层存活 1/2 = 50%%, 第二层 开
FRANK shard11: F降序
shard 11: 第一层存活 1/1 = 100%%, 第二层 开
FRANK shard14: F降序
shard 14: 第一层存活 1/1 = 100%%, 第二层 开
FRANK shard0: F降序
shard 0: 第一层存活 1/2 = 50%%, 第二层 开
FRANK shard18: F降序
shard 18: 第一层存活 1/1 = 100%%, 第二层 开
FRANK shard17: F降序
shard 17: 第一层存活 1/1 = 100%%, 第二层 开
FRANK shard9: F降序
shard 9: 第一层存活 1/2 = 50%%, 第二层 开
FRANK shard12: F降序
shard 12: 第一层存活 1/1 = 100%%, 第二层 开
FRANK shard6: F降序
shard 6: 第一层存活 1/2 = 50%%, 第二层 开
FRANK shard15: F降序
shard 15: 第一层存活 1/1 = 100%%, 第二层 开
FRANK shard3: F降序
shard 3: 第一层存活 1/2 = 50%%, 第二层 开
probe[t=3s]: 30/31 起点被证伪，剩 1
DYN shard10: 1990 calls, 450 refuted (23%)
probe[t=3s]: 30/31 起点被证伪，剩 1
DYN shard1: 2164 calls, 499 refuted (23%)
probe[t=3s]: 30/31 起点被证伪，剩 1
DYN shard16: 2106 calls, 454 refuted (22%)
probe[t=3s]: 30/31 起点被证伪，剩 1
DYN shard4: 2134 calls, 464 refuted (22%)
probe[t=3s]: 30/31 起点被证伪，剩 1
DYN shard7: 1954 calls, 423 refuted (22%)
probe[t=4s]: 30/31 起点被证伪，剩 1
DYN shard17: 1860 calls, 625 refuted (34%)
probe[t=4s]: 30/31 起点被证伪，剩 1
DYN shard13: 2212 calls, 505 refuted (23%)
probe[t=4s]: 30/31 起点被证伪，剩 1
DYN shard5: 2008 calls, 683 refuted (34%)
probe[t=4s]: 30/31 起点被证伪，剩 1
DYN shard8: 2044 calls, 684 refuted (33%)
probe[t=4s]: 30/31 起点被证伪，剩 1
DYN shard14: 1982 calls, 672 refuted (34%)
probe[t=4s]: 30/31 起点被证伪，剩 1
DYN shard2: 2078 calls, 693 refuted (33%)
probe[t=4s]: 30/31 起点被证伪，剩 1
DYN shard19: 2056 calls, 441 refuted (21%)
probe[t=4s]: 30/31 起点被证伪，剩 1
DYN shard9: 2028 calls, 585 refuted (29%)
probe[t=4s]: 30/31 起点被证伪，剩 1
DYN shard0: 2146 calls, 652 refuted (30%)
probe[t=5s]: 30/31 起点被证伪，剩 1
DYN shard15: 2294 calls, 697 refuted (30%)
probe[t=5s]: 30/31 起点被证伪，剩 1
DYN shard11: 1840 calls, 622 refuted (34%)
probe[t=7s]: 30/31 起点被证伪，剩 1
DYN shard12: 2174 calls, 616 refuted (28%)
probe[t=7s]: 30/31 起点被证伪，剩 1
DYN shard18: 2284 calls, 726 refuted (32%)
probe[t=8s]: 30/31 起点被证伪，剩 1
DYN shard6: 2478 calls, 845 refuted (34%)
probe[t=9s]: 30/31 起点被证伪，剩 1
DYN shard3: 2462 calls, 808 refuted (33%)
STATS {"solved":1,"shard":16,"wall_s":11,"nodes_total":190674,"nodes_win":155867,"dth_liveend":0,"dth_estate":24615,"dth_reach":12658,"dth_dyn":2390,"dth_flow":0,"dth_geom":2182,"maxrss_kb":30164,"start_x":48,"start_y":65}
WINNER shard 16 tier 0 nodes 155867
