有向预计算：走向已定 273565/705090 (38.8%) | 无向判定率 52.0% -> 62.4% (183158 -> 219922 / 352545 边)
有向预计算：走向已定 274036/705090 (38.9%) | 无向判定率 62.4% -> 62.5% (219922 -> 220256 / 352545 边)
有向预计算：走向已定 274035/705090 (38.9%) | 无向判定率 62.5% -> 62.5% (220256 -> 220256 / 352545 边)
全局阶段：固定 220256 条边，起点候选 39 / 255739 (0.0%)
adaptive PROPDEPTH=999999 (fixed 220256 / 352545 edges; 第一层存活率>=SURVDEEP%再升深层)
FRANK shard0: F降序
shard 0: 第一层存活 0/10 = 0%%, 第二层 跳过
probe[t=0s]: 39/39 起点被证伪，剩 0
no solution found
STATS {"solved":0,"shard":0,"wall_s":0,"nodes_total":0,"nodes_win":-1,"dth_liveend":0,"dth_estate":0,"dth_reach":0,"dth_dyn":0,"dth_flow":0,"dth_geom":0,"maxrss_kb":54172,"start_x":-1,"start_y":-1}
FRANK shard2: F降序
shard 2: 第一层存活 0/10 = 0%%, 第二层 跳过
probe[t=0s]: 39/39 起点被证伪，剩 0
no solution found
STATS {"solved":0,"shard":2,"wall_s":0,"nodes_total":0,"nodes_win":-1,"dth_liveend":0,"dth_estate":0,"dth_reach":0,"dth_dyn":0,"dth_flow":0,"dth_geom":0,"maxrss_kb":59548,"start_x":-1,"start_y":-1}
FRANK shard1: F降序
shard 1: 第一层存活 1/10 = 10%%, 第二层 跳过
probe[t=1s]: 38/39 起点被证伪，剩 1
DYN shard1: 152 calls, 55 refuted (36%)
FRANK shard3: F降序
shard 3: 第一层存活 1/9 = 11%%, 第二层 跳过
probe[t=3s]: 38/39 起点被证伪，剩 1
DYN shard3: 132 calls, 36 refuted (27%)
