有向预计算：走向已定 200242/514828 (38.9%) | 无向判定率 52.4% -> 62.8% (134782 -> 161626 / 257414 边)
有向预计算：走向已定 200570/514828 (39.0%) | 无向判定率 62.8% -> 62.9% (161626 -> 161904 / 257414 边)
有向预计算：走向已定 200570/514828 (39.0%) | 无向判定率 62.9% -> 62.9% (161904 -> 161904 / 257414 边)
全局阶段：固定 161904 条边，起点候选 21 / 186888 (0.0%)
adaptive PROPDEPTH=999999 (fixed 161904 / 257414 edges; 第一层存活率>=SURVDEEP%再升深层)
shard 0: swarm 模式（21 个候选全员上，随机顺序）
shard 1: swarm 模式（21 个候选全员上，随机顺序）
shard 3: swarm 模式（21 个候选全员上，随机顺序）
shard 2: swarm 模式（21 个候选全员上，随机顺序）
FRANK shard1: F降序
shard 1: 第一层存活 7/5 = 140%%, 第二层 开
FRANK shard2: F降序
shard 2: 第一层存活 7/5 = 140%%, 第二层 开
FRANK shard3: F降序
shard 3: 第一层存活 7/5 = 140%%, 第二层 开
FRANK shard0: F降序
shard 0: 第一层存活 7/6 = 116%%, 第二层 开
probe[t=140s]: 14/21 起点被证伪，剩 7
DYN shard1: 16622 calls, 6200 refuted (37%)
probe[t=171s]: 14/21 起点被证伪，剩 7
DYN shard2: 15928 calls, 6996 refuted (44%)
probe[t=236s]: 14/21 起点被证伪，剩 7
DYN shard3: 14726 calls, 4834 refuted (33%)
probe[t=276s]: 14/21 起点被证伪，剩 7
DYN shard0: 17894 calls, 5961 refuted (33%)
