有向预计算：走向已定 72205/171522 (42.1%) | 无向判定率 46.4% -> 58.5% (39766 -> 50134 / 85761 边)
有向预计算：走向已定 72389/171522 (42.2%) | 无向判定率 58.5% -> 58.6% (50134 -> 50237 / 85761 边)
有向预计算：走向已定 72454/171522 (42.2%) | 无向判定率 58.6% -> 58.6% (50237 -> 50249 / 85761 边)
有向预计算：走向已定 72454/171522 (42.2%) | 无向判定率 58.6% -> 58.6% (50249 -> 50249 / 85761 边)
全局阶段：固定 50249 条边，起点候选 236 / 60354 (0.4%)
adaptive PROPDEPTH=999999 (fixed 50249 / 85761 edges; 第一层存活率>=SURVDEEP%再升深层)
FRANK shard10: F降序
shard 10: 第一层存活 0/10 = 0%%, 第二层 跳过
probe[t=1s]: 236/236 起点被证伪，剩 0
no solution found
STATS {"solved":0,"shard":10,"wall_s":1,"nodes_total":6,"nodes_win":-1,"dth_liveend":0,"dth_estate":5,"dth_reach":1,"dth_dyn":0,"dth_flow":0,"dth_geom":3,"maxrss_kb":17948,"start_x":-1,"start_y":-1}
FRANK shard5: F降序
shard 5: 第一层存活 0/10 = 0%%, 第二层 跳过
probe[t=1s]: 236/236 起点被证伪，剩 0
no solution found
STATS {"solved":0,"shard":5,"wall_s":1,"nodes_total":4,"nodes_win":-1,"dth_liveend":0,"dth_estate":4,"dth_reach":0,"dth_dyn":1,"dth_flow":0,"dth_geom":1,"maxrss_kb":18172,"start_x":-1,"start_y":-1}
FRANK shard6: F降序
shard 6: 第一层存活 0/10 = 0%%, 第二层 跳过
probe[t=1s]: 236/236 起点被证伪，剩 0
no solution found
STATS {"solved":0,"shard":6,"wall_s":1,"nodes_total":117,"nodes_win":-1,"dth_liveend":0,"dth_estate":21,"dth_reach":18,"dth_dyn":7,"dth_flow":0,"dth_geom":4,"maxrss_kb":18172,"start_x":-1,"start_y":-1}
FRANK shard2: F降序
shard 2: 第一层存活 0/10 = 0%%, 第二层 跳过
probe[t=1s]: 236/236 起点被证伪，剩 0
no solution found
STATS {"solved":0,"shard":2,"wall_s":1,"nodes_total":15,"nodes_win":-1,"dth_liveend":0,"dth_estate":10,"dth_reach":4,"dth_dyn":0,"dth_flow":0,"dth_geom":4,"maxrss_kb":18172,"start_x":-1,"start_y":-1}
FRANK shard14: F降序
shard 14: 第一层存活 0/10 = 0%%, 第二层 跳过
probe[t=1s]: 236/236 起点被证伪，剩 0
no solution found
STATS {"solved":0,"shard":14,"wall_s":1,"nodes_total":120,"nodes_win":-1,"dth_liveend":0,"dth_estate":19,"dth_reach":22,"dth_dyn":6,"dth_flow":0,"dth_geom":5,"maxrss_kb":18396,"start_x":-1,"start_y":-1}
FRANK shard1: F降序
shard 1: 第一层存活 0/10 = 0%%, 第二层 跳过
probe[t=1s]: 236/236 起点被证伪，剩 0
no solution found
STATS {"solved":0,"shard":1,"wall_s":1,"nodes_total":288,"nodes_win":-1,"dth_liveend":0,"dth_estate":53,"dth_reach":33,"dth_dyn":4,"dth_flow":0,"dth_geom":8,"maxrss_kb":21532,"start_x":-1,"start_y":-1}
FRANK shard7: F降序
shard 7: 第一层存活 0/10 = 0%%, 第二层 跳过
probe[t=1s]: 236/236 起点被证伪，剩 0
no solution found
STATS {"solved":0,"shard":7,"wall_s":1,"nodes_total":38,"nodes_win":-1,"dth_liveend":0,"dth_estate":5,"dth_reach":13,"dth_dyn":0,"dth_flow":0,"dth_geom":5,"maxrss_kb":17676,"start_x":-1,"start_y":-1}
FRANK shard3: F降序
shard 3: 第一层存活 0/10 = 0%%, 第二层 跳过
probe[t=1s]: 236/236 起点被证伪，剩 0
no solution found
STATS {"solved":0,"shard":3,"wall_s":1,"nodes_total":277,"nodes_win":-1,"dth_liveend":0,"dth_estate":54,"dth_reach":37,"dth_dyn":14,"dth_flow":0,"dth_geom":8,"maxrss_kb":20808,"start_x":-1,"start_y":-1}
FRANK shard15: F降序
shard 15: 第一层存活 0/10 = 0%%, 第二层 跳过
probe[t=1s]: 236/236 起点被证伪，剩 0
DYN shard15: 51 calls, 16 refuted (31%)
no solution found
STATS {"solved":0,"shard":15,"wall_s":1,"nodes_total":252,"nodes_win":-1,"dth_liveend":0,"dth_estate":50,"dth_reach":40,"dth_dyn":16,"dth_flow":0,"dth_geom":13,"maxrss_kb":18172,"start_x":-1,"start_y":-1}
FRANK shard17: F降序
shard 17: 第一层存活 0/10 = 0%%, 第二层 跳过
probe[t=1s]: 236/236 起点被证伪，剩 0
no solution found
STATS {"solved":0,"shard":17,"wall_s":1,"nodes_total":115,"nodes_win":-1,"dth_liveend":0,"dth_estate":25,"dth_reach":16,"dth_dyn":7,"dth_flow":0,"dth_geom":5,"maxrss_kb":18396,"start_x":-1,"start_y":-1}
FRANK shard13: F降序
shard 13: 第一层存活 0/10 = 0%%, 第二层 跳过
probe[t=1s]: 236/236 起点被证伪，剩 0
no solution found
STATS {"solved":0,"shard":13,"wall_s":1,"nodes_total":12,"nodes_win":-1,"dth_liveend":0,"dth_estate":13,"dth_reach":0,"dth_dyn":2,"dth_flow":0,"dth_geom":3,"maxrss_kb":17688,"start_x":-1,"start_y":-1}
FRANK shard4: F降序
shard 4: 第一层存活 1/10 = 10%%, 第二层 跳过
probe[t=1s]: 235/236 起点被证伪，剩 1
DYN shard4: 92 calls, 31 refuted (34%)
FRANK shard16: F降序
shard 16: 第一层存活 0/10 = 0%%, 第二层 跳过
probe[t=1s]: 236/236 起点被证伪，剩 0
DYN shard16: 85 calls, 13 refuted (15%)
no solution found
STATS {"solved":0,"shard":16,"wall_s":1,"nodes_total":748,"nodes_win":-1,"dth_liveend":0,"dth_estate":134,"dth_reach":98,"dth_dyn":13,"dth_flow":0,"dth_geom":23,"maxrss_kb":21532,"start_x":-1,"start_y":-1}
FRANK shard11: F降序
shard 11: 第一层存活 1/10 = 10%%, 第二层 跳过
probe[t=1s]: 235/236 起点被证伪，剩 1
DYN shard11: 96 calls, 38 refuted (40%)
FRANK shard22: F降序
shard 22: 第一层存活 1/9 = 11%%, 第二层 跳过
probe[t=1s]: 235/236 起点被证伪，剩 1
DYN shard22: 88 calls, 30 refuted (34%)
FRANK shard18: F降序
shard 18: 第一层存活 1/10 = 10%%, 第二层 跳过
probe[t=1s]: 235/236 起点被证伪，剩 1
DYN shard18: 145 calls, 43 refuted (30%)
FRANK shard20: F降序
shard 20: 第一层存活 1/9 = 11%%, 第二层 跳过
probe[t=1s]: 235/236 起点被证伪，剩 1
DYN shard20: 96 calls, 39 refuted (41%)
FRANK shard12: F降序
shard 12: 第一层存活 1/10 = 10%%, 第二层 跳过
FRANK shard8: F降序
shard 8: 第一层存活 1/10 = 10%%, 第二层 跳过
probe[t=1s]: 235/236 起点被证伪，剩 1
probe[t=1s]: 235/236 起点被证伪，剩 1
DYN shard8: 123 calls, 45 refuted (37%)
DYN shard12: 108 calls, 36 refuted (33%)
FRANK shard21: F降序
shard 21: 第一层存活 1/9 = 11%%, 第二层 跳过
probe[t=1s]: 235/236 起点被证伪，剩 1
DYN shard21: 92 calls, 29 refuted (32%)
FRANK shard9: F降序
shard 9: 第一层存活 1/10 = 10%%, 第二层 跳过
probe[t=1s]: 235/236 起点被证伪，剩 1
DYN shard9: 124 calls, 36 refuted (29%)
FRANK shard0: F降序
shard 0: 第一层存活 1/10 = 10%%, 第二层 跳过
probe[t=1s]: 235/236 起点被证伪，剩 1
DYN shard0: 112 calls, 33 refuted (29%)
FRANK shard19: F降序
shard 19: 第一层存活 1/10 = 10%%, 第二层 跳过
probe[t=1s]: 235/236 起点被证伪，剩 1
DYN shard19: 158 calls, 29 refuted (18%)
FRANK shard23: F降序
shard 23: 第一层存活 1/9 = 11%%, 第二层 跳过
probe[t=1s]: 235/236 起点被证伪，剩 1
DYN shard23: 220 calls, 69 refuted (31%)
STATS {"solved":1,"shard":23,"wall_s":19,"nodes_total":398836,"nodes_win":396784,"dth_liveend":0,"dth_estate":49654,"dth_reach":22421,"dth_dyn":5989,"dth_flow":0,"dth_geom":2375,"maxrss_kb":34516,"start_x":146,"start_y":130}
