有向预计算：走向已定 75064/175826 (42.7%) | 无向判定率 46.0% -> 58.1% (40410 -> 51066 / 87913 边)
有向预计算：走向已定 75355/175826 (42.9%) | 无向判定率 58.1% -> 58.3% (51066 -> 51235 / 87913 边)
有向预计算：走向已定 75486/175826 (42.9%) | 无向判定率 58.3% -> 58.3% (51235 -> 51266 / 87913 边)
有向预计算：走向已定 75486/175826 (42.9%) | 无向判定率 58.3% -> 58.3% (51266 -> 51266 / 87913 边)
全局阶段：固定 51266 条边，起点候选 110 / 61672 (0.2%)
adaptive PROPDEPTH=999999 (fixed 51266 / 87913 edges; 第一层存活率>=SURVDEEP%再升深层)
shard 0: swarm 模式（110 个候选全员上，随机顺序）
shard 1: swarm 模式（110 个候选全员上，随机顺序）
shard 3: swarm 模式（110 个候选全员上，随机顺序）
shard 2: swarm 模式（110 个候选全员上，随机顺序）
shard 4: swarm 模式（110 个候选全员上，随机顺序）
shard 8: swarm 模式（110 个候选全员上，随机顺序）
shard 5: swarm 模式（110 个候选全员上，随机顺序）
shard 6: swarm 模式（110 个候选全员上，随机顺序）
shard 7: swarm 模式（110 个候选全员上，随机顺序）
shard 13: swarm 模式（110 个候选全员上，随机顺序）
shard 9: swarm 模式（110 个候选全员上，随机顺序）
shard 10: swarm 模式（110 个候选全员上，随机顺序）
shard 11: swarm 模式（110 个候选全员上，随机顺序）
shard 18: swarm 模式（110 个候选全员上，随机顺序）
shard 12: swarm 模式（110 个候选全员上，随机顺序）
shard 14: swarm 模式（110 个候选全员上，随机顺序）
shard 15: swarm 模式（110 个候选全员上，随机顺序）
shard 16: swarm 模式（110 个候选全员上，随机顺序）
shard 17: swarm 模式（110 个候选全员上，随机顺序）
shard 19: swarm 模式（110 个候选全员上，随机顺序）
FRANK shard7: F降序
shard 7: 第一层存活 3/6 = 50%%, 第二层 开
FRANK shard4: F降序
shard 4: 第一层存活 3/6 = 50%%, 第二层 开
FRANK shard16: F降序
shard 16: 第一层存活 3/5 = 60%%, 第二层 开
FRANK shard10: F降序
shard 10: 第一层存活 3/5 = 60%%, 第二层 开
FRANK shard19: F降序
shard 19: 第一层存活 3/5 = 60%%, 第二层 开
FRANK shard13: F降序
shard 13: 第一层存活 3/5 = 60%%, 第二层 开
FRANK shard1: F降序
shard 1: 第一层存活 3/6 = 50%%, 第二层 开
FRANK shard5: F降序
shard 5: 第一层存活 3/6 = 50%%, 第二层 开
FRANK shard17: F降序
shard 17: 第一层存活 3/5 = 60%%, 第二层 开
FRANK shard8: F降序
shard 8: 第一层存活 3/6 = 50%%, 第二层 开
FRANK shard11: F降序
shard 11: 第一层存活 3/5 = 60%%, 第二层 开
FRANK shard2: F降序
shard 2: 第一层存活 3/6 = 50%%, 第二层 开
FRANK shard14: F降序
shard 14: 第一层存活 3/5 = 60%%, 第二层 开
FRANK shard0: F降序
shard 0: 第一层存活 3/6 = 50%%, 第二层 开
FRANK shard12: F降序
shard 12: 第一层存活 3/5 = 60%%, 第二层 开
FRANK shard6: F降序
shard 6: 第一层存活 3/6 = 50%%, 第二层 开
FRANK shard15: F降序
shard 15: 第一层存活 3/5 = 60%%, 第二层 开
FRANK shard3: F降序
shard 3: 第一层存活 3/6 = 50%%, 第二层 开
FRANK shard18: F降序
shard 18: 第一层存活 3/5 = 60%%, 第二层 开
FRANK shard9: F降序
shard 9: 第一层存活 3/6 = 50%%, 第二层 开
probe[t=8s]: 107/110 起点被证伪，剩 3
DYN shard7: 5877 calls, 1375 refuted (23%)
probe[t=10s]: 107/110 起点被证伪，剩 3
DYN shard1: 6245 calls, 1451 refuted (23%)
probe[t=11s]: 107/110 起点被证伪，剩 3
DYN shard16: 6245 calls, 1441 refuted (23%)
probe[t=12s]: 107/110 起点被证伪，剩 3
DYN shard8: 5789 calls, 2090 refuted (36%)
probe[t=13s]: 107/110 起点被证伪，剩 3
DYN shard4: 6659 calls, 1574 refuted (24%)
probe[t=13s]: 107/110 起点被证伪，剩 3
DYN shard17: 5813 calls, 2183 refuted (38%)
probe[t=13s]: 107/110 起点被证伪，剩 3
DYN shard5: 6145 calls, 2281 refuted (37%)
probe[t=14s]: 107/110 起点被证伪，剩 3
DYN shard11: 6473 calls, 2426 refuted (37%)
probe[t=14s]: 107/110 起点被证伪，剩 3
DYN shard13: 6617 calls, 1546 refuted (23%)
probe[t=14s]: 107/110 起点被证伪，剩 3
DYN shard10: 7235 calls, 1740 refuted (24%)
probe[t=14s]: 107/110 起点被证伪，剩 3
DYN shard14: 6325 calls, 2377 refuted (38%)
probe[t=15s]: 107/110 起点被证伪，剩 3
DYN shard6: 5731 calls, 1428 refuted (25%)
probe[t=15s]: 107/110 起点被证伪，剩 3
DYN shard19: 6527 calls, 1511 refuted (23%)
probe[t=15s]: 107/110 起点被证伪，剩 3
DYN shard12: 6217 calls, 1680 refuted (27%)
probe[t=16s]: 107/110 起点被证伪，剩 3
DYN shard18: 6139 calls, 1711 refuted (28%)
probe[t=16s]: 107/110 起点被证伪，剩 3
DYN shard2: 6107 calls, 2268 refuted (37%)
probe[t=16s]: 107/110 起点被证伪，剩 3
DYN shard0: 6581 calls, 1730 refuted (26%)
probe[t=19s]: 107/110 起点被证伪，剩 3
DYN shard3: 6667 calls, 1754 refuted (26%)
STATS {"solved":1,"shard":5,"wall_s":19,"nodes_total":194493,"nodes_win":89855,"dth_liveend":0,"dth_estate":24943,"dth_reach":10741,"dth_dyn":4058,"dth_flow":0,"dth_geom":1083,"maxrss_kb":36080,"start_x":209,"start_y":60}
WINNER shard 5 tier 1 nodes 89855
