有向预计算：走向已定 72702/180818 (40.2%) | 无向判定率 45.8% -> 57.2% (41452 -> 51718 / 90409 边)
有向预计算：走向已定 72782/180818 (40.3%) | 无向判定率 57.2% -> 57.3% (51718 -> 51803 / 90409 边)
有向预计算：走向已定 72782/180818 (40.3%) | 无向判定率 57.3% -> 57.3% (51803 -> 51803 / 90409 边)
全局阶段：固定 51803 条边，起点候选 146 / 63399 (0.2%)
adaptive PROPDEPTH=999999 (fixed 51803 / 90409 edges; 第一层存活率>=SURVDEEP%再升深层)
FRANK shard18: F降序
shard 18: 第一层存活 0/7 = 0%%, 第二层 跳过
probe[t=0s]: 146/146 起点被证伪，剩 0
no solution found
FRANK shard7: F降序
shard 7: 第一层存活 0/7 = 0%%, 第二层 跳过
STATS {"solved":0,"shard":18,"wall_s":0,"nodes_total":59,"nodes_win":-1,"dth_liveend":0,"dth_estate":18,"dth_reach":8,"dth_dyn":4,"dth_flow":0,"dth_geom":3,"maxrss_kb":18016,"start_x":-1,"start_y":-1}
probe[t=0s]: 146/146 起点被证伪，剩 0
no solution found
STATS {"solved":0,"shard":7,"wall_s":0,"nodes_total":35,"nodes_win":-1,"dth_liveend":0,"dth_estate":9,"dth_reach":3,"dth_dyn":3,"dth_flow":0,"dth_geom":2,"maxrss_kb":18016,"start_x":-1,"start_y":-1}
FRANK shard6: F降序
shard 6: 第一层存活 0/7 = 0%%, 第二层 跳过
probe[t=0s]: 146/146 起点被证伪，剩 0
no solution found
STATS {"solved":0,"shard":6,"wall_s":0,"nodes_total":68,"nodes_win":-1,"dth_liveend":0,"dth_estate":19,"dth_reach":7,"dth_dyn":3,"dth_flow":0,"dth_geom":2,"maxrss_kb":18240,"start_x":-1,"start_y":-1}
FRANK shard0: F降序
shard 0: 第一层存活 0/8 = 0%%, 第二层 跳过
probe[t=0s]: 146/146 起点被证伪，剩 0
no solution found
STATS {"solved":0,"shard":0,"wall_s":0,"nodes_total":32,"nodes_win":-1,"dth_liveend":0,"dth_estate":17,"dth_reach":3,"dth_dyn":0,"dth_flow":0,"dth_geom":3,"maxrss_kb":16668,"start_x":-1,"start_y":-1}
FRANK shard10: F降序
shard 10: 第一层存活 0/7 = 0%%, 第二层 跳过
probe[t=1s]: 146/146 起点被证伪，剩 0
no solution found
STATS {"solved":0,"shard":10,"wall_s":1,"nodes_total":744,"nodes_win":-1,"dth_liveend":0,"dth_estate":127,"dth_reach":65,"dth_dyn":5,"dth_flow":0,"dth_geom":10,"maxrss_kb":21600,"start_x":-1,"start_y":-1}
FRANK shard11: F降序
shard 11: 第一层存活 0/7 = 0%%, 第二层 跳过
probe[t=1s]: 146/146 起点被证伪，剩 0
no solution found
STATS {"solved":0,"shard":11,"wall_s":1,"nodes_total":547,"nodes_win":-1,"dth_liveend":0,"dth_estate":94,"dth_reach":37,"dth_dyn":8,"dth_flow":0,"dth_geom":3,"maxrss_kb":21600,"start_x":-1,"start_y":-1}
FRANK shard1: F降序
shard 1: 第一层存活 0/8 = 0%%, 第二层 跳过
probe[t=1s]: 146/146 起点被证伪，剩 0
DYN shard1: 52 calls, 10 refuted (19%)
no solution found
STATS {"solved":0,"shard":1,"wall_s":1,"nodes_total":809,"nodes_win":-1,"dth_liveend":0,"dth_estate":135,"dth_reach":88,"dth_dyn":10,"dth_flow":0,"dth_geom":18,"maxrss_kb":21600,"start_x":-1,"start_y":-1}
FRANK shard19: F降序
shard 19: 第一层存活 1/7 = 14%%, 第二层 跳过
probe[t=1s]: 145/146 起点被证伪，剩 1
DYN shard19: 159 calls, 46 refuted (29%)
FRANK shard13: F降序
shard 13: 第一层存活 0/7 = 0%%, 第二层 跳过
probe[t=1s]: 146/146 起点被证伪，剩 0
FRANK shard4: F降序
shard 4: 第一层存活 1/8 = 12%%, 第二层 跳过
DYN shard13: 122 calls, 26 refuted (21%)
probe[t=1s]: 145/146 起点被证伪，剩 1
no solution found
STATS {"solved":0,"shard":13,"wall_s":1,"nodes_total":2174,"nodes_win":-1,"dth_liveend":0,"dth_estate":369,"dth_reach":194,"dth_DYN shard4: 225 calls, 55 refuted (24%)
dyn":26,"dth_flow":0,"dth_geom":33,"maxrss_kb":21600,"start_x":-1,"start_y":-1}
FRANK shard5: F降序
shard 5: 第一层存活 1/8 = 12%%, 第二层 跳过
probe[t=1s]: 145/146 起点被证伪，剩 1
DYN shard5: 142 calls, 55 refuted (39%)
FRANK shard17: F降序
shard 17: 第一层存活 1/7 = 14%%, 第二层 跳过
probe[t=1s]: 145/146 起点被证伪，剩 1
DYN shard17: 149 calls, 53 refuted (36%)
FRANK shard2: F降序
shard 2: 第一层存活 1/8 = 12%%, 第二层 跳过
probe[t=1s]: 145/146 起点被证伪，剩 1
DYN shard2: 144 calls, 55 refuted (38%)
FRANK shard9: F降序
shard 9: 第一层存活 1/7 = 14%%, 第二层 跳过
probe[t=1s]: 145/146 起点被证伪，剩 1
DYN shard9: 142 calls, 38 refuted (27%)
FRANK shard16: F降序
shard 16: 第一层存活 1/7 = 14%%, 第二层 跳过
probe[t=1s]: 145/146 起点被证伪，剩 1
DYN shard16: 256 calls, 59 refuted (23%)
FRANK shard8: F降序
shard 8: 第一层存活 1/7 = 14%%, 第二层 跳过
probe[t=1s]: 145/146 起点被证伪，剩 1
DYN shard8: 182 calls, 69 refuted (38%)
FRANK shard3: F降序
shard 3: 第一层存活 1/8 = 12%%, 第二层 跳过
probe[t=1s]: 145/146 起点被证伪，剩 1
DYN shard3: 149 calls, 52 refuted (35%)
FRANK shard14: F降序
shard 14: 第一层存活 1/7 = 14%%, 第二层 跳过
probe[t=1s]: 145/146 起点被证伪，剩 1
DYN shard14: 223 calls, 84 refuted (38%)
FRANK shard15: F降序
shard 15: 第一层存活 1/7 = 14%%, 第二层 跳过
probe[t=1s]: 145/146 起点被证伪，剩 1
DYN shard15: 144 calls, 50 refuted (35%)
FRANK shard12: F降序
shard 12: 第一层存活 2/7 = 28%%, 第二层 跳过
probe[t=1s]: 144/146 起点被证伪，剩 2
DYN shard12: 252 calls, 66 refuted (26%)
STATS {"solved":1,"shard":2,"wall_s":12,"nodes_total":196272,"nodes_win":194271,"dth_liveend":0,"dth_estate":24715,"dth_reach":10955,"dth_dyn":4280,"dth_flow":0,"dth_geom":862,"maxrss_kb":35040,"start_x":189,"start_y":9}
