有向预计算：走向已定 78905/193410 (40.8%) | 无向判定率 46.5% -> 58.5% (44929 -> 56600 / 96705 边)
有向预计算：走向已定 79334/193410 (41.0%) | 无向判定率 58.5% -> 58.7% (56600 -> 56797 / 96705 边)
有向预计算：走向已定 79334/193410 (41.0%) | 无向判定率 58.7% -> 58.7% (56797 -> 56798 / 96705 边)
有向预计算：走向已定 79334/193410 (41.0%) | 无向判定率 58.7% -> 58.7% (56798 -> 56798 / 96705 边)
全局阶段：固定 56798 条边，起点候选 14 / 68055 (0.0%)
adaptive PROPDEPTH=999999 (fixed 56798 / 96705 edges; 第一层存活率>=SURVDEEP%再升深层)
shard 0: swarm 模式（14 个候选全员上，随机顺序）
shard 1: swarm 模式（14 个候选全员上，随机顺序）
shard 2: swarm 模式（14 个候选全员上，随机顺序）
shard 6: swarm 模式（14 个候选全员上，随机顺序）
shard 3: swarm 模式（14 个候选全员上，随机顺序）
shard 4: swarm 模式（14 个候选全员上，随机顺序）
shard 5: swarm 模式（14 个候选全员上，随机顺序）
shard 7: swarm 模式（14 个候选全员上，随机顺序）
shard 8: swarm 模式（14 个候选全员上，随机顺序）
shard 9: swarm 模式（14 个候选全员上，随机顺序）
shard 10: swarm 模式（14 个候选全员上，随机顺序）
shard 11: swarm 模式（14 个候选全员上，随机顺序）
shard 12: swarm 模式（14 个候选全员上，随机顺序）
shard 13: swarm 模式（14 个候选全员上，随机顺序）
FRANK shard7: F降序
shard 7: 第一层存活 6/1 = 600%%, 第二层 开
FRANK shard10: F降序
shard 10: 第一层存活 6/1 = 600%%, 第二层 开
FRANK shard1: F降序
shard 1: 第一层存活 6/1 = 600%%, 第二层 开
FRANK shard13: F降序
shard 13: 第一层存活 5/1 = 500%%, 第二层 开
FRANK shard4: F降序
shard 4: 第一层存活 6/1 = 600%%, 第二层 开
FRANK shard8: F降序
shard 8: 第一层存活 5/1 = 500%%, 第二层 开
FRANK shard11: F降序
shard 11: 第一层存活 5/1 = 500%%, 第二层 开
FRANK shard5: F降序
shard 5: 第一层存活 5/1 = 500%%, 第二层 开
FRANK shard2: F降序
shard 2: 第一层存活 5/1 = 500%%, 第二层 开
FRANK shard9: F降序
shard 9: 第一层存活 5/1 = 500%%, 第二层 开
FRANK shard6: F降序
shard 6: 第一层存活 5/1 = 500%%, 第二层 开
FRANK shard12: F降序
shard 12: 第一层存活 5/1 = 500%%, 第二层 开
FRANK shard0: F降序
shard 0: 第一层存活 5/1 = 500%%, 第二层 开
FRANK shard3: F降序
shard 3: 第一层存活 5/1 = 500%%, 第二层 开
probe[t=4s]: 13/14 起点被证伪，剩 1
DYN shard10: 3776 calls, 1036 refuted (27%)
probe[t=4s]: 13/14 起点被证伪，剩 1
DYN shard7: 3856 calls, 1059 refuted (27%)
probe[t=5s]: 13/14 起点被证伪，剩 1
DYN shard4: 3614 calls, 992 refuted (27%)
probe[t=5s]: 13/14 起点被证伪，剩 1
DYN shard1: 3888 calls, 982 refuted (25%)
probe[t=6s]: 13/14 起点被证伪，剩 1
DYN shard5: 2946 calls, 1184 refuted (40%)
probe[t=6s]: 13/14 起点被证伪，剩 1
DYN shard13: 3582 calls, 975 refuted (27%)
probe[t=6s]: 13/14 起点被证伪，剩 1
DYN shard11: 3006 calls, 1204 refuted (40%)
probe[t=6s]: 13/14 起点被证伪，剩 1
DYN shard2: 3058 calls, 1246 refuted (41%)
probe[t=7s]: 13/14 起点被证伪，剩 1
DYN shard8: 3114 calls, 1219 refuted (39%)
probe[t=7s]: 13/14 起点被证伪，剩 1
DYN shard12: 3038 calls, 980 refuted (32%)
probe[t=8s]: 13/14 起点被证伪，剩 1
DYN shard3: 3066 calls, 989 refuted (32%)
probe[t=8s]: 13/14 起点被证伪，剩 1
DYN shard6: 3146 calls, 937 refuted (30%)
probe[t=8s]: 13/14 起点被证伪，剩 1
DYN shard0: 3066 calls, 987 refuted (32%)
probe[t=8s]: 13/14 起点被证伪，剩 1
DYN shard9: 3172 calls, 958 refuted (30%)
STATS {"solved":1,"shard":1,"wall_s":13,"nodes_total":167703,"nodes_win":99137,"dth_liveend":0,"dth_estate":22111,"dth_reach":10679,"dth_dyn":2034,"dth_flow":0,"dth_geom":1653,"maxrss_kb":38456,"start_x":178,"start_y":72}
WINNER shard 1 tier 1 nodes 99137
