有向预计算：走向已定 77775/175336 (44.4%) | 无向判定率 47.1% -> 60.1% (41282 -> 52727 / 87668 边)
有向预计算：走向已定 77938/175336 (44.5%) | 无向判定率 60.1% -> 60.3% (52727 -> 52869 / 87668 边)
有向预计算：走向已定 77938/175336 (44.5%) | 无向判定率 60.3% -> 60.3% (52869 -> 52870 / 87668 边)
有向预计算：走向已定 77938/175336 (44.5%) | 无向判定率 60.3% -> 60.3% (52870 -> 52870 / 87668 边)
全局阶段：固定 52870 条边，起点候选 76 / 61886 (0.1%)
adaptive PROPDEPTH=999999 (fixed 52870 / 87668 edges; 第一层存活率>=SURVDEEP%再升深层)
shard 0: swarm 模式（76 个候选全员上，随机顺序）
shard 1: swarm 模式（76 个候选全员上，随机顺序）
shard 2: swarm 模式（76 个候选全员上，随机顺序）
shard 3: swarm 模式（76 个候选全员上，随机顺序）
shard 4: swarm 模式（76 个候选全员上，随机顺序）
shard 5: swarm 模式（76 个候选全员上，随机顺序）
shard 6: swarm 模式（76 个候选全员上，随机顺序）
shard 7: swarm 模式（76 个候选全员上，随机顺序）
shard 8: swarm 模式（76 个候选全员上，随机顺序）
shard 15: swarm 模式（76 个候选全员上，随机顺序）
shard 9: swarm 模式（76 个候选全员上，随机顺序）
shard 10: swarm 模式（76 个候选全员上，随机顺序）
shard 11: swarm 模式（76 个候选全员上，随机顺序）
shard 12: swarm 模式（76 个候选全员上，随机顺序）
shard 13: swarm 模式（76 个候选全员上，随机顺序）
shard 14: swarm 模式（76 个候选全员上，随机顺序）
shard 16: swarm 模式（76 个候选全员上，随机顺序）
shard 17: swarm 模式（76 个候选全员上，随机顺序）
shard 18: swarm 模式（76 个候选全员上，随机顺序）
shard 19: swarm 模式（76 个候选全员上，随机顺序）
FRANK shard10: F降序
shard 10: 第一层存活 1/4 = 25%%, 第二层 跳过
probe[t=1s]: 75/76 起点被证伪，剩 1
DYN shard10: 94 calls, 27 refuted (29%)
FRANK shard16: F降序
shard 16: 第一层存活 1/3 = 33%%, 第二层 开
FRANK shard19: F降序
shard 19: 第一层存活 1/3 = 33%%, 第二层 开
FRANK shard7: F降序
shard 7: 第一层存活 1/4 = 25%%, 第二层 跳过
probe[t=1s]: 75/76 起点被证伪，剩 1
DYN shard7: 100 calls, 29 refuted (29%)
FRANK shard13: F降序
shard 13: 第一层存活 1/4 = 25%%, 第二层 跳过
probe[t=1s]: 75/76 起点被证伪，剩 1
DYN shard13: 104 calls, 28 refuted (27%)
FRANK shard4: F降序
shard 4: 第一层存活 1/4 = 25%%, 第二层 跳过
probe[t=1s]: 75/76 起点被证伪，剩 1
DYN shard4: 126 calls, 39 refuted (31%)
FRANK shard8: F降序
shard 8: 第一层存活 1/4 = 25%%, 第二层 跳过
probe[t=1s]: 75/76 起点被证伪，剩 1
FRANK shard14: F降序
shard 14: 第一层存活 1/4 = 25%%, 第二层 跳过
DYN shard8: 72 calls, 26 refuted (36%)
probe[t=1s]: 75/76 起点被证伪，剩 1
DYN shard14: 72 calls, 28 refuted (39%)
FRANK shard15: F降序
shard 15: 第一层存活 1/4 = 25%%, 第二层 跳过
probe[t=1s]: 75/76 起点被证伪，剩 1
FRANK shard1: F降序
FRANK shard18: F降序
DYN shard15: 68 calls, 20 refuted (29%)
shard 1: 第一层存活 1/4 = 25%%, 第二层 跳过
probe[t=1s]: 75/76 起点被证伪，剩 1
shard 18: 第一层存活 1/3 = 33%%, 第二层 开
DYN shard1: 120 calls, 36 refuted (30%)
FRANK shard2: F降序
shard 2: 第一层存活 1/4 = 25%%, 第二层 跳过
probe[t=1s]: 75/76 起点被证伪，剩 1
DYN shard2: 102 calls, 39 refuted (38%)
FRANK shard3: F降序
shard 3: 第一层存活 1/4 = 25%%, 第二层 跳过
probe[t=1s]: 75/76 起点被证伪，剩 1
FRANK shard17: F降序
shard 17: 第一层存活 1/3 = 33%%, 第二层 开
DYN shard3: 94 calls, 28 refuted (30%)
FRANK shard0: F降序
shard 0: 第一层存活 1/4 = 25%%, 第二层 跳过
probe[t=1s]: 75/76 起点被证伪，剩 1
DYN shard0: 94 calls, 29 refuted (31%)
FRANK shard5: F降序
shard 5: 第一层存活 1/4 = 25%%, 第二层 跳过
probe[t=1s]: 75/76 起点被证伪，剩 1
DYN shard5: 98 calls, 38 refuted (39%)
FRANK shard9: F降序
shard 9: 第一层存活 1/4 = 25%%, 第二层 跳过
probe[t=1s]: 75/76 起点被证伪，剩 1
DYN shard9: 102 calls, 31 refuted (30%)
FRANK shard11: F降序
shard 11: 第一层存活 1/4 = 25%%, 第二层 跳过
probe[t=1s]: 75/76 起点被证伪，剩 1
DYN shard11: 104 calls, 41 refuted (39%)
FRANK shard6: F降序
shard 6: 第一层存活 1/4 = 25%%, 第二层 跳过
probe[t=1s]: 75/76 起点被证伪，剩 1
DYN shard6: 102 calls, 35 refuted (34%)
FRANK shard12: F降序
shard 12: 第一层存活 1/4 = 25%%, 第二层 跳过
probe[t=1s]: 75/76 起点被证伪，剩 1
DYN shard12: 110 calls, 36 refuted (33%)
STATS {"solved":1,"shard":7,"wall_s":2,"nodes_total":88245,"nodes_win":86244,"dth_liveend":0,"dth_estate":10850,"dth_reach":5034,"dth_dyn":1257,"dth_flow":0,"dth_geom":717,"maxrss_kb":35544,"start_x":146,"start_y":31}
WINNER shard 7 tier 3 nodes 86244
