有向预计算：走向已定 93203/235014 (39.7%) | 无向判定率 45.5% -> 56.9% (53465 -> 66860 / 117507 边)
有向预计算：走向已定 93610/235014 (39.8%) | 无向判定率 56.9% -> 57.1% (66860 -> 67097 / 117507 边)
有向预计算：走向已定 93609/235014 (39.8%) | 无向判定率 57.1% -> 57.1% (67097 -> 67100 / 117507 边)
有向预计算：走向已定 93609/235014 (39.8%) | 无向判定率 57.1% -> 57.1% (67100 -> 67100 / 117507 边)
全局阶段：固定 67100 条边，起点候选 93 / 82316 (0.1%)
adaptive PROPDEPTH=999999 (fixed 67100 / 117507 edges; 第一层存活率>=SURVDEEP%再升深层)
FRANK shard2: F降序
shard 2: 第一层存活 0/23 = 0%%, 第二层 跳过
probe[t=1s]: 93/93 起点被证伪，剩 0
no solution found
STATS {"solved":0,"shard":2,"wall_s":1,"nodes_total":0,"nodes_win":-1,"dth_liveend":0,"dth_estate":0,"dth_reach":0,"dth_dyn":0,"dth_flow":0,"dth_geom":0,"maxrss_kb":21264,"start_x":-1,"start_y":-1}
FRANK shard0: F降序
shard 0: 第一层存活 0/24 = 0%%, 第二层 跳过
probe[t=1s]: 93/93 起点被证伪，剩 0
no solution found
STATS {"solved":0,"shard":0,"wall_s":1,"nodes_total":0,"nodes_win":-1,"dth_liveend":0,"dth_estate":0,"dth_reach":0,"dth_dyn":0,"dth_flow":0,"dth_geom":0,"maxrss_kb":21264,"start_x":-1,"start_y":-1}
FRANK shard1: F降序
shard 1: 第一层存活 0/23 = 0%%, 第二层 跳过
probe[t=1s]: 93/93 起点被证伪，剩 0
no solution found
STATS {"solved":0,"shard":1,"wall_s":1,"nodes_total":0,"nodes_win":-1,"dth_liveend":0,"dth_estate":0,"dth_reach":0,"dth_dyn":0,"dth_flow":0,"dth_geom":0,"maxrss_kb":21264,"start_x":-1,"start_y":-1}
FRANK shard3: F降序
shard 3: 第一层存活 1/23 = 4%%, 第二层 跳过
probe[t=1s]: 92/93 起点被证伪，剩 1
DYN shard3: 94 calls, 17 refuted (18%)
