有向预计算：走向已定 86392/185518 (46.6%) | 无向判定率 47.4% -> 61.3% (44010 -> 56829 / 92759 边)
有向预计算：走向已定 87088/185518 (46.9%) | 无向判定率 61.3% -> 61.5% (56829 -> 57061 / 92759 边)
有向预计算：走向已定 87202/185518 (47.0%) | 无向判定率 61.5% -> 61.5% (57061 -> 57088 / 92759 边)
有向预计算：走向已定 87202/185518 (47.0%) | 无向判定率 61.5% -> 61.5% (57088 -> 57089 / 92759 边)
全局阶段：固定 57089 条边，起点候选 59 / 65372 (0.1%)
adaptive PROPDEPTH=999999 (fixed 57089 / 92759 edges; 第一层存活率>=SURVDEEP%再升深层)
shard 0: swarm 模式（59 个候选全员上，随机顺序）
shard 1: swarm 模式（59 个候选全员上，随机顺序）
shard 2: swarm 模式（59 个候选全员上，随机顺序）
shard 3: swarm 模式（59 个候选全员上，随机顺序）
shard 4: swarm 模式（59 个候选全员上，随机顺序）
shard 5: swarm 模式（59 个候选全员上，随机顺序）
shard 6: swarm 模式（59 个候选全员上，随机顺序）
shard 7: swarm 模式（59 个候选全员上，随机顺序）
shard 8: swarm 模式（59 个候选全员上，随机顺序）
shard 9: swarm 模式（59 个候选全员上，随机顺序）
shard 10: swarm 模式（59 个候选全员上，随机顺序）
shard 11: swarm 模式（59 个候选全员上，随机顺序）
shard 12: swarm 模式（59 个候选全员上，随机顺序）
shard 13: swarm 模式（59 个候选全员上，随机顺序）
shard 14: swarm 模式（59 个候选全员上，随机顺序）
shard 15: swarm 模式（59 个候选全员上，随机顺序）
shard 16: swarm 模式（59 个候选全员上，随机顺序）
shard 17: swarm 模式（59 个候选全员上，随机顺序）
shard 18: swarm 模式（59 个候选全员上，随机顺序）
shard 19: swarm 模式（59 个候选全员上，随机顺序）
FRANK shard11: F降序
shard 11: 第一层存活 4/3 = 133%%, 第二层 开
FRANK shard2: F降序
shard 2: 第一层存活 4/3 = 133%%, 第二层 开
FRANK shard5: F降序
shard 5: 第一层存活 4/3 = 133%%, 第二层 开
FRANK shard19: F降序
shard 19: 第一层存活 4/2 = 200%%, 第二层 开
FRANK shard4: F降序
shard 4: 第一层存活 4/3 = 133%%, 第二层 开
FRANK shard7: F降序
shard 7: 第一层存活 4/3 = 133%%, 第二层 开
FRANK shard8: F降序
shard 8: 第一层存活 4/3 = 133%%, 第二层 开
FRANK shard1: F降序
shard 1: 第一层存活 4/3 = 133%%, 第二层 开
FRANK shard0: F降序
shard 0: 第一层存活 5/3 = 166%%, 第二层 开
FRANK shard17: F降序
shard 17: 第一层存活 4/3 = 133%%, 第二层 开
FRANK shard16: F降序
shard 16: 第一层存活 4/3 = 133%%, 第二层 开
FRANK shard14: F降序
shard 14: 第一层存活 4/3 = 133%%, 第二层 开
FRANK shard9: F降序
shard 9: 第一层存活 5/3 = 166%%, 第二层 开
FRANK shard18: F降序
shard 18: 第一层存活 5/3 = 166%%, 第二层 开
FRANK shard10: F降序
shard 10: 第一层存活 4/3 = 133%%, 第二层 开
FRANK shard6: F降序
shard 6: 第一层存活 5/3 = 166%%, 第二层 开
FRANK shard12: F降序
shard 12: 第一层存活 5/3 = 166%%, 第二层 开
FRANK shard13: F降序
shard 13: 第一层存活 4/3 = 133%%, 第二层 开
FRANK shard15: F降序
shard 15: 第一层存活 5/3 = 166%%, 第二层 开
FRANK shard3: F降序
shard 3: 第一层存活 5/3 = 166%%, 第二层 开
probe[t=9s]: 55/59 起点被证伪，剩 4
DYN shard13: 7302 calls, 1627 refuted (22%)
probe[t=10s]: 55/59 起点被证伪，剩 4
DYN shard1: 7562 calls, 1763 refuted (23%)
probe[t=12s]: 55/59 起点被证伪，剩 4
DYN shard16: 7516 calls, 1818 refuted (24%)
probe[t=12s]: 55/59 起点被证伪，剩 4
DYN shard5: 6410 calls, 2407 refuted (38%)
probe[t=13s]: 55/59 起点被证伪，剩 4
DYN shard19: 7908 calls, 1967 refuted (25%)
STATS {"solved":1,"shard":13,"wall_s":13,"nodes_total":292950,"nodes_win":155095,"dth_liveend":0,"dth_estate":39325,"dth_reach":16892,"dth_dyn":3142,"dth_flow":0,"dth_geom":2873,"maxrss_kb":38884,"start_x":147,"start_y":134}
WINNER shard 13 tier 1 nodes 155095
