有向预计算：走向已定 64195/156758 (41.0%) | 无向判定率 46.5% -> 58.3% (36424 -> 45663 / 78379 边)
有向预计算：走向已定 64691/156758 (41.3%) | 无向判定率 58.3% -> 58.5% (45663 -> 45820 / 78379 边)
有向预计算：走向已定 64691/156758 (41.3%) | 无向判定率 58.5% -> 58.5% (45820 -> 45821 / 78379 边)
有向预计算：走向已定 64691/156758 (41.3%) | 无向判定率 58.5% -> 58.5% (45821 -> 45821 / 78379 边)
全局阶段：固定 45821 条边，起点候选 29 / 55128 (0.1%)
adaptive PROPDEPTH=999999 (fixed 45821 / 78379 edges; 第一层存活率>=SURVDEEP%再升深层)
shard 0: swarm 模式（29 个候选全员上，随机顺序）
shard 1: swarm 模式（29 个候选全员上，随机顺序）
shard 2: swarm 模式（29 个候选全员上，随机顺序）
shard 3: swarm 模式（29 个候选全员上，随机顺序）
shard 4: swarm 模式（29 个候选全员上，随机顺序）
shard 5: swarm 模式（29 个候选全员上，随机顺序）
shard 6: swarm 模式（29 个候选全员上，随机顺序）
shard 7: swarm 模式（29 个候选全员上，随机顺序）
shard 8: swarm 模式（29 个候选全员上，随机顺序）
shard 18: swarm 模式（29 个候选全员上，随机顺序）
shard 9: swarm 模式（29 个候选全员上，随机顺序）
shard 10: swarm 模式（29 个候选全员上，随机顺序）
shard 11: swarm 模式（29 个候选全员上，随机顺序）
shard 12: swarm 模式（29 个候选全员上，随机顺序）
shard 13: swarm 模式（29 个候选全员上，随机顺序）
shard 14: swarm 模式（29 个候选全员上，随机顺序）
shard 15: swarm 模式（29 个候选全员上，随机顺序）
shard 16: swarm 模式（29 个候选全员上，随机顺序）
shard 17: swarm 模式（29 个候选全员上，随机顺序）
shard 19: swarm 模式（29 个候选全员上，随机顺序）
FRANK shard4: F降序
shard 4: 第一层存活 16/2 = 800%%, 第二层 开
FRANK shard7: F降序
shard 7: 第一层存活 15/2 = 750%%, 第二层 开
FRANK shard11: F降序
shard 11: 第一层存活 14/1 = 1400%%, 第二层 开
FRANK shard14: F降序
shard 14: 第一层存活 14/1 = 1400%%, 第二层 开
FRANK shard5: F降序
shard 5: 第一层存活 14/2 = 700%%, 第二层 开
FRANK shard17: F降序
shard 17: 第一层存活 14/1 = 1400%%, 第二层 开
FRANK shard2: F降序
shard 2: 第一层存活 14/2 = 700%%, 第二层 开
FRANK shard8: F降序
shard 8: 第一层存活 14/2 = 700%%, 第二层 开
FRANK shard6: F降序
shard 6: 第一层存活 16/2 = 800%%, 第二层 开
FRANK shard0: F降序
shard 0: 第一层存活 16/2 = 800%%, 第二层 开
FRANK shard12: F降序
shard 12: 第一层存活 16/1 = 1600%%, 第二层 开
FRANK shard15: F降序
shard 15: 第一层存活 16/1 = 1600%%, 第二层 开
FRANK shard3: F降序
shard 3: 第一层存活 16/2 = 800%%, 第二层 开
FRANK shard18: F降序
shard 18: 第一层存活 16/1 = 1600%%, 第二层 开
FRANK shard9: F降序
shard 9: 第一层存活 16/1 = 1600%%, 第二层 开
FRANK shard13: F降序
shard 13: 第一层存活 13/1 = 1300%%, 第二层 开
FRANK shard1: F降序
shard 1: 第一层存活 13/2 = 650%%, 第二层 开
FRANK shard16: F降序
shard 16: 第一层存活 13/1 = 1300%%, 第二层 开
FRANK shard10: F降序
shard 10: 第一层存活 13/1 = 1300%%, 第二层 开
FRANK shard19: F降序
shard 19: 第一层存活 12/1 = 1200%%, 第二层 开
probe[t=34s]: 18/29 起点被证伪，剩 11
DYN shard7: 23103 calls, 5187 refuted (22%)
probe[t=36s]: 17/29 起点被证伪，剩 12
DYN shard4: 23221 calls, 5190 refuted (22%)
probe[t=38s]: 18/29 起点被证伪，剩 11
DYN shard16: 23291 calls, 5555 refuted (24%)
probe[t=40s]: 18/29 起点被证伪，剩 11
DYN shard10: 23283 calls, 5296 refuted (23%)
probe[t=42s]: 18/29 起点被证伪，剩 11
DYN shard19: 22853 calls, 5366 refuted (23%)
probe[t=44s]: 18/29 起点被证伪，剩 11
DYN shard13: 22515 calls, 5323 refuted (24%)
probe[t=50s]: 18/29 起点被证伪，剩 11
DYN shard1: 22873 calls, 5164 refuted (23%)
probe[t=60s]: 18/29 起点被证伪，剩 11
DYN shard8: 21839 calls, 8407 refuted (38%)
probe[t=61s]: 18/29 起点被证伪，剩 11
DYN shard11: 23027 calls, 8986 refuted (39%)
probe[t=64s]: 15/29 起点被证伪，剩 14
DYN shard9: 25579 calls, 7640 refuted (30%)
probe[t=65s]: 18/29 起点被证伪，剩 11
DYN shard2: 22113 calls, 8442 refuted (38%)
probe[t=66s]: 18/29 起点被证伪，剩 11
DYN shard17: 22341 calls, 8353 refuted (37%)
probe[t=70s]: 18/29 起点被证伪，剩 11
DYN shard14: 21927 calls, 8249 refuted (38%)
probe[t=71s]: 18/29 起点被证伪，剩 11
DYN shard5: 22191 calls, 8414 refuted (38%)
probe[t=73s]: 15/29 起点被证伪，剩 14
DYN shard0: 25627 calls, 7742 refuted (30%)
probe[t=77s]: 15/29 起点被证伪，剩 14
DYN shard15: 26071 calls, 7619 refuted (29%)
STATS {"solved":1,"shard":2,"wall_s":83,"nodes_total":589043,"nodes_win":162388,"dth_liveend":0,"dth_estate":67449,"dth_reach":36562,"dth_dyn":11517,"dth_flow":0,"dth_geom":2741,"maxrss_kb":36156,"start_x":212,"start_y":110}
WINNER shard 2 tier 2 nodes 162388
