有向预计算：走向已定 4552/11336 (40.2%) | 无向判定率 55.4% -> 65.6% (3140 -> 3719 / 5668 边)
有向预计算：走向已定 4711/11336 (41.6%) | 无向判定率 65.6% -> 66.2% (3719 -> 3754 / 5668 边)
有向预计算：走向已定 4711/11336 (41.6%) | 无向判定率 66.2% -> 66.2% (3754 -> 3754 / 5668 边)
全局阶段：固定 3754 条边，起点候选 40 / 4189 (1.0%)
adaptive PROPDEPTH=999999 (fixed 3754 / 5668 edges; 第一层存活率>=SURVDEEP%再升深层)
FRANK shard2: F升序
shard 2: 第一层存活 0/10 = 0%%, 第二层 跳过
probe[t=0s]: 40/40 起点被证伪，剩 0
no solution found
STATS {"solved":0,"shard":2,"wall_s":0,"nodes_total":0,"nodes_win":-1,"dth_liveend":0,"dth_estate":0,"dth_reach":0,"dth_dyn":0,"dth_flow":0,"dth_geom":0,"maxrss_kb":2368,"start_x":-1,"start_y":-1}
FRANK shard3: F升序
FRANK shard0: F升序
shard 0: 第一层存活 0/10 = 0%%, 第二层 跳过
shard 3: 第一层存活 0/10 = 0%%, 第二层 跳过
probe[t=0s]: 40/40 起点被证伪，剩 0
probe[t=0s]: 40/40 起点被证伪，剩 0
no solution found
no solution found
STATS {"solved":0,"shard":3,"wall_s":0,"nodes_total":0,"nodes_win":-1,"dth_liveend":0,"dth_estate":0,"dth_reach":0,"dth_dyn":0,"FRANK shard1: F升序
shard 1: 第一层存活 1/10 = 10%%, 第二层 跳过
STATS {"solved":0,"shard":0,"wall_s":0,"nodes_total":0,"nodes_win":-1,"dth_liveend":0,"dth_estate":0,"dth_reach":0,"dth_dyn":0,"dth_flow":0,"dth_geom":0,"maxrss_kb":2368,"start_x":-1,"start_y":-1}
dth_flow":0,"dth_geom":0,"maxrss_kb":2368,"start_x":-1,"start_y":-1}
probe[t=0s]: 39/40 起点被证伪，剩 1
DYN shard1: 112 calls, 27 refuted (24%)
STATS {"solved":1,"shard":1,"wall_s":0,"nodes_total":7191,"nodes_win":5190,"dth_liveend":0,"dth_estate":823,"dth_reach":361,"dth_dyn":97,"dth_flow":0,"dth_geom":23,"maxrss_kb":3752,"start_x":66,"start_y":15}
