有向预计算：走向已定 87015/208684 (41.7%) | 无向判定率 46.5% -> 58.5% (48492 -> 61081 / 104342 边)
有向预计算：走向已定 87931/208684 (42.1%) | 无向判定率 58.5% -> 58.9% (61081 -> 61424 / 104342 边)
有向预计算：走向已定 87954/208684 (42.1%) | 无向判定率 58.9% -> 58.9% (61424 -> 61447 / 104342 边)
有向预计算：走向已定 87954/208684 (42.1%) | 无向判定率 58.9% -> 58.9% (61447 -> 61447 / 104342 边)
全局阶段：固定 61447 条边，起点候选 63 / 73417 (0.1%)
adaptive PROPDEPTH=999999 (fixed 61447 / 104342 edges; 第一层存活率>=SURVDEEP%再升深层)
shard 0: swarm 模式（63 个候选全员上，随机顺序）
shard 1: swarm 模式（63 个候选全员上，随机顺序）
shard 2: swarm 模式（63 个候选全员上，随机顺序）
shard 3: swarm 模式（63 个候选全员上，随机顺序）
shard 4: swarm 模式（63 个候选全员上，随机顺序）
shard 10: swarm 模式（63 个候选全员上，随机顺序）
shard 5: swarm 模式（63 个候选全员上，随机顺序）
shard 13: swarm 模式（63 个候选全员上，随机顺序）
shard 6: swarm 模式（63 个候选全员上，随机顺序）
shard 7: swarm 模式（63 个候选全员上，随机顺序）
shard 8: swarm 模式（63 个候选全员上，随机顺序）
shard 9: swarm 模式（63 个候选全员上，随机顺序）
shard 11: swarm 模式（63 个候选全员上，随机顺序）
shard 12: swarm 模式（63 个候选全员上，随机顺序）
shard 14: swarm 模式（63 个候选全员上，随机顺序）
shard 15: swarm 模式（63 个候选全员上，随机顺序）
shard 16: swarm 模式（63 个候选全员上，随机顺序）
shard 17: swarm 模式（63 个候选全员上，随机顺序）
shard 18: swarm 模式（63 个候选全员上，随机顺序）
shard 19: swarm 模式（63 个候选全员上，随机顺序）
FRANK shard17: F降序
shard 17: 第一层存活 4/3 = 133%%, 第二层 开
FRANK shard5: F降序
shard 5: 第一层存活 4/3 = 133%%, 第二层 开
FRANK shard15: F降序
shard 15: 第一层存活 4/3 = 133%%, 第二层 开
FRANK shard11: F降序
shard 11: 第一层存活 4/3 = 133%%, 第二层 开
FRANK shard2: F降序
shard 2: 第一层存活 4/4 = 100%%, 第二层 开
FRANK shard14: F降序
shard 14: 第一层存活 4/3 = 133%%, 第二层 开
FRANK shard6: F降序
shard 6: 第一层存活 4/3 = 133%%, 第二层 开
FRANK shard9: F降序
shard 9: 第一层存活 4/3 = 133%%, 第二层 开
FRANK shard0: F降序
shard 0: 第一层存活 4/4 = 100%%, 第二层 开
FRANK shard12: F降序
shard 12: 第一层存活 4/3 = 133%%, 第二层 开
FRANK shard18: F降序
shard 18: 第一层存活 4/3 = 133%%, 第二层 开
FRANK shard3: F降序
shard 3: 第一层存活 4/3 = 133%%, 第二层 开
FRANK shard8: F降序
shard 8: 第一层存活 4/3 = 133%%, 第二层 开
FRANK shard7: F降序
shard 7: 第一层存活 4/3 = 133%%, 第二层 开
FRANK shard16: F降序
shard 16: 第一层存活 4/3 = 133%%, 第二层 开
FRANK shard13: F降序
shard 13: 第一层存活 9/3 = 300%%, 第二层 开
FRANK shard10: F降序
shard 10: 第一层存活 4/3 = 133%%, 第二层 开
FRANK shard19: F降序
shard 19: 第一层存活 4/3 = 133%%, 第二层 开
FRANK shard4: F降序
shard 4: 第一层存活 5/3 = 166%%, 第二层 开
FRANK shard1: F降序
shard 1: 第一层存活 4/4 = 100%%, 第二层 开
probe[t=16s]: 59/63 起点被证伪，剩 4
DYN shard5: 6691 calls, 2611 refuted (39%)
probe[t=20s]: 59/63 起点被证伪，剩 4
DYN shard2: 6631 calls, 2584 refuted (39%)
probe[t=20s]: 59/63 起点被证伪，剩 4
DYN shard14: 6543 calls, 2565 refuted (39%)
probe[t=21s]: 59/63 起点被证伪，剩 4
DYN shard8: 6671 calls, 2591 refuted (39%)
probe[t=21s]: 59/63 起点被证伪，剩 4
DYN shard6: 7055 calls, 1785 refuted (25%)
probe[t=21s]: 59/63 起点被证伪，剩 4
DYN shard4: 7553 calls, 2002 refuted (27%)
probe[t=22s]: 59/63 起点被证伪，剩 4
DYN shard10: 7241 calls, 2012 refuted (28%)
probe[t=22s]: 59/63 起点被证伪，剩 4
DYN shard15: 6417 calls, 1733 refuted (27%)
probe[t=22s]: 59/63 起点被证伪，剩 4
DYN shard16: 6993 calls, 1875 refuted (27%)
probe[t=22s]: 59/63 起点被证伪，剩 4
DYN shard7: 7183 calls, 1883 refuted (26%)
probe[t=23s]: 59/63 起点被证伪，剩 4
DYN shard12: 6475 calls, 1784 refuted (28%)
probe[t=24s]: 59/63 起点被证伪，剩 4
DYN shard9: 6687 calls, 1850 refuted (28%)
probe[t=26s]: 59/63 起点被证伪，剩 4
DYN shard17: 6697 calls, 2546 refuted (38%)
probe[t=26s]: 59/63 起点被证伪，剩 4
DYN shard19: 7007 calls, 1885 refuted (27%)
probe[t=27s]: 59/63 起点被证伪，剩 4
DYN shard1: 7361 calls, 1857 refuted (25%)
probe[t=28s]: 59/63 起点被证伪，剩 4
DYN shard11: 6645 calls, 2498 refuted (38%)
probe[t=28s]: 59/63 起点被证伪，剩 4
DYN shard18: 6497 calls, 1733 refuted (27%)
probe[t=28s]: 59/63 起点被证伪，剩 4
DYN shard13: 7783 calls, 2177 refuted (28%)
probe[t=29s]: 59/63 起点被证伪，剩 4
DYN shard3: 6567 calls, 1847 refuted (28%)
probe[t=45s]: 59/63 起点被证伪，剩 4
DYN shard0: 7441 calls, 1936 refuted (26%)
