有向预计算：走向已定 67437/165030 (40.9%) | 无向判定率 46.2% -> 58.0% (38160 -> 47895 / 82515 边)
有向预计算：走向已定 67652/165030 (41.0%) | 无向判定率 58.0% -> 58.2% (47895 -> 48023 / 82515 边)
有向预计算：走向已定 67652/165030 (41.0%) | 无向判定率 58.2% -> 58.2% (48023 -> 48023 / 82515 边)
全局阶段：固定 48023 条边，起点候选 91 / 57950 (0.2%)
adaptive PROPDEPTH=999999 (fixed 48023 / 82515 edges; 第一层存活率>=SURVDEEP%再升深层)
shard 0: swarm 模式（91 个候选全员上，随机顺序）
shard 1: swarm 模式（91 个候选全员上，随机顺序）
shard 2: swarm 模式（91 个候选全员上，随机顺序）
shard 3: swarm 模式（91 个候选全员上，随机顺序）
shard 4: swarm 模式（91 个候选全员上，随机顺序）
shard 11: swarm 模式（91 个候选全员上，随机顺序）
shard 5: swarm 模式（91 个候选全员上，随机顺序）
shard 6: swarm 模式（91 个候选全员上，随机顺序）
shard 7: swarm 模式（91 个候选全员上，随机顺序）
shard 8: swarm 模式（91 个候选全员上，随机顺序）
shard 9: swarm 模式（91 个候选全员上，随机顺序）
shard 10: swarm 模式（91 个候选全员上，随机顺序）
shard 12: swarm 模式（91 个候选全员上，随机顺序）
shard 13: swarm 模式（91 个候选全员上，随机顺序）
shard 14: swarm 模式（91 个候选全员上，随机顺序）
shard 15: swarm 模式（91 个候选全员上，随机顺序）
shard 16: swarm 模式（91 个候选全员上，随机顺序）
shard 17: swarm 模式（91 个候选全员上，随机顺序）
shard 18: swarm 模式（91 个候选全员上，随机顺序）
shard 19: swarm 模式（91 个候选全员上，随机顺序）
FRANK shard1: F降序
shard 1: 第一层存活 1/5 = 20%%, 第二层 跳过
probe[t=2s]: 90/91 起点被证伪，剩 1
DYN shard1: 224 calls, 46 refuted (21%)
FRANK shard13: F降序
shard 13: 第一层存活 1/4 = 25%%, 第二层 跳过
probe[t=2s]: 90/91 起点被证伪，剩 1
DYN shard13: 186 calls, 36 refuted (19%)
FRANK shard16: F降序
shard 16: 第一层存活 1/4 = 25%%, 第二层 跳过
probe[t=2s]: 90/91 起点被证伪，剩 1
DYN shard16: 214 calls, 38 refuted (18%)
FRANK shard19: F降序
shard 19: 第一层存活 1/4 = 25%%, 第二层 跳过
probe[t=3s]: 90/91 起点被证伪，剩 1
DYN shard19: 188 calls, 32 refuted (17%)
FRANK shard4: F降序
shard 4: 第一层存活 1/5 = 20%%, 第二层 跳过
probe[t=3s]: 90/91 起点被证伪，剩 1
DYN shard4: 188 calls, 36 refuted (19%)
FRANK shard10: F降序
shard 10: 第一层存活 1/5 = 20%%, 第二层 跳过
probe[t=3s]: 90/91 起点被证伪，剩 1
DYN shard10: 190 calls, 36 refuted (19%)
FRANK shard14: F降序
shard 14: 第一层存活 1/4 = 25%%, 第二层 跳过
probe[t=3s]: 90/91 起点被证伪，剩 1
DYN shard14: 174 calls, 69 refuted (40%)
FRANK shard11: F降序
shard 11: 第一层存活 1/4 = 25%%, 第二层 跳过
probe[t=3s]: 90/91 起点被证伪，剩 1
DYN shard11: 198 calls, 78 refuted (39%)
FRANK shard7: F降序
shard 7: 第一层存活 1/5 = 20%%, 第二层 跳过
probe[t=3s]: 90/91 起点被证伪，剩 1
DYN shard7: 218 calls, 44 refuted (20%)
FRANK shard6: F降序
shard 6: 第一层存活 1/5 = 20%%, 第二层 跳过
probe[t=3s]: 90/91 起点被证伪，剩 1
DYN shard6: 188 calls, 53 refuted (28%)
FRANK shard0: F降序
shard 0: 第一层存活 1/5 = 20%%, 第二层 跳过
probe[t=3s]: 90/91 起点被证伪，剩 1
DYN shard0: 186 calls, 54 refuted (29%)
FRANK shard15: F降序
shard 15: 第一层存活 1/4 = 25%%, 第二层 跳过
probe[t=3s]: 90/91 起点被证伪，剩 1
DYN shard15: 206 calls, 58 refuted (28%)
FRANK shard2: F降序
shard 2: 第一层存活 1/5 = 20%%, 第二层 跳过
probe[t=3s]: 90/91 起点被证伪，剩 1
DYN shard2: 180 calls, 73 refuted (41%)
FRANK shard12: F降序
shard 12: 第一层存活 1/4 = 25%%, 第二层 跳过
probe[t=3s]: 90/91 起点被证伪，剩 1
DYN shard12: 212 calls, 59 refuted (28%)
FRANK shard5: F降序
shard 5: 第一层存活 1/5 = 20%%, 第二层 跳过
probe[t=3s]: 90/91 起点被证伪，剩 1
DYN shard5: 208 calls, 80 refuted (38%)
FRANK shard8: F降序
shard 8: 第一层存活 1/5 = 20%%, 第二层 跳过
probe[t=3s]: 90/91 起点被证伪，剩 1
DYN shard8: 202 calls, 77 refuted (38%)
FRANK shard18: F降序
shard 18: 第一层存活 1/4 = 25%%, 第二层 跳过
probe[t=3s]: 90/91 起点被证伪，剩 1
DYN shard18: 184 calls, 52 refuted (28%)
FRANK shard17: F降序
shard 17: 第一层存活 1/4 = 25%%, 第二层 跳过
probe[t=4s]: 90/91 起点被证伪，剩 1
DYN shard17: 178 calls, 72 refuted (40%)
FRANK shard3: F降序
shard 3: 第一层存活 1/5 = 20%%, 第二层 跳过
probe[t=4s]: 90/91 起点被证伪，剩 1
DYN shard3: 186 calls, 56 refuted (30%)
FRANK shard9: F降序
shard 9: 第一层存活 1/5 = 20%%, 第二层 跳过
probe[t=4s]: 90/91 起点被证伪，剩 1
DYN shard9: 202 calls, 56 refuted (28%)
STATS {"solved":1,"shard":19,"wall_s":27,"nodes_total":253491,"nodes_win":250800,"dth_liveend":0,"dth_estate":33524,"dth_reach":19980,"dth_dyn":3137,"dth_flow":0,"dth_geom":3393,"maxrss_kb":33108,"start_x":40,"start_y":77}
WINNER shard 19 tier 3 nodes 250800
