  分治：12 块 144 对，可行 50 对，整块淘汰掉 0 格
有向预计算：走向已定 0/47928 (0.0%) | 无向判定率 0.0% -> 0.0% (0 -> 0 / 23964 边)
有向预计算：走向已定 0/47928 (0.0%) | 无向判定率 0.0% -> 0.0% (0 -> 0 / 23964 边)
全局阶段：固定 0 条边，起点候选 17048 / 17048 (100.0%)
adaptive PROPDEPTH=2 (fixed 0 / 23964 edges; 第一层存活率>=SURVDEEP%再升深层)
FRANK shard4: F升序
shard 4: 第一层存活 96% >= 38%，升深度传播(PD=16)
FRANK shard1: F升序
shard 1: 第一层存活 95% >= 38%，升深度传播(PD=16)
FRANK shard2: F升序
shard 2: 第一层存活 95% >= 38%，升深度传播(PD=16)
FRANK shard0: F升序
shard 0: 第一层存活 95% >= 38%，升深度传播(PD=16)
FRANK shard3: F升序
shard 3: 第一层存活 95% >= 38%，升深度传播(PD=16)
shard 4: 1.5 层深层重探后剩 3271
shard 4: 第一层存活 3271/3409 = 95%%, 第二层 开
shard 1: 1.5 层深层重探后剩 3246
shard 1: 第一层存活 3246/3410 = 95%%, 第二层 开
shard 2: 1.5 层深层重探后剩 3245
shard 2: 第一层存活 3245/3410 = 95%%, 第二层 开
shard 0: 1.5 层深层重探后剩 3261
shard 0: 第一层存活 3261/3410 = 95%%, 第二层 开
shard 3: 1.5 层深层重探后剩 3249
shard 3: 第一层存活 3249/3409 = 95%%, 第二层 开
STATS {"solved":1,"shard":4,"wall_s":194,"nodes_total":6751354,"nodes_win":24032,"dth_liveend":0,"dth_estate":907000,"dth_reach":664876,"dth_dyn":52618,"dth_flow":0,"dth_geom":150227,"maxrss_kb":433224,"start_x":32,"start_y":2}
