有向预计算：走向已定 92071/215132 (42.8%) | 无向判定率 47.0% -> 59.0% (50564 -> 63418 / 107566 边)
有向预计算：走向已定 92437/215132 (43.0%) | 无向判定率 59.0% -> 59.2% (63418 -> 63634 / 107566 边)
有向预计算：走向已定 92442/215132 (43.0%) | 无向判定率 59.2% -> 59.2% (63634 -> 63635 / 107566 边)
有向预计算：走向已定 92442/215132 (43.0%) | 无向判定率 59.2% -> 59.2% (63635 -> 63635 / 107566 边)
全局阶段：固定 63635 条边，起点候选 28 / 75703 (0.0%)
adaptive PROPDEPTH=999999 (fixed 63635 / 107566 edges; 第一层存活率>=SURVDEEP%再升深层)
FRANK shard1: F降序
shard 1: 第一层存活 0/7 = 0%%, 第二层 跳过
probe[t=0s]: 28/28 起点被证伪，剩 0
no solution found
STATS {"solved":0,"shard":1,"wall_s":0,"nodes_total":6,"nodes_win":-1,"dth_liveend":0,"dth_estate":4,"dth_reach":0,"dth_dyn":0,"dth_flow":0,"dth_geom":1,"maxrss_kb":19740,"start_x":-1,"start_y":-1}
FRANK shard2: F降序
shard 2: 第一层存活 1/7 = 14%%, 第二层 跳过
probe[t=1s]: 27/28 起点被证伪，剩 1
DYN shard2: 136 calls, 52 refuted (38%)
FRANK shard3: F降序
shard 3: 第一层存活 2/7 = 28%%, 第二层 跳过
probe[t=1s]: 26/28 起点被证伪，剩 2
DYN shard3: 260 calls, 79 refuted (30%)
FRANK shard0: F降序
shard 0: 第一层存活 3/7 = 42%%, 第二层 开
probe[t=18s]: 25/28 起点被证伪，剩 3
DYN shard0: 6801 calls, 1818 refuted (27%)
no solution found
STATS {"solved":0,"shard":2,"wall_s":87,"nodes_total":722713,"nodes_win":-1,"dth_liveend":0,"dth_estate":95569,"dth_reach":40407,"dth_dyn":16776,"dth_flow":0,"dth_geom":4905,"maxrss_kb":33364,"start_x":-1,"start_y":-1}
