  分治：12 块 144 对，可行 38 对，整块淘汰掉 0 格
有向预计算：走向已定 0/203692 (0.0%) | 无向判定率 0.0% -> 0.0% (0 -> 0 / 101846 边)
有向预计算：走向已定 0/203692 (0.0%) | 无向判定率 0.0% -> 0.0% (0 -> 0 / 101846 边)
全局阶段：固定 0 条边，起点候选 71734 / 71734 (100.0%)
adaptive PROPDEPTH=2 (fixed 0 / 101846 edges; 第一层存活率>=SURVDEEP%再升深层)
FRANK shard7: F降序
shard 7: 第一层存活 95% >= 38%，升深度传播(PD=64)
FRANK shard13: F降序
shard 13: 第一层存活 95% >= 38%，升深度传播(PD=64)
FRANK shard4: F降序
shard 4: 第一层存活 96% >= 38%，升深度传播(PD=64)
FRANK shard5: F降序
shard 5: 第一层存活 95% >= 38%，升深度传播(PD=64)
FRANK shard15: F降序
shard 15: 第一层存活 95% >= 38%，升深度传播(PD=64)
FRANK shard17: F降序
shard 17: 第一层存活 95% >= 38%，升深度传播(PD=64)
FRANK shard14: F降序
shard 14: 第一层存活 95% >= 38%，升深度传播(PD=64)
FRANK shard11: F降序
shard 11: 第一层存活 95% >= 38%，升深度传播(PD=64)
FRANK shard18: F降序
shard 18: 第一层存活 95% >= 38%，升深度传播(PD=64)
FRANK shard6: F降序
shard 6: 第一层存活 95% >= 38%，升深度传播(PD=64)
FRANK shard10: F降序
shard 10: 第一层存活 95% >= 38%，升深度传播(PD=64)
FRANK shard9: F降序
shard 9: 第一层存活 95% >= 38%，升深度传播(PD=64)
shard 7: 1.5 层深层重探后剩 2858
shard 7: 第一层存活 2858/2989 = 95%%, 第二层 开
FRANK shard22: F降序
shard 22: 第一层存活 95% >= 38%，升深度传播(PD=64)
FRANK shard16: F降序
shard 16: 第一层存活 95% >= 38%，升深度传播(PD=64)
shard 4: 1.5 层深层重探后剩 2864
shard 4: 第一层存活 2864/2989 = 95%%, 第二层 开
shard 13: 1.5 层深层重探后剩 2853
shard 13: 第一层存活 2853/2989 = 95%%, 第二层 开
FRANK shard1: F降序
shard 1: 第一层存活 95% >= 38%，升深度传播(PD=64)
FRANK shard19: F降序
shard 19: 第一层存活 96% >= 38%，升深度传播(PD=64)
shard 5: 1.5 层深层重探后剩 2850
shard 5: 第一层存活 2850/2989 = 95%%, 第二层 开
FRANK shard23: F降序
shard 23: 第一层存活 95% >= 38%，升深度传播(PD=64)
shard 17: 1.5 层深层重探后剩 2863
shard 17: 第一层存活 2863/2989 = 95%%, 第二层 开
shard 14: 1.5 层深层重探后剩 2841
shard 14: 第一层存活 2841/2989 = 95%%, 第二层 开
FRANK shard8: F降序
shard 8: 第一层存活 94% >= 38%，升深度传播(PD=64)
shard 11: 1.5 层深层重探后剩 2841
shard 11: 第一层存活 2841/2989 = 95%%, 第二层 开
FRANK shard20: F降序
shard 20: 第一层存活 95% >= 38%，升深度传播(PD=64)
shard 15: 1.5 层深层重探后剩 2860
shard 15: 第一层存活 2860/2989 = 95%%, 第二层 开
FRANK shard21: F降序
shard 21: 第一层存活 95% >= 38%，升深度传播(PD=64)
FRANK shard0: F降序
shard 0: 第一层存活 95% >= 38%，升深度传播(PD=64)
FRANK shard2: F降序
shard 2: 第一层存活 94% >= 38%，升深度传播(PD=64)
shard 10: 1.5 层深层重探后剩 2836
shard 10: 第一层存活 2836/2989 = 94%%, 第二层 开
shard 18: 1.5 层深层重探后剩 2857
shard 18: 第一层存活 2857/2989 = 95%%, 第二层 开
FRANK shard12: F降序
shard 12: 第一层存活 94% >= 38%，升深度传播(PD=64)
FRANK shard3: F降序
shard 3: 第一层存活 95% >= 38%，升深度传播(PD=64)
shard 6: 1.5 层深层重探后剩 2858
shard 6: 第一层存活 2858/2989 = 95%%, 第二层 开
shard 9: 1.5 层深层重探后剩 2857
shard 9: 第一层存活 2857/2989 = 95%%, 第二层 开
shard 22: 1.5 层深层重探后剩 2859
shard 22: 第一层存活 2859/2988 = 95%%, 第二层 开
shard 16: 1.5 层深层重探后剩 2850
shard 16: 第一层存活 2850/2989 = 95%%, 第二层 开
shard 1: 1.5 层深层重探后剩 2844
shard 1: 第一层存活 2844/2989 = 95%%, 第二层 开
shard 19: 1.5 层深层重探后剩 2856
shard 19: 第一层存活 2856/2989 = 95%%, 第二层 开
shard 23: 1.5 层深层重探后剩 2859
shard 23: 第一层存活 2859/2988 = 95%%, 第二层 开
shard 8: 1.5 层深层重探后剩 2828
shard 8: 第一层存活 2828/2989 = 94%%, 第二层 开
shard 20: 1.5 层深层重探后剩 2857
shard 20: 第一层存活 2857/2989 = 95%%, 第二层 开
shard 2: 1.5 层深层重探后剩 2825
shard 2: 第一层存活 2825/2989 = 94%%, 第二层 开
shard 21: 1.5 层深层重探后剩 2851
shard 21: 第一层存活 2851/2989 = 95%%, 第二层 开
shard 0: 1.5 层深层重探后剩 2858
shard 0: 第一层存活 2858/2989 = 95%%, 第二层 开
shard 12: 1.5 层深层重探后剩 2834
shard 12: 第一层存活 2834/2989 = 94%%, 第二层 开
shard 3: 1.5 层深层重探后剩 2862
shard 3: 第一层存活 2862/2989 = 95%%, 第二层 开
probe[t=2674s]: 71543/71734 起点被证伪，剩 191
DYN shard22: 759684 calls, 281433 refuted (37%)
probe[t=2719s]: 71542/71734 起点被证伪，剩 192
DYN shard2: 750681 calls, 279129 refuted (37%)
probe[t=2746s]: 71541/71734 起点被证伪，剩 193
DYN shard23: 775119 calls, 288308 refuted (37%)
probe[t=2807s]: 71529/71734 起点被证伪，剩 205
DYN shard1: 780363 calls, 289102 refuted (37%)
probe[t=2832s]: 71508/71734 起点被证伪，剩 226
DYN shard17: 826212 calls, 308109 refuted (37%)
probe[t=2834s]: 71509/71734 起点被证伪，剩 225
DYN shard14: 818137 calls, 303125 refuted (37%)
probe[t=2863s]: 71527/71734 起点被证伪，剩 207
DYN shard4: 792849 calls, 292614 refuted (37%)
probe[t=2879s]: 71528/71734 起点被证伪，剩 206
DYN shard20: 788949 calls, 292666 refuted (37%)
probe[t=2910s]: 71499/71734 起点被证伪，剩 235
DYN shard10: 849778 calls, 317266 refuted (37%)
probe[t=2920s]: 71515/71734 起点被证伪，剩 219
DYN shard5: 803387 calls, 296804 refuted (37%)
probe[t=2921s]: 71509/71734 起点被证伪，剩 225
DYN shard19: 817605 calls, 302337 refuted (37%)
probe[t=2923s]: 71502/71734 起点被证伪，剩 232
DYN shard16: 823938 calls, 305509 refuted (37%)
probe[t=2946s]: 71486/71734 起点被证伪，剩 248
DYN shard11: 846648 calls, 313572 refuted (37%)
probe[t=2957s]: 71515/71734 起点被证伪，剩 219
DYN shard7: 861072 calls, 319837 refuted (37%)
probe[t=3047s]: 71512/71734 起点被证伪，剩 222
DYN shard8: 828780 calls, 307612 refuted (37%)
probe[t=3152s]: 71486/71734 起点被证伪，剩 248
DYN shard13: 872444 calls, 322952 refuted (37%)
probe[t=4201s]: 71420/71734 起点被证伪，剩 314
DYN shard0: 987747 calls, 314327 refuted (32%)
probe[t=4287s]: 71418/71734 起点被证伪，剩 316
DYN shard21: 1016967 calls, 323749 refuted (32%)
probe[t=4321s]: 71396/71734 起点被证伪，剩 338
DYN shard15: 1004904 calls, 322376 refuted (32%)
probe[t=4344s]: 71390/71734 起点被证伪，剩 344
DYN shard18: 1069265 calls, 338531 refuted (32%)
probe[t=4375s]: 71400/71734 起点被证伪，剩 334
DYN shard9: 1048927 calls, 334856 refuted (32%)
probe[t=4430s]: 71391/71734 起点被证伪，剩 343
DYN shard6: 1055372 calls, 337137 refuted (32%)
probe[t=4474s]: 71392/71734 起点被证伪，剩 342
DYN shard3: 1042638 calls, 331210 refuted (32%)
probe[t=4491s]: 71373/71734 起点被证伪，剩 361
DYN shard12: 1060000 calls, 341948 refuted (32%)
