有向预计算：走向已定 85079/215220 (39.5%) | 无向判定率 45.7% -> 56.8% (49182 -> 61165 / 107610 边)
有向预计算：走向已定 85825/215220 (39.9%) | 无向判定率 56.8% -> 57.1% (61165 -> 61402 / 107610 边)
有向预计算：走向已定 85825/215220 (39.9%) | 无向判定率 57.1% -> 57.1% (61402 -> 61409 / 107610 边)
有向预计算：走向已定 85825/215220 (39.9%) | 无向判定率 57.1% -> 57.1% (61409 -> 61409 / 107610 边)
全局阶段：固定 61409 条边，起点候选 54 / 75407 (0.1%)
adaptive PROPDEPTH=999999 (fixed 61409 / 107610 edges; 第一层存活率>=SURVDEEP%再升深层)
shard 0: swarm 模式（54 个候选全员上，随机顺序）
shard 1: swarm 模式（54 个候选全员上，随机顺序）
shard 2: swarm 模式（54 个候选全员上，随机顺序）
shard 3: swarm 模式（54 个候选全员上，随机顺序）
shard 4: swarm 模式（54 个候选全员上，随机顺序）
shard 5: swarm 模式（54 个候选全员上，随机顺序）
shard 6: swarm 模式（54 个候选全员上，随机顺序）
shard 7: swarm 模式（54 个候选全员上，随机顺序）
shard 8: swarm 模式（54 个候选全员上，随机顺序）
shard 15: swarm 模式（54 个候选全员上，随机顺序）
shard 9: swarm 模式（54 个候选全员上，随机顺序）
shard 10: swarm 模式（54 个候选全员上，随机顺序）
shard 11: swarm 模式（54 个候选全员上，随机顺序）
shard 12: swarm 模式（54 个候选全员上，随机顺序）
shard 13: swarm 模式（54 个候选全员上，随机顺序）
shard 14: swarm 模式（54 个候选全员上，随机顺序）
shard 16: swarm 模式（54 个候选全员上，随机顺序）
shard 17: swarm 模式（54 个候选全员上，随机顺序）
shard 18: swarm 模式（54 个候选全员上，随机顺序）
shard 19: swarm 模式（54 个候选全员上，随机顺序）
FRANK shard19: F降序
shard 19: 第一层存活 16/2 = 800%%, 第二层 开
FRANK shard13: F降序
shard 13: 第一层存活 16/3 = 533%%, 第二层 开
FRANK shard1: F降序
shard 1: 第一层存活 16/3 = 533%%, 第二层 开
FRANK shard10: F降序
shard 10: 第一层存活 16/3 = 533%%, 第二层 开
FRANK shard16: F降序
shard 16: 第一层存活 16/2 = 800%%, 第二层 开
FRANK shard7: F降序
shard 7: 第一层存活 16/3 = 533%%, 第二层 开
FRANK shard4: F降序
shard 4: 第一层存活 16/3 = 533%%, 第二层 开
FRANK shard8: F降序
shard 8: 第一层存活 16/3 = 533%%, 第二层 开
FRANK shard11: F降序
shard 11: 第一层存活 16/3 = 533%%, 第二层 开
FRANK shard2: F降序
shard 2: 第一层存活 16/3 = 533%%, 第二层 开
FRANK shard17: F降序
shard 17: 第一层存活 16/2 = 800%%, 第二层 开
FRANK shard12: F降序
shard 12: 第一层存活 16/3 = 533%%, 第二层 开
FRANK shard14: F降序
shard 14: 第一层存活 16/2 = 800%%, 第二层 开
FRANK shard9: F降序
shard 9: 第一层存活 16/3 = 533%%, 第二层 开
FRANK shard5: F降序
shard 5: 第一层存活 16/3 = 533%%, 第二层 开
FRANK shard15: F降序
shard 15: 第一层存活 16/2 = 800%%, 第二层 开
FRANK shard6: F降序
shard 6: 第一层存活 16/3 = 533%%, 第二层 开
FRANK shard0: F降序
shard 0: 第一层存活 16/3 = 533%%, 第二层 开
FRANK shard3: F降序
shard 3: 第一层存活 16/3 = 533%%, 第二层 开
FRANK shard18: F降序
shard 18: 第一层存活 16/2 = 800%%, 第二层 开
probe[t=24s]: 38/54 起点被证伪，剩 16
DYN shard10: 27792 calls, 6579 refuted (24%)
probe[t=28s]: 38/54 起点被证伪，剩 16
DYN shard4: 28958 calls, 6562 refuted (23%)
probe[t=38s]: 38/54 起点被证伪，剩 16
DYN shard13: 27190 calls, 5884 refuted (22%)
probe[t=46s]: 38/54 起点被证伪，剩 16
DYN shard1: 29418 calls, 6111 refuted (21%)
probe[t=50s]: 38/54 起点被证伪，剩 16
DYN shard7: 30212 calls, 7138 refuted (24%)
probe[t=55s]: 38/54 起点被证伪，剩 16
DYN shard19: 29132 calls, 6645 refuted (23%)
probe[t=58s]: 38/54 起点被证伪，剩 16
DYN shard16: 29600 calls, 6583 refuted (22%)
probe[t=60s]: 38/54 起点被证伪，剩 16
DYN shard8: 26716 calls, 9267 refuted (35%)
probe[t=62s]: 38/54 起点被证伪，剩 16
DYN shard0: 25922 calls, 5605 refuted (22%)
probe[t=65s]: 38/54 起点被证伪，剩 16
DYN shard2: 28196 calls, 9753 refuted (35%)
probe[t=66s]: 38/54 起点被证伪，剩 16
DYN shard17: 28162 calls, 9735 refuted (35%)
probe[t=69s]: 38/54 起点被证伪，剩 16
DYN shard12: 28096 calls, 6859 refuted (24%)
probe[t=69s]: 38/54 起点被证伪，剩 16
DYN shard15: 28420 calls, 7019 refuted (25%)
probe[t=70s]: 38/54 起点被证伪，剩 16
DYN shard18: 28350 calls, 6550 refuted (23%)
probe[t=71s]: 38/54 起点被证伪，剩 16
DYN shard3: 26324 calls, 6080 refuted (23%)
probe[t=75s]: 38/54 起点被证伪，剩 16
DYN shard11: 29450 calls, 10169 refuted (35%)
probe[t=76s]: 38/54 起点被证伪，剩 16
DYN shard14: 29626 calls, 10292 refuted (35%)
probe[t=77s]: 38/54 起点被证伪，剩 16
DYN shard5: 29416 calls, 9955 refuted (34%)
probe[t=79s]: 38/54 起点被证伪，剩 16
DYN shard6: 28466 calls, 6909 refuted (24%)
probe[t=81s]: 38/54 起点被证伪，剩 16
DYN shard9: 26412 calls, 6766 refuted (26%)
