有向预计算：走向已定 65025/148526 (43.8%) | 无向判定率 46.7% -> 59.4% (34685 -> 44130 / 74263 边)
有向预计算：走向已定 65453/148526 (44.1%) | 无向判定率 59.4% -> 59.7% (44130 -> 44326 / 74263 边)
有向预计算：走向已定 65605/148526 (44.2%) | 无向判定率 59.7% -> 59.7% (44326 -> 44362 / 74263 边)
有向预计算：走向已定 65605/148526 (44.2%) | 无向判定率 59.7% -> 59.7% (44362 -> 44362 / 74263 边)
全局阶段：固定 44362 条边，起点候选 48 / 52300 (0.1%)
adaptive PROPDEPTH=999999 (fixed 44362 / 74263 edges; 第一层存活率>=SURVDEEP%再升深层)
shard 0: swarm 模式（48 个候选全员上，随机顺序）
shard 2: swarm 模式（48 个候选全员上，随机顺序）
shard 1: swarm 模式（48 个候选全员上，随机顺序）
shard 9: swarm 模式（48 个候选全员上，随机顺序）
shard 3: swarm 模式（48 个候选全员上，随机顺序）
shard 12: swarm 模式（48 个候选全员上，随机顺序）
shard 4: swarm 模式（48 个候选全员上，随机顺序）
shard 15: swarm 模式（48 个候选全员上，随机顺序）
shard 5: swarm 模式（48 个候选全员上，随机顺序）
shard 6: swarm 模式（48 个候选全员上，随机顺序）
shard 7: swarm 模式（48 个候选全员上，随机顺序）
shard 8: swarm 模式（48 个候选全员上，随机顺序）
shard 10: swarm 模式（48 个候选全员上，随机顺序）
shard 11: swarm 模式（48 个候选全员上，随机顺序）
shard 13: swarm 模式（48 个候选全员上，随机顺序）
shard 14: swarm 模式（48 个候选全员上，随机顺序）
shard 16: swarm 模式（48 个候选全员上，随机顺序）
shard 17: swarm 模式（48 个候选全员上，随机顺序）
shard 18: swarm 模式（48 个候选全员上，随机顺序）
shard 19: swarm 模式（48 个候选全员上，随机顺序）
FRANK shard19: F降序
shard 19: 第一层存活 4/2 = 200%%, 第二层 开
FRANK shard1: F降序
shard 1: 第一层存活 4/3 = 133%%, 第二层 开
FRANK shard4: F降序
shard 4: 第一层存活 4/3 = 133%%, 第二层 开
FRANK shard7: F降序
shard 7: 第一层存活 4/3 = 133%%, 第二层 开
FRANK shard13: F降序
shard 13: 第一层存活 4/2 = 200%%, 第二层 开
FRANK shard16: F降序
shard 16: 第一层存活 4/2 = 200%%, 第二层 开
FRANK shard10: F降序
shard 10: 第一层存活 4/2 = 200%%, 第二层 开
FRANK shard8: F降序
shard 8: 第一层存活 4/2 = 200%%, 第二层 开
FRANK shard5: F降序
shard 5: 第一层存活 4/3 = 133%%, 第二层 开
FRANK shard14: F降序
shard 14: 第一层存活 4/2 = 200%%, 第二层 开
FRANK shard2: F降序
shard 2: 第一层存活 4/3 = 133%%, 第二层 开
FRANK shard17: F降序
shard 17: 第一层存活 4/2 = 200%%, 第二层 开
FRANK shard11: F降序
shard 11: 第一层存活 4/2 = 200%%, 第二层 开
FRANK shard18: F降序
shard 18: 第一层存活 4/2 = 200%%, 第二层 开
FRANK shard12: F降序
shard 12: 第一层存活 4/2 = 200%%, 第二层 开
FRANK shard9: F降序
shard 9: 第一层存活 4/2 = 200%%, 第二层 开
FRANK shard15: F降序
shard 15: 第一层存活 4/2 = 200%%, 第二层 开
FRANK shard3: F降序
shard 3: 第一层存活 4/3 = 133%%, 第二层 开
FRANK shard6: F降序
shard 6: 第一层存活 4/3 = 133%%, 第二层 开
FRANK shard0: F降序
shard 0: 第一层存活 4/3 = 133%%, 第二层 开
probe[t=4s]: 44/48 起点被证伪，剩 4
DYN shard1: 5898 calls, 1630 refuted (28%)
probe[t=5s]: 44/48 起点被证伪，剩 4
DYN shard7: 6260 calls, 1752 refuted (28%)
probe[t=6s]: 44/48 起点被证伪，剩 4
DYN shard10: 6378 calls, 1814 refuted (28%)
probe[t=6s]: 44/48 起点被证伪，剩 4
DYN shard4: 6210 calls, 1793 refuted (29%)
probe[t=6s]: 44/48 起点被证伪，剩 4
DYN shard19: 5966 calls, 1659 refuted (28%)
probe[t=6s]: 44/48 起点被证伪，剩 4
DYN shard13: 6364 calls, 1810 refuted (28%)
probe[t=8s]: 44/48 起点被证伪，剩 4
DYN shard16: 6302 calls, 1710 refuted (27%)
STATS {"solved":1,"shard":10,"wall_s":11,"nodes_total":263650,"nodes_win":127258,"dth_liveend":0,"dth_estate":33830,"dth_reach":14420,"dth_dyn":3275,"dth_flow":0,"dth_geom":2051,"maxrss_kb":31428,"start_x":110,"start_y":141}
WINNER shard 10 tier 2 nodes 127258
