有向预计算：走向已定 64463/142570 (45.2%) | 无向判定率 47.3% -> 60.1% (33707 -> 42812 / 71285 边)
有向预计算：走向已定 65214/142570 (45.7%) | 无向判定率 60.1% -> 60.4% (42812 -> 43067 / 71285 边)
有向预计算：走向已定 65442/142570 (45.9%) | 无向判定率 60.4% -> 60.5% (43067 -> 43108 / 71285 边)
有向预计算：走向已定 65442/142570 (45.9%) | 无向判定率 60.5% -> 60.5% (43108 -> 43108 / 71285 边)
全局阶段：固定 43108 条边，起点候选 58 / 50342 (0.1%)
adaptive PROPDEPTH=999999 (fixed 43108 / 71285 edges; 第一层存活率>=SURVDEEP%再升深层)
shard 0: swarm 模式（58 个候选全员上，随机顺序）
shard 1: swarm 模式（58 个候选全员上，随机顺序）
shard 2: swarm 模式（58 个候选全员上，随机顺序）
shard 3: swarm 模式（58 个候选全员上，随机顺序）
shard 10: swarm 模式（58 个候选全员上，随机顺序）
shard 4: swarm 模式（58 个候选全员上，随机顺序）
shard 5: swarm 模式（58 个候选全员上，随机顺序）
shard 6: swarm 模式（58 个候选全员上，随机顺序）
shard 7: swarm 模式（58 个候选全员上，随机顺序）
shard 8: swarm 模式（58 个候选全员上，随机顺序）
shard 9: swarm 模式（58 个候选全员上，随机顺序）
shard 11: swarm 模式（58 个候选全员上，随机顺序）
shard 12: swarm 模式（58 个候选全员上，随机顺序）
shard 14: swarm 模式（58 个候选全员上，随机顺序）
shard 15: swarm 模式（58 个候选全员上，随机顺序）
shard 16: swarm 模式（58 个候选全员上，随机顺序）
shard 17: swarm 模式（58 个候选全员上，随机顺序）
shard 18: swarm 模式（58 个候选全员上，随机顺序）
shard 19: swarm 模式（58 个候选全员上，随机顺序）
shard 13: swarm 模式（58 个候选全员上，随机顺序）
FRANK shard16: F降序
shard 16: 第一层存活 1/3 = 33%%, 第二层 开
FRANK shard19: F降序
shard 19: 第一层存活 1/2 = 50%%, 第二层 开
FRANK shard0: F降序
shard 0: 第一层存活 1/3 = 33%%, 第二层 开
FRANK shard2: F降序
shard 2: 第一层存活 1/3 = 33%%, 第二层 开
FRANK shard11: F降序
shard 11: 第一层存活 1/3 = 33%%, 第二层 开
FRANK shard8: F降序
shard 8: 第一层存活 1/3 = 33%%, 第二层 开
FRANK shard7: F降序
shard 7: 第一层存活 1/3 = 33%%, 第二层 开
FRANK shard3: F降序
shard 3: 第一层存活 1/3 = 33%%, 第二层 开
FRANK shard9: F降序
shard 9: 第一层存活 1/3 = 33%%, 第二层 开
FRANK shard14: F降序
shard 14: 第一层存活 1/3 = 33%%, 第二层 开
FRANK shard4: F降序
shard 4: 第一层存活 1/3 = 33%%, 第二层 开
FRANK shard6: F降序
shard 6: 第一层存活 1/3 = 33%%, 第二层 开
FRANK shard5: F降序
shard 5: 第一层存活 1/3 = 33%%, 第二层 开
FRANK shard15: F降序
shard 15: 第一层存活 1/3 = 33%%, 第二层 开
FRANK shard18: F降序
shard 18: 第一层存活 1/2 = 50%%, 第二层 开
FRANK shard17: F降序
shard 17: 第一层存活 1/3 = 33%%, 第二层 开
FRANK shard12: F降序
shard 12: 第一层存活 1/3 = 33%%, 第二层 开
FRANK shard13: F降序
shard 13: 第一层存活 1/3 = 33%%, 第二层 开
FRANK shard10: F降序
shard 10: 第一层存活 1/3 = 33%%, 第二层 开
FRANK shard1: F降序
shard 1: 第一层存活 1/3 = 33%%, 第二层 开
probe[t=2s]: 57/58 起点被证伪，剩 1
DYN shard16: 1496 calls, 433 refuted (29%)
probe[t=2s]: 57/58 起点被证伪，剩 1
DYN shard7: 1480 calls, 416 refuted (28%)
probe[t=3s]: 57/58 起点被证伪，剩 1
DYN shard1: 1458 calls, 428 refuted (29%)
probe[t=3s]: 57/58 起点被证伪，剩 1
DYN shard4: 1600 calls, 445 refuted (28%)
probe[t=3s]: 57/58 起点被证伪，剩 1
DYN shard2: 1484 calls, 570 refuted (38%)
probe[t=3s]: 57/58 起点被证伪，剩 1
DYN shard5: 1500 calls, 577 refuted (38%)
probe[t=3s]: 57/58 起点被证伪，剩 1
DYN shard0: 1386 calls, 361 refuted (26%)
probe[t=3s]: 57/58 起点被证伪，剩 1
DYN shard3: 1358 calls, 354 refuted (26%)
probe[t=3s]: 57/58 起点被证伪，剩 1
DYN shard9: 1494 calls, 383 refuted (26%)
probe[t=4s]: 57/58 起点被证伪，剩 1
DYN shard14: 1426 calls, 566 refuted (40%)
probe[t=4s]: 57/58 起点被证伪，剩 1
DYN shard6: 1420 calls, 366 refuted (26%)
probe[t=4s]: 57/58 起点被证伪，剩 1
DYN shard17: 1512 calls, 583 refuted (39%)
probe[t=4s]: 57/58 起点被证伪，剩 1
DYN shard12: 1404 calls, 355 refuted (25%)
STATS {"solved":1,"shard":16,"wall_s":4,"nodes_total":157882,"nodes_win":123126,"dth_liveend":0,"dth_estate":20704,"dth_reach":8572,"dth_dyn":2096,"dth_flow":0,"dth_geom":1113,"maxrss_kb":29084,"start_x":52,"start_y":1}
WINNER shard 16 tier 0 nodes 123126
