有向预计算：走向已定 71136/174912 (40.7%) | 无向判定率 46.4% -> 58.0% (40588 -> 50720 / 87456 边)
有向预计算：走向已定 71297/174912 (40.8%) | 无向判定率 58.0% -> 58.1% (50720 -> 50795 / 87456 边)
有向预计算：走向已定 71283/174912 (40.8%) | 无向判定率 58.1% -> 58.1% (50795 -> 50795 / 87456 边)
全局阶段：固定 50795 条边，起点候选 25 / 61463 (0.0%)
adaptive PROPDEPTH=999999 (fixed 50795 / 87456 edges; 第一层存活率>=SURVDEEP%再升深层)
shard 0: swarm 模式（25 个候选全员上，随机顺序）
shard 1: swarm 模式（25 个候选全员上，随机顺序）
shard 3: swarm 模式（25 个候选全员上，随机顺序）
shard 2: swarm 模式（25 个候选全员上，随机顺序）
shard 4: swarm 模式（25 个候选全员上，随机顺序）
shard 5: swarm 模式（25 个候选全员上，随机顺序）
shard 12: swarm 模式（25 个候选全员上，随机顺序）
shard 6: swarm 模式（25 个候选全员上，随机顺序）
shard 7: swarm 模式（25 个候选全员上，随机顺序）
shard 8: swarm 模式（25 个候选全员上，随机顺序）
shard 9: swarm 模式（25 个候选全员上，随机顺序）
shard 10: swarm 模式（25 个候选全员上，随机顺序）
shard 11: swarm 模式（25 个候选全员上，随机顺序）
shard 13: swarm 模式（25 个候选全员上，随机顺序）
shard 14: swarm 模式（25 个候选全员上，随机顺序）
shard 15: swarm 模式（25 个候选全员上，随机顺序）
shard 16: swarm 模式（25 个候选全员上，随机顺序）
shard 17: swarm 模式（25 个候选全员上，随机顺序）
shard 18: swarm 模式（25 个候选全员上，随机顺序）
shard 19: swarm 模式（25 个候选全员上，随机顺序）
FRANK shard16: F降序
shard 16: 第一层存活 1/1 = 100%%, 第二层 开
FRANK shard1: F降序
shard 1: 第一层存活 1/2 = 50%%, 第二层 开
FRANK shard4: F降序
shard 4: 第一层存活 1/2 = 50%%, 第二层 开
FRANK shard7: F降序
shard 7: 第一层存活 1/1 = 100%%, 第二层 开
FRANK shard13: F降序
shard 13: 第一层存活 1/1 = 100%%, 第二层 开
FRANK shard10: F降序
shard 10: 第一层存活 1/1 = 100%%, 第二层 开
FRANK shard19: F降序
shard 19: 第一层存活 1/1 = 100%%, 第二层 开
FRANK shard17: F降序
shard 17: 第一层存活 1/1 = 100%%, 第二层 开
FRANK shard2: F降序
shard 2: 第一层存活 1/2 = 50%%, 第二层 开
FRANK shard8: F降序
shard 8: 第一层存活 1/1 = 100%%, 第二层 开
FRANK shard5: F降序
shard 5: 第一层存活 1/1 = 100%%, 第二层 开
FRANK shard14: F降序
shard 14: 第一层存活 1/1 = 100%%, 第二层 开
FRANK shard11: F降序
shard 11: 第一层存活 1/1 = 100%%, 第二层 开
FRANK shard12: F降序
shard 12: 第一层存活 1/1 = 100%%, 第二层 开
FRANK shard15: F降序
shard 15: 第一层存活 1/1 = 100%%, 第二层 开
FRANK shard9: F降序
shard 9: 第一层存活 1/1 = 100%%, 第二层 开
FRANK shard18: F降序
shard 18: 第一层存活 1/1 = 100%%, 第二层 开
FRANK shard6: F降序
shard 6: 第一层存活 1/1 = 100%%, 第二层 开
FRANK shard3: F降序
shard 3: 第一层存活 1/2 = 50%%, 第二层 开
FRANK shard0: F降序
shard 0: 第一层存活 1/2 = 50%%, 第二层 开
probe[t=2s]: 24/25 起点被证伪，剩 1
DYN shard4: 1927 calls, 555 refuted (29%)
probe[t=2s]: 24/25 起点被证伪，剩 1
DYN shard16: 2179 calls, 576 refuted (26%)
probe[t=2s]: 24/25 起点被证伪，剩 1
DYN shard7: 2005 calls, 581 refuted (29%)
probe[t=3s]: 24/25 起点被证伪，剩 1
DYN shard13: 2119 calls, 574 refuted (27%)
probe[t=3s]: 24/25 起点被证伪，剩 1
DYN shard19: 2339 calls, 614 refuted (26%)
probe[t=3s]: 24/25 起点被证伪，剩 1
DYN shard1: 1969 calls, 542 refuted (28%)
probe[t=3s]: 24/25 起点被证伪，剩 1
DYN shard10: 2109 calls, 594 refuted (28%)
probe[t=3s]: 24/25 起点被证伪，剩 1
DYN shard2: 1801 calls, 643 refuted (36%)
probe[t=3s]: 24/25 起点被证伪，剩 1
DYN shard17: 1823 calls, 656 refuted (36%)
probe[t=4s]: 24/25 起点被证伪，剩 1
DYN shard14: 1843 calls, 663 refuted (36%)
probe[t=4s]: 24/25 起点被证伪，剩 1
DYN shard8: 1905 calls, 699 refuted (37%)
probe[t=4s]: 24/25 起点被证伪，剩 1
DYN shard11: 1855 calls, 677 refuted (36%)
probe[t=4s]: 24/25 起点被证伪，剩 1
DYN shard5: 1879 calls, 683 refuted (36%)
STATS {"solved":1,"shard":7,"wall_s":4,"nodes_total":115396,"nodes_win":75554,"dth_liveend":0,"dth_estate":14521,"dth_reach":6320,"dth_dyn":1574,"dth_flow":0,"dth_geom":779,"maxrss_kb":34396,"start_x":259,"start_y":36}
WINNER shard 7 tier 3 nodes 75554
