有向预计算：走向已定 75687/186174 (40.7%) | 无向判定率 46.1% -> 58.0% (42934 -> 54011 / 93087 边)
有向预计算：走向已定 75853/186174 (40.7%) | 无向判定率 58.0% -> 58.1% (54011 -> 54105 / 93087 边)
有向预计算：走向已定 75853/186174 (40.7%) | 无向判定率 58.1% -> 58.1% (54105 -> 54105 / 93087 边)
全局阶段：固定 54105 条边，起点候选 12 / 65423 (0.0%)
adaptive PROPDEPTH=999999 (fixed 54105 / 93087 edges; 第一层存活率>=SURVDEEP%再升深层)
shard 0: swarm 模式（12 个候选全员上，随机顺序）
shard 1: swarm 模式（12 个候选全员上，随机顺序）
shard 2: swarm 模式（12 个候选全员上，随机顺序）
shard 3: swarm 模式（12 个候选全员上，随机顺序）
shard 4: swarm 模式（12 个候选全员上，随机顺序）
shard 11: swarm 模式（12 个候选全员上，随机顺序）
shard 5: swarm 模式（12 个候选全员上，随机顺序）
shard 6: swarm 模式（12 个候选全员上，随机顺序）
shard 7: swarm 模式（12 个候选全员上，随机顺序）
shard 8: swarm 模式（12 个候选全员上，随机顺序）
shard 9: swarm 模式（12 个候选全员上，随机顺序）
shard 10: swarm 模式（12 个候选全员上，随机顺序）
FRANK shard7: F降序
shard 7: 第一层存活 1/1 = 100%%, 第二层 开
FRANK shard1: F降序
shard 1: 第一层存活 1/1 = 100%%, 第二层 开
FRANK shard4: F降序
shard 4: 第一层存活 1/1 = 100%%, 第二层 开
FRANK shard10: F降序
shard 10: 第一层存活 1/1 = 100%%, 第二层 开
FRANK shard0: F降序
shard 0: 第一层存活 1/1 = 100%%, 第二层 开
FRANK shard5: F降序
shard 5: 第一层存活 1/1 = 100%%, 第二层 开
FRANK shard3: F降序
shard 3: 第一层存活 1/1 = 100%%, 第二层 开
FRANK shard2: F降序
shard 2: 第一层存活 1/1 = 100%%, 第二层 开
FRANK shard6: F降序
shard 6: 第一层存活 1/1 = 100%%, 第二层 开
FRANK shard9: F降序
shard 9: 第一层存活 1/1 = 100%%, 第二层 开
FRANK shard8: F降序
shard 8: 第一层存活 1/1 = 100%%, 第二层 开
FRANK shard11: F降序
shard 11: 第一层存活 1/1 = 100%%, 第二层 开
probe[t=1s]: 11/12 起点被证伪，剩 1
DYN shard4: 2094 calls, 596 refuted (28%)
probe[t=2s]: 11/12 起点被证伪，剩 1
DYN shard7: 2422 calls, 526 refuted (22%)
probe[t=2s]: 11/12 起点被证伪，剩 1
DYN shard1: 2410 calls, 564 refuted (23%)
probe[t=3s]: 11/12 起点被证伪，剩 1
DYN shard10: 2244 calls, 501 refuted (22%)
probe[t=3s]: 11/12 起点被证伪，剩 1
DYN shard3: 1646 calls, 465 refuted (28%)
probe[t=3s]: 11/12 起点被证伪，剩 1
DYN shard6: 1728 calls, 513 refuted (30%)
probe[t=3s]: 11/12 起点被证伪，剩 1
DYN shard11: 2196 calls, 780 refuted (36%)
probe[t=3s]: 11/12 起点被证伪，剩 1
DYN shard9: 1756 calls, 507 refuted (29%)
probe[t=3s]: 11/12 起点被证伪，剩 1
DYN shard2: 2252 calls, 751 refuted (33%)
probe[t=3s]: 11/12 起点被证伪，剩 1
DYN shard0: 1768 calls, 519 refuted (29%)
probe[t=3s]: 11/12 起点被证伪，剩 1
DYN shard8: 2200 calls, 687 refuted (31%)
probe[t=3s]: 11/12 起点被证伪，剩 1
DYN shard5: 2228 calls, 753 refuted (34%)
STATS {"solved":1,"shard":7,"wall_s":24,"nodes_total":316367,"nodes_win":282352,"dth_liveend":0,"dth_estate":42873,"dth_reach":22945,"dth_dyn":5020,"dth_flow":0,"dth_geom":4481,"maxrss_kb":36540,"start_x":300,"start_y":72}
WINNER shard 7 tier 3 nodes 282352
