有向预计算：走向已定 64448/145944 (44.2%) | 无向判定率 47.1% -> 59.8% (34355 -> 43641 / 72972 边)
有向预计算：走向已定 65006/145944 (44.5%) | 无向判定率 59.8% -> 60.1% (43641 -> 43863 / 72972 边)
有向预计算：走向已定 65062/145944 (44.6%) | 无向判定率 60.1% -> 60.1% (43863 -> 43877 / 72972 边)
有向预计算：走向已定 65062/145944 (44.6%) | 无向判定率 60.1% -> 60.1% (43877 -> 43877 / 72972 边)
全局阶段：固定 43877 条边，起点候选 35 / 51419 (0.1%)
adaptive PROPDEPTH=999999 (fixed 43877 / 72972 edges; 第一层存活率>=SURVDEEP%再升深层)
shard 0: swarm 模式（35 个候选全员上，随机顺序）
shard 1: swarm 模式（35 个候选全员上，随机顺序）
shard 2: swarm 模式（35 个候选全员上，随机顺序）
shard 3: swarm 模式（35 个候选全员上，随机顺序）
shard 13: swarm 模式（35 个候选全员上，随机顺序）
shard 4: swarm 模式（35 个候选全员上，随机顺序）
shard 5: swarm 模式（35 个候选全员上，随机顺序）
shard 6: swarm 模式（35 个候选全员上，随机顺序）
shard 7: swarm 模式（35 个候选全员上，随机顺序）
shard 8: swarm 模式（35 个候选全员上，随机顺序）
shard 9: swarm 模式（35 个候选全员上，随机顺序）
shard 10: swarm 模式（35 个候选全员上，随机顺序）
shard 11: swarm 模式（35 个候选全员上，随机顺序）
shard 12: swarm 模式（35 个候选全员上，随机顺序）
shard 14: swarm 模式（35 个候选全员上，随机顺序）
shard 15: swarm 模式（35 个候选全员上，随机顺序）
shard 16: swarm 模式（35 个候选全员上，随机顺序）
shard 17: swarm 模式（35 个候选全员上，随机顺序）
shard 18: swarm 模式（35 个候选全员上，随机顺序）
shard 19: swarm 模式（35 个候选全员上，随机顺序）
FRANK shard19: F降序
shard 19: 第一层存活 13/1 = 1300%%, 第二层 开
FRANK shard4: F降序
shard 4: 第一层存活 13/2 = 650%%, 第二层 开
FRANK shard10: F降序
shard 10: 第一层存活 13/2 = 650%%, 第二层 开
FRANK shard1: F降序
shard 1: 第一层存活 13/2 = 650%%, 第二层 开
FRANK shard8: F降序
shard 8: 第一层存活 6/2 = 300%%, 第二层 开
FRANK shard14: F降序
shard 14: 第一层存活 6/2 = 300%%, 第二层 开
FRANK shard17: F降序
shard 17: 第一层存活 6/1 = 600%%, 第二层 开
FRANK shard2: F降序
shard 2: 第一层存活 6/2 = 300%%, 第二层 开
FRANK shard11: F降序
shard 11: 第一层存活 6/2 = 300%%, 第二层 开
FRANK shard0: F降序
shard 0: 第一层存活 6/2 = 300%%, 第二层 开
FRANK shard18: F降序
shard 18: 第一层存活 6/1 = 600%%, 第二层 开
FRANK shard3: F降序
shard 3: 第一层存活 6/2 = 300%%, 第二层 开
FRANK shard5: F降序
shard 5: 第一层存活 6/2 = 300%%, 第二层 开
FRANK shard6: F降序
shard 6: 第一层存活 6/2 = 300%%, 第二层 开
FRANK shard12: F降序
shard 12: 第一层存活 6/2 = 300%%, 第二层 开
FRANK shard9: F降序
shard 9: 第一层存活 6/2 = 300%%, 第二层 开
FRANK shard15: F降序
shard 15: 第一层存活 6/1 = 600%%, 第二层 开
FRANK shard16: F降序
shard 16: 第一层存活 6/1 = 600%%, 第二层 开
FRANK shard13: F降序
shard 13: 第一层存活 6/2 = 300%%, 第二层 开
FRANK shard7: F降序
shard 7: 第一层存活 12/2 = 600%%, 第二层 开
probe[t=11s]: 32/35 起点被证伪，剩 3
DYN shard4: 10194 calls, 2939 refuted (29%)
STATS {"solved":1,"shard":4,"wall_s":12,"nodes_total":292735,"nodes_win":86035,"dth_liveend":0,"dth_estate":38997,"dth_reach":17562,"dth_dyn":4142,"dth_flow":0,"dth_geom":2474,"maxrss_kb":30772,"start_x":186,"start_y":148}
WINNER shard 4 tier 0 nodes 86035
