有向预计算：走向已定 88198/197924 (44.6%) | 无向判定率 45.9% -> 59.4% (45457 -> 58780 / 98962 边)
有向预计算：走向已定 88747/197924 (44.8%) | 无向判定率 59.4% -> 59.6% (58780 -> 59028 / 98962 边)
有向预计算：走向已定 88758/197924 (44.8%) | 无向判定率 59.6% -> 59.7% (59028 -> 59039 / 98962 边)
有向预计算：走向已定 88758/197924 (44.8%) | 无向判定率 59.7% -> 59.7% (59039 -> 59039 / 98962 边)
全局阶段：固定 59039 条边，起点候选 41 / 69491 (0.1%)
adaptive PROPDEPTH=999999 (fixed 59039 / 98962 edges; 第一层存活率>=SURVDEEP%再升深层)
shard 0: swarm 模式（41 个候选全员上，随机顺序）
shard 1: swarm 模式（41 个候选全员上，随机顺序）
shard 2: swarm 模式（41 个候选全员上，随机顺序）
shard 3: swarm 模式（41 个候选全员上，随机顺序）
shard 4: swarm 模式（41 个候选全员上，随机顺序）
shard 5: swarm 模式（41 个候选全员上，随机顺序）
shard 6: swarm 模式（41 个候选全员上，随机顺序）
shard 7: swarm 模式（41 个候选全员上，随机顺序）
shard 8: swarm 模式（41 个候选全员上，随机顺序）
shard 9: swarm 模式（41 个候选全员上，随机顺序）
shard 10: swarm 模式（41 个候选全员上，随机顺序）
shard 11: swarm 模式（41 个候选全员上，随机顺序）
shard 12: swarm 模式（41 个候选全员上，随机顺序）
shard 13: swarm 模式（41 个候选全员上，随机顺序）
shard 14: swarm 模式（41 个候选全员上，随机顺序）
shard 15: swarm 模式（41 个候选全员上，随机顺序）
shard 16: swarm 模式（41 个候选全员上，随机顺序）
shard 17: swarm 模式（41 个候选全员上，随机顺序）
shard 18: swarm 模式（41 个候选全员上，随机顺序）
shard 19: swarm 模式（41 个候选全员上，随机顺序）
FRANK shard16: F降序
shard 16: 第一层存活 2/2 = 100%%, 第二层 开
FRANK shard7: F降序
shard 7: 第一层存活 2/2 = 100%%, 第二层 开
FRANK shard10: F降序
shard 10: 第一层存活 2/2 = 100%%, 第二层 开
FRANK shard19: F降序
shard 19: 第一层存活 2/2 = 100%%, 第二层 开
FRANK shard13: F降序
shard 13: 第一层存活 2/2 = 100%%, 第二层 开
FRANK shard4: F降序
shard 4: 第一层存活 2/2 = 100%%, 第二层 开
FRANK shard11: F降序
shard 11: 第一层存活 2/2 = 100%%, 第二层 开
FRANK shard5: F降序
shard 5: 第一层存活 2/2 = 100%%, 第二层 开
FRANK shard14: F降序
shard 14: 第一层存活 2/2 = 100%%, 第二层 开
FRANK shard6: F降序
shard 6: 第一层存活 2/2 = 100%%, 第二层 开
FRANK shard8: F降序
shard 8: 第一层存活 2/2 = 100%%, 第二层 开
FRANK shard2: F降序
shard 2: 第一层存活 2/2 = 100%%, 第二层 开
FRANK shard3: F降序
shard 3: 第一层存活 2/2 = 100%%, 第二层 开
FRANK shard18: F降序
shard 18: 第一层存活 2/2 = 100%%, 第二层 开
FRANK shard17: F降序
shard 17: 第一层存活 2/2 = 100%%, 第二层 开
FRANK shard0: F降序
shard 0: 第一层存活 2/3 = 66%%, 第二层 开
FRANK shard12: F降序
shard 12: 第一层存活 2/2 = 100%%, 第二层 开
FRANK shard1: F降序
shard 1: 第一层存活 2/2 = 100%%, 第二层 开
FRANK shard9: F降序
shard 9: 第一层存活 2/2 = 100%%, 第二层 开
FRANK shard15: F降序
shard 15: 第一层存活 2/2 = 100%%, 第二层 开
probe[t=9s]: 39/41 起点被证伪，剩 2
DYN shard19: 4530 calls, 1313 refuted (29%)
probe[t=9s]: 39/41 起点被证伪，剩 2
DYN shard2: 3230 calls, 1343 refuted (42%)
probe[t=10s]: 39/41 起点被证伪，剩 2
DYN shard17: 3206 calls, 1321 refuted (41%)
probe[t=12s]: 39/41 起点被证伪，剩 2
DYN shard7: 3646 calls, 1185 refuted (33%)
probe[t=12s]: 39/41 起点被证伪，剩 2
DYN shard5: 3244 calls, 1230 refuted (38%)
probe[t=12s]: 39/41 起点被证伪，剩 2
DYN shard13: 3746 calls, 1081 refuted (29%)
probe[t=12s]: 39/41 起点被证伪，剩 2
DYN shard10: 4360 calls, 1228 refuted (28%)
probe[t=13s]: 39/41 起点被证伪，剩 2
DYN shard8: 3370 calls, 1259 refuted (37%)
probe[t=14s]: 39/41 起点被证伪，剩 2
DYN shard18: 3298 calls, 934 refuted (28%)
probe[t=15s]: 39/41 起点被证伪，剩 2
DYN shard16: 3758 calls, 1111 refuted (30%)
probe[t=15s]: 39/41 起点被证伪，剩 2
DYN shard3: 3296 calls, 956 refuted (29%)
probe[t=16s]: 39/41 起点被证伪，剩 2
DYN shard4: 4142 calls, 1180 refuted (28%)
probe[t=16s]: 39/41 起点被证伪，剩 2
DYN shard12: 3394 calls, 968 refuted (29%)
probe[t=16s]: 39/41 起点被证伪，剩 2
DYN shard15: 3388 calls, 1012 refuted (30%)
probe[t=17s]: 39/41 起点被证伪，剩 2
DYN shard1: 3522 calls, 1068 refuted (30%)
probe[t=18s]: 39/41 起点被证伪，剩 2
DYN shard9: 3358 calls, 1001 refuted (30%)
probe[t=19s]: 39/41 起点被证伪，剩 2
DYN shard11: 3130 calls, 1178 refuted (38%)
probe[t=19s]: 39/41 起点被证伪，剩 2
DYN shard0: 3220 calls, 913 refuted (28%)
probe[t=19s]: 39/41 起点被证伪，剩 2
DYN shard6: 3224 calls, 940 refuted (29%)
probe[t=20s]: 39/41 起点被证伪，剩 2
DYN shard14: 4720 calls, 1797 refuted (38%)
STATS {"solved":1,"shard":2,"wall_s":79,"nodes_total":717098,"nodes_win":647621,"dth_liveend":0,"dth_estate":90998,"dth_reach":36292,"dth_dyn":13136,"dth_flow":0,"dth_geom":3662,"maxrss_kb":39368,"start_x":3,"start_y":303}
WINNER shard 2 tier 2 nodes 647621
