有向预计算：走向已定 74312/172792 (43.0%) | 无向判定率 46.9% -> 59.1% (40490 -> 51064 / 86396 边)
有向预计算：走向已定 74664/172792 (43.2%) | 无向判定率 59.1% -> 59.3% (51064 -> 51241 / 86396 边)
有向预计算：走向已定 74706/172792 (43.2%) | 无向判定率 59.3% -> 59.3% (51241 -> 51261 / 86396 边)
有向预计算：走向已定 74706/172792 (43.2%) | 无向判定率 59.3% -> 59.3% (51261 -> 51261 / 86396 边)
全局阶段：固定 51261 条边，起点候选 24 / 60816 (0.0%)
adaptive PROPDEPTH=999999 (fixed 51261 / 86396 edges; 第一层存活率>=SURVDEEP%再升深层)
shard 0: swarm 模式（24 个候选全员上，随机顺序）
shard 1: swarm 模式（24 个候选全员上，随机顺序）
shard 2: swarm 模式（24 个候选全员上，随机顺序）
shard 3: swarm 模式（24 个候选全员上，随机顺序）
shard 4: swarm 模式（24 个候选全员上，随机顺序）
shard 5: swarm 模式（24 个候选全员上，随机顺序）
shard 6: swarm 模式（24 个候选全员上，随机顺序）
shard 7: swarm 模式（24 个候选全员上，随机顺序）
shard 8: swarm 模式（24 个候选全员上，随机顺序）
shard 15: swarm 模式（24 个候选全员上，随机顺序）
shard 9: swarm 模式（24 个候选全员上，随机顺序）
shard 10: swarm 模式（24 个候选全员上，随机顺序）
shard 11: swarm 模式（24 个候选全员上，随机顺序）
shard 12: swarm 模式（24 个候选全员上，随机顺序）
shard 13: swarm 模式（24 个候选全员上，随机顺序）
shard 14: swarm 模式（24 个候选全员上，随机顺序）
shard 16: swarm 模式（24 个候选全员上，随机顺序）
shard 17: swarm 模式（24 个候选全员上，随机顺序）
shard 18: swarm 模式（24 个候选全员上，随机顺序）
shard 19: swarm 模式（24 个候选全员上，随机顺序）
FRANK shard7: F降序
shard 7: 第一层存活 1/1 = 100%%, 第二层 开
FRANK shard10: F降序
shard 10: 第一层存活 1/1 = 100%%, 第二层 开
FRANK shard19: F降序
shard 19: 第一层存活 1/1 = 100%%, 第二层 开
FRANK shard1: F降序
shard 1: 第一层存活 1/2 = 50%%, 第二层 开
FRANK shard16: F降序
shard 16: 第一层存活 1/1 = 100%%, 第二层 开
FRANK shard11: F降序
shard 11: 第一层存活 1/1 = 100%%, 第二层 开
FRANK shard2: F降序
shard 2: 第一层存活 1/2 = 50%%, 第二层 开
FRANK shard12: F降序
shard 12: 第一层存活 1/1 = 100%%, 第二层 开
FRANK shard5: F降序
shard 5: 第一层存活 1/1 = 100%%, 第二层 开
FRANK shard3: F降序
shard 3: 第一层存活 1/2 = 50%%, 第二层 开
FRANK shard14: F降序
shard 14: 第一层存活 1/1 = 100%%, 第二层 开
FRANK shard6: F降序
shard 6: 第一层存活 1/1 = 100%%, 第二层 开
FRANK shard8: F降序
shard 8: 第一层存活 1/1 = 100%%, 第二层 开
FRANK shard17: F降序
shard 17: 第一层存活 1/1 = 100%%, 第二层 开
FRANK shard13: F降序
shard 13: 第一层存活 1/1 = 100%%, 第二层 开
FRANK shard0: F降序
shard 0: 第一层存活 1/2 = 50%%, 第二层 开
FRANK shard15: F降序
shard 15: 第一层存活 1/1 = 100%%, 第二层 开
FRANK shard18: F降序
shard 18: 第一层存活 1/1 = 100%%, 第二层 开
FRANK shard4: F降序
shard 4: 第一层存活 1/1 = 100%%, 第二层 开
FRANK shard9: F降序
shard 9: 第一层存活 1/1 = 100%%, 第二层 开
probe[t=5s]: 23/24 起点被证伪，剩 1
DYN shard7: 2937 calls, 608 refuted (21%)
probe[t=5s]: 23/24 起点被证伪，剩 1
DYN shard1: 2891 calls, 614 refuted (21%)
probe[t=5s]: 23/24 起点被证伪，剩 1
DYN shard10: 2995 calls, 632 refuted (21%)
probe[t=5s]: 23/24 起点被证伪，剩 1
DYN shard19: 2911 calls, 610 refuted (21%)
probe[t=6s]: 23/24 起点被证伪，剩 1
DYN shard13: 3055 calls, 631 refuted (21%)
probe[t=7s]: 23/24 起点被证伪，剩 1
DYN shard16: 2817 calls, 596 refuted (21%)
probe[t=7s]: 23/24 起点被证伪，剩 1
DYN shard4: 3003 calls, 612 refuted (20%)
probe[t=7s]: 23/24 起点被证伪，剩 1
DYN shard17: 2869 calls, 724 refuted (25%)
probe[t=7s]: 23/24 起点被证伪，剩 1
DYN shard8: 2879 calls, 741 refuted (26%)
probe[t=8s]: 23/24 起点被证伪，剩 1
DYN shard5: 2827 calls, 711 refuted (25%)
probe[t=8s]: 23/24 起点被证伪，剩 1
DYN shard14: 2867 calls, 740 refuted (26%)
probe[t=8s]: 23/24 起点被证伪，剩 1
DYN shard11: 2861 calls, 754 refuted (26%)
probe[t=9s]: 23/24 起点被证伪，剩 1
DYN shard3: 2685 calls, 367 refuted (14%)
probe[t=9s]: 23/24 起点被证伪，剩 1
DYN shard0: 2687 calls, 333 refuted (12%)
probe[t=9s]: 23/24 起点被证伪，剩 1
DYN shard6: 2675 calls, 330 refuted (12%)
probe[t=9s]: 23/24 起点被证伪，剩 1
DYN shard2: 2837 calls, 725 refuted (26%)
probe[t=9s]: 23/24 起点被证伪，剩 1
DYN shard9: 2749 calls, 351 refuted (13%)
probe[t=9s]: 23/24 起点被证伪，剩 1
DYN shard12: 2695 calls, 383 refuted (14%)
probe[t=10s]: 23/24 起点被证伪，剩 1
DYN shard15: 2649 calls, 343 refuted (13%)
probe[t=10s]: 23/24 起点被证伪，剩 1
DYN shard18: 2731 calls, 325 refuted (12%)
STATS {"solved":1,"shard":1,"wall_s":35,"nodes_total":483245,"nodes_win":448071,"dth_liveend":0,"dth_estate":69396,"dth_reach":36463,"dth_dyn":7113,"dth_flow":0,"dth_geom":6194,"maxrss_kb":34792,"start_x":13,"start_y":159}
WINNER shard 1 tier 1 nodes 448071
