有向预计算：走向已定 167650/421606 (39.8%) | 无向判定率 52.1% -> 63.1% (109872 -> 132969 / 210803 边)
有向预计算：走向已定 167782/421606 (39.8%) | 无向判定率 63.1% -> 63.2% (132969 -> 133174 / 210803 边)
有向预计算：走向已定 167782/421606 (39.8%) | 无向判定率 63.2% -> 63.2% (133174 -> 133174 / 210803 边)
全局阶段：固定 133174 条边，起点候选 129 / 153137 (0.1%)
adaptive PROPDEPTH=999999 (fixed 133174 / 210803 edges; 第一层存活率>=SURVDEEP%再升深层)
FRANK shard3: F降序
shard 3: 第一层存活 1/32 = 3%%, 第二层 跳过
probe[t=3s]: 128/129 起点被证伪，剩 1
DYN shard3: 230 calls, 71 refuted (31%)
FRANK shard1: F降序
shard 1: 第一层存活 3/32 = 9%%, 第二层 跳过
probe[t=3s]: 126/129 起点被证伪，剩 3
DYN shard1: 535 calls, 153 refuted (29%)
FRANK shard2: F降序
shard 2: 第一层存活 1/32 = 3%%, 第二层 跳过
probe[t=5s]: 128/129 起点被证伪，剩 1
DYN shard2: 500 calls, 204 refuted (41%)
FRANK shard0: F降序
shard 0: 第一层存活 3/33 = 9%%, 第二层 跳过
probe[t=7s]: 126/129 起点被证伪，剩 3
DYN shard0: 659 calls, 219 refuted (33%)
