有向预计算：走向已定 75870/175770 (43.2%) | 无向判定率 47.3% -> 59.6% (41530 -> 52417 / 87885 边)
有向预计算：走向已定 76323/175770 (43.4%) | 无向判定率 59.6% -> 59.9% (52417 -> 52651 / 87885 边)
有向预计算：走向已定 76525/175770 (43.5%) | 无向判定率 59.9% -> 60.0% (52651 -> 52711 / 87885 边)
有向预计算：走向已定 76531/175770 (43.5%) | 无向判定率 60.0% -> 60.0% (52711 -> 52716 / 87885 边)
全局阶段：固定 52716 条边，起点候选 49 / 62052 (0.1%)
adaptive PROPDEPTH=999999 (fixed 52716 / 87885 edges; 第一层存活率>=SURVDEEP%再升深层)
shard 0: swarm 模式（49 个候选全员上，随机顺序）
shard 1: swarm 模式（49 个候选全员上，随机顺序）
shard 2: swarm 模式（49 个候选全员上，随机顺序）
shard 3: swarm 模式（49 个候选全员上，随机顺序）
shard 4: swarm 模式（49 个候选全员上，随机顺序）
shard 11: swarm 模式（49 个候选全员上，随机顺序）
shard 5: swarm 模式（49 个候选全员上，随机顺序）
shard 6: swarm 模式（49 个候选全员上，随机顺序）
shard 7: swarm 模式（49 个候选全员上，随机顺序）
shard 8: swarm 模式（49 个候选全员上，随机顺序）
shard 9: swarm 模式（49 个候选全员上，随机顺序）
shard 10: swarm 模式（49 个候选全员上，随机顺序）
shard 12: swarm 模式（49 个候选全员上，随机顺序）
shard 13: swarm 模式（49 个候选全员上，随机顺序）
shard 14: swarm 模式（49 个候选全员上，随机顺序）
shard 15: swarm 模式（49 个候选全员上，随机顺序）
shard 16: swarm 模式（49 个候选全员上，随机顺序）
shard 17: swarm 模式（49 个候选全员上，随机顺序）
shard 18: swarm 模式（49 个候选全员上，随机顺序）
shard 19: swarm 模式（49 个候选全员上，随机顺序）
FRANK shard4: F降序
shard 4: 第一层存活 2/3 = 66%%, 第二层 开
FRANK shard16: F降序
shard 16: 第一层存活 2/2 = 100%%, 第二层 开
FRANK shard1: F降序
shard 1: 第一层存活 2/3 = 66%%, 第二层 开
FRANK shard13: F降序
shard 13: 第一层存活 2/2 = 100%%, 第二层 开
FRANK shard19: F降序
shard 19: 第一层存活 2/2 = 100%%, 第二层 开
FRANK shard7: F降序
shard 7: 第一层存活 2/3 = 66%%, 第二层 开
FRANK shard2: F降序
shard 2: 第一层存活 2/3 = 66%%, 第二层 开
FRANK shard8: F降序
shard 8: 第一层存活 2/3 = 66%%, 第二层 开
FRANK shard14: F降序
shard 14: 第一层存活 2/2 = 100%%, 第二层 开
FRANK shard11: F降序
shard 11: 第一层存活 2/2 = 100%%, 第二层 开
FRANK shard9: F降序
shard 9: 第一层存活 2/2 = 100%%, 第二层 开
FRANK shard10: F降序
shard 10: 第一层存活 2/2 = 100%%, 第二层 开
FRANK shard5: F降序
shard 5: 第一层存活 2/3 = 66%%, 第二层 开
FRANK shard17: F降序
shard 17: 第一层存活 2/2 = 100%%, 第二层 开
FRANK shard12: F降序
shard 12: 第一层存活 2/2 = 100%%, 第二层 开
FRANK shard15: F降序
shard 15: 第一层存活 2/2 = 100%%, 第二层 开
FRANK shard6: F降序
shard 6: 第一层存活 2/3 = 66%%, 第二层 开
FRANK shard0: F降序
shard 0: 第一层存活 2/3 = 66%%, 第二层 开
FRANK shard18: F降序
shard 18: 第一层存活 2/2 = 100%%, 第二层 开
FRANK shard3: F降序
shard 3: 第一层存活 2/3 = 66%%, 第二层 开
probe[t=4s]: 48/49 起点被证伪，剩 1
DYN shard1: 3032 calls, 743 refuted (25%)
probe[t=5s]: 48/49 起点被证伪，剩 1
DYN shard7: 2972 calls, 760 refuted (26%)
probe[t=6s]: 48/49 起点被证伪，剩 1
DYN shard10: 2674 calls, 692 refuted (26%)
probe[t=6s]: 48/49 起点被证伪，剩 1
DYN shard2: 2602 calls, 1068 refuted (41%)
probe[t=6s]: 48/49 起点被证伪，剩 1
DYN shard14: 2638 calls, 1076 refuted (41%)
probe[t=6s]: 48/49 起点被证伪，剩 1
DYN shard8: 2510 calls, 1002 refuted (40%)
probe[t=7s]: 48/49 起点被证伪，剩 1
DYN shard5: 2470 calls, 1007 refuted (41%)
probe[t=7s]: 48/49 起点被证伪，剩 1
DYN shard4: 3120 calls, 813 refuted (26%)
probe[t=7s]: 48/49 起点被证伪，剩 1
DYN shard13: 2944 calls, 773 refuted (26%)
probe[t=7s]: 48/49 起点被证伪，剩 1
DYN shard11: 2512 calls, 1003 refuted (40%)
probe[t=7s]: 48/49 起点被证伪，剩 1
DYN shard16: 2980 calls, 780 refuted (26%)
probe[t=8s]: 48/49 起点被证伪，剩 1
DYN shard19: 2970 calls, 757 refuted (25%)
probe[t=9s]: 48/49 起点被证伪，剩 1
DYN shard0: 2630 calls, 1042 refuted (40%)
probe[t=9s]: 48/49 起点被证伪，剩 1
DYN shard17: 2468 calls, 1011 refuted (41%)
probe[t=9s]: 48/49 起点被证伪，剩 1
DYN shard15: 2536 calls, 1009 refuted (40%)
probe[t=9s]: 48/49 起点被证伪，剩 1
DYN shard18: 2538 calls, 1014 refuted (40%)
probe[t=9s]: 48/49 起点被证伪，剩 1
DYN shard3: 2432 calls, 959 refuted (39%)
probe[t=9s]: 48/49 起点被证伪，剩 1
DYN shard9: 2488 calls, 983 refuted (40%)
probe[t=10s]: 48/49 起点被证伪，剩 1
DYN shard12: 2418 calls, 958 refuted (40%)
STATS {"solved":1,"shard":1,"wall_s":11,"nodes_total":195300,"nodes_win":140643,"dth_liveend":0,"dth_estate":25687,"dth_reach":11755,"dth_dyn":2640,"dth_flow":0,"dth_geom":2018,"maxrss_kb":35592,"start_x":292,"start_y":63}
WINNER shard 1 tier 1 nodes 140643
