有向预计算：走向已定 66084/153670 (43.0%) | 无向判定率 46.9% -> 59.1% (36011 -> 45400 / 76835 边)
有向预计算：走向已定 66193/153670 (43.1%) | 无向判定率 59.1% -> 59.3% (45400 -> 45538 / 76835 边)
有向预计算：走向已定 66193/153670 (43.1%) | 无向判定率 59.3% -> 59.3% (45538 -> 45538 / 76835 边)
全局阶段：固定 45538 条边，起点候选 107 / 54189 (0.2%)
adaptive PROPDEPTH=999999 (fixed 45538 / 76835 edges; 第一层存活率>=SURVDEEP%再升深层)
shard 0: swarm 模式（107 个候选全员上，随机顺序）
shard 1: swarm 模式（107 个候选全员上，随机顺序）
shard 2: swarm 模式（107 个候选全员上，随机顺序）
shard 3: swarm 模式（107 个候选全员上，随机顺序）
shard 4: swarm 模式（107 个候选全员上，随机顺序）
shard 10: swarm 模式（107 个候选全员上，随机顺序）
shard 5: swarm 模式（107 个候选全员上，随机顺序）
shard 6: swarm 模式（107 个候选全员上，随机顺序）
shard 7: swarm 模式（107 个候选全员上，随机顺序）
shard 8: swarm 模式（107 个候选全员上，随机顺序）
shard 9: swarm 模式（107 个候选全员上，随机顺序）
shard 11: swarm 模式（107 个候选全员上，随机顺序）
shard 12: swarm 模式（107 个候选全员上，随机顺序）
shard 13: swarm 模式（107 个候选全员上，随机顺序）
shard 14: swarm 模式（107 个候选全员上，随机顺序）
shard 15: swarm 模式（107 个候选全员上，随机顺序）
shard 16: swarm 模式（107 个候选全员上，随机顺序）
shard 17: swarm 模式（107 个候选全员上，随机顺序）
shard 18: swarm 模式（107 个候选全员上，随机顺序）
shard 19: swarm 模式（107 个候选全员上，随机顺序）
FRANK shard1: F降序
shard 1: 第一层存活 4/6 = 66%%, 第二层 开
FRANK shard7: F降序
shard 7: 第一层存活 4/5 = 80%%, 第二层 开
FRANK shard10: F降序
shard 10: 第一层存活 4/5 = 80%%, 第二层 开
FRANK shard4: F降序
shard 4: 第一层存活 4/6 = 66%%, 第二层 开
FRANK shard19: F降序
shard 19: 第一层存活 4/5 = 80%%, 第二层 开
FRANK shard13: F降序
shard 13: 第一层存活 4/5 = 80%%, 第二层 开
FRANK shard16: F降序
shard 16: 第一层存活 4/5 = 80%%, 第二层 开
FRANK shard5: F降序
shard 5: 第一层存活 4/6 = 66%%, 第二层 开
FRANK shard8: F降序
shard 8: 第一层存活 4/5 = 80%%, 第二层 开
FRANK shard14: F降序
shard 14: 第一层存活 4/5 = 80%%, 第二层 开
FRANK shard11: F降序
shard 11: 第一层存活 4/5 = 80%%, 第二层 开
FRANK shard0: F降序
shard 0: 第一层存活 4/6 = 66%%, 第二层 开
FRANK shard2: F降序
shard 2: 第一层存活 4/6 = 66%%, 第二层 开
FRANK shard15: F降序
shard 15: 第一层存活 4/5 = 80%%, 第二层 开
FRANK shard17: F降序
shard 17: 第一层存活 4/5 = 80%%, 第二层 开
FRANK shard12: F降序
shard 12: 第一层存活 4/5 = 80%%, 第二层 开
FRANK shard6: F降序
shard 6: 第一层存活 4/6 = 66%%, 第二层 开
FRANK shard9: F降序
shard 9: 第一层存活 4/5 = 80%%, 第二层 开
FRANK shard18: F降序
shard 18: 第一层存活 4/5 = 80%%, 第二层 开
FRANK shard3: F降序
shard 3: 第一层存活 4/6 = 66%%, 第二层 开
probe[t=8s]: 103/107 起点被证伪，剩 4
DYN shard7: 5625 calls, 1593 refuted (28%)
probe[t=8s]: 103/107 起点被证伪，剩 4
DYN shard1: 5781 calls, 1609 refuted (28%)
probe[t=11s]: 103/107 起点被证伪，剩 4
DYN shard10: 5731 calls, 1634 refuted (29%)
probe[t=12s]: 103/107 起点被证伪，剩 4
DYN shard13: 5747 calls, 1598 refuted (28%)
probe[t=12s]: 103/107 起点被证伪，剩 4
DYN shard4: 5747 calls, 1586 refuted (28%)
probe[t=13s]: 103/107 起点被证伪，剩 4
DYN shard19: 5735 calls, 1647 refuted (29%)
probe[t=13s]: 103/107 起点被证伪，剩 4
DYN shard11: 5413 calls, 2167 refuted (40%)
probe[t=13s]: 103/107 起点被证伪，剩 4
DYN shard5: 5431 calls, 2165 refuted (40%)
probe[t=13s]: 103/107 起点被证伪，剩 4
DYN shard14: 5385 calls, 2181 refuted (41%)
probe[t=13s]: 103/107 起点被证伪，剩 4
DYN shard8: 5391 calls, 2188 refuted (41%)
probe[t=13s]: 103/107 起点被证伪，剩 4
DYN shard16: 5759 calls, 1622 refuted (28%)
probe[t=13s]: 103/107 起点被证伪，剩 4
DYN shard2: 5395 calls, 2177 refuted (40%)
probe[t=13s]: 103/107 起点被证伪，剩 4
DYN shard17: 5373 calls, 2177 refuted (41%)
probe[t=15s]: 103/107 起点被证伪，剩 4
DYN shard6: 5925 calls, 1840 refuted (31%)
probe[t=17s]: 103/107 起点被证伪，剩 4
DYN shard18: 5991 calls, 1842 refuted (31%)
probe[t=18s]: 103/107 起点被证伪，剩 4
DYN shard9: 6003 calls, 1875 refuted (31%)
probe[t=18s]: 103/107 起点被证伪，剩 4
DYN shard0: 5931 calls, 1848 refuted (31%)
probe[t=18s]: 103/107 起点被证伪，剩 4
DYN shard15: 5913 calls, 1860 refuted (31%)
probe[t=18s]: 103/107 起点被证伪，剩 4
DYN shard12: 5953 calls, 1877 refuted (32%)
probe[t=19s]: 103/107 起点被证伪，剩 4
DYN shard3: 6025 calls, 1873 refuted (31%)
STATS {"solved":1,"shard":4,"wall_s":24,"nodes_total":409584,"nodes_win":271605,"dth_liveend":0,"dth_estate":53465,"dth_reach":25214,"dth_dyn":4301,"dth_flow":0,"dth_geom":4361,"maxrss_kb":31644,"start_x":77,"start_y":177}
WINNER shard 4 tier 0 nodes 271605
