有向预计算：走向已定 61609/136330 (45.2%) | 无向判定率 47.5% -> 60.5% (32388 -> 41269 / 68165 边)
有向预计算：走向已定 62543/136330 (45.9%) | 无向判定率 60.5% -> 60.9% (41269 -> 41534 / 68165 边)
有向预计算：走向已定 62561/136330 (45.9%) | 无向判定率 60.9% -> 60.9% (41534 -> 41544 / 68165 边)
有向预计算：走向已定 62561/136330 (45.9%) | 无向判定率 60.9% -> 60.9% (41544 -> 41544 / 68165 边)
全局阶段：固定 41544 条边，起点候选 117 / 48185 (0.2%)
adaptive PROPDEPTH=999999 (fixed 41544 / 68165 edges; 第一层存活率>=SURVDEEP%再升深层)
FRANK shard1: F降序
shard 1: 第一层存活 2/24 = 8%%, 第二层 跳过
probe[t=1s]: 115/117 起点被证伪，剩 2
DYN shard1: 232 calls, 57 refuted (25%)
FRANK shard0: F降序
shard 0: 第一层存活 2/24 = 8%%, 第二层 跳过
probe[t=2s]: 115/117 起点被证伪，剩 2
DYN shard0: 261 calls, 59 refuted (23%)
FRANK shard2: F降序
shard 2: 第一层存活 4/23 = 17%%, 第二层 跳过
probe[t=2s]: 113/117 起点被证伪，剩 4
DYN shard2: 568 calls, 210 refuted (37%)
FRANK shard4: F降序
shard 4: 第一层存活 3/23 = 13%%, 第二层 跳过
probe[t=2s]: 114/117 起点被证伪，剩 3
DYN shard4: 455 calls, 105 refuted (23%)
FRANK shard3: F降序
shard 3: 第一层存活 2/23 = 8%%, 第二层 跳过
probe[t=3s]: 115/117 起点被证伪，剩 2
DYN shard3: 330 calls, 75 refuted (23%)
no solution found
STATS {"solved":0,"shard":1,"wall_s":360,"nodes_total":13538545,"nodes_win":-1,"dth_liveend":0,"dth_estate":1779716,"dth_reach":772125,"dth_dyn":169272,"dth_flow":0,"dth_geom":121320,"maxrss_kb":25844,"start_x":-1,"start_y":-1}
no solution found
STATS {"solved":0,"shard":4,"wall_s":581,"nodes_total":20241055,"nodes_win":-1,"dth_liveend":0,"dth_estate":2659991,"dth_reach":1153092,"dth_dyn":252770,"dth_flow":0,"dth_geom":181415,"maxrss_kb":26292,"start_x":-1,"start_y":-1}
no solution found
STATS {"solved":0,"shard":2,"wall_s":1356,"nodes_total":31062956,"nodes_win":-1,"dth_liveend":0,"dth_estate":3935122,"dth_reach":1530697,"dth_dyn":506829,"dth_flow":0,"dth_geom":153577,"maxrss_kb":26740,"start_x":-1,"start_y":-1}
STATS {"solved":1,"shard":0,"wall_s":2476,"nodes_total":54135381,"nodes_win":54131039,"dth_liveend":0,"dth_estate":8232135,"dth_reach":3465929,"dth_dyn":775478,"dth_flow":0,"dth_geom":464370,"maxrss_kb":27188,"start_x":185,"start_y":58}
