有向预计算：走向已定 74553/168672 (44.2%) | 无向判定率 47.1% -> 59.9% (39729 -> 50519 / 84336 边)
有向预计算：走向已定 75161/168672 (44.6%) | 无向判定率 59.9% -> 60.2% (50519 -> 50758 / 84336 边)
有向预计算：走向已定 75217/168672 (44.6%) | 无向判定率 60.2% -> 60.2% (50758 -> 50781 / 84336 边)
有向预计算：走向已定 75217/168672 (44.6%) | 无向判定率 60.2% -> 60.2% (50781 -> 50781 / 84336 边)
全局阶段：固定 50781 条边，起点候选 64 / 59405 (0.1%)
adaptive PROPDEPTH=999999 (fixed 50781 / 84336 edges; 第一层存活率>=SURVDEEP%再升深层)
shard 0: swarm 模式（64 个候选全员上，随机顺序）
shard 1: swarm 模式（64 个候选全员上，随机顺序）
shard 2: swarm 模式（64 个候选全员上，随机顺序）
shard 3: swarm 模式（64 个候选全员上，随机顺序）
shard 4: swarm 模式（64 个候选全员上，随机顺序）
shard 5: swarm 模式（64 个候选全员上，随机顺序）
shard 6: swarm 模式（64 个候选全员上，随机顺序）
shard 7: swarm 模式（64 个候选全员上，随机顺序）
shard 8: swarm 模式（64 个候选全员上，随机顺序）
shard 9: swarm 模式（64 个候选全员上，随机顺序）
shard 10: swarm 模式（64 个候选全员上，随机顺序）
shard 11: swarm 模式（64 个候选全员上，随机顺序）
shard 12: swarm 模式（64 个候选全员上，随机顺序）
shard 13: swarm 模式（64 个候选全员上，随机顺序）
shard 14: swarm 模式（64 个候选全员上，随机顺序）
shard 15: swarm 模式（64 个候选全员上，随机顺序）
shard 16: swarm 模式（64 个候选全员上，随机顺序）
shard 17: swarm 模式（64 个候选全员上，随机顺序）
shard 18: swarm 模式（64 个候选全员上，随机顺序）
shard 19: swarm 模式（64 个候选全员上，随机顺序）
FRANK shard1: F降序
shard 1: 第一层存活 6/4 = 150%%, 第二层 开
FRANK shard7: F降序
shard 7: 第一层存活 6/3 = 200%%, 第二层 开
FRANK shard19: F降序
shard 19: 第一层存活 6/3 = 200%%, 第二层 开
FRANK shard4: F降序
shard 4: 第一层存活 6/3 = 200%%, 第二层 开
FRANK shard5: F降序
shard 5: 第一层存活 5/3 = 166%%, 第二层 开
FRANK shard13: F降序
shard 13: 第一层存活 5/3 = 166%%, 第二层 开
FRANK shard11: F降序
shard 11: 第一层存活 5/3 = 166%%, 第二层 开
FRANK shard14: F降序
shard 14: 第一层存活 5/3 = 166%%, 第二层 开
FRANK shard8: F降序
shard 8: 第一层存活 5/3 = 166%%, 第二层 开
FRANK shard0: F降序
shard 0: 第一层存活 6/4 = 150%%, 第二层 开
FRANK shard2: F降序
shard 2: 第一层存活 5/4 = 125%%, 第二层 开
FRANK shard16: F降序
shard 16: 第一层存活 5/3 = 166%%, 第二层 开
FRANK shard3: F降序
shard 3: 第一层存活 6/4 = 150%%, 第二层 开
FRANK shard18: F降序
shard 18: 第一层存活 6/3 = 200%%, 第二层 开
FRANK shard17: F降序
shard 17: 第一层存活 5/3 = 166%%, 第二层 开
FRANK shard6: F降序
shard 6: 第一层存活 6/3 = 200%%, 第二层 开
FRANK shard15: F降序
shard 15: 第一层存活 6/3 = 200%%, 第二层 开
FRANK shard12: F降序
shard 12: 第一层存活 6/3 = 200%%, 第二层 开
FRANK shard10: F降序
shard 10: 第一层存活 6/3 = 200%%, 第二层 开
FRANK shard9: F降序
shard 9: 第一层存活 6/3 = 200%%, 第二层 开
probe[t=14s]: 59/64 起点被证伪，剩 5
DYN shard1: 9786 calls, 2616 refuted (27%)
probe[t=17s]: 59/64 起点被证伪，剩 5
DYN shard5: 10178 calls, 3768 refuted (37%)
probe[t=17s]: 59/64 起点被证伪，剩 5
DYN shard19: 9812 calls, 2661 refuted (27%)
probe[t=18s]: 59/64 起点被证伪，剩 5
DYN shard14: 8614 calls, 3464 refuted (40%)
probe[t=19s]: 59/64 起点被证伪，剩 5
DYN shard2: 9884 calls, 3817 refuted (39%)
probe[t=19s]: 59/64 起点被证伪，剩 5
DYN shard11: 8966 calls, 3461 refuted (39%)
probe[t=19s]: 59/64 起点被证伪，剩 5
DYN shard8: 10198 calls, 3910 refuted (38%)
probe[t=21s]: 59/64 起点被证伪，剩 5
DYN shard4: 10092 calls, 2540 refuted (25%)
probe[t=23s]: 59/64 起点被证伪，剩 5
DYN shard7: 10314 calls, 2354 refuted (23%)
probe[t=25s]: 58/64 起点被证伪，剩 6
DYN shard12: 11778 calls, 3717 refuted (32%)
probe[t=25s]: 59/64 起点被证伪，剩 5
DYN shard13: 11134 calls, 2980 refuted (27%)
probe[t=25s]: 59/64 起点被证伪，剩 5
DYN shard16: 11358 calls, 2753 refuted (24%)
probe[t=26s]: 58/64 起点被证伪，剩 6
DYN shard18: 11100 calls, 3052 refuted (27%)
probe[t=28s]: 59/64 起点被证伪，剩 5
DYN shard17: 11094 calls, 4362 refuted (39%)
probe[t=30s]: 59/64 起点被证伪，剩 5
DYN shard10: 11776 calls, 2930 refuted (25%)
probe[t=32s]: 58/64 起点被证伪，剩 6
DYN shard15: 12168 calls, 3923 refuted (32%)
probe[t=34s]: 58/64 起点被证伪，剩 6
DYN shard0: 12654 calls, 4088 refuted (32%)
probe[t=34s]: 58/64 起点被证伪，剩 6
DYN shard6: 12716 calls, 4138 refuted (33%)
probe[t=39s]: 58/64 起点被证伪，剩 6
DYN shard3: 12010 calls, 3734 refuted (31%)
probe[t=48s]: 58/64 起点被证伪，剩 6
DYN shard9: 12072 calls, 3232 refuted (27%)
STATS {"solved":1,"shard":14,"wall_s":125,"nodes_total":1896125,"nodes_win":1725142,"dth_liveend":0,"dth_estate":239599,"dth_reach":104662,"dth_dyn":37506,"dth_flow":0,"dth_geom":11094,"maxrss_kb":34632,"start_x":232,"start_y":87}
WINNER shard 14 tier 2 nodes 1725142
