有向预计算：走向已定 76549/188972 (40.5%) | 无向判定率 45.4% -> 57.4% (42934 -> 54236 / 94486 边)
有向预计算：走向已定 76721/188972 (40.6%) | 无向判定率 57.4% -> 57.6% (54236 -> 54392 / 94486 边)
有向预计算：走向已定 76721/188972 (40.6%) | 无向判定率 57.6% -> 57.6% (54392 -> 54395 / 94486 边)
有向预计算：走向已定 76721/188972 (40.6%) | 无向判定率 57.6% -> 57.6% (54395 -> 54395 / 94486 边)
全局阶段：固定 54395 条边，起点候选 60 / 66225 (0.1%)
adaptive PROPDEPTH=999999 (fixed 54395 / 94486 edges; 第一层存活率>=SURVDEEP%再升深层)
shard 0: swarm 模式（60 个候选全员上，随机顺序）
shard 1: swarm 模式（60 个候选全员上，随机顺序）
shard 2: swarm 模式（60 个候选全员上，随机顺序）
shard 8: swarm 模式（60 个候选全员上，随机顺序）
shard 3: swarm 模式（60 个候选全员上，随机顺序）
shard 4: swarm 模式（60 个候选全员上，随机顺序）
shard 5: swarm 模式（60 个候选全员上，随机顺序）
shard 6: swarm 模式（60 个候选全员上，随机顺序）
shard 7: swarm 模式（60 个候选全员上，随机顺序）
shard 9: swarm 模式（60 个候选全员上，随机顺序）
shard 10: swarm 模式（60 个候选全员上，随机顺序）
shard 11: swarm 模式（60 个候选全员上，随机顺序）
shard 12: swarm 模式（60 个候选全员上，随机顺序）
shard 13: swarm 模式（60 个候选全员上，随机顺序）
shard 14: swarm 模式（60 个候选全员上，随机顺序）
shard 15: swarm 模式（60 个候选全员上，随机顺序）
shard 16: swarm 模式（60 个候选全员上，随机顺序）
shard 17: swarm 模式（60 个候选全员上，随机顺序）
shard 18: swarm 模式（60 个候选全员上，随机顺序）
shard 19: swarm 模式（60 个候选全员上，随机顺序）
FRANK shard7: F降序
shard 7: 第一层存活 2/3 = 66%%, 第二层 开
FRANK shard2: F降序
shard 2: 第一层存活 2/3 = 66%%, 第二层 开
FRANK shard5: F降序
shard 5: 第一层存活 2/3 = 66%%, 第二层 开
FRANK shard0: F降序
shard 0: 第一层存活 2/3 = 66%%, 第二层 开
FRANK shard6: F降序
shard 6: 第一层存活 2/3 = 66%%, 第二层 开
FRANK shard3: F降序
shard 3: 第一层存活 2/3 = 66%%, 第二层 开
FRANK shard17: F降序
shard 17: 第一层存活 2/3 = 66%%, 第二层 开
FRANK shard16: F降序
shard 16: 第一层存活 2/3 = 66%%, 第二层 开
FRANK shard8: F降序
shard 8: 第一层存活 2/3 = 66%%, 第二层 开
FRANK shard14: F降序
shard 14: 第一层存活 2/3 = 66%%, 第二层 开
FRANK shard11: F降序
shard 11: 第一层存活 2/3 = 66%%, 第二层 开
FRANK shard13: F降序
shard 13: 第一层存活 2/3 = 66%%, 第二层 开
FRANK shard4: F降序
shard 4: 第一层存活 2/3 = 66%%, 第二层 开
FRANK shard19: F降序
shard 19: 第一层存活 2/3 = 66%%, 第二层 开
FRANK shard18: F降序
shard 18: 第一层存活 2/3 = 66%%, 第二层 开
FRANK shard15: F降序
shard 15: 第一层存活 2/3 = 66%%, 第二层 开
FRANK shard9: F降序
shard 9: 第一层存活 2/3 = 66%%, 第二层 开
FRANK shard12: F降序
shard 12: 第一层存活 2/3 = 66%%, 第二层 开
FRANK shard10: F降序
shard 10: 第一层存活 2/3 = 66%%, 第二层 开
FRANK shard1: F降序
shard 1: 第一层存活 2/3 = 66%%, 第二层 开
probe[t=6s]: 58/60 起点被证伪，剩 2
DYN shard7: 3840 calls, 841 refuted (22%)
probe[t=7s]: 58/60 起点被证伪，剩 2
DYN shard19: 3910 calls, 907 refuted (23%)
probe[t=9s]: 58/60 起点被证伪，剩 2
DYN shard6: 3418 calls, 902 refuted (26%)
probe[t=9s]: 58/60 起点被证伪，剩 2
DYN shard4: 3928 calls, 916 refuted (23%)
probe[t=9s]: 58/60 起点被证伪，剩 2
DYN shard3: 3406 calls, 904 refuted (27%)
probe[t=9s]: 58/60 起点被证伪，剩 2
DYN shard16: 3894 calls, 857 refuted (22%)
probe[t=10s]: 58/60 起点被证伪，剩 2
DYN shard0: 3404 calls, 904 refuted (27%)
probe[t=10s]: 58/60 起点被证伪，剩 2
DYN shard1: 3442 calls, 983 refuted (29%)
probe[t=10s]: 58/60 起点被证伪，剩 2
DYN shard17: 3672 calls, 1325 refuted (36%)
probe[t=10s]: 58/60 起点被证伪，剩 2
DYN shard2: 3784 calls, 1464 refuted (39%)
probe[t=10s]: 58/60 起点被证伪，剩 2
DYN shard8: 3706 calls, 1420 refuted (38%)
probe[t=10s]: 58/60 起点被证伪，剩 2
DYN shard11: 3840 calls, 1415 refuted (37%)
probe[t=10s]: 58/60 起点被证伪，剩 2
DYN shard5: 3642 calls, 1413 refuted (39%)
probe[t=10s]: 58/60 起点被证伪，剩 2
DYN shard9: 3550 calls, 938 refuted (26%)
probe[t=11s]: 58/60 起点被证伪，剩 2
DYN shard14: 3840 calls, 1453 refuted (38%)
probe[t=11s]: 58/60 起点被证伪，剩 2
DYN shard18: 3650 calls, 970 refuted (27%)
probe[t=11s]: 58/60 起点被证伪，剩 2
DYN shard12: 3490 calls, 917 refuted (26%)
probe[t=11s]: 58/60 起点被证伪，剩 2
DYN shard13: 3966 calls, 940 refuted (24%)
probe[t=13s]: 58/60 起点被证伪，剩 2
DYN shard10: 3624 calls, 961 refuted (27%)
probe[t=14s]: 58/60 起点被证伪，剩 2
DYN shard15: 3752 calls, 994 refuted (26%)
STATS {"solved":1,"shard":7,"wall_s":37,"nodes_total":557838,"nodes_win":489721,"dth_liveend":0,"dth_estate":74812,"dth_reach":37606,"dth_dyn":7569,"dth_flow":0,"dth_geom":5546,"maxrss_kb":37192,"start_x":187,"start_y":267}
WINNER shard 7 tier 3 nodes 489721
